06-17 13:51:17.403   605   778 W IPCThreadState: Sending oneway calls to frozen process.
06-17 13:51:17.405  1144  1144 I MagicTether: (REDACTED) [ActiveNetworkTracker] setActiveNetwork: %s
06-17 13:51:17.405  1144  1144 I MagicTether: (REDACTED) [TetherService] onActiveNetworkChanged: network=%s isLost=%s
06-17 13:51:17.406   605   778 D ConnectivityService: NetReassign [no changes] [c 0] [a 2] [i 0]
06-17 13:51:17.407  1144 16807 I MagicTether: [WifiConnectionHandler] Ignoring getWifiConfigurationByNetworkId when checking connected state [CONTEXT service_id=276 ]
06-17 13:51:17.408  1144 16806 I NearbyMediums: Wifi changed new SSID: "AndroidWifi"
06-17 13:51:17.408  1144 16807 I MagicTether: [WifiConnectionHandler] No networkId set, can't be connected. [CONTEXT service_id=276 ]
06-17 13:51:17.408  1144 16806 I NearbyMediums: WifiLanConnectivityInfo is not changed, skip notify.
06-17 13:51:17.408  1144 16807 I MagicTether: (REDACTED) [TetherService] TRANSPORT_CELLULAR [%s], TRANSPORT_ETHERNET [%s], TRANSPORT_WIFI [%s]
06-17 13:51:17.409  1144  1335 I NullBinder: NullBinder for android.net.action.RECOMMEND_NETWORKS triggering remote TransactionTooLargeException due to Service without Chimera impl, calling uid: 1000, calling pid: 0
06-17 13:51:17.410  1144 16807 I MagicTether: (REDACTED) [TetherService] setRoles hasActiveNetworkConnection=%s canActiveNetworkBeTethered=%s isConnectedToInstantTether=%s isWifiEnabled=%s isHosting=%s
06-17 13:51:17.410  1144  1335 W .gms.persistent: Large reply transaction of 1056768 bytes, interface descriptor , code 1
06-17 13:51:17.411  1144  1144 I MagicTether: (REDACTED) [LaunchUtils] Instant Wifi for status account: name: %s | type: %s | isLaunched: %s
06-17 13:51:17.411  1144  1144 I MagicTether: (REDACTED) [TidepoolFeatureStatusManager] isInstantHotspotEnabled=%s
06-17 13:51:17.411  1144  1144 I MagicTether: (REDACTED) [TidepoolFeatureStatusManager] isInstantWifiEnabled=%s
06-17 13:51:17.411  1144  1144 I MagicTether: (REDACTED) [TetherService] startNearbyHostRole: start: %s isInstantHotspotEnabled: %s isInstantWifiEnabled: %s
06-17 13:51:17.411  1144  1144 I MagicTether: [HostTetherRole] Nearby host role already stopped [CONTEXT service_id=276 ]
06-17 13:51:17.414  1144  1144 I MagicTether: (REDACTED) [NotificationPresenter] cancelNotification: %d
06-17 13:51:17.414  1144  1144 I MagicTether: [AutoDisconnectIntentOperation] Canceling task. [CONTEXT service_id=276 ]
06-17 13:51:17.415  1144  1144 I MagicTether: (REDACTED) [LaunchUtils] Instant Wifi for status account: name: %s | type: %s | isLaunched: %s
06-17 13:51:17.416  1144  1144 I MagicTether: (REDACTED) [TidepoolFeatureStatusManager] isInstantHotspotEnabled=%s
06-17 13:51:17.416  1144  1144 I MagicTether: (REDACTED) [TidepoolFeatureStatusManager] isInstantWifiEnabled=%s
06-17 13:51:17.416  1144  1144 I MagicTether: (REDACTED) [TetherService] startNearbyClientRole: start: %s isInstantHotspotEnabled: %s isInstantWifiEnabled: %s
06-17 13:51:17.416  1144  1144 I MagicTether: [TetherService] Stopping Nearby client role [CONTEXT service_id=276 ]
06-17 13:51:17.416  1144  1144 I MagicTether: [ClientTetherRole] Client role already stopped [CONTEXT service_id=276 ]
06-17 13:51:17.417  1144 16555 I MagicTether: [AutoDisconnectIntentOperation] Canceling task. [CONTEXT service_id=276 ]
06-17 13:51:17.417  1144 16555 I MagicTether: (REDACTED) [NotificationPresenter] cancelNotification: %d
06-17 13:51:17.418  1144 16555 I MagicTether: [AutoDisconnectIntentOperation] Canceling task. [CONTEXT service_id=276 ]
06-17 13:51:17.418  1144 16555 I MagicTether: (REDACTED) [NotificationPresenter] cancelNotification: %d
06-17 13:51:17.902  1144 16797 I NearbySharing: Network state changed: NetworkState(isRestricted=false, isOnline=true, isCongested=false, isMetered=false, isWifiConnected=true)
06-17 13:51:17.902  1144 16806 I NearbySharing: Network state changed: NetworkState(isRestricted=false, isOnline=true, isCongested=false, isMetered=false, isWifiConnected=true)
06-17 13:51:20.398   605   772 I HalDevMgr: bestIfaceCreationProposal is null, requestIface=STA, existingIface=[name=wlan0 type=STA]
06-17 13:51:20.402   996  1124 D IpClient/wlan0: interfaceLinkStateChanged: ifindex 16 up
06-17 13:51:20.408   996  1124 D IpClient/wlan0: interfaceLinkStateChanged: ifindex 16 up
06-17 13:51:20.426   851   851 I wpa_supplicant: wlan0: CTRL-EVENT-BEACON-LOSS 
06-17 13:51:22.085 16688 16706 I CatalogCloudSync: tracker busy=true stage=SYNC_EVENTS_DRAIN status=RUNNING
06-17 13:51:22.153 16688 16716 D EGL_emulation: app_time_stats: avg=819.47ms min=2.43ms max=12235.83ms count=15
06-17 13:51:22.526  1144 16797 I NearbyMediums: No BLE Fast/GATT advertisements found in the latest cycle.
06-17 13:51:22.526  1144 16797 I NearbyMediums: Current Tracked Scanning Clients are : {NearbyConnections.EnvironmentMonitor, NearbySharing, NearbyConnections.TxAdvertisement}
06-17 13:51:22.587 16688 16706 I CatalogCloudSync: sync_event_outbox_retry_summary pendingBefore=0 pendingAfter=0 retryLoaded=0 retryEligible=0 retrySkippedMaxAttempts=0 retrySucceeded=0 retryFailed=0 retryDeletedOnSuccess=0
06-17 13:51:22.830 16688 16705 I CatalogCloudSync: sync_events_summary phase=drain syncEventsAvailable=true recordSyncEventAvailable=true realtimeSyncEventsAvailable=true syncEventOutboxPending=0 syncEventOutboxPendingBefore=0 syncEventOutboxPendingAfter=0 syncEventOutboxRetried=0 syncEventOutboxRetryLoaded=0 syncEventOutboxRetryEligible=0 syncEventOutboxRetrySkippedMaxAttempts=0 syncEventOutboxRetrySucceeded=0 syncEventOutboxRetryFailed=0 syncEventOutboxRetryDeletedOnSuccess=0 syncEventOutboxInserted=0 catalogEventEmitted=false priceEventEmitted=false catalogEventOutcome=no_op priceEventOutcome=no_op syncEventsFetched=0 syncEventsProcessed=0 syncEventsSkippedSelf=0 syncEventsSkippedDirtyLocal=0 syncEventsSkippedProtectedLocalCommit=0 syncEventsWatermarkBefore=3065 syncEventsWatermarkAfter=3065 syncEventsTooLarge=false syncEventsGapDetected=false manualFullSyncRequired=false targetedProductsFetched=0 targetedPricesFetched=0 fullCatalogFetch=false fullPriceFetch=false
06-17 13:51:22.830 16688 16705 I CatalogCloudSync: cycle=sync_events_drain outcome=ok reason=foreground_interval durationMs=745 eventsFetched=0 eventsProcessed=0 skippedSelf=0 outboxPending=0 manualFullSyncRequired=false syncEventsGapDetected=false syncEventsTooLarge=false syncEventOutboxRetried=0 targetedProductsFetched=0 targetedPricesFetched=0 targetedHistoryFetched=0 remoteHistoryUpdatesApplied=0 fullCatalogFetch=false fullPriceFetch=false
06-17 13:51:22.830 16688 16705 I CatalogCloudSync: tracker busy=false stage=COMPLETED status=COMPLETED
06-17 13:51:23.406   605   772 I HalDevMgr: bestIfaceCreationProposal is null, requestIface=STA, existingIface=[name=wlan0 type=STA]
06-17 13:51:23.418   605   778 W IPCThreadState: Sending oneway calls to frozen process.
06-17 13:51:23.421   605   778 W IPCThreadState: Sending oneway calls to frozen process.
06-17 13:51:23.421   605   778 W IPCThreadState: Sending oneway calls to frozen process.
06-17 13:51:23.421   605   778 W IPCThreadState: Sending oneway calls to frozen process.
06-17 13:51:23.421   605   778 W IPCThreadState: Sending oneway calls to frozen process.
06-17 13:51:23.421   605   778 W IPCThreadState: Sending oneway calls to frozen process.
06-17 13:51:23.421   605   778 W IPCThreadState: Sending oneway calls to frozen process.
06-17 13:51:23.421   605   778 W IPCThreadState: Sending oneway calls to frozen process.
06-17 13:51:23.421   605   778 W IPCThreadState: Sending oneway calls to frozen process.
06-17 13:51:23.421   605   778 W IPCThreadState: Sending oneway calls to frozen process.
06-17 13:51:23.421   605   778 W IPCThreadState: Sending oneway calls to frozen process.
06-17 13:51:23.421   605   778 W IPCThreadState: Sending oneway calls to frozen process.
06-17 13:51:23.421   605   778 W IPCThreadState: Sending oneway calls to frozen process.
06-17 13:51:23.423   605   778 D ConnectivityService: NetReassign [no changes] [c 0] [a 2] [i 0]
06-17 13:51:23.424  1144  1144 I MagicTether: (REDACTED) [ActiveNetworkTracker] setActiveNetwork: %s
06-17 13:51:23.424  1144  1144 I MagicTether: (REDACTED) [TetherService] onActiveNetworkChanged: network=%s isLost=%s
06-17 13:51:23.425  1144 16790 I MagicTether: [WifiConnectionHandler] Ignoring getWifiConfigurationByNetworkId when checking connected state [CONTEXT service_id=276 ]
06-17 13:51:23.426  1144  1335 I NullBinder: NullBinder for android.net.action.RECOMMEND_NETWORKS triggering remote TransactionTooLargeException due to Service without Chimera impl, calling uid: 1000, calling pid: 0
06-17 13:51:23.427  1144 16790 I MagicTether: [WifiConnectionHandler] No networkId set, can't be connected. [CONTEXT service_id=276 ]
06-17 13:51:23.427  1144 16790 I MagicTether: (REDACTED) [TetherService] TRANSPORT_CELLULAR [%s], TRANSPORT_ETHERNET [%s], TRANSPORT_WIFI [%s]
06-17 13:51:23.427  1144 16790 I MagicTether: (REDACTED) [TetherService] setRoles hasActiveNetworkConnection=%s canActiveNetworkBeTethered=%s isConnectedToInstantTether=%s isWifiEnabled=%s isHosting=%s
06-17 13:51:23.427  1144  1335 W .gms.persistent: Large reply transaction of 1056768 bytes, interface descriptor , code 1
06-17 13:51:23.429  1144 16811 I NearbyMediums: Wifi changed new SSID: "AndroidWifi"
06-17 13:51:23.429  1144 16811 I NearbyMediums: WifiLanConnectivityInfo is not changed, skip notify.
06-17 13:51:23.430  1144  1144 I MagicTether: (REDACTED) [LaunchUtils] Instant Wifi for status account: name: %s | type: %s | isLaunched: %s
06-17 13:51:23.430  1144  1144 I MagicTether: (REDACTED) [TidepoolFeatureStatusManager] isInstantHotspotEnabled=%s
06-17 13:51:23.430  1144  1144 I MagicTether: (REDACTED) [TidepoolFeatureStatusManager] isInstantWifiEnabled=%s
06-17 13:51:23.430  1144  1144 I MagicTether: (REDACTED) [TetherService] startNearbyHostRole: start: %s isInstantHotspotEnabled: %s isInstantWifiEnabled: %s
06-17 13:51:23.430  1144  1144 I MagicTether: [HostTetherRole] Nearby host role already stopped [CONTEXT service_id=276 ]
06-17 13:51:23.432  1144  1144 I MagicTether: (REDACTED) [LaunchUtils] Instant Wifi for status account: name: %s | type: %s | isLaunched: %s
06-17 13:51:23.432  1144  1144 I MagicTether: (REDACTED) [TidepoolFeatureStatusManager] isInstantHotspotEnabled=%s
06-17 13:51:23.432  1144  1144 I MagicTether: (REDACTED) [TidepoolFeatureStatusManager] isInstantWifiEnabled=%s
06-17 13:51:23.432  1144  1144 I MagicTether: (REDACTED) [TetherService] startNearbyClientRole: start: %s isInstantHotspotEnabled: %s isInstantWifiEnabled: %s
06-17 13:51:23.433  1144  1144 I MagicTether: [TetherService] Stopping Nearby client role [CONTEXT service_id=276 ]
06-17 13:51:23.433  1144  1144 I MagicTether: [ClientTetherRole] Client role already stopped [CONTEXT service_id=276 ]
06-17 13:51:23.438   605  2163 W IPCThreadState: Sending oneway calls to frozen process.
06-17 13:51:23.439  1144  1144 I MagicTether: (REDACTED) [NotificationPresenter] cancelNotification: %d
06-17 13:51:23.441  1144  1144 I MagicTether: [AutoDisconnectIntentOperation] Canceling task. [CONTEXT service_id=276 ]
06-17 13:51:23.443  1144 16192 I MagicTether: [AutoDisconnectIntentOperation] Canceling task. [CONTEXT service_id=276 ]
06-17 13:51:23.443  1144 16192 I MagicTether: (REDACTED) [NotificationPresenter] cancelNotification: %d
06-17 13:51:23.444  1144 16555 I MagicTether: [AutoDisconnectIntentOperation] Canceling task. [CONTEXT service_id=276 ]
06-17 13:51:23.444  1144 16555 I MagicTether: (REDACTED) [NotificationPresenter] cancelNotification: %d
06-17 13:51:23.921  1144 16797 I NearbySharing: Network state changed: NetworkState(isRestricted=false, isOnline=true, isCongested=false, isMetered=false, isWifiConnected=true)
06-17 13:51:23.921  1144 16811 I NearbySharing: Network state changed: NetworkState(isRestricted=false, isOnline=true, isCongested=false, isMetered=false, isWifiConnected=true)
06-17 13:51:25.109 16688 16716 D EGL_emulation: app_time_stats: avg=53.00ms min=0.79ms max=2224.98ms count=45
06-17 13:51:25.899   465   465 I adbd    : adbd service requested 'shell,v2,TERM=dumb:export ANDROID_LOG_TAGS=''; exec logcat '-d''
