06-17 13:49:52.898   605   631 W MagnificationConnectionManager: requestConnection duplicated request: connect=false, mConnectionState=DISCONNECTED
06-17 13:49:52.898   605   605 W IPCThreadState: Sending oneway calls to frozen process.
06-17 13:49:52.898   605   605 W IPCThreadState: Sending oneway calls to frozen process.
06-17 13:49:52.898   605   605 W IPCThreadState: Sending oneway calls to frozen process.
06-17 13:49:52.898   605   605 W IPCThreadState: Sending oneway calls to frozen process.
06-17 13:49:52.902 16688 16716 D EGL_emulation: app_time_stats: avg=9.57ms min=0.62ms max=228.34ms count=50
06-17 13:49:52.918 16688 16703 I WM-WorkerWrapper: Worker result SUCCESS for Work [ id=0f90e259-e5b3-48f1-9179-d414bd2c1fc0, tags={ com.example.merchandisecontrolsplitview.data.PriceBackfillWorker } ]
06-17 13:49:52.923 16688 16703 D WM-PackageManagerHelper: androidx.work.impl.background.systemalarm.RescheduleReceiver disabled
06-17 13:49:52.933 16688 16688 D WM-Processor: Processor 0f90e259-e5b3-48f1-9179-d414bd2c1fc0 executed; reschedule = false
06-17 13:49:52.934 16688 16688 D WM-SystemJobService: 0f90e259-e5b3-48f1-9179-d414bd2c1fc0 executed on JobScheduler
06-17 13:49:52.936 16688 16708 D WM-GreedyScheduler: Cancelling work ID 0f90e259-e5b3-48f1-9179-d414bd2c1fc0
06-17 13:49:52.950 16688 16688 D WM-SystemJobService: onStopJob for WorkGenerationalId(workSpecId=0f90e259-e5b3-48f1-9179-d414bd2c1fc0, generation=0)
06-17 13:49:52.951   605   976 W JobScheduler: Job didn't exist in JobStore: cdacd7 {androidx.work.systemjobscheduler} #u0a209/167 @androidx.work.systemjobscheduler@com.example.merchandisecontrolsplitview/androidx.work.impl.background.systemjob.SystemJobService
06-17 13:49:53.114   605   772 I HalDevMgr: bestIfaceCreationProposal is null, requestIface=STA, existingIface=[name=wlan0 type=STA]
06-17 13:49:53.117   996  1124 D IpClient/wlan0: interfaceLinkStateChanged: ifindex 16 up
06-17 13:49:53.121   996  1124 D IpClient/wlan0: interfaceLinkStateChanged: ifindex 16 up
06-17 13:49:53.161 16688 16694 I ontrolsplitview: Compiler allocated 5176KB to compile void android.view.ViewRootImpl.performTraversals()
06-17 13:49:53.239   889   889 D ControlsListingControllerImpl: ServiceConfig reloaded, count: 0
06-17 13:49:53.265   605   976 D ActivityManager: sync unfroze 7354 com.google.android.gms for 6
06-17 13:49:53.280  7354 15907 I FraudProtectUtils: Not in testing population, skipping local test bank apps. [CONTEXT service_id=469 ]
06-17 13:49:53.281  7354 15907 I FraudProtectUtils: (REDACTED) Latest bank app list size: %d, %s isBankApp: false
06-17 13:49:53.281  7354 15907 W ComponentChangedIO: No package name in intent data or package is not a bank app [CONTEXT service_id=469 ]
06-17 13:49:53.418   605   976 W IPCThreadState: Sending oneway calls to frozen process.
06-17 13:49:53.436   889  1015 D EGL_emulation: app_time_stats: avg=106.12ms min=11.95ms max=916.98ms count=10
06-17 13:49:53.727 16688 16713 I CatalogCloudSync: sync_event_outbox_retry_summary pendingBefore=0 pendingAfter=0 retryLoaded=0 retryEligible=0 retrySkippedMaxAttempts=0 retrySucceeded=0 retryFailed=0 retryDeletedOnSuccess=0
06-17 13:49:53.742 16688 16713 I Supabase-Realtime: Connected to realtime websocket!
06-17 13:49:53.876 16688 16710 I CatalogCloudSync: sync_events_summary phase=drain syncEventsAvailable=true recordSyncEventAvailable=true realtimeSyncEventsAvailable=true syncEventOutboxPending=0 syncEventOutboxPendingBefore=0 syncEventOutboxPendingAfter=0 syncEventOutboxRetried=0 syncEventOutboxRetryLoaded=0 syncEventOutboxRetryEligible=0 syncEventOutboxRetrySkippedMaxAttempts=0 syncEventOutboxRetrySucceeded=0 syncEventOutboxRetryFailed=0 syncEventOutboxRetryDeletedOnSuccess=0 syncEventOutboxInserted=0 catalogEventEmitted=false priceEventEmitted=false catalogEventOutcome=no_op priceEventOutcome=no_op syncEventsFetched=0 syncEventsProcessed=0 syncEventsSkippedSelf=0 syncEventsSkippedDirtyLocal=0 syncEventsSkippedProtectedLocalCommit=0 syncEventsWatermarkBefore=3065 syncEventsWatermarkAfter=3065 syncEventsTooLarge=false syncEventsGapDetected=false manualFullSyncRequired=false targetedProductsFetched=0 targetedPricesFetched=0 fullCatalogFetch=false fullPriceFetch=false
06-17 13:49:53.877 16688 16710 I CatalogCloudSync: cycle=sync_events_drain outcome=ok reason=foreground durationMs=1808 eventsFetched=0 eventsProcessed=0 skippedSelf=0 outboxPending=0 manualFullSyncRequired=false syncEventsGapDetected=false syncEventsTooLarge=false syncEventOutboxRetried=0 targetedProductsFetched=0 targetedPricesFetched=0 targetedHistoryFetched=0 remoteHistoryUpdatesApplied=0 fullCatalogFetch=false fullPriceFetch=false
06-17 13:49:53.877 16688 16710 I CatalogCloudSync: tracker busy=false stage=COMPLETED status=COMPLETED
06-17 13:49:53.919 16688 16716 D EGL_emulation: app_time_stats: avg=3.12ms min=0.79ms max=8.29ms count=61
06-17 13:49:53.923 16688 16710 I SupabaseRealtime: Supabase Realtime subscribed su public.shared_sheet_sessions
06-17 13:49:53.924 16688 16713 I SyncEventsRealtime: sync_events realtime subscribed
06-17 13:49:53.930   605   698 I RoleService: Granting default roles...
06-17 13:49:53.937  1095  9439 I PermissionControllerServiceImpl: Updating user sensitive for uid 10209
06-17 13:49:53.937  1049  1049 D CarrierSvcBindHelper: onPackageModified: com.example.merchandisecontrolsplitview
06-17 13:49:53.937  1049  1049 D CarrierSvcBindHelper: No carrier app for: 0
06-17 13:49:53.938   605   822 D ShortcutService: received package broadcast intent: Intent { act=android.intent.action.PACKAGE_CHANGED dat=package: flg=0x45000010 (has extras) }
06-17 13:49:53.938   605   822 D ShortcutService: changing package: com.example.merchandisecontrolsplitview userId0
06-17 13:49:53.938   605   822 D ShortcutService: handlePackageChanged: com.example.merchandisecontrolsplitview user=0
06-17 13:49:53.938   605   822 D ShortcutService: rescanPackageIfNeeded 0@com.example.merchandisecontrolsplitview, forceRescan=true , isNewApp=true
06-17 13:49:53.938   605   822 D ShortcutService: Package com.example.merchandisecontrolsplitview has 0 manifest shortcut(s), and 0 share target(s)
06-17 13:49:53.938  1049  1049 E CellBroadcastUtils: getDefaultCellBroadcastReceiverPackageName: no package found
06-17 13:49:53.938   605  2163 W AppOpService: Ignored setUidMode call for runtime permission app op: uid = 1001, code = READ_SMS, mode = allow, callingUid = 1001, oldMode = allow
06-17 13:49:53.939   605  2163 W AppOpService: Ignored setUidMode call for runtime permission app op: uid = 1001, code = RECEIVE_SMS, mode = allow, callingUid = 1001, oldMode = allow
06-17 13:49:53.939   605  2163 W AppOpService: Ignored setUidMode call for runtime permission app op: uid = 1001, code = RECEIVE_WAP_PUSH, mode = allow, callingUid = 1001, oldMode = allow
06-17 13:49:53.939   605  2163 W AppOpService: Ignored setUidMode call for runtime permission app op: uid = 1001, code = SEND_SMS, mode = allow, callingUid = 1001, oldMode = allow
06-17 13:49:53.939   605  2163 W AppOpService: Ignored setUidMode call for runtime permission app op: uid = 1001, code = READ_CELL_BROADCASTS, mode = allow, callingUid = 1001, oldMode = allow
06-17 13:49:53.939  1049  1252 D ImsResolver: maybeAddedImsService, packageName: com.example.merchandisecontrolsplitview
06-17 13:49:53.946   605  1011 W SignedPackage: Package doesn't have required signing certificate: com.google.android.retaildemo
06-17 13:49:53.948   605  1011 E RoleControllerServiceImpl: Default/fallback role holder package doesn't qualify for the role, package: com.google.android.gms.supervision, role: android.app.role.SYSTEM_SUPERVISION, user: 0
06-17 13:49:53.949   605  1011 W SignedPackage: Package doesn't have required signing certificate: com.google.android.apps.work.clouddpc
06-17 13:49:53.959   605  1011 E RoleControllerServiceImpl: Default/fallback role holder package doesn't qualify for the role, package: com.google.android.gms, role: android.app.role.WALLET, user: 0
06-17 13:49:53.964  1403  1403 I AiAiEcho: AppFetcherImpl onPackageChanged com.example.merchandisecontrolsplitview.
06-17 13:49:53.964  1403 16755 I AiAiEcho: AppIndexer Package:[com.example.merchandisecontrolsplitview] UserProfile:[0] Enabled:[true].
06-17 13:49:53.964  1403 16755 I AiAiEcho: AppFetcherImplV2 updateApps package:[com.example.merchandisecontrolsplitview], userId:[0], reason:[package is updated.].
06-17 13:49:53.965   605  1011 E RoleControllerServiceImpl: Default/fallback role holder package doesn't qualify for the role, package: com.google.android.devicelockcontroller, role: android.app.role.SYSTEM_FINANCED_DEVICE_CONTROLLER, user: 0
06-17 13:49:53.969  1200  1248 D PackageUpdatedTask: Package updated: mOp=UPDATE packages=[com.example.merchandisecontrolsplitview]
06-17 13:49:53.969   605   631 W MagnificationConnectionManager: requestConnection duplicated request: connect=false, mConnectionState=DISCONNECTED
06-17 13:49:53.969   605   605 W IPCThreadState: Sending oneway calls to frozen process.
06-17 13:49:53.969   605   605 W IPCThreadState: Sending oneway calls to frozen process.
06-17 13:49:53.969   605   605 W IPCThreadState: Sending oneway calls to frozen process.
06-17 13:49:53.969   605   605 W IPCThreadState: Sending oneway calls to frozen process.
06-17 13:49:53.978  1200  1200 D StatsLog: LAUNCHER_ALLAPPS_COUNT
06-17 13:49:54.013 16688 16695 I ontrolsplitview: Background concurrent mark compact GC freed 22MB AllocSpace bytes, 13(900KB) LOS objects, 49% free, 14MB/29MB, paused 1.686ms,735us total 103.755ms
06-17 13:49:54.142 16688 16710 I HistorySessionSyncV2: cycle=pull_apply outcome=ok inserted=0 updated=0 skipped=87 dirtyLocalSkips=87 failed=0 source=bootstrap
06-17 13:49:54.142 16688 16710 I HistorySessionSyncV2: cycle=session_flight outcome=released owner=auto_push pendingRetry=false
06-17 13:49:54.142 16688 16710 I HistorySessionSyncV2: cycle=push outcome=ok reason=login_fresh_tick sessionsAttempted=0 sessionsUploaded=0 skippedDirtyLocal=0 coalesced=false dirtySetMode=full_reconcile owner=auto_push bootstrapInserted=0 bootstrapUpdated=0 bootstrapSkipped=87 bootstrapFailed=0 bootstrapUnsupported=0
06-17 13:49:54.302   605  1504 E TaskPersister: File error accessing recents directory (directory doesn't exist?).
06-17 13:49:54.429   889   889 D ControlsListingControllerImpl: ServiceConfig reloaded, count: 0
06-17 13:49:54.446  7354 15892 I FraudProtectUtils: Not in testing population, skipping local test bank apps. [CONTEXT service_id=469 ]
06-17 13:49:54.448  7354 15892 I FraudProtectUtils: (REDACTED) Latest bank app list size: %d, %s isBankApp: false
06-17 13:49:54.448  7354 15892 W ComponentChangedIO: No package name in intent data or package is not a bank app [CONTEXT service_id=469 ]
06-17 13:49:56.121   605   772 I HalDevMgr: bestIfaceCreationProposal is null, requestIface=STA, existingIface=[name=wlan0 type=STA]
06-17 13:49:56.160 16688 16716 D EGL_emulation: app_time_stats: avg=2217.77ms min=2217.77ms max=2217.77ms count=1
06-17 13:49:56.408   465   465 I adbd    : adbd service requested 'shell,v2,raw:dumpsys package com.google.android.gms'
06-17 13:49:56.450   727   732 I artd    : GetBestInfo: odex next to the dex file (/data/app/~~RBqLWa4IHxAvM1EDn2acWA==/com.google.android.gms--6rwsmYaGwERs-rlQ1V3rA==/oat/arm64/base.odex) is kOatBootImageOutOfDate with filter 'speed-profile' executable 'false': Image checksum mismatch, expected i;28/6d8ebc32 to start with i;28/fd0aebae
06-17 13:49:56.451   727   732 I artd    : GetBestInfo: vdex next to the dex file (/data/app/~~RBqLWa4IHxAvM1EDn2acWA==/com.google.android.gms--6rwsmYaGwERs-rlQ1V3rA==/oat/arm64/base.vdex) is kOatUpToDate with filter 'verify' executable 'false'
06-17 13:49:56.451   727   732 I artd    : GetBestInfo: dm (/data/app/~~RBqLWa4IHxAvM1EDn2acWA==/com.google.android.gms--6rwsmYaGwERs-rlQ1V3rA==/split_AdsDynamite_installtime.dm) is kOatUpToDate with filter 'verify' executable 'false'
06-17 13:49:56.452   727  3900 I artd    : GetBestInfo: odex next to the dex file (/data/app/~~RBqLWa4IHxAvM1EDn2acWA==/com.google.android.gms--6rwsmYaGwERs-rlQ1V3rA==/oat/arm64/split_CronetDynamite_installtime.odex) is kOatBootImageOutOfDate with filter 'speed-profile' executable 'false': Image checksum mismatch, expected i;28/6d8ebc32 to start with i;28/fd0aebae
06-17 13:49:56.452   727  3900 I artd    : GetBestInfo: vdex next to the dex file (/data/app/~~RBqLWa4IHxAvM1EDn2acWA==/com.google.android.gms--6rwsmYaGwERs-rlQ1V3rA==/oat/arm64/split_CronetDynamite_installtime.vdex) is kOatUpToDate with filter 'verify' executable 'false'
06-17 13:49:56.452   727   732 I artd    : GetBestInfo: dm (/data/app/~~RBqLWa4IHxAvM1EDn2acWA==/com.google.android.gms--6rwsmYaGwERs-rlQ1V3rA==/split_DynamiteLoader_installtime.dm) is kOatUpToDate with filter 'verify' executable 'false'
06-17 13:49:56.453   727  3900 I artd    : GetBestInfo: dm (/data/app/~~RBqLWa4IHxAvM1EDn2acWA==/com.google.android.gms--6rwsmYaGwERs-rlQ1V3rA==/split_DynamiteModulesA_installtime.dm) is kOatUpToDate with filter 'verify' executable 'false'
06-17 13:49:56.453   727   732 I artd    : GetBestInfo: dm (/data/app/~~RBqLWa4IHxAvM1EDn2acWA==/com.google.android.gms--6rwsmYaGwERs-rlQ1V3rA==/split_DynamiteModulesC_installtime.dm) is kOatUpToDate with filter 'verify' executable 'false'
06-17 13:49:56.453   727  3900 I artd    : GetBestInfo: dm (/data/app/~~RBqLWa4IHxAvM1EDn2acWA==/com.google.android.gms--6rwsmYaGwERs-rlQ1V3rA==/split_GoogleCertificates_installtime.dm) is kOatUpToDate with filter 'verify' executable 'false'
06-17 13:49:56.454   727   732 I artd    : GetBestInfo: dm (/data/app/~~RBqLWa4IHxAvM1EDn2acWA==/com.google.android.gms--6rwsmYaGwERs-rlQ1V3rA==/split_MapsDynamite_installtime.dm) is kOatUpToDate with filter 'verify' executable 'false'
06-17 13:49:56.454   727  3900 I artd    : GetBestInfo: dm (/data/app/~~RBqLWa4IHxAvM1EDn2acWA==/com.google.android.gms--6rwsmYaGwERs-rlQ1V3rA==/split_MeasurementDynamite_installtime.dm) is kOatUpToDate with filter 'verify' executable 'false'
06-17 13:49:56.454   727   732 I artd    : GetBestInfo: /data/user_de/0/com.google.android.gms/app_chimera/m/0000002a/dl-MlkitBarcodeUi.optional_261733100400.apk has no usable artifacts
06-17 13:49:56.454   727   732 I artd    : GetBestInfo: /data/user_de/0/com.google.android.gms/app_chimera/m/00000035/dl-VisionOcr.optional_261933100000.apk has no usable artifacts
06-17 13:49:56.454   727 11563 I artd    : GetBestInfo: /data/user_de/0/com.google.android.gms/app_chimera/m/00000001/CronetDynamite.uncompressed.apk has no usable artifacts
06-17 13:49:56.455   727   732 I artd    : GetBestInfo: /data/user_de/0/com.google.android.gms/app_chimera/m/00000047/dl-PlayCloudSearch.optional_262333100000.apk has no usable artifacts
06-17 13:49:56.455   727 11563 I artd    : GetBestInfo: /data/user_de/0/com.google.android.gms/app_chimera/m/00000016/dl-IdentityCredentialsPlatform.optional_261464100400.apk has no usable artifacts
06-17 13:49:56.455   727 11563 I artd    : GetBestInfo: /data/user_de/0/com.google.android.gms/app_chimera/m/00000046/dl-MlkitOcrCommon.optional_262333100400.apk has no usable artifacts
06-17 13:49:56.455   727   732 I artd    : GetBestInfo: /data/user_de/0/com.google.android.gms/app_chimera/m/00000014/dl-VisionOcr.optional_261464100000.apk has no usable artifacts
06-17 13:49:56.455   727  3900 I artd    : GetBestInfo: /data/user_de/0/com.google.android.gms/app_chimera/m/00000017/dl-Appsearch.optional_261464100400.apk has no usable artifacts
06-17 13:49:56.455   727   732 I artd    : GetBestInfo: /data/user_de/0/com.google.android.gms/app_chimera/m/0000004b/dl-MlkitBarcodeUi.optional_262333100400.apk has no usable artifacts
06-17 13:49:56.455   727 11563 I artd    : GetBestInfo: /data/user/0/com.google.android.gms/app_dg_cache/87E7746227FF4E457A2EB56043B95E41006DE49F/the.apk has no usable artifacts
06-17 13:49:56.456   727 11563 I artd    : GetBestInfo: /data/user_de/0/com.google.android.gms/app_chimera/m/00000048/dl-IdentityCredentialsPlatform.optional_262333100400.apk has no usable artifacts
06-17 13:49:56.456   727   732 I artd    : GetBestInfo: /data/user_de/0/com.google.android.gms/app_chimera/m/0000000a/dl-MlkitBarcodeUi.optional_242335100400.apk has no usable artifacts
06-17 13:49:56.456   727 11563 I artd    : GetBestInfo: /data/user_de/0/com.google.android.gms/app_chimera/m/00000029/dl-MlkitOcrCommon.optional_261733100400.apk has no usable artifacts
06-17 13:49:56.456   727 11563 I artd    : GetBestInfo: /data/user_de/0/com.google.android.gms/app_chimera/m/00000002/DynamiteLoader.uncompressed.apk has no usable artifacts
06-17 13:49:56.456   727 11563 I artd    : GetBestInfo: /data/user_de/0/com.google.android.gms/app_chimera/m/0000002e/dl-Appsearch.optional_261733100400.apk has no usable artifacts
06-17 13:49:56.456   727 11563 I artd    : GetBestInfo: /data/user_de/0/com.google.android.gms/app_chimera/m/00000030/dl-MlkitOcrCommon.optional_261933100400.apk has no usable artifacts
06-17 13:49:56.456   727 11563 I artd    : GetBestInfo: /data/user_de/0/com.google.android.gms/app_chimera/m/00000015/dl-PlayCloudSearch.optional_261464100000.apk has no usable artifacts
06-17 13:49:56.456   727 11563 I artd    : GetBestInfo: /data/user_de/0/com.google.android.gms/app_chimera/m/0000001e/dl-Appsearch.optional_261631100400.apk has no usable artifacts
06-17 13:49:56.456   727 11563 I artd    : GetBestInfo: /data/user_de/0/com.google.android.gms/app_chimera/m/00000013/dl-MlkitOcrCommon.optional_261464100400.apk has no usable artifacts
06-17 13:49:56.456   727 11563 I artd    : GetBestInfo: /data/user_de/0/com.google.android.gms/app_chimera/m/00000032/dl-MlkitBarcodeUi.optional_261933100400.apk has no usable artifacts
06-17 13:49:56.456   727 11563 I artd    : GetBestInfo: /data/user/0/com.google.android.gms/app_dg_cache/754BEC187BC4F26BBC31300F93DBF9B7506C1861/the.apk has no usable artifacts
06-17 13:49:56.456   727 11563 I artd    : GetBestInfo: /data/user_de/0/com.google.android.gms/app_chimera/m/00000007/MeasurementDynamite.apk has no usable artifacts
06-17 13:49:56.456   727  3900 I artd    : GetBestInfo: /data/user_de/0/com.google.android.gms/app_chimera/m/0000002c/dl-IdentityCredentialsPlatform.optional_261733100400.apk has no usable artifacts
06-17 13:49:56.457   727  3900 I artd    : GetBestInfo: /data/user_de/0/com.google.android.gms/app_chimera/m/0000002b/dl-PlayCloudSearch.optional_261733100000.apk has no usable artifacts
06-17 13:49:56.457   727 11563 I artd    : GetBestInfo: /data/user_de/0/com.google.android.gms/app_chimera/m/00000033/dl-PlayCloudSearch.optional_261933100000.apk has no usable artifacts
06-17 13:49:56.457   727  3900 I artd    : GetBestInfo: /data/user_de/0/com.google.android.gms/app_chimera/m/0000001c/dl-VisionOcr.optional_261631100000.apk has no usable artifacts
06-17 13:49:56.457   727  3900 I artd    : GetBestInfo: /data/user_de/0/com.google.android.gms/app_chimera/m/00000011/dl-MlkitBarcodeUi.optional_261464100400.apk has no usable artifacts
06-17 13:49:56.457   727  3900 I artd    : GetBestInfo: /data/user_de/0/com.google.android.gms/app_chimera/m/00000049/dl-VisionOcr.optional_262333100000.apk has no usable artifacts
06-17 13:49:56.457   727   732 I artd    : GetBestInfo: /data/user_de/0/com.google.android.gms/app_chimera/m/00000005/GoogleCertificates.apk has no usable artifacts
06-17 13:49:56.457   727   732 I artd    : GetBestInfo: /data/user_de/0/com.google.android.gms/app_chimera/m/00000010/dl-TfliteDynamiteDynamite.integ_260580502100400.apk has no usable artifacts
06-17 13:49:56.457   727  3900 I artd    : GetBestInfo: /data/user/0/com.google.android.gms/app_dg_cache/9D5BCED7935D64431BF672B8BBD597199833CA19/the.apk has no usable artifacts
06-17 13:49:56.457   727  3900 I artd    : GetBestInfo: /data/user_de/0/com.google.android.gms/app_chimera/m/00000009/dl-TfliteDynamiteDynamite.integ_252130102100400.apk has no usable artifacts
06-17 13:49:56.458   727  3900 I artd    : GetBestInfo: vdex next to the dex file (/data/user/0/com.google.android.gms/app_dg_cache/5833371D1ACC412507A92815B074897510CCCEDD/oat/arm64/the.vdex) is kOatUpToDate with filter 'verify' executable 'false'
06-17 13:49:56.458   727   732 I artd    : GetBestInfo: /data/user_de/0/com.google.android.gms/app_chimera/m/0000001b/dl-PlayCloudSearch.optional_261631100000.apk has no usable artifacts
06-17 13:49:56.458   727   732 I artd    : GetBestInfo: /data/user_de/0/com.google.android.gms/app_chimera/m/00000027/dl-IdentityCredentialsPlatform.optional_261631100400.apk has no usable artifacts
06-17 13:49:56.458   727  3900 I artd    : GetBestInfo: /data/user/0/com.google.android.gms/app_dg_cache/86153AA318A3F208A8C511836585279D8C7E8D94/the.apk has no usable artifacts
06-17 13:49:56.458   727   732 I artd    : GetBestInfo: /data/user_de/0/com.google.android.gms/app_chimera/m/0000001d/dl-IdentityCredentialsPlatform.optional_261631100400.apk has no usable artifacts
06-17 13:49:56.458   727   732 I artd    : GetBestInfo: /data/user_de/0/com.google.android.gms/app_chimera/m/0000002d/dl-VisionOcr.optional_261733100000.apk has no usable artifacts
06-17 13:49:56.458   727   732 I artd    : GetBestInfo: /data/user_de/0/com.google.android.gms/app_chimera/m/0000000e/dl-PlayCloudSearch.optional_242335100000.apk has no usable artifacts
06-17 13:49:56.459   727  3900 I artd    : GetBestInfo: /data/user_de/0/com.google.android.gms/app_chimera/m/0000004a/dl-Appsearch.optional_262333100400.apk has no usable artifacts
06-17 13:49:56.459   727   732 I artd    : GetBestInfo: /data/user_de/0/com.google.android.gms/app_chimera/m/0000001a/dl-MlkitBarcodeUi.optional_261631100400.apk has no usable artifacts
06-17 13:49:56.459   727   732 I artd    : GetBestInfo: vdex next to the dex file (/data/user/0/com.google.android.gms/app_dg_cache/10FF5D5C646CC9E2F04BD9D73A072BD012EF1A7A/oat/arm64/the.vdex) is kOatUpToDate with filter 'verify' executable 'false'
06-17 13:49:56.459   727  3900 I artd    : GetBestInfo: /data/user_de/0/com.google.android.gms/app_chimera/m/00000036/dl-Appsearch.optional_261933100400.apk has no usable artifacts
06-17 13:49:56.459   727  3900 I artd    : GetBestInfo: /data/user/0/com.google.android.gms/app_dg_cache/21A90BF1C1C388089206DCE215FB60D7882BFA18/the.apk has no usable artifacts
06-17 13:49:56.459   727  3900 I artd    : GetBestInfo: /data/user_de/0/com.google.android.gms/app_chimera/m/0000001f/dl-IdentityCredentialsPlacebo.optional_261631100400.apk has no usable artifacts
06-17 13:49:56.459   727   732 I artd    : GetBestInfo: /data/user_de/0/com.google.android.gms/app_chimera/m/00000034/dl-IdentityCredentialsPlatform.optional_261933100400.apk has no usable artifacts
06-17 13:49:56.459   727  3900 I artd    : GetBestInfo: /data/user_de/0/com.google.android.gms/app_chimera/m/00000019/dl-MlkitOcrCommon.optional_261631100400.apk has no usable artifacts
06-17 13:49:56.459   727  3900 I artd    : GetBestInfo: /data/user/0/com.google.android.gms/app_dg_cache/A8F89F306FD1BA172E06F6F2B9F79826D0309BB6/the.apk has no usable artifacts
06-17 13:49:56.459   727  3900 I artd    : GetBestInfo: /data/user/0/com.google.android.gms/app_dg_cache/707FFD883BF2A7896692338F9625CA52336E933B/the.apk has no usable artifacts
06-17 13:49:56.561 16688 16769 D ProfileInstaller: Installing profile for com.example.merchandisecontrolsplitview
06-17 13:49:57.482   851   851 I wpa_supplicant: wlan0: CTRL-EVENT-BEACON-LOSS 
06-17 13:49:59.127   605   772 I HalDevMgr: bestIfaceCreationProposal is null, requestIface=STA, existingIface=[name=wlan0 type=STA]
06-17 13:49:59.154   996  1124 D IpClient/wlan0: interfaceLinkStateChanged: ifindex 16 up
06-17 13:49:59.155   996  1124 D IpClient/wlan0: interfaceLinkStateChanged: ifindex 16 up
06-17 13:49:59.158   996  1124 D IpClient/wlan0: interfaceLinkStateChanged: ifindex 16 up
06-17 13:50:00.007  1403  1601 I AiAiEcho: Predicting[0]:  [CONTEXT sampling_count=5 ]
06-17 13:50:00.007  1403  1601 I AiAiEcho: EchoTargets: 
06-17 13:50:00.007  1403  1601 I AiAiEcho: Filtered by AiAi flag check: 
06-17 13:50:00.007  1403  1601 I AiAiEcho: [CONTEXT ratelimit_period="10 SECONDS" ]
06-17 13:50:00.008  1403  1601 I AiAiEcho: Ranked targets strategy: SORT, count: 0, ranking metadata:  [CONTEXT ratelimit_period="10 SECONDS" ]
06-17 13:50:00.008  1403  1601 I AiAiEcho: #remoteViewsTwiddler: feature disabled.
06-17 13:50:00.008  1403  1601 I AiAiEcho: Predicting[0]:  [CONTEXT sampling_count=5 ]
06-17 13:50:00.008  1403  1601 I AiAiEcho: EchoTargets: 
06-17 13:50:00.008  1403  1601 I AiAiEcho: Filtered by AiAi flag check: 
06-17 13:50:00.008  1403  1601 I AiAiEcho: [CONTEXT ratelimit_period="10 SECONDS" ]
06-17 13:50:00.008  1403  1601 I AiAiEcho: Ranked targets strategy: SORT, count: 0, ranking metadata:  [CONTEXT ratelimit_period="10 SECONDS" ]
06-17 13:50:00.008  1403  1601 I AiAiEcho: #remoteViewsTwiddler: feature disabled.
06-17 13:50:00.009  1403  1601 I AiAiEcho: #postPredictionTargets: Sending updates to UISurface lockscreen with targets# 0 (types=[])
06-17 13:50:00.009   889   889 W PageIndicator: Total number of pages invalid: 0. Assuming 1 page.
06-17 13:50:00.010  1403  1601 I AiAiEcho: #postPredictionTargets: Sending updates to UISurface home with targets# 0 (types=[])
06-17 13:50:00.011  1200  1200 D SsBaseTemplateCard: No text view can be set up
06-17 13:50:00.011  1200  1200 D SsBaseTemplateCard: Passed-in item info is null
06-17 13:50:00.011  1200  1200 D SsBaseTemplateCard: Passed-in item info is null
06-17 13:50:00.011  1200  1200 D SsBaseTemplateCard: Passed-in item info is null
06-17 13:50:00.011  1200  1200 I SsBaseTemplateCard: Secondary card pane is null
06-17 13:50:00.071   889  1015 D EGL_emulation: app_time_stats: avg=6634.72ms min=6634.72ms max=6634.72ms count=1
06-17 13:50:02.137   605   772 I HalDevMgr: bestIfaceCreationProposal is null, requestIface=STA, existingIface=[name=wlan0 type=STA]
06-17 13:50:02.516  1144 16553 I NearbyMediums: No BLE Fast/GATT advertisements found in the latest cycle.
06-17 13:50:02.517  1144 16553 I NearbyMediums: Current Tracked Scanning Clients are : {NearbyConnections.EnvironmentMonitor, NearbySharing, NearbyConnections.TxAdvertisement}
06-17 13:50:03.424   605  2163 W IPCThreadState: Sending oneway calls to frozen process.
06-17 13:50:05.142   605   772 I HalDevMgr: bestIfaceCreationProposal is null, requestIface=STA, existingIface=[name=wlan0 type=STA]
06-17 13:50:05.151   996  1124 D IpClient/wlan0: interfaceLinkStateChanged: ifindex 16 up
06-17 13:50:05.153   996  1124 D IpClient/wlan0: interfaceLinkStateChanged: ifindex 16 up
06-17 13:50:05.155   996  1124 D IpClient/wlan0: interfaceLinkStateChanged: ifindex 16 up
06-17 13:50:05.417   851   851 I wpa_supplicant: wlan0: CTRL-EVENT-BEACON-LOSS 
06-17 13:50:06.414   465   465 I adbd    : adbd service requested 'shell,v2,raw:dumpsys package com.google.android.gms'
06-17 13:50:06.452   727  3900 I artd    : GetBestInfo: odex next to the dex file (/data/app/~~RBqLWa4IHxAvM1EDn2acWA==/com.google.android.gms--6rwsmYaGwERs-rlQ1V3rA==/oat/arm64/base.odex) is kOatBootImageOutOfDate with filter 'speed-profile' executable 'false': Image checksum mismatch, expected i;28/6d8ebc32 to start with i;28/fd0aebae
06-17 13:50:06.453   727  3900 I artd    : GetBestInfo: vdex next to the dex file (/data/app/~~RBqLWa4IHxAvM1EDn2acWA==/com.google.android.gms--6rwsmYaGwERs-rlQ1V3rA==/oat/arm64/base.vdex) is kOatUpToDate with filter 'verify' executable 'false'
06-17 13:50:06.454   727   732 I artd    : GetBestInfo: dm (/data/app/~~RBqLWa4IHxAvM1EDn2acWA==/com.google.android.gms--6rwsmYaGwERs-rlQ1V3rA==/split_AdsDynamite_installtime.dm) is kOatUpToDate with filter 'verify' executable 'false'
06-17 13:50:06.454   727   732 I artd    : GetBestInfo: odex next to the dex file (/data/app/~~RBqLWa4IHxAvM1EDn2acWA==/com.google.android.gms--6rwsmYaGwERs-rlQ1V3rA==/oat/arm64/split_CronetDynamite_installtime.odex) is kOatBootImageOutOfDate with filter 'speed-profile' executable 'false': Image checksum mismatch, expected i;28/6d8ebc32 to start with i;28/fd0aebae
06-17 13:50:06.454   727   732 I artd    : GetBestInfo: vdex next to the dex file (/data/app/~~RBqLWa4IHxAvM1EDn2acWA==/com.google.android.gms--6rwsmYaGwERs-rlQ1V3rA==/oat/arm64/split_CronetDynamite_installtime.vdex) is kOatUpToDate with filter 'verify' executable 'false'
06-17 13:50:06.455   727  3900 I artd    : GetBestInfo: dm (/data/app/~~RBqLWa4IHxAvM1EDn2acWA==/com.google.android.gms--6rwsmYaGwERs-rlQ1V3rA==/split_DynamiteLoader_installtime.dm) is kOatUpToDate with filter 'verify' executable 'false'
06-17 13:50:06.456   727   732 I artd    : GetBestInfo: dm (/data/app/~~RBqLWa4IHxAvM1EDn2acWA==/com.google.android.gms--6rwsmYaGwERs-rlQ1V3rA==/split_DynamiteModulesA_installtime.dm) is kOatUpToDate with filter 'verify' executable 'false'
06-17 13:50:06.456   727  3900 I artd    : GetBestInfo: dm (/data/app/~~RBqLWa4IHxAvM1EDn2acWA==/com.google.android.gms--6rwsmYaGwERs-rlQ1V3rA==/split_DynamiteModulesC_installtime.dm) is kOatUpToDate with filter 'verify' executable 'false'
06-17 13:50:06.457   727   732 I artd    : GetBestInfo: dm (/data/app/~~RBqLWa4IHxAvM1EDn2acWA==/com.google.android.gms--6rwsmYaGwERs-rlQ1V3rA==/split_GoogleCertificates_installtime.dm) is kOatUpToDate with filter 'verify' executable 'false'
06-17 13:50:06.457   727  3900 I artd    : GetBestInfo: dm (/data/app/~~RBqLWa4IHxAvM1EDn2acWA==/com.google.android.gms--6rwsmYaGwERs-rlQ1V3rA==/split_MapsDynamite_installtime.dm) is kOatUpToDate with filter 'verify' executable 'false'
06-17 13:50:06.458   727   732 I artd    : GetBestInfo: dm (/data/app/~~RBqLWa4IHxAvM1EDn2acWA==/com.google.android.gms--6rwsmYaGwERs-rlQ1V3rA==/split_MeasurementDynamite_installtime.dm) is kOatUpToDate with filter 'verify' executable 'false'
06-17 13:50:06.458   727  3900 I artd    : GetBestInfo: /data/user_de/0/com.google.android.gms/app_chimera/m/0000002a/dl-MlkitBarcodeUi.optional_261733100400.apk has no usable artifacts
06-17 13:50:06.458   727   732 I artd    : GetBestInfo: /data/user_de/0/com.google.android.gms/app_chimera/m/00000035/dl-VisionOcr.optional_261933100000.apk has no usable artifacts
06-17 13:50:06.458   727  3900 I artd    : GetBestInfo: /data/user_de/0/com.google.android.gms/app_chimera/m/00000001/CronetDynamite.uncompressed.apk has no usable artifacts
06-17 13:50:06.458   727  3900 I artd    : GetBestInfo: /data/user_de/0/com.google.android.gms/app_chimera/m/00000047/dl-PlayCloudSearch.optional_262333100000.apk has no usable artifacts
06-17 13:50:06.458   727   732 I artd    : GetBestInfo: /data/user_de/0/com.google.android.gms/app_chimera/m/00000016/dl-IdentityCredentialsPlatform.optional_261464100400.apk has no usable artifacts
06-17 13:50:06.459   727   732 I artd    : GetBestInfo: /data/user_de/0/com.google.android.gms/app_chimera/m/00000046/dl-MlkitOcrCommon.optional_262333100400.apk has no usable artifacts
06-17 13:50:06.459   727  3900 I artd    : GetBestInfo: /data/user_de/0/com.google.android.gms/app_chimera/m/00000014/dl-VisionOcr.optional_261464100000.apk has no usable artifacts
06-17 13:50:06.459   727  3900 I artd    : GetBestInfo: /data/user_de/0/com.google.android.gms/app_chimera/m/00000017/dl-Appsearch.optional_261464100400.apk has no usable artifacts
06-17 13:50:06.459   727 11563 I artd    : GetBestInfo: /data/user_de/0/com.google.android.gms/app_chimera/m/0000004b/dl-MlkitBarcodeUi.optional_262333100400.apk has no usable artifacts
06-17 13:50:06.460   727   732 I artd    : GetBestInfo: /data/user/0/com.google.android.gms/app_dg_cache/87E7746227FF4E457A2EB56043B95E41006DE49F/the.apk has no usable artifacts
06-17 13:50:06.460   727   732 I artd    : GetBestInfo: /data/user_de/0/com.google.android.gms/app_chimera/m/00000048/dl-IdentityCredentialsPlatform.optional_262333100400.apk has no usable artifacts
06-17 13:50:06.461   727 11563 I artd    : GetBestInfo: /data/user_de/0/com.google.android.gms/app_chimera/m/0000000a/dl-MlkitBarcodeUi.optional_242335100400.apk has no usable artifacts
06-17 13:50:06.461   727   732 I artd    : GetBestInfo: /data/user_de/0/com.google.android.gms/app_chimera/m/00000029/dl-MlkitOcrCommon.optional_261733100400.apk has no usable artifacts
06-17 13:50:06.461   727   732 I artd    : GetBestInfo: /data/user_de/0/com.google.android.gms/app_chimera/m/00000002/DynamiteLoader.uncompressed.apk has no usable artifacts
06-17 13:50:06.461   727  3900 I artd    : GetBestInfo: /data/user_de/0/com.google.android.gms/app_chimera/m/0000002e/dl-Appsearch.optional_261733100400.apk has no usable artifacts
06-17 13:50:06.461   727  3900 I artd    : GetBestInfo: /data/user_de/0/com.google.android.gms/app_chimera/m/00000030/dl-MlkitOcrCommon.optional_261933100400.apk has no usable artifacts
06-17 13:50:06.461   727  3900 I artd    : GetBestInfo: /data/user_de/0/com.google.android.gms/app_chimera/m/00000015/dl-PlayCloudSearch.optional_261464100000.apk has no usable artifacts
06-17 13:50:06.461   727  3900 I artd    : GetBestInfo: /data/user_de/0/com.google.android.gms/app_chimera/m/0000001e/dl-Appsearch.optional_261631100400.apk has no usable artifacts
06-17 13:50:06.461   727  3900 I artd    : GetBestInfo: /data/user_de/0/com.google.android.gms/app_chimera/m/00000013/dl-MlkitOcrCommon.optional_261464100400.apk has no usable artifacts
06-17 13:50:06.461   727  3900 I artd    : GetBestInfo: /data/user_de/0/com.google.android.gms/app_chimera/m/00000032/dl-MlkitBarcodeUi.optional_261933100400.apk has no usable artifacts
06-17 13:50:06.461   727  3900 I artd    : GetBestInfo: /data/user/0/com.google.android.gms/app_dg_cache/754BEC187BC4F26BBC31300F93DBF9B7506C1861/the.apk has no usable artifacts
06-17 13:50:06.461   727  3900 I artd    : GetBestInfo: /data/user_de/0/com.google.android.gms/app_chimera/m/00000007/MeasurementDynamite.apk has no usable artifacts
06-17 13:50:06.461   727  3900 I artd    : GetBestInfo: /data/user_de/0/com.google.android.gms/app_chimera/m/0000002c/dl-IdentityCredentialsPlatform.optional_261733100400.apk has no usable artifacts
06-17 13:50:06.461   727  3900 I artd    : GetBestInfo: /data/user_de/0/com.google.android.gms/app_chimera/m/0000002b/dl-PlayCloudSearch.optional_261733100000.apk has no usable artifacts
06-17 13:50:06.461   727  3904 I artd    : GetBestInfo: /data/user_de/0/com.google.android.gms/app_chimera/m/00000033/dl-PlayCloudSearch.optional_261933100000.apk has no usable artifacts
06-17 13:50:06.461   727  3900 I artd    : GetBestInfo: /data/user_de/0/com.google.android.gms/app_chimera/m/0000001c/dl-VisionOcr.optional_261631100000.apk has no usable artifacts
06-17 13:50:06.461   727  3900 I artd    : GetBestInfo: /data/user_de/0/com.google.android.gms/app_chimera/m/00000011/dl-MlkitBarcodeUi.optional_261464100400.apk has no usable artifacts
06-17 13:50:06.461   727   751 I artd    : GetBestInfo: /data/user_de/0/com.google.android.gms/app_chimera/m/00000049/dl-VisionOcr.optional_262333100000.apk has no usable artifacts
06-17 13:50:06.462   727   732 I artd    : GetBestInfo: /data/user_de/0/com.google.android.gms/app_chimera/m/00000005/GoogleCertificates.apk has no usable artifacts
06-17 13:50:06.462   727  3904 I artd    : GetBestInfo: /data/user_de/0/com.google.android.gms/app_chimera/m/00000010/dl-TfliteDynamiteDynamite.integ_260580502100400.apk has no usable artifacts
06-17 13:50:06.462   727   732 I artd    : GetBestInfo: /data/user/0/com.google.android.gms/app_dg_cache/9D5BCED7935D64431BF672B8BBD597199833CA19/the.apk has no usable artifacts
06-17 13:50:06.462   727  3900 I artd    : GetBestInfo: /data/user_de/0/com.google.android.gms/app_chimera/m/00000009/dl-TfliteDynamiteDynamite.integ_252130102100400.apk has no usable artifacts
06-17 13:50:06.463   727  3900 I artd    : GetBestInfo: vdex next to the dex file (/data/user/0/com.google.android.gms/app_dg_cache/5833371D1ACC412507A92815B074897510CCCEDD/oat/arm64/the.vdex) is kOatUpToDate with filter 'verify' executable 'false'
06-17 13:50:06.463   727   732 I artd    : GetBestInfo: /data/user_de/0/com.google.android.gms/app_chimera/m/0000001b/dl-PlayCloudSearch.optional_261631100000.apk has no usable artifacts
06-17 13:50:06.463   727   732 I artd    : GetBestInfo: /data/user_de/0/com.google.android.gms/app_chimera/m/00000027/dl-IdentityCredentialsPlatform.optional_261631100400.apk has no usable artifacts
06-17 13:50:06.463   727   733 I artd    : GetBestInfo: /data/user/0/com.google.android.gms/app_dg_cache/86153AA318A3F208A8C511836585279D8C7E8D94/the.apk has no usable artifacts
06-17 13:50:06.463   727   733 I artd    : GetBestInfo: /data/user_de/0/com.google.android.gms/app_chimera/m/0000001d/dl-IdentityCredentialsPlatform.optional_261631100400.apk has no usable artifacts
06-17 13:50:06.463   727   733 I artd    : GetBestInfo: /data/user_de/0/com.google.android.gms/app_chimera/m/0000002d/dl-VisionOcr.optional_261733100000.apk has no usable artifacts
06-17 13:50:06.463   727   732 I artd    : GetBestInfo: /data/user_de/0/com.google.android.gms/app_chimera/m/0000000e/dl-PlayCloudSearch.optional_242335100000.apk has no usable artifacts
06-17 13:50:06.464   727   733 I artd    : GetBestInfo: /data/user_de/0/com.google.android.gms/app_chimera/m/0000004a/dl-Appsearch.optional_262333100400.apk has no usable artifacts
06-17 13:50:06.464   727  3900 I artd    : GetBestInfo: /data/user_de/0/com.google.android.gms/app_chimera/m/0000001a/dl-MlkitBarcodeUi.optional_261631100400.apk has no usable artifacts
06-17 13:50:06.464   727  3904 I artd    : GetBestInfo: vdex next to the dex file (/data/user/0/com.google.android.gms/app_dg_cache/10FF5D5C646CC9E2F04BD9D73A072BD012EF1A7A/oat/arm64/the.vdex) is kOatUpToDate with filter 'verify' executable 'false'
06-17 13:50:06.464   727  3900 I artd    : GetBestInfo: /data/user_de/0/com.google.android.gms/app_chimera/m/00000036/dl-Appsearch.optional_261933100400.apk has no usable artifacts
06-17 13:50:06.464   727   751 I artd    : GetBestInfo: /data/user/0/com.google.android.gms/app_dg_cache/21A90BF1C1C388089206DCE215FB60D7882BFA18/the.apk has no usable artifacts
06-17 13:50:06.464   727   751 I artd    : GetBestInfo: /data/user_de/0/com.google.android.gms/app_chimera/m/0000001f/dl-IdentityCredentialsPlacebo.optional_261631100400.apk has no usable artifacts
06-17 13:50:06.464   727   751 I artd    : GetBestInfo: /data/user_de/0/com.google.android.gms/app_chimera/m/00000034/dl-IdentityCredentialsPlatform.optional_261933100400.apk has no usable artifacts
06-17 13:50:06.465   727   751 I artd    : GetBestInfo: /data/user_de/0/com.google.android.gms/app_chimera/m/00000019/dl-MlkitOcrCommon.optional_261631100400.apk has no usable artifacts
06-17 13:50:06.465   727   751 I artd    : GetBestInfo: /data/user/0/com.google.android.gms/app_dg_cache/A8F89F306FD1BA172E06F6F2B9F79826D0309BB6/the.apk has no usable artifacts
06-17 13:50:06.465   727   751 I artd    : GetBestInfo: /data/user/0/com.google.android.gms/app_dg_cache/707FFD883BF2A7896692338F9625CA52336E933B/the.apk has no usable artifacts
06-17 13:50:07.076 16688 16710 I CatalogCloudSync: tracker busy=true stage=SYNC_EVENTS_DRAIN status=RUNNING
06-17 13:50:07.130 16688 16716 D EGL_emulation: app_time_stats: avg=720.01ms min=3.04ms max=10745.84ms count=15
06-17 13:50:07.342 16688 16706 I CatalogCloudSync: sync_event_outbox_retry_summary pendingBefore=0 pendingAfter=0 retryLoaded=0 retryEligible=0 retrySkippedMaxAttempts=0 retrySucceeded=0 retryFailed=0 retryDeletedOnSuccess=0
06-17 13:50:07.458 16688 16706 I CatalogCloudSync: sync_events_summary phase=drain syncEventsAvailable=true recordSyncEventAvailable=true realtimeSyncEventsAvailable=true syncEventOutboxPending=0 syncEventOutboxPendingBefore=0 syncEventOutboxPendingAfter=0 syncEventOutboxRetried=0 syncEventOutboxRetryLoaded=0 syncEventOutboxRetryEligible=0 syncEventOutboxRetrySkippedMaxAttempts=0 syncEventOutboxRetrySucceeded=0 syncEventOutboxRetryFailed=0 syncEventOutboxRetryDeletedOnSuccess=0 syncEventOutboxInserted=0 catalogEventEmitted=false priceEventEmitted=false catalogEventOutcome=no_op priceEventOutcome=no_op syncEventsFetched=0 syncEventsProcessed=0 syncEventsSkippedSelf=0 syncEventsSkippedDirtyLocal=0 syncEventsSkippedProtectedLocalCommit=0 syncEventsWatermarkBefore=3065 syncEventsWatermarkAfter=3065 syncEventsTooLarge=false syncEventsGapDetected=false manualFullSyncRequired=false targetedProductsFetched=0 targetedPricesFetched=0 fullCatalogFetch=false fullPriceFetch=false
06-17 13:50:07.458 16688 16706 I CatalogCloudSync: cycle=sync_events_drain outcome=ok reason=foreground_interval durationMs=382 eventsFetched=0 eventsProcessed=0 skippedSelf=0 outboxPending=0 manualFullSyncRequired=false syncEventsGapDetected=false syncEventsTooLarge=false syncEventOutboxRetried=0 targetedProductsFetched=0 targetedPricesFetched=0 targetedHistoryFetched=0 remoteHistoryUpdatesApplied=0 fullCatalogFetch=false fullPriceFetch=false
06-17 13:50:07.458 16688 16706 I CatalogCloudSync: tracker busy=false stage=COMPLETED status=COMPLETED
06-17 13:50:07.877  1144  1144 D BoundBrokerSvc: onUnbind: Intent { act=com.google.android.gms.libs.gmscorelogger.service.START dat=chimera-action:/... cmp=com.google.android.gms/.chimera.PersistentDirectBootAwareApiService }
06-17 13:50:08.153   605   772 I HalDevMgr: bestIfaceCreationProposal is null, requestIface=STA, existingIface=[name=wlan0 type=STA]
06-17 13:50:09.715 16688 16716 D EGL_emulation: app_time_stats: avg=95.49ms min=1.04ms max=2215.13ms count=24
06-17 13:50:11.169   605   772 I HalDevMgr: bestIfaceCreationProposal is null, requestIface=STA, existingIface=[name=wlan0 type=STA]
06-17 13:50:11.178   605   778 W IPCThreadState: Sending oneway calls to frozen process.
06-17 13:50:11.179  1144  1144 I MagicTether: (REDACTED) [ActiveNetworkTracker] setActiveNetwork: %s
06-17 13:50:11.179  1144  1144 I MagicTether: (REDACTED) [TetherService] onActiveNetworkChanged: network=%s isLost=%s
06-17 13:50:11.180   605   778 W IPCThreadState: Sending oneway calls to frozen process.
06-17 13:50:11.180   605   778 W IPCThreadState: Sending oneway calls to frozen process.
06-17 13:50:11.180   605   778 W IPCThreadState: Sending oneway calls to frozen process.
06-17 13:50:11.180   605   778 W IPCThreadState: Sending oneway calls to frozen process.
06-17 13:50:11.180   605   778 W IPCThreadState: Sending oneway calls to frozen process.
06-17 13:50:11.181   996  1124 D IpClient/wlan0: interfaceLinkStateChanged: ifindex 16 up
06-17 13:50:11.183   605   778 W IPCThreadState: Sending oneway calls to frozen process.
06-17 13:50:11.183   605   778 W IPCThreadState: Sending oneway calls to frozen process.
06-17 13:50:11.183   605   778 W IPCThreadState: Sending oneway calls to frozen process.
06-17 13:50:11.183   605   778 W IPCThreadState: Sending oneway calls to frozen process.
06-17 13:50:11.186   996  1124 D IpClient/wlan0: interfaceLinkStateChanged: ifindex 16 up
06-17 13:50:11.187   605   778 D ConnectivityService: NetReassign [no changes] [c 0] [a 3] [i 0]
06-17 13:50:11.187   996  1124 D IpClient/wlan0: interfaceLinkStateChanged: ifindex 16 up
06-17 13:50:11.187   996  1124 D IpClient/wlan0: interfaceLinkStateChanged: ifindex 16 up
06-17 13:50:11.188  1144  1335 I NullBinder: NullBinder for android.net.action.RECOMMEND_NETWORKS triggering remote TransactionTooLargeException due to Service without Chimera impl, calling uid: 1000, calling pid: 0
06-17 13:50:11.188  1144 16753 I MagicTether: [WifiConnectionHandler] Ignoring getWifiConfigurationByNetworkId when checking connected state [CONTEXT service_id=276 ]
06-17 13:50:11.188  1144 16753 I MagicTether: [WifiConnectionHandler] No networkId set, can't be connected. [CONTEXT service_id=276 ]
06-17 13:50:11.189  1144  1335 W .gms.persistent: Large reply transaction of 1056768 bytes, interface descriptor , code 1
06-17 13:50:11.189  1144 16753 I MagicTether: (REDACTED) [TetherService] TRANSPORT_CELLULAR [%s], TRANSPORT_ETHERNET [%s], TRANSPORT_WIFI [%s]
06-17 13:50:11.189  1144 16753 I MagicTether: (REDACTED) [TetherService] setRoles hasActiveNetworkConnection=%s canActiveNetworkBeTethered=%s isConnectedToInstantTether=%s isWifiEnabled=%s isHosting=%s
06-17 13:50:11.189  1144  1144 I MagicTether: (REDACTED) [LaunchUtils] Instant Wifi for status account: name: %s | type: %s | isLaunched: %s
06-17 13:50:11.189  1144  1144 I MagicTether: (REDACTED) [TidepoolFeatureStatusManager] isInstantHotspotEnabled=%s
06-17 13:50:11.189  1144  1144 I MagicTether: (REDACTED) [TidepoolFeatureStatusManager] isInstantWifiEnabled=%s
06-17 13:50:11.189  1144  1144 I MagicTether: (REDACTED) [TetherService] startNearbyHostRole: start: %s isInstantHotspotEnabled: %s isInstantWifiEnabled: %s
06-17 13:50:11.189  1144  1144 I MagicTether: [HostTetherRole] Nearby host role already stopped [CONTEXT service_id=276 ]
06-17 13:50:11.191  1144  1144 I MagicTether: (REDACTED) [NotificationPresenter] cancelNotification: %d
06-17 13:50:11.191  1144  1144 I MagicTether: [AutoDisconnectIntentOperation] Canceling task. [CONTEXT service_id=276 ]
06-17 13:50:11.191  1144 16773 I NearbyMediums: Wifi changed new SSID: "AndroidWifi"
06-17 13:50:11.191  1144 16773 I NearbyMediums: WifiLanConnectivityInfo is not changed, skip notify.
06-17 13:50:11.191  1144  1144 I MagicTether: (REDACTED) [LaunchUtils] Instant Wifi for status account: name: %s | type: %s | isLaunched: %s
06-17 13:50:11.191  1144  1144 I MagicTether: (REDACTED) [TidepoolFeatureStatusManager] isInstantHotspotEnabled=%s
06-17 13:50:11.191  1144  1144 I MagicTether: (REDACTED) [TidepoolFeatureStatusManager] isInstantWifiEnabled=%s
06-17 13:50:11.191  1144  1144 I MagicTether: (REDACTED) [TetherService] startNearbyClientRole: start: %s isInstantHotspotEnabled: %s isInstantWifiEnabled: %s
06-17 13:50:11.191  1144  1144 I MagicTether: [TetherService] Stopping Nearby client role [CONTEXT service_id=276 ]
06-17 13:50:11.191  1144  1144 I MagicTether: [ClientTetherRole] Client role already stopped [CONTEXT service_id=276 ]
06-17 13:50:11.193  1144 16555 I MagicTether: [AutoDisconnectIntentOperation] Canceling task. [CONTEXT service_id=276 ]
06-17 13:50:11.193  1144 16555 I MagicTether: (REDACTED) [NotificationPresenter] cancelNotification: %d
06-17 13:50:11.194  1144  1144 D BoundBrokerSvc: onBind: Intent { act=com.google.android.gms.scheduler.ACTION_PROXY_SCHEDULE_SINGLE_USER dat=chimera-action:/... cmp=com.google.android.gms/.chimera.PersistentSingleUserInternalApiService }
06-17 13:50:11.194  1144 16555 I MagicTether: [AutoDisconnectIntentOperation] Canceling task. [CONTEXT service_id=276 ]
06-17 13:50:11.194  1144 16555 I MagicTether: (REDACTED) [NotificationPresenter] cancelNotification: %d
06-17 13:50:11.194  1144  1144 D BoundBrokerSvc: Loading bound service for intent: Intent { act=com.google.android.gms.scheduler.ACTION_PROXY_SCHEDULE_SINGLE_USER dat=chimera-action:/... cmp=com.google.android.gms/.chimera.PersistentSingleUserInternalApiService }
06-17 13:50:11.513   605   696 D ActivityManager: freezing 7354 com.google.android.gms
06-17 13:50:11.677  1144 16773 I NearbySharing: Network state changed: NetworkState(isRestricted=false, isOnline=true, isCongested=false, isMetered=false, isWifiConnected=true)
06-17 13:50:11.682  1144 16773 I NearbySharing: Network state changed: NetworkState(isRestricted=false, isOnline=true, isCongested=false, isMetered=false, isWifiConnected=true)
06-17 13:50:12.195  1144  1144 D BoundBrokerSvc: onRebind: Intent { act=com.google.android.gms.libs.gmscorelogger.service.START dat=chimera-action:/... cmp=com.google.android.gms/.chimera.PersistentDirectBootAwareApiService }
06-17 13:50:12.518  1144 16773 I NearbyMediums: No BLE Fast/GATT advertisements found in the latest cycle.
06-17 13:50:12.518  1144 16773 I NearbyMediums: Current Tracked Scanning Clients are : {NearbyConnections.EnvironmentMonitor, NearbySharing, NearbyConnections.TxAdvertisement}
06-17 13:50:13.353   851   851 I wpa_supplicant: wlan0: CTRL-EVENT-BEACON-LOSS 
06-17 13:50:13.426   605   976 W IPCThreadState: Sending oneway calls to frozen process.
06-17 13:50:13.949   605   696 D ActivityManager: freezing 1095 com.google.android.permissioncontroller
06-17 13:50:13.955   605   778 D InetDiagMessage: Destroyed 0 sockets, proto=IPPROTO_TCP, family=AF_INET, states=14
06-17 13:50:13.956   605   778 D InetDiagMessage: Destroyed 0 sockets, proto=IPPROTO_TCP, family=AF_INET6, states=14
06-17 13:50:13.956   605   778 D InetDiagMessage: Destroyed live tcp sockets for uids={10187} in 2ms
06-17 13:50:14.188   605   772 I HalDevMgr: bestIfaceCreationProposal is null, requestIface=STA, existingIface=[name=wlan0 type=STA]
06-17 13:50:14.190   605   778 W IPCThreadState: Sending oneway calls to frozen process.
06-17 13:50:14.190   605   778 W IPCThreadState: Sending oneway calls to frozen process.
06-17 13:50:14.190   605   778 W IPCThreadState: Sending oneway calls to frozen process.
06-17 13:50:14.190   605   778 W IPCThreadState: Sending oneway calls to frozen process.
06-17 13:50:14.190   605   778 W IPCThreadState: Sending oneway calls to frozen process.
06-17 13:50:14.190   605   778 W IPCThreadState: Sending oneway calls to frozen process.
06-17 13:50:14.191   605   778 W IPCThreadState: Sending oneway calls to frozen process.
06-17 13:50:14.191   605   778 W IPCThreadState: Sending oneway calls to frozen process.
06-17 13:50:14.191   605   778 W IPCThreadState: Sending oneway calls to frozen process.
06-17 13:50:14.191   605   778 W IPCThreadState: Sending oneway calls to frozen process.
06-17 13:50:14.191   605   778 W IPCThreadState: Sending oneway calls to frozen process.
06-17 13:50:14.191   605   778 W IPCThreadState: Sending oneway calls to frozen process.
06-17 13:50:14.191   605   778 W IPCThreadState: Sending oneway calls to frozen process.
06-17 13:50:14.193   605   778 D ConnectivityService: NetReassign [no changes] [c 0] [a 2] [i 0]
06-17 13:50:14.195  1144  1144 I MagicTether: (REDACTED) [ActiveNetworkTracker] setActiveNetwork: %s
06-17 13:50:14.195  1144  1144 I MagicTether: (REDACTED) [TetherService] onActiveNetworkChanged: network=%s isLost=%s
