--------- beginning of main
06-17 13:49:46.421   465   465 I adbd    : adbd service requested 'shell,v2,raw:dumpsys package com.google.android.gms'
06-17 13:49:46.472   727   732 I artd    : GetBestInfo: odex next to the dex file (/data/app/~~RBqLWa4IHxAvM1EDn2acWA==/com.google.android.gms--6rwsmYaGwERs-rlQ1V3rA==/oat/arm64/base.odex) is kOatBootImageOutOfDate with filter 'speed-profile' executable 'false': Image checksum mismatch, expected i;28/6d8ebc32 to start with i;28/fd0aebae
06-17 13:49:46.472   727   732 I artd    : GetBestInfo: vdex next to the dex file (/data/app/~~RBqLWa4IHxAvM1EDn2acWA==/com.google.android.gms--6rwsmYaGwERs-rlQ1V3rA==/oat/arm64/base.vdex) is kOatUpToDate with filter 'verify' executable 'false'
06-17 13:49:46.473   727  3900 I artd    : GetBestInfo: dm (/data/app/~~RBqLWa4IHxAvM1EDn2acWA==/com.google.android.gms--6rwsmYaGwERs-rlQ1V3rA==/split_AdsDynamite_installtime.dm) is kOatUpToDate with filter 'verify' executable 'false'
06-17 13:49:46.474   727  3900 I artd    : GetBestInfo: odex next to the dex file (/data/app/~~RBqLWa4IHxAvM1EDn2acWA==/com.google.android.gms--6rwsmYaGwERs-rlQ1V3rA==/oat/arm64/split_CronetDynamite_installtime.odex) is kOatBootImageOutOfDate with filter 'speed-profile' executable 'false': Image checksum mismatch, expected i;28/6d8ebc32 to start with i;28/fd0aebae
06-17 13:49:46.474   727  3900 I artd    : GetBestInfo: vdex next to the dex file (/data/app/~~RBqLWa4IHxAvM1EDn2acWA==/com.google.android.gms--6rwsmYaGwERs-rlQ1V3rA==/oat/arm64/split_CronetDynamite_installtime.vdex) is kOatUpToDate with filter 'verify' executable 'false'
06-17 13:49:46.474   727   732 I artd    : GetBestInfo: dm (/data/app/~~RBqLWa4IHxAvM1EDn2acWA==/com.google.android.gms--6rwsmYaGwERs-rlQ1V3rA==/split_DynamiteLoader_installtime.dm) is kOatUpToDate with filter 'verify' executable 'false'
06-17 13:49:46.474   727  3900 I artd    : GetBestInfo: dm (/data/app/~~RBqLWa4IHxAvM1EDn2acWA==/com.google.android.gms--6rwsmYaGwERs-rlQ1V3rA==/split_DynamiteModulesA_installtime.dm) is kOatUpToDate with filter 'verify' executable 'false'
06-17 13:49:46.475   727   732 I artd    : GetBestInfo: dm (/data/app/~~RBqLWa4IHxAvM1EDn2acWA==/com.google.android.gms--6rwsmYaGwERs-rlQ1V3rA==/split_DynamiteModulesC_installtime.dm) is kOatUpToDate with filter 'verify' executable 'false'
06-17 13:49:46.475   727  3900 I artd    : GetBestInfo: dm (/data/app/~~RBqLWa4IHxAvM1EDn2acWA==/com.google.android.gms--6rwsmYaGwERs-rlQ1V3rA==/split_GoogleCertificates_installtime.dm) is kOatUpToDate with filter 'verify' executable 'false'
06-17 13:49:46.476   727   732 I artd    : GetBestInfo: dm (/data/app/~~RBqLWa4IHxAvM1EDn2acWA==/com.google.android.gms--6rwsmYaGwERs-rlQ1V3rA==/split_MapsDynamite_installtime.dm) is kOatUpToDate with filter 'verify' executable 'false'
06-17 13:49:46.476   727  3900 I artd    : GetBestInfo: dm (/data/app/~~RBqLWa4IHxAvM1EDn2acWA==/com.google.android.gms--6rwsmYaGwERs-rlQ1V3rA==/split_MeasurementDynamite_installtime.dm) is kOatUpToDate with filter 'verify' executable 'false'
06-17 13:49:46.476   727   732 I artd    : GetBestInfo: /data/user_de/0/com.google.android.gms/app_chimera/m/0000002a/dl-MlkitBarcodeUi.optional_261733100400.apk has no usable artifacts
06-17 13:49:46.476   727   732 I artd    : GetBestInfo: /data/user_de/0/com.google.android.gms/app_chimera/m/00000035/dl-VisionOcr.optional_261933100000.apk has no usable artifacts
06-17 13:49:46.476   727 11563 I artd    : GetBestInfo: /data/user_de/0/com.google.android.gms/app_chimera/m/00000001/CronetDynamite.uncompressed.apk has no usable artifacts
06-17 13:49:46.477   727 11563 I artd    : GetBestInfo: /data/user_de/0/com.google.android.gms/app_chimera/m/00000047/dl-PlayCloudSearch.optional_262333100000.apk has no usable artifacts
06-17 13:49:46.477   727  3900 I artd    : GetBestInfo: /data/user_de/0/com.google.android.gms/app_chimera/m/00000016/dl-IdentityCredentialsPlatform.optional_261464100400.apk has no usable artifacts
06-17 13:49:46.477   727  3900 I artd    : GetBestInfo: /data/user_de/0/com.google.android.gms/app_chimera/m/00000046/dl-MlkitOcrCommon.optional_262333100400.apk has no usable artifacts
06-17 13:49:46.477   727 11563 I artd    : GetBestInfo: /data/user_de/0/com.google.android.gms/app_chimera/m/00000014/dl-VisionOcr.optional_261464100000.apk has no usable artifacts
06-17 13:49:46.477   727 11563 I artd    : GetBestInfo: /data/user_de/0/com.google.android.gms/app_chimera/m/00000017/dl-Appsearch.optional_261464100400.apk has no usable artifacts
06-17 13:49:46.477   727 11563 I artd    : GetBestInfo: /data/user_de/0/com.google.android.gms/app_chimera/m/0000004b/dl-MlkitBarcodeUi.optional_262333100400.apk has no usable artifacts
06-17 13:49:46.478   727  3900 I artd    : GetBestInfo: /data/user/0/com.google.android.gms/app_dg_cache/87E7746227FF4E457A2EB56043B95E41006DE49F/the.apk has no usable artifacts
06-17 13:49:46.478   727  3900 I artd    : GetBestInfo: /data/user_de/0/com.google.android.gms/app_chimera/m/00000048/dl-IdentityCredentialsPlatform.optional_262333100400.apk has no usable artifacts
06-17 13:49:46.479   727 11563 I artd    : GetBestInfo: /data/user_de/0/com.google.android.gms/app_chimera/m/0000000a/dl-MlkitBarcodeUi.optional_242335100400.apk has no usable artifacts
06-17 13:49:46.479   727  3900 I artd    : GetBestInfo: /data/user_de/0/com.google.android.gms/app_chimera/m/00000029/dl-MlkitOcrCommon.optional_261733100400.apk has no usable artifacts
06-17 13:49:46.479   727  3900 I artd    : GetBestInfo: /data/user_de/0/com.google.android.gms/app_chimera/m/00000002/DynamiteLoader.uncompressed.apk has no usable artifacts
06-17 13:49:46.479   727  3900 I artd    : GetBestInfo: /data/user_de/0/com.google.android.gms/app_chimera/m/0000002e/dl-Appsearch.optional_261733100400.apk has no usable artifacts
06-17 13:49:46.479   727  3900 I artd    : GetBestInfo: /data/user_de/0/com.google.android.gms/app_chimera/m/00000030/dl-MlkitOcrCommon.optional_261933100400.apk has no usable artifacts
06-17 13:49:46.479   727  3900 I artd    : GetBestInfo: /data/user_de/0/com.google.android.gms/app_chimera/m/00000015/dl-PlayCloudSearch.optional_261464100000.apk has no usable artifacts
06-17 13:49:46.479   727  3900 I artd    : GetBestInfo: /data/user_de/0/com.google.android.gms/app_chimera/m/0000001e/dl-Appsearch.optional_261631100400.apk has no usable artifacts
06-17 13:49:46.479   727  3900 I artd    : GetBestInfo: /data/user_de/0/com.google.android.gms/app_chimera/m/00000013/dl-MlkitOcrCommon.optional_261464100400.apk has no usable artifacts
06-17 13:49:46.479   727  3900 I artd    : GetBestInfo: /data/user_de/0/com.google.android.gms/app_chimera/m/00000032/dl-MlkitBarcodeUi.optional_261933100400.apk has no usable artifacts
06-17 13:49:46.479   727  3900 I artd    : GetBestInfo: /data/user/0/com.google.android.gms/app_dg_cache/754BEC187BC4F26BBC31300F93DBF9B7506C1861/the.apk has no usable artifacts
06-17 13:49:46.479   727  3900 I artd    : GetBestInfo: /data/user_de/0/com.google.android.gms/app_chimera/m/00000007/MeasurementDynamite.apk has no usable artifacts
06-17 13:49:46.479   727  3900 I artd    : GetBestInfo: /data/user_de/0/com.google.android.gms/app_chimera/m/0000002c/dl-IdentityCredentialsPlatform.optional_261733100400.apk has no usable artifacts
06-17 13:49:46.479   727   732 I artd    : GetBestInfo: /data/user_de/0/com.google.android.gms/app_chimera/m/0000002b/dl-PlayCloudSearch.optional_261733100000.apk has no usable artifacts
06-17 13:49:46.479   727   732 I artd    : GetBestInfo: /data/user_de/0/com.google.android.gms/app_chimera/m/00000033/dl-PlayCloudSearch.optional_261933100000.apk has no usable artifacts
06-17 13:49:46.479   727   732 I artd    : GetBestInfo: /data/user_de/0/com.google.android.gms/app_chimera/m/0000001c/dl-VisionOcr.optional_261631100000.apk has no usable artifacts
06-17 13:49:46.479   727   732 I artd    : GetBestInfo: /data/user_de/0/com.google.android.gms/app_chimera/m/00000011/dl-MlkitBarcodeUi.optional_261464100400.apk has no usable artifacts
06-17 13:49:46.479   727  3900 I artd    : GetBestInfo: /data/user_de/0/com.google.android.gms/app_chimera/m/00000049/dl-VisionOcr.optional_262333100000.apk has no usable artifacts
06-17 13:49:46.479   727 11563 I artd    : GetBestInfo: /data/user_de/0/com.google.android.gms/app_chimera/m/00000005/GoogleCertificates.apk has no usable artifacts
06-17 13:49:46.480   727 11563 I artd    : GetBestInfo: /data/user_de/0/com.google.android.gms/app_chimera/m/00000010/dl-TfliteDynamiteDynamite.integ_260580502100400.apk has no usable artifacts
06-17 13:49:46.480   727  3900 I artd    : GetBestInfo: /data/user/0/com.google.android.gms/app_dg_cache/9D5BCED7935D64431BF672B8BBD597199833CA19/the.apk has no usable artifacts
06-17 13:49:46.480   727  3900 I artd    : GetBestInfo: /data/user_de/0/com.google.android.gms/app_chimera/m/00000009/dl-TfliteDynamiteDynamite.integ_252130102100400.apk has no usable artifacts
06-17 13:49:46.480   727   732 I artd    : GetBestInfo: vdex next to the dex file (/data/user/0/com.google.android.gms/app_dg_cache/5833371D1ACC412507A92815B074897510CCCEDD/oat/arm64/the.vdex) is kOatUpToDate with filter 'verify' executable 'false'
06-17 13:49:46.480   727 11563 I artd    : GetBestInfo: /data/user_de/0/com.google.android.gms/app_chimera/m/0000001b/dl-PlayCloudSearch.optional_261631100000.apk has no usable artifacts
06-17 13:49:46.480   727 11563 I artd    : GetBestInfo: /data/user_de/0/com.google.android.gms/app_chimera/m/00000027/dl-IdentityCredentialsPlatform.optional_261631100400.apk has no usable artifacts
06-17 13:49:46.480   727 11563 I artd    : GetBestInfo: /data/user/0/com.google.android.gms/app_dg_cache/86153AA318A3F208A8C511836585279D8C7E8D94/the.apk has no usable artifacts
06-17 13:49:46.481   727 11563 I artd    : GetBestInfo: /data/user_de/0/com.google.android.gms/app_chimera/m/0000001d/dl-IdentityCredentialsPlatform.optional_261631100400.apk has no usable artifacts
06-17 13:49:46.481   727 11563 I artd    : GetBestInfo: /data/user_de/0/com.google.android.gms/app_chimera/m/0000002d/dl-VisionOcr.optional_261733100000.apk has no usable artifacts
06-17 13:49:46.481   727 11563 I artd    : GetBestInfo: /data/user_de/0/com.google.android.gms/app_chimera/m/0000000e/dl-PlayCloudSearch.optional_242335100000.apk has no usable artifacts
06-17 13:49:46.482   727   732 I artd    : GetBestInfo: /data/user_de/0/com.google.android.gms/app_chimera/m/0000004a/dl-Appsearch.optional_262333100400.apk has no usable artifacts
06-17 13:49:46.482   727 11563 I artd    : GetBestInfo: /data/user_de/0/com.google.android.gms/app_chimera/m/0000001a/dl-MlkitBarcodeUi.optional_261631100400.apk has no usable artifacts
06-17 13:49:46.482   727 11563 I artd    : GetBestInfo: vdex next to the dex file (/data/user/0/com.google.android.gms/app_dg_cache/10FF5D5C646CC9E2F04BD9D73A072BD012EF1A7A/oat/arm64/the.vdex) is kOatUpToDate with filter 'verify' executable 'false'
06-17 13:49:46.482   727   732 I artd    : GetBestInfo: /data/user_de/0/com.google.android.gms/app_chimera/m/00000036/dl-Appsearch.optional_261933100400.apk has no usable artifacts
06-17 13:49:46.482   727   732 I artd    : GetBestInfo: /data/user/0/com.google.android.gms/app_dg_cache/21A90BF1C1C388089206DCE215FB60D7882BFA18/the.apk has no usable artifacts
06-17 13:49:46.482   727   732 I artd    : GetBestInfo: /data/user_de/0/com.google.android.gms/app_chimera/m/0000001f/dl-IdentityCredentialsPlacebo.optional_261631100400.apk has no usable artifacts
06-17 13:49:46.482   727   732 I artd    : GetBestInfo: /data/user_de/0/com.google.android.gms/app_chimera/m/00000034/dl-IdentityCredentialsPlatform.optional_261933100400.apk has no usable artifacts
06-17 13:49:46.482   727   732 I artd    : GetBestInfo: /data/user_de/0/com.google.android.gms/app_chimera/m/00000019/dl-MlkitOcrCommon.optional_261631100400.apk has no usable artifacts
06-17 13:49:46.482   727   732 I artd    : GetBestInfo: /data/user/0/com.google.android.gms/app_dg_cache/A8F89F306FD1BA172E06F6F2B9F79826D0309BB6/the.apk has no usable artifacts
06-17 13:49:46.482   727   732 I artd    : GetBestInfo: /data/user/0/com.google.android.gms/app_dg_cache/707FFD883BF2A7896692338F9625CA52336E933B/the.apk has no usable artifacts
06-17 13:49:46.551  1144  1144 D BoundBrokerSvc: onUnbind: Intent { act=com.google.android.gms.libs.gmscorelogger.service.START dat=chimera-action:/... cmp=com.google.android.gms/.chimera.PersistentDirectBootAwareApiService }
06-17 13:49:47.107   605   772 I HalDevMgr: bestIfaceCreationProposal is null, requestIface=STA, existingIface=[name=wlan0 type=STA]
06-17 13:49:49.290   851   851 I wpa_supplicant: wlan0: CTRL-EVENT-BEACON-LOSS 
06-17 13:49:50.112   605   772 I HalDevMgr: bestIfaceCreationProposal is null, requestIface=STA, existingIface=[name=wlan0 type=STA]
06-17 13:49:50.666   465   465 I adbd    : adbd service requested 'shell,v2,TERM=dumb,raw:monkey -p com.example.merchandisecontrolsplitview -c android.intent.category.LAUNCHER 1'
06-17 13:49:50.735 16677 16677 D AndroidRuntime: >>>>>> START com.android.internal.os.RuntimeInit uid 2000 <<<<<<
06-17 13:49:50.738 16677 16677 I AndroidRuntime: Using default boot image
06-17 13:49:50.738 16677 16677 I AndroidRuntime: Leaving lock profiling enabled
06-17 13:49:50.739 16677 16677 I app_process: Using generational CollectorTypeCMC GC.
06-17 13:49:50.763 16677 16677 D nativeloader: InitDefaultPublicLibraries for_preload=1: libandroid.so:libaaudio.so:libamidi.so:libbinder_ndk.so:libc.so:libcamera2ndk.so:libdl.so:libEGL.so:libGLESv1_CM.so:libGLESv2.so:libGLESv3.so:libicu.so:libicui18n.so:libicuuc.so:libjnigraphics.so:liblog.so:libmediandk.so:libm.so:libnativehelper.so:libnativewindow.so:libOpenMAXAL.so:libOpenSLES.so:libRS.so:libstdc++.so:libsync.so:libvulkan.so:libwebviewchromium_plat_support.so:libz.so
06-17 13:49:50.768 16677 16677 D nativeloader: Load libicu_jni.so using APEX ns com_android_art for caller /apex/com.android.art/javalib/core-oj.jar: ok
06-17 13:49:50.768 16677 16677 D app_process: u_setTimeZoneFilesDirectory("/apex/com.android.tzdata/etc/tz/versioned/8/icu") succeeded. 
06-17 13:49:50.768 16677 16677 D app_process: I18n APEX ICU file found: /apex/com.android.i18n/etc/icu/icudt75l.dat
06-17 13:49:50.769 16677 16677 D nativeloader: Load libjavacore.so using APEX ns com_android_art for caller /apex/com.android.art/javalib/core-oj.jar: ok
06-17 13:49:50.769 16677 16677 D nativeloader: Load libopenjdk.so using APEX ns com_android_art for caller /apex/com.android.art/javalib/core-oj.jar: ok
06-17 13:49:50.769 16677 16677 I app_process: Priority-to-niceness mapping: 19, 16, 13, 10, 0, -2, -4, -5, -6, -8
06-17 13:49:50.778 16677 16677 D nativeloader: Load libframework-connectivity-tiramisu-jni.so using APEX ns com_android_tethering for caller /apex/com.android.tethering/javalib/framework-connectivity-t.jar: ok
06-17 13:49:50.778 16677 16677 D AndroidRuntime: Calling main entry com.android.commands.monkey.Monkey
06-17 13:49:50.779 16677 16677 W Monkey  : args: [-p, com.example.merchandisecontrolsplitview, -c, android.intent.category.LAUNCHER, 1]
06-17 13:49:50.779 16677 16677 W Monkey  :  arg: "-p"
06-17 13:49:50.779 16677 16677 W Monkey  :  arg: "com.example.merchandisecontrolsplitview"
06-17 13:49:50.779 16677 16677 W Monkey  :  arg: "-c"
06-17 13:49:50.779 16677 16677 W Monkey  :  arg: "android.intent.category.LAUNCHER"
06-17 13:49:50.779 16677 16677 W Monkey  :  arg: "1"
06-17 13:49:50.779 16677 16677 W Monkey  : data="com.example.merchandisecontrolsplitview"
06-17 13:49:50.779 16677 16677 W Monkey  : data="android.intent.category.LAUNCHER"
--------- beginning of system
06-17 13:49:50.786   605   976 W ActivityManager: registerReceiverWithFeature: no app for null
06-17 13:49:50.788   605   976 W ActivityTaskManager: callingPackage for (uid=2000, pid=16677) has no WPC
06-17 13:49:50.789   605   976 W OptProp : Cannot read opt property android.window.PROPERTY_COMPAT_ALLOW_USER_ASPECT_RATIO_OVERRIDE
06-17 13:49:50.789   605   976 W OptProp : Cannot read opt property android.window.PROPERTY_COMPAT_ALLOW_USER_ASPECT_RATIO_FULLSCREEN_OVERRIDE
06-17 13:49:50.789   605   976 W OptProp : Cannot read opt property android.window.PROPERTY_COMPAT_ALLOW_ORIENTATION_OVERRIDE
06-17 13:49:50.791   605   976 V GrammaticalInflectionUtils: AttributionSource: android.content.AttributionSource@dd8d116e does not have READ_SYSTEM_GRAMMATICAL_GENDER permission.
06-17 13:49:50.791   605   976 W OptProp : Cannot read opt property android.window.PROPERTY_COMPAT_ALLOW_RESIZEABLE_ACTIVITY_OVERRIDES
06-17 13:49:50.791   605   976 W OptProp : Cannot read opt property android.window.PROPERTY_COMPAT_ALLOW_MIN_ASPECT_RATIO_OVERRIDE
06-17 13:49:50.798   488  3700 W IPCThreadState: Sending oneway calls to frozen process.
06-17 13:49:50.810   889   949 V WindowManagerShell: Transition requested (#59): android.os.BinderProxy@85f028b TransitionRequestInfo { type = OPEN, triggerTask = TaskInfo{userId=0 taskId=305 displayId=0 isRunning=true baseIntent=Intent { act=android.intent.action.MAIN cat=[android.intent.category.LAUNCHER] flg=0x10200000 cmp=com.example.merchandisecontrolsplitview/.MainActivity } baseActivity=ComponentInfo{com.example.merchandisecontrolsplitview/com.example.merchandisecontrolsplitview.MainActivity} topActivity=ComponentInfo{com.example.merchandisecontrolsplitview/com.example.merchandisecontrolsplitview.MainActivity} origActivity=null realActivity=ComponentInfo{com.example.merchandisecontrolsplitview/com.example.merchandisecontrolsplitview.MainActivity} numActivities=1 lastActiveTime=63569350 supportsMultiWindow=true resizeMode=1 isResizeable=true minWidth=-1 minHeight=-1 defaultMinSize=220 token=WCT{android.window.IWindowContainerToken$Stub$Proxy@5bc9f68} topActivityType=1 pictureInPictureParams=null shouldDockBigOverlays=false launchIntoPipHostTaskId=-1 lastParentTaskIdBeforePip=-1 displayCutoutSafeInsets=null topActivityInfo=ActivityInfo{c51bf81 com.example.merchandisecontrolsplitview.MainActivity} launchCookies=[] positionInParent=Point(0, 0) parentTaskId=-1 isFocused=false isVisible=false isVisibleRequested=false isSleeping=false locusId=null displayAreaFeatureId=1 isTopActivityTransparent=false appCompatTaskInfo=AppCompatTaskInfo { topActivityInSizeCompat=false topActivityEligibleForLetterboxEducation= falseisLetterboxEducationEnabled= true isLetterboxDoubleTapEnabled= false topActivityEligibleForUserAspectRatioButton= false topActivityBoundsLetterboxed= false isFromLetterboxDoubleTap= false topActivityLetterboxVerticalPosition= -1 topActivityLetterboxHorizontalPosition= -1 topActivityLetterboxWidth=1080 topActivityLetterboxHeight=2400 isUserFullscreenOverrideEnabled=false isSystemFullscreenOverrideEnabled=false cameraCompatTaskInfo=CameraCompatTaskInfo { cameraCompatControlState=hidden freeformCameraCompatMode=inactive}}}, pipTask = null, remoteTransition = null, displayChange = null, flags = 0, debugId = 59 }
06-17 13:49:50.813   605   976 I ActivityTaskManager: START u0 {act=android.intent.action.MAIN cat=[android.intent.category.LAUNCHER] flg=0x10200000 cmp=com.example.merchandisecontrolsplitview/.MainActivity} with LAUNCH_SINGLE_TASK from uid 2000 (BAL_ALLOW_PERMISSION) result code=0
06-17 13:49:50.814   605   625 V GrammaticalInflectionUtils: AttributionSource: android.content.AttributionSource@dd8d116e does not have READ_SYSTEM_GRAMMATICAL_GENDER permission.
06-17 13:49:50.815 16677 16677 I Monkey  : Events injected: 1
06-17 13:49:50.816   463   463 I BpBinder: onLastStrongRef automatically unlinking death recipients: 
06-17 13:49:50.818  1200  1200 W SplitSelectStateCtor: Missing session instanceIds
06-17 13:49:50.818  1200  1200 D StatsLog: LAUNCHER_SPLIT_SELECTION_EXIT_INTERRUPTED
06-17 13:49:50.821   889   949 D WindowManagerShell: setLauncherKeepClearAreaHeight: visible=false, height=527
06-17 13:49:50.822  1200  1200 I TopTaskTracker: onTaskMovedToFront: (moved taskInfo to front) taskId=305, baseIntent=Intent { act=android.intent.action.MAIN cat=[android.intent.category.LAUNCHER] flg=0x10200000 cmp=com.example.merchandisecontrolsplitview/.MainActivity }
06-17 13:49:50.829 16677 16677 I Monkey  : ## Network stats: elapsed time=41ms (0ms mobile, 0ms wifi, 41ms not connected)
06-17 13:49:50.829 16677 16677 I app_process: System.exit called, status: 0
06-17 13:49:50.829 16677 16677 I AndroidRuntime: VM exiting with result code 0.
06-17 13:49:50.832   395   395 D Zygote  : Forked child process 16688
06-17 13:49:50.838 16688 16688 I ontrolsplitview: Late-enabling -Xcheck:jni
06-17 13:49:50.852 16688 16688 I ontrolsplitview: Using generational CollectorTypeCMC GC.
06-17 13:49:50.858 16688 16688 D nativeloader: Load libframework-connectivity-tiramisu-jni.so using APEX ns com_android_tethering for caller /apex/com.android.tethering/javalib/framework-connectivity-t.jar: ok
06-17 13:49:50.858   465   483 I adbd    : jdwp connection from 16688
06-17 13:49:50.859   605   633 I ActivityManager: Start proc 16688:com.example.merchandisecontrolsplitview/u0a209 for next-top-activity {com.example.merchandisecontrolsplitview/com.example.merchandisecontrolsplitview.MainActivity}
06-17 13:49:50.864   605   622 V WindowManager: Sent Transition (#59) createdAt=06-17 13:49:50.791 via request=TransitionRequestInfo { type = OPEN, triggerTask = TaskInfo{userId=0 taskId=305 displayId=0 isRunning=true baseIntent=Intent { act=android.intent.action.MAIN cat=[android.intent.category.LAUNCHER] flg=0x10200000 cmp=com.example.merchandisecontrolsplitview/.MainActivity } baseActivity=ComponentInfo{com.example.merchandisecontrolsplitview/com.example.merchandisecontrolsplitview.MainActivity} topActivity=ComponentInfo{com.example.merchandisecontrolsplitview/com.example.merchandisecontrolsplitview.MainActivity} origActivity=null realActivity=ComponentInfo{com.example.merchandisecontrolsplitview/com.example.merchandisecontrolsplitview.MainActivity} numActivities=1 lastActiveTime=63569350 supportsMultiWindow=true resizeMode=1 isResizeable=true minWidth=-1 minHeight=-1 defaultMinSize=220 token=WCT{RemoteToken{87675da Task{b0596ff #305 type=standard A=10209:com.example.merchandisecontrolsplitview}}} topActivityType=1 pictureInPictureParams=null shouldDockBigOverlays=false launchIntoPipHostTaskId=-1 lastParentTaskIdBeforePip=-1 displayCutoutSafeInsets=null topActivityInfo=ActivityInfo{2f4ca0b com.example.merchandisecontrolsplitview.MainActivity} launchCookies=[] positionInParent=Point(0, 0) parentTaskId=-1 isFocused=false isVisible=false isVisibleRequested=false isSleeping=false locusId=null displayAreaFeatureId=1 isTopActivityTransparent=false appCompatTaskInfo=AppCompatTaskInfo { topActivityInSizeCompat=false topActivityEligibleForLetterboxEducation= falseisLetterboxEducationEnabled= true isLetterboxDoubleTapEnabled= false topActivityEligibleForUserAspectRatioButton= false topActivityBoundsLetterboxed= false isFromLetterboxDoubleTap= false topActivityLetterboxVerticalPosition= -1 topActivityLetterboxHorizontalPosition= -1 topActivityLetterboxWidth=1080 topActivityLetterboxHeight=2400 isUserFullscreenOverrideEnabled=false isSystemFullscreenOverrideEnabled=false cameraCompatTaskInfo=CameraCompatTaskInfo { cameraCompatControlState=hidden freeformCameraCompatMode=inactive}}}, pipTask = null, remoteTransition = null, displayChange = null, flags = 0, debugId = 59 }
06-17 13:49:50.864   605   622 V WindowManager:     startWCT=WindowContainerTransaction { changes = {} hops = [] errorCallbackToken=null taskFragmentOrganizer=null }
06-17 13:49:50.864   605   622 V WindowManager:     info={id=59 t=OPEN f=0x0 trk=0 r=[0@Point(0, 0)] c=[
06-17 13:49:50.864   605   622 V WindowManager:         {WCT{RemoteToken{87675da Task{b0596ff #305 type=standard A=10209:com.example.merchandisecontrolsplitview}}} m=OPEN f=NONE leash=Surface(name=Task=305)/@0xb2b60fc sb=Rect(0, 0 - 1080, 2400) eb=Rect(0, 0 - 1080, 2400) d=0 taskParent=-1},
06-17 13:49:50.864   605   622 V WindowManager:         {WCT{RemoteToken{9df7f1d Task{429cdd5 #285 type=home}}} m=TO_BACK f=SHOW_WALLPAPER leash=Surface(name=Task=285)/@0x9930bfb sb=Rect(0, 0 - 1080, 2400) eb=Rect(0, 0 - 1080, 2400) d=0 taskParent=-1}
06-17 13:49:50.864   605   622 V WindowManager:     ]}
06-17 13:49:50.869  1200  1640 D EGL_emulation: app_time_stats: avg=50823.44ms min=50823.44ms max=50823.44ms count=1
06-17 13:49:50.871   889  1400 V WindowManagerShell: onTransitionReady(transaction=2598455216190)
06-17 13:49:50.871   889   949 V WindowManagerShell: onTransitionReady (#59) android.os.BinderProxy@85f028b: {id=59 t=OPEN f=0x0 trk=0 r=[0@Point(0, 0)] c=[{WCT{android.window.IWindowContainerToken$Stub$Proxy@d55740a} m=OPEN f=NONE leash=Surface(name=Task=305)/@0xad5ddb9 sb=Rect(0, 0 - 1080, 2400) eb=Rect(0, 0 - 1080, 2400) d=0 taskParent=-1},{WCT{android.window.IWindowContainerToken$Stub$Proxy@79a47b} m=TO_BACK f=SHOW_WALLPAPER leash=Surface(name=Task=285)/@0x262c7ac sb=Rect(0, 0 - 1080, 2400) eb=Rect(0, 0 - 1080, 2400) d=0 taskParent=-1}]}
06-17 13:49:50.871   889   949 V WindowManagerShell: Playing animation for (#59) android.os.BinderProxy@85f028b@0
06-17 13:49:50.871   889   949 V WindowManagerShell:  try handler com.android.wm.shell.transition.DefaultMixedHandler@4254119
06-17 13:49:50.871   889   949 V WindowManagerShell:  try handler com.android.wm.shell.keyguard.KeyguardTransitionHandler@885de
06-17 13:49:50.873   889   949 V WindowManagerShell:  try handler com.android.wm.shell.pip.PipTransition@41ed3bf
06-17 13:49:50.873   889   949 V WindowManagerShell:  try handler com.android.wm.shell.activityembedding.ActivityEmbeddingController@a5e8a8c
06-17 13:49:50.873   889   949 V WindowManagerShell:  try handler com.android.wm.shell.recents.RecentsTransitionHandler@cbfd5d5
06-17 13:49:50.873   889   949 V ShellRecents: RecentsTransitionHandler.startAnimation: no controller found
06-17 13:49:50.873   889   949 V WindowManagerShell:  try handler com.android.wm.shell.splitscreen.StageCoordinator@89321ea
06-17 13:49:50.873   889   949 V WindowManagerShell:  try handler com.android.wm.shell.transition.RemoteTransitionHandler@ff6ecdb
06-17 13:49:50.873   889   949 V WindowManagerShell: Transition doesn't have explicit remote, search filters for match for {id=59 t=OPEN f=0x0 trk=0 r=[0@Point(0, 0)] c=[{WCT{android.window.IWindowContainerToken$Stub$Proxy@d55740a} m=OPEN f=NONE leash=Surface(name=Task=305)/@0xad5ddb9 sb=Rect(0, 0 - 1080, 2400) eb=Rect(0, 0 - 1080, 2400) d=0 taskParent=-1},{WCT{android.window.IWindowContainerToken$Stub$Proxy@79a47b} m=TO_BACK f=SHOW_WALLPAPER leash=Surface(name=Task=285)/@0x262c7ac sb=Rect(0, 0 - 1080, 2400) eb=Rect(0, 0 - 1080, 2400) d=0 taskParent=-1}]}
06-17 13:49:50.873   889   949 V WindowManagerShell:  Checking filter Pair{{types=[] flags=0x0] notFlags=0x0 checks=[{atype=undefined independent=true modes=[OPEN,TO_FRONT] flags=IN_TASK_WITH_EMBEDDED_ACTIVITY mustBeTask=false order=ANY topActivity=ComponentInfo{com.google.android.apps.nexuslauncher/com.google.android.apps.nexuslauncher.NexusLauncherActivity} launchCookie=null},{atype=undefined independent=true modes=[CLOSE,TO_BACK] flags=IN_TASK_WITH_EMBEDDED_ACTIVITY mustBeTask=false order=ANY topActivity=null launchCookie=null}]} RemoteTransition { remoteTransition = android.window.IRemoteTransition$Stub$Proxy@2ce5758, appThread = android.app.IApplicationThread$Stub$Proxy@68830b1, debugName = OverlaySwipeBack }}
06-17 13:49:50.873   889   949 V WindowManagerShell:  Checking filter Pair{{types=[] flags=0x0] notFlags=0x0 checks=[{atype=dream independent=true modes=[OPEN,TO_FRONT] flags=NONE mustBeTask=false order=ANY topActivity=null launchCookie=null},{atype=home independent=true modes=[CLOSE,TO_BACK] flags=NONE mustBeTask=false order=ANY topActivity=null launchCookie=null}]} RemoteTransition { remoteTransition = android.window.IRemoteTransition$Stub$Proxy@b8d996, appThread = android.app.IApplicationThread$Stub$Proxy@1048917, debugName = LauncherToDream }}
06-17 13:49:50.873   889   949 V WindowManagerShell:  Checking filter Pair{{types=[] flags=0x0] notFlags=0x100 checks=[{atype=home independent=true modes=[OPEN,TO_FRONT] flags=NONE mustBeTask=false order=TOP topActivity=ComponentInfo{com.google.android.apps.nexuslauncher/com.google.android.apps.nexuslauncher.NexusLauncherActivity} launchCookie=null},{atype=standard independent=true modes=[CLOSE,TO_BACK] flags=NONE mustBeTask=false order=ANY topActivity=null launchCookie=null}]} RemoteTransition { remoteTransition = android.window.IRemoteTransition$Stub$Proxy@f7d9104, appThread = android.app.IApplicationThread$Stub$Proxy@7be26ed, debugName = QuickstepLaunchHome }}
06-17 13:49:50.873   889   949 V WindowManagerShell:  Delegate animation for (#59) to null
06-17 13:49:50.873   889   949 V WindowManagerShell:  try handler com.android.wm.shell.transition.DefaultTransitionHandler@4afc378
06-17 13:49:50.873   889   949 V WindowManagerShell: start default transition animation, info = {id=59 t=OPEN f=0x0 trk=0 r=[0@Point(0, 0)] c=[{WCT{android.window.IWindowContainerToken$Stub$Proxy@d55740a} m=OPEN f=NONE leash=Surface(name=Task=305)/@0xad5ddb9 sb=Rect(0, 0 - 1080, 2400) eb=Rect(0, 0 - 1080, 2400) d=0 taskParent=-1},{WCT{android.window.IWindowContainerToken$Stub$Proxy@79a47b} m=TO_BACK f=SHOW_WALLPAPER leash=Surface(name=Task=285)/@0x262c7ac sb=Rect(0, 0 - 1080, 2400) eb=Rect(0, 0 - 1080, 2400) d=0 taskParent=-1}]}
06-17 13:49:50.873   889   949 V WindowManagerShell: loadAnimation: anim=android.view.animation.AnimationSet@60ab298 animAttr=0x13 type=OPEN isEntrance=false
06-17 13:49:50.873   889   949 V WindowManagerShell: loadAnimation: anim=android.view.animation.AnimationSet@e888af1 animAttr=0x12 type=OPEN isEntrance=true
06-17 13:49:50.873   889   949 V WindowManagerShell:  animated by com.android.wm.shell.transition.DefaultTransitionHandler@4afc378
06-17 13:49:50.875   605  2163 W UserManagerService: Requested status bar icon for non-badged user 0
06-17 13:49:50.882 16688 16688 D ApplicationLoaders: Returning zygote-cached class loader: /system_ext/framework/androidx.window.extensions.jar
06-17 13:49:50.890 16688 16688 D ApplicationLoaders: Returning zygote-cached class loader: /system_ext/framework/androidx.window.sidecar.jar
06-17 13:49:50.893   889  1015 D EGL_emulation: app_time_stats: avg=27449.63ms min=27449.63ms max=27449.63ms count=1
06-17 13:49:50.925  1200  1640 D EGL_emulation: app_time_stats: avg=89755.10ms min=13.04ms max=1704939.12ms count=19
06-17 13:49:50.926   605  2163 D HWUI    : --- Failed to create image decoder with message 'unimplemented'
06-17 13:49:50.927   605  2163 W WindowManager: Failed to load bitmap: /data/system_ce/0/snapshots/283_reduced.jpg
06-17 13:49:50.927   605  2163 W ActivityTaskManager: takeTaskSnapshot: taskId=283 not found or not visible
06-17 13:49:51.155 16688 16688 D nativeloader: Configuring clns-7 for other apk /data/app/~~vAltWAnzRwNumO9y-AD4og==/com.example.merchandisecontrolsplitview-2yzIHjl1OfUGFz7f07lZGQ==/base.apk. target_sdk_version=36, uses_libraries=, library_path=/data/app/~~vAltWAnzRwNumO9y-AD4og==/com.example.merchandisecontrolsplitview-2yzIHjl1OfUGFz7f07lZGQ==/lib/arm64:/data/app/~~vAltWAnzRwNumO9y-AD4og==/com.example.merchandisecontrolsplitview-2yzIHjl1OfUGFz7f07lZGQ==/base.apk!/lib/arm64-v8a, permitted_path=/data:/mnt/expand:/data/user/0/com.example.merchandisecontrolsplitview
06-17 13:49:51.159 16688 16688 V GraphicsEnvironment: Currently set values for:
06-17 13:49:51.159 16688 16688 V GraphicsEnvironment:   angle_gl_driver_selection_pkgs=[]
06-17 13:49:51.159 16688 16688 V GraphicsEnvironment:   angle_gl_driver_selection_values=[]
06-17 13:49:51.159 16688 16688 V GraphicsEnvironment: Global.Settings values are invalid: number of packages: 0, number of values: 0
06-17 13:49:51.159 16688 16688 V GraphicsEnvironment: Neither updatable production driver nor prerelease driver is supported.
06-17 13:49:51.169   889   949 V WindowManagerShell: Transition animation finished (aborted=false), notifying core (#59) android.os.BinderProxy@85f028b@0
06-17 13:49:51.169   605   622 V WindowManager: Finish Transition (#59): created at 06-17 13:49:50.791 collect-started=0.016ms request-sent=7.644ms started=23.578ms ready=69.364ms sent=72.829ms finished=377.676ms
06-17 13:49:51.169   889   949 V WindowManagerShell: Track 0 became idle
06-17 13:49:51.169   889   949 V WindowManagerShell: All active transition animations finished
06-17 13:49:51.173   605  2163 W UserManagerService: Requested status bar icon for non-badged user 0
06-17 13:49:51.173   605  2163 W UserManagerService: Requested status bar icon for non-badged user 0
06-17 13:49:51.173  1200  1200 D VRI[NexusLauncherActivity]: visibilityChanged oldVisibility=true newVisibility=false
06-17 13:49:51.180 16688 16688 D WM-WrkMgrInitializer: Initializing WorkManager with default configuration.
06-17 13:49:51.183  1200  1200 D NexusLauncherModelDelegate: notifySmartspaceEvent: SmartspaceTargetEvent{mSmartspaceTarget=null, mSmartspaceActionId='null', mEventType=7}
06-17 13:49:51.195 16688 16688 D WM-PackageManagerHelper: Skipping component enablement for androidx.work.impl.background.systemjob.SystemJobService
06-17 13:49:51.195 16688 16688 D WM-Schedulers: Created SystemJobScheduler and enabled SystemJobService
06-17 13:49:51.197 16688 16703 D WM-ForceStopRunnable: The default process name was not specified.
06-17 13:49:51.198 16688 16703 D WM-ForceStopRunnable: Performing cleanup operations.
06-17 13:49:51.223 16688 16688 I Supabase-Core: SupabaseClient created! Please report any bugs you find.
06-17 13:49:51.292 16688 16703 D WM-SystemJobScheduler: Reconciling jobs
06-17 13:49:51.331 16688 16688 W System.err: SLF4J(W): No SLF4J providers were found.
06-17 13:49:51.331 16688 16688 W System.err: SLF4J(W): Defaulting to no-operation (NOP) logger implementation
06-17 13:49:51.331 16688 16688 W System.err: SLF4J(W): See https://www.slf4j.org/codes.html#noProviders for further details.
06-17 13:49:51.348 16688 16703 D WM-ForceStopRunnable: Application was force-stopped, rescheduling.
06-17 13:49:51.363   465   465 I adbd    : adbd service requested 'jdwp:16688'
06-17 13:49:51.432 16688 16703 D WM-PackageManagerHelper: Skipping component enablement for androidx.work.impl.background.systemalarm.RescheduleReceiver
06-17 13:49:51.520 16688 16705 I Supabase-Auth: Loading session from storage...
06-17 13:49:51.528 16688 16710 I HistorySessionSyncV2: cycle=push outcome=skip reason=skipped_signed_out
06-17 13:49:51.529 16688 16712 I CatalogCloudSync: cycle=catalog_auto outcome=skip reason=signed_out
06-17 13:49:51.530   605  2163 D ConnectivityService: requestNetwork for uid/pid:10209/16688 activeRequest: null callbackRequest: 6203 [NetworkRequest [ REQUEST id=6204, [ Capabilities: INTERNET&NOT_RESTRICTED&TRUSTED&NOT_VCN_MANAGED&NOT_BANDWIDTH_CONSTRAINED Uid: 10209 RequestorUid: 10209 RequestorPkg: com.example.merchandisecontrolsplitview UnderlyingNetworks: Null] ]] callback flags: 0 order: 2147483647 isUidTracked: false declaredMethods: AVAIL|LOST|UNAVAIL|NC
06-17 13:49:51.530 16688 16710 D SupabaseAuth: restoreSession: waiting for session status (timeout 10000ms)
06-17 13:49:51.531   605   772 D WifiNetworkFactory: got request NetworkRequest [ REQUEST id=6204, [ Capabilities: INTERNET&NOT_RESTRICTED&TRUSTED&NOT_VCN_MANAGED&NOT_BANDWIDTH_CONSTRAINED Uid: 10209 RequestorUid: 10209 RequestorPkg: com.example.merchandisecontrolsplitview UnderlyingNetworks: Null] ]
06-17 13:49:51.531   605   778 D ConnectivityService: NetReassign [6204 : null → 100] [c 0] [a 0] [i 1]
06-17 13:49:51.531   605   772 D UntrustedWifiNetworkFactory: got request NetworkRequest [ REQUEST id=6204, [ Capabilities: INTERNET&NOT_RESTRICTED&TRUSTED&NOT_VCN_MANAGED&NOT_BANDWIDTH_CONSTRAINED Uid: 10209 RequestorUid: 10209 RequestorPkg: com.example.merchandisecontrolsplitview UnderlyingNetworks: Null] ]
06-17 13:49:51.531   605   772 D OemPaidWifiNetworkFactory: got request NetworkRequest [ REQUEST id=6204, [ Capabilities: INTERNET&NOT_RESTRICTED&TRUSTED&NOT_VCN_MANAGED&NOT_BANDWIDTH_CONSTRAINED Uid: 10209 RequestorUid: 10209 RequestorPkg: com.example.merchandisecontrolsplitview UnderlyingNetworks: Null] ]
06-17 13:49:51.531   605   772 D MultiInternetWifiNetworkFactory: got request NetworkRequest [ REQUEST id=6204, [ Capabilities: INTERNET&NOT_RESTRICTED&TRUSTED&NOT_VCN_MANAGED&NOT_BANDWIDTH_CONSTRAINED Uid: 10209 RequestorUid: 10209 RequestorPkg: com.example.merchandisecontrolsplitview UnderlyingNetworks: Null] ]
06-17 13:49:51.532   605   976 W OptProp : Cannot read opt property android.window.PROPERTY_COMPAT_ENABLE_FAKE_FOCUS
06-17 13:49:51.533 16688 16714 I MerchandiseApp: Network: internet validato disponibile, pianifico sync cloud pending
06-17 13:49:51.534 16688 16688 D MerchandiseApp: Auth: verifica sessione in corso
06-17 13:49:51.574 16688 16688 W HWUI    : Unknown dataspace 0
06-17 13:49:51.580 16688 16707 D SupabaseAuth: restoreSession: got status=Authenticated
06-17 13:49:51.580 16688 16707 I SupabaseAuth: Sessione ripristinata
06-17 13:49:51.580 16688 16688 I MerchandiseApp: Auth: sessione attiva
06-17 13:49:51.640   605   976 D CoreBackPreview: Window{ff90418 u0 com.example.merchandisecontrolsplitview/com.example.merchandisecontrolsplitview.MainActivity}: Setting back callback OnBackInvokedCallbackInfo{mCallback=android.window.IOnBackInvokedCallback$Stub$Proxy@4a53456, mPriority=-1, mIsAnimationCallback=false}
06-17 13:49:51.651 16688 16703 D WM-SystemJobScheduler: Scheduling work ID 0f90e259-e5b3-48f1-9179-d414bd2c1fc0Job ID 167
06-17 13:49:51.654 16688 16703 D WM-GreedyScheduler: Starting work for 0f90e259-e5b3-48f1-9179-d414bd2c1fc0
06-17 13:49:51.685 16688 16703 D WM-Processor: Processor: processing WorkGenerationalId(workSpecId=0f90e259-e5b3-48f1-9179-d414bd2c1fc0, generation=0)
06-17 13:49:51.688 16688 16688 I ontrolsplitview: hiddenapi: Accessing hidden method Landroid/os/SystemProperties;->addChangeCallback(Ljava/lang/Runnable;)V (runtime_flags=0, domain=platform, api=unsupported) from Landroidx/compose/ui/platform/AndroidComposeView$Companion; (domain=app, TargetSdkVersion=36) using reflection: allowed
06-17 13:49:51.733 16688 16708 D WM-PackageManagerHelper: androidx.work.impl.background.systemalarm.RescheduleReceiver enabled
06-17 13:49:51.789 16688 16716 I EGL_emulation: Opening libGLESv1_CM_emulation.so
06-17 13:49:51.789 16688 16716 I EGL_emulation: Opening libGLESv2_emulation.so
06-17 13:49:51.791 16688 16716 W HWUI    : Failed to choose config with EGL_SWAP_BEHAVIOR_PRESERVED, retrying without...
06-17 13:49:51.793 16688 16716 W HWUI    : Failed to initialize 101010-2 format, error = EGL_SUCCESS
06-17 13:49:51.804   127   127 I hwservicemanager: getTransport: Cannot find entry android.hardware.graphics.mapper@4.0::IMapper/default in either framework or device VINTF manifest.
06-17 13:49:51.804 16688 16716 I Gralloc4: mapper 4.x is not supported
06-17 13:49:51.829   605   622 I ActivityTaskManager: Displayed com.example.merchandisecontrolsplitview/.MainActivity for user 0: +1s37ms
06-17 13:49:51.877 16688 16688 D WM-WorkerWrapper: Starting work for com.example.merchandisecontrolsplitview.data.PriceBackfillWorker
06-17 13:49:51.878 16688 16688 D WM-SystemJobService: onStartJob for WorkGenerationalId(workSpecId=0f90e259-e5b3-48f1-9179-d414bd2c1fc0, generation=0)
06-17 13:49:51.902 16688 16708 D WM-Processor: Work WorkGenerationalId(workSpecId=0f90e259-e5b3-48f1-9179-d414bd2c1fc0, generation=0) is already enqueued for processing
06-17 13:49:51.903   605   714 I ImeTracker: com.example.merchandisecontrolsplitview:92216954: onRequestHide at ORIGIN_SERVER reason HIDE_UNSPECIFIED_WINDOW fromUser false
06-17 13:49:51.903   605   714 I ImeTracker: com.example.merchandisecontrolsplitview:92216954: onCancelled at PHASE_SERVER_SHOULD_HIDE
06-17 13:49:51.910  1200  1200 D BaseDepthController: setSurface:
06-17 13:49:51.910  1200  1200 D BaseDepthController: 	mWaitingOnSurfaceValidity: false
06-17 13:49:51.910  1200  1200 D BaseDepthController: 	mSurface: null
06-17 13:49:51.910  1200  1200 D BaseDepthController: mSurface is null and mCurrentBlur is: 0
06-17 13:49:51.910  1200  1200 D StateManager: goToState - fromState: Normal, toState: Normal, partial trace:
06-17 13:49:51.910  1200  1200 D StateManager: 	at com.android.launcher3.statemanager.StateManager.moveToRestState(go/retraceme 2855a437b73635ce9cad76b9289087e631bbb67fc90008a0da13d343a00e5041:4)
06-17 13:49:51.910  1200  1200 D StateManager: 	at com.android.launcher3.statemanager.StateManager.moveToRestState(go/retraceme 2855a437b73635ce9cad76b9289087e631bbb67fc90008a0da13d343a00e5041:1)
06-17 13:49:51.910  1200  1200 D StateManager: 	at com.android.launcher3.statemanager.StatefulActivity.onStop(go/retraceme 2855a437b73635ce9cad76b9289087e631bbb67fc90008a0da13d343a00e5041:34)
06-17 13:49:51.911  1200  1200 D StatsLog: LAUNCHER_ONSTOP
06-17 13:49:51.911  1200  1200 D StatsLog: LAUNCHER_GOOGLE_SEARCH_RESTORE_LIST_SIZE_AFTER_ACTIVITY_RESTART
06-17 13:49:51.912  1349  1349 I GoogleInputMethodService: GoogleInputMethodService.onFinishInput():2259 
06-17 13:49:51.914  1349  1349 I Module  : DeviceLockedStatusModuleProvider$Module.updateDeviceLockedStatusInternal():127 repeatCheckTimes = 0, locked = false
06-17 13:49:51.914  1349  1349 I GoogleInputMethodService: GoogleInputMethodService.onStartInput():1446 onStartInput(EditorInfo{EditorInfo{packageName=com.example.merchandisecontrolsplitview, inputType=0, inputTypeString=NULL, enableLearning=false, autoCorrection=false, autoComplete=false, imeOptions=0, privateImeOptions=null, actionName=UNSPECIFIED, actionLabel=null, initialSelStart=-1, initialSelEnd=-1, initialCapsMode=0, label=null, fieldId=0, fieldName=null, extras=null, hintText=null, hintLocales=[]}}, false)
06-17 13:49:51.914  1200  2015 D OneSearchSuggestProvider: Shut down the binder channel
06-17 13:49:51.914  1349  1349 W AndroidIME: LatinIMEBase.updateInputViewCoverNavigation():326 Null input view, cannot update padding!
06-17 13:49:51.915  1349  1349 I Module  : DeviceLockedStatusModuleProvider$Module.updateDeviceLockedStatusInternal():127 repeatCheckTimes = 1, locked = false
06-17 13:49:51.920   605  2163 W PackageConfigPersister: App-specific configuration not found for packageName: com.example.merchandisecontrolsplitview and userId: 0
06-17 13:49:52.068 16688 16704 I CatalogCloudSync: cycle=catalog_push outcome=skip reason=automatic_push_safety_guard originalReason=foreground policy=non_local_trigger debounceMs=500
06-17 13:49:52.069 16688 16712 I CatalogCloudSync: tracker busy=true stage=SYNC_EVENTS_DRAIN status=RUNNING
06-17 13:49:52.078  1144  2151 I FontLog : (REDACTED) Received query %s, URI %s
06-17 13:49:52.078  1144  2151 I FontLog : (REDACTED) Query [%s] resolved to %s
06-17 13:49:52.078  1144  2151 I FontLog : (REDACTED) Fetch %s end status %s
06-17 13:49:52.082  1144  2151 I FontLog : (REDACTED) Pulling font file for id = %d, cache size = %d
06-17 13:49:52.086 16688 16710 I HistorySessionSyncV2: cycle=session_flight outcome=acquired owner=auto_push waiters=0
06-17 13:49:52.091  1144  2151 I FontLog : (REDACTED) Pulling font file for id = %d, cache size = %d
06-17 13:49:52.097 16688 16707 I CatalogCloudSync: cycle=catalog_bootstrap outcome=skip reason=not_needed
06-17 13:49:52.186   605  2163 W InputManager-JNI: Input channel object '3a6a41b Splash Screen com.example.merchandisecontrolsplitview (client)' was disposed without first being removed with the input manager!
06-17 13:49:52.195   488  3700 W IPCThreadState: Sending oneway calls to frozen process.
06-17 13:49:52.374   889  1015 D EGL_emulation: app_time_stats: avg=147.89ms min=11.58ms max=1338.44ms count=10
06-17 13:49:52.512  1144 16553 I NearbyMediums: No BLE Fast/GATT advertisements found in the latest cycle.
06-17 13:49:52.515  1144 16553 I NearbyMediums: Current Tracked Scanning Clients are : {NearbyConnections.EnvironmentMonitor, NearbySharing, NearbyConnections.TxAdvertisement}
06-17 13:49:52.692 16688 16746 E FeatureFlagsImplExport: android.os.flagging.AconfigStorageReadException: ERROR_PACKAGE_NOT_FOUND: package com.android.libcore cannot be found on the device
06-17 13:49:52.693 16688 16720 E FeatureFlagsImplExport: android.os.flagging.AconfigStorageReadException: ERROR_PACKAGE_NOT_FOUND: package com.android.libcore cannot be found on the device
06-17 13:49:52.694 16688 16721 E FeatureFlagsImplExport: android.os.flagging.AconfigStorageReadException: ERROR_PACKAGE_NOT_FOUND: package com.android.libcore cannot be found on the device
06-17 13:49:52.742   605   698 I RoleService: Granting default roles...
06-17 13:49:52.745  1049  1049 D CarrierSvcBindHelper: onPackageModified: com.example.merchandisecontrolsplitview
06-17 13:49:52.746  1049  1049 D CarrierSvcBindHelper: No carrier app for: 0
06-17 13:49:52.753  1049  1049 E CellBroadcastUtils: getDefaultCellBroadcastReceiverPackageName: no package found
06-17 13:49:52.755   605   976 W AppOpService: Ignored setUidMode call for runtime permission app op: uid = 1001, code = READ_SMS, mode = allow, callingUid = 1001, oldMode = allow
06-17 13:49:52.756   605  1011 W SignedPackage: Package doesn't have required signing certificate: com.google.android.retaildemo
06-17 13:49:52.756   605  1011 E RoleControllerServiceImpl: Default/fallback role holder package doesn't qualify for the role, package: com.google.android.gms.supervision, role: android.app.role.SYSTEM_SUPERVISION, user: 0
06-17 13:49:52.756   605  2163 W AppOpService: Ignored setUidMode call for runtime permission app op: uid = 1001, code = RECEIVE_SMS, mode = allow, callingUid = 1001, oldMode = allow
06-17 13:49:52.757   605  2163 W AppOpService: Ignored setUidMode call for runtime permission app op: uid = 1001, code = RECEIVE_WAP_PUSH, mode = allow, callingUid = 1001, oldMode = allow
06-17 13:49:52.757   605  2163 W AppOpService: Ignored setUidMode call for runtime permission app op: uid = 1001, code = SEND_SMS, mode = allow, callingUid = 1001, oldMode = allow
06-17 13:49:52.757   605  2163 W AppOpService: Ignored setUidMode call for runtime permission app op: uid = 1001, code = READ_CELL_BROADCASTS, mode = allow, callingUid = 1001, oldMode = allow
06-17 13:49:52.766  1049  1252 D ImsResolver: maybeAddedImsService, packageName: com.example.merchandisecontrolsplitview
06-17 13:49:52.767   605  1011 W SignedPackage: Package doesn't have required signing certificate: com.google.android.apps.work.clouddpc
06-17 13:49:52.783   605   822 D ShortcutService: received package broadcast intent: Intent { act=android.intent.action.PACKAGE_CHANGED dat=package: flg=0x45000010 (has extras) }
06-17 13:49:52.783   605   822 D ShortcutService: changing package: com.example.merchandisecontrolsplitview userId0
06-17 13:49:52.783   605   822 D ShortcutService: handlePackageChanged: com.example.merchandisecontrolsplitview user=0
06-17 13:49:52.787   605   822 D ShortcutService: rescanPackageIfNeeded 0@com.example.merchandisecontrolsplitview, forceRescan=true , isNewApp=true
06-17 13:49:52.787   605   822 D ShortcutService: Package com.example.merchandisecontrolsplitview has 0 manifest shortcut(s), and 0 share target(s)
06-17 13:49:52.789   605   845 D ActivityManager: sync unfroze 1095 com.google.android.permissioncontroller for 6
06-17 13:49:52.798   605  1011 E RoleControllerServiceImpl: Default/fallback role holder package doesn't qualify for the role, package: com.google.android.gms, role: android.app.role.WALLET, user: 0
06-17 13:49:52.804   605  1011 E RoleControllerServiceImpl: Default/fallback role holder package doesn't qualify for the role, package: com.google.android.devicelockcontroller, role: android.app.role.SYSTEM_FINANCED_DEVICE_CONTROLLER, user: 0
06-17 13:49:52.813  1144  1144 D BoundBrokerSvc: onRebind: Intent { act=com.google.android.gms.libs.gmscorelogger.service.START dat=chimera-action:/... cmp=com.google.android.gms/.chimera.PersistentDirectBootAwareApiService }
06-17 13:49:52.821   605   976 W ProcessStats: Tracking association SourceState{9456c46 system/1000 ImpFg #38030} whose proc state 5 is better than process ProcessState{eeef4c3 com.google.android.permissioncontroller/10187 pkg=com.google.android.permissioncontroller} proc state 14 (0 skipped)
06-17 13:49:52.823  1095  9439 I PermissionControllerServiceImpl: Updating user sensitive for uid 10209
06-17 13:49:52.845  1200  1248 D PackageUpdatedTask: Package updated: mOp=UPDATE packages=[com.example.merchandisecontrolsplitview]
06-17 13:49:52.846  1403  1403 I AiAiEcho: AppFetcherImpl onPackageChanged com.example.merchandisecontrolsplitview.
06-17 13:49:52.848  1403 16754 I AiAiEcho: AppIndexer Package:[com.example.merchandisecontrolsplitview] UserProfile:[0] Enabled:[true].
06-17 13:49:52.848  1403 16754 I AiAiEcho: AppFetcherImplV2 updateApps package:[com.example.merchandisecontrolsplitview], userId:[0], reason:[package is updated.].
06-17 13:49:52.881  1200  1200 D StatsLog: LAUNCHER_ALLAPPS_COUNT
06-17 13:49:52.892   605   615 I system_server: Background young concurrent mark compact GC freed 20MB AllocSpace bytes, 17(324KB) LOS objects, 36% free, 39MB/61MB, paused 503us,685us total 152.258ms
06-17 13:49:52.897   605   617 W System  : A resource failed to call release. 
06-17 13:49:52.897   605   617 W system_server: ApkAssets: Deleting an ApkAssets object '<empty> and /data/app/~~xqz4x7YqR76uhaXswSK-kA==/com.google.android.googlequicksearchbox-1zotjsbcacmPC9gTTFcPxQ==/base.apk' with 1 weak references
06-17 13:49:52.897   605   617 W system_server: ApkAssets: Deleting an ApkAssets object '<empty> and /data/app/~~xqz4x7YqR76uhaXswSK-kA==/com.google.android.googlequicksearchbox-1zotjsbcacmPC9gTTFcPxQ==/split_config.xxhdpi.apk' with 1 weak references
06-17 13:49:52.897   605   617 W system_server: ApkAssets: Deleting an ApkAssets object '<empty> and /data/app/~~xqz4x7YqR76uhaXswSK-kA==/com.google.android.googlequicksearchbox-1zotjsbcacmPC9gTTFcPxQ==/split_lens_ondevice_engine_play_ml_module.apk' with 1 weak references
