--------- beginning of main
06-17 11:29:57.511   465   465 I adbd    : adbd service requested 'shell,v2,TERM=dumb,raw:cmd package resolve-activity --brief com.example.merchandisecontrolsplitview'
--------- beginning of system
06-17 11:29:57.521   605   688 D ActivityManager: sync unfroze 13077 com.android.vending for 6
06-17 11:29:57.530   605   688 D ActivityManager: sync unfroze 13100 com.android.vending:background for 6
06-17 11:29:57.530   605   688 W ProcessStats: Tracking association SourceState{952d437 com.android.vending:background/10141 ImpBg #33444} whose proc state 6 is better than process ProcessState{e774da4 com.android.vending/10141 pkg=com.android.vending} proc state 14 (1 skipped)
06-17 11:29:57.542 13077 13077 I Finsky  : [2] SCH: job service start with id 9482.
06-17 11:29:57.546 13077  4997 I Finsky  : [236] SCH: Satisfied jobs for 9482 are: 12-1
06-17 11:29:57.547 13077  5052 I Finsky  : [245] SCH: Job 12-1 starting
06-17 11:29:57.547 13077 13077 I Finsky  : [2] WM::SCH: Logging work start for 12-1
06-17 11:29:57.548 13077 13077 I Finsky  : [2] [ContentSync] job started
06-17 11:29:57.556   465   465 I adbd    : adbd service requested 'shell,v2,TERM=dumb,raw:monkey -p com.example.merchandisecontrolsplitview 1'
06-17 11:29:57.581   727  5659 I artd    : GetBestInfo: odex next to the dex file (/data/app/~~WxSr54wpp_ODF6yZgF8wCw==/com.google.android.apps.wellbeing-Vvxz6cjPRZ-ndLVLZFRtew==/oat/arm64/base.odex) is kOatBootImageOutOfDate with filter 'speed-profile' executable 'false': Image checksum mismatch, expected i;28/6d8ebc32 to start with i;28/fd0aebae
06-17 11:29:57.582   727  5659 I artd    : GetBestInfo: vdex next to the dex file (/data/app/~~WxSr54wpp_ODF6yZgF8wCw==/com.google.android.apps.wellbeing-Vvxz6cjPRZ-ndLVLZFRtew==/oat/arm64/base.vdex) is kOatUpToDate with filter 'verify' executable 'false'
06-17 11:29:57.590   727  5659 I artd    : GetBestInfo: odex next to the dex file (/data/app/~~NUG_d30OQq1sqFZ7z-S2yg==/com.google.android.apps.restore-YItfNrxRu97_JP9BdDRovw==/oat/arm64/base.odex) is kOatBootImageOutOfDate with filter 'speed-profile' executable 'false': Image checksum mismatch, expected i;28/6d8ebc32 to start with i;28/fd0aebae
06-17 11:29:57.590   727  5659 I artd    : GetBestInfo: vdex next to the dex file (/data/app/~~NUG_d30OQq1sqFZ7z-S2yg==/com.google.android.apps.restore-YItfNrxRu97_JP9BdDRovw==/oat/arm64/base.vdex) is kOatUpToDate with filter 'verify' executable 'false'
06-17 11:29:57.593   727  3879 I artd    : GetBestInfo: odex next to the dex file (/data/app/~~hjKDH9j25hDmlMvYnD8yyQ==/com.google.android.partnersetup-Gu1EO_ml8HwFasEVQvHuwQ==/oat/arm64/base.odex) is kOatCannotOpen: In oat file '/data/app/~~hjKDH9j25hDmlMvYnD8yyQ==/com.google.android.partnersetup-Gu1EO_ml8HwFasEVQvHuwQ==/oat/arm64/base.odex': invalid oat header: Invalid oat version, expected 0x32373500, got 0x32363500.
06-17 11:29:57.597   727  3879 I artd    : GetBestInfo: vdex next to the dex file (/data/app/~~hjKDH9j25hDmlMvYnD8yyQ==/com.google.android.partnersetup-Gu1EO_ml8HwFasEVQvHuwQ==/oat/arm64/base.vdex) is kOatUpToDate with filter 'verify' executable 'false'
06-17 11:29:57.600   727  3879 I artd    : GetBestInfo: odex next to the dex file (/data/app/~~G-oLiWILud3IHSveZ132Og==/com.google.android.tts-agNGcp0s75ERVvYQCZhxlw==/oat/arm64/base.odex) is kOatBootImageOutOfDate with filter 'speed-profile' executable 'false': Image checksum mismatch, expected i;28/6d8ebc32 to start with i;28/fd0aebae
06-17 11:29:57.600   727  3879 I artd    : GetBestInfo: vdex next to the dex file (/data/app/~~G-oLiWILud3IHSveZ132Og==/com.google.android.tts-agNGcp0s75ERVvYQCZhxlw==/oat/arm64/base.vdex) is kOatUpToDate with filter 'verify' executable 'false'
06-17 11:29:57.601 13077 13077 W Finsky  : [2] STU: Failed to get storage stats for package 'com.google.mainline.primary.libs' (1601: Error getting stats: android.content.pm.PackageManager.NameNotFoundException)
06-17 11:29:57.605   727  3879 I artd    : GetBestInfo: odex next to the dex file (/data/app/~~gixHvLxL8vn7eQ02ae6twA==/com.google.android.apps.photos-1FeyzTeWL8yc_FBx8TonLw==/oat/arm64/base.odex) is kOatBootImageOutOfDate with filter 'speed-profile' executable 'false': Image checksum mismatch, expected i;28/6d8ebc32 to start with i;28/fd0aebae
06-17 11:29:57.606   727  3879 I artd    : GetBestInfo: vdex next to the dex file (/data/app/~~gixHvLxL8vn7eQ02ae6twA==/com.google.android.apps.photos-1FeyzTeWL8yc_FBx8TonLw==/oat/arm64/base.vdex) is kOatUpToDate with filter 'verify' executable 'false'
06-17 11:29:57.607 13077 13077 W Finsky  : [2] STU: Failed to get storage stats for package 'com.google.android.uwb' (1601: Error getting stats: android.content.pm.PackageManager.NameNotFoundException)
06-17 11:29:57.608 13077 13077 W Finsky  : [2] STU: Failed to get storage stats for package 'com.google.android.widevine.nonupdatable' (1601: Error getting stats: android.content.pm.PackageManager.NameNotFoundException)
06-17 11:29:57.608 13077 13077 W Finsky  : [2] STU: Failed to get storage stats for package 'com.android.nfcservices' (1601: Error getting stats: android.content.pm.PackageManager.NameNotFoundException)
06-17 11:29:57.608 13077 13077 W Finsky  : [2] STU: Failed to get storage stats for package 'com.google.android.tzdata6' (1601: Error getting stats: android.content.pm.PackageManager.NameNotFoundException)
06-17 11:29:57.610 13077 13077 W Finsky  : [2] STU: Failed to get storage stats for package 'com.google.android.permission' (1601: Error getting stats: android.content.pm.PackageManager.NameNotFoundException)
06-17 11:29:57.615 13077 13077 W Finsky  : [2] STU: Failed to get storage stats for package 'com.google.android.devicelock' (1601: Error getting stats: android.content.pm.PackageManager.NameNotFoundException)
06-17 11:29:57.616   727  4468 I artd    : GetBestInfo: odex next to the dex file (/data/app/~~l1GfhfsKfju86M-v8297_Q==/com.google.android.apps.youtube.music-6FKZYOPARefQu-7mup2jGg==/oat/arm64/base.odex) is kOatBootImageOutOfDate with filter 'speed-profile' executable 'false': Image checksum mismatch, expected i;28/6d8ebc32 to start with i;28/fd0aebae
06-17 11:29:57.617   727  4468 I artd    : GetBestInfo: vdex next to the dex file (/data/app/~~l1GfhfsKfju86M-v8297_Q==/com.google.android.apps.youtube.music-6FKZYOPARefQu-7mup2jGg==/oat/arm64/base.vdex) is kOatUpToDate with filter 'verify' executable 'false'
06-17 11:29:57.622 13077 13077 W Finsky  : [2] STU: Failed to get storage stats for package 'com.google.android.wifi' (1601: Error getting stats: android.content.pm.PackageManager.NameNotFoundException)
06-17 11:29:57.623   727  4468 I artd    : GetBestInfo: odex next to the dex file (/data/app/~~Uob8uYYWSJ959-QBMXv66Q==/com.google.android.webview-KBXxdU5UU_-lNp5zEnSwJQ==/oat/arm64/base.odex) is kOatBootImageOutOfDate with filter 'speed-profile' executable 'false': Image checksum mismatch, expected i;28/6d8ebc32 to start with i;28/fd0aebae
06-17 11:29:57.623   727  4468 I artd    : GetBestInfo: vdex next to the dex file (/data/app/~~Uob8uYYWSJ959-QBMXv66Q==/com.google.android.webview-KBXxdU5UU_-lNp5zEnSwJQ==/oat/arm64/base.vdex) is kOatUpToDate with filter 'verify' executable 'false'
06-17 11:29:57.624 13077 13077 W Finsky  : [2] STU: Failed to get storage stats for package 'com.android.hardware.authsecret' (1601: Error getting stats: android.content.pm.PackageManager.NameNotFoundException)
06-17 11:29:57.628   727  3879 I artd    : GetBestInfo: /data/app/~~59_Db53oS0fSu_8sCVhX7Q==/com.example.merchandisecontrolsplitview.test-oLTZLazvalU5N0xm-DOlQQ==/base.apk has no usable artifacts
06-17 11:29:57.629 13077 13077 W Finsky  : [2] STU: Failed to get storage stats for package 'com.android.apex.cts.shim' (1601: Error getting stats: android.content.pm.PackageManager.NameNotFoundException)
06-17 11:29:57.631   727  3879 I artd    : GetBestInfo: odex next to the dex file (/data/app/~~IvN_FPM8EFSDYyyil7CyxQ==/com.google.android.apps.docs-GJX1E6a8A6Z0z9VGnabAYw==/oat/arm64/base.odex) is kOatBootImageOutOfDate with filter 'speed-profile' executable 'false': Image checksum mismatch, expected i;28/6d8ebc32 to start with i;28/fd0aebae
06-17 11:29:57.632   727  3879 I artd    : GetBestInfo: vdex next to the dex file (/data/app/~~IvN_FPM8EFSDYyyil7CyxQ==/com.google.android.apps.docs-GJX1E6a8A6Z0z9VGnabAYw==/oat/arm64/base.vdex) is kOatUpToDate with filter 'verify' executable 'false'
06-17 11:29:57.655 13077 13077 W Finsky  : [2] STU: Failed to get storage stats for package 'com.google.android.appsearch' (1601: Error getting stats: android.content.pm.PackageManager.NameNotFoundException)
06-17 11:29:57.655 13077 13077 W Finsky  : [2] STU: Failed to get storage stats for package 'com.google.android.media.swcodec' (1601: Error getting stats: android.content.pm.PackageManager.NameNotFoundException)
06-17 11:29:57.656 13077 13077 W Finsky  : [2] STU: Failed to get storage stats for package 'com.google.android.art' (1601: Error getting stats: android.content.pm.PackageManager.NameNotFoundException)
06-17 11:29:57.656 13077 13077 W Finsky  : [2] STU: Failed to get storage stats for package 'com.google.android.profiling' (1601: Error getting stats: android.content.pm.PackageManager.NameNotFoundException)
06-17 11:29:57.657   727  3879 I artd    : GetBestInfo: odex next to the dex file (/data/app/~~RXLWEnV2DorUDpLg2VBrRQ==/com.google.android.safetycore-ses-HGrFVa3GBCiNshEf5g==/oat/arm64/base.odex) is kOatBootImageOutOfDate with filter 'speed-profile' executable 'false': Image checksum mismatch, expected i;28/6d8ebc32 to start with i;28/fd0aebae
06-17 11:29:57.657   727  3879 I artd    : GetBestInfo: vdex next to the dex file (/data/app/~~RXLWEnV2DorUDpLg2VBrRQ==/com.google.android.safetycore-ses-HGrFVa3GBCiNshEf5g==/oat/arm64/base.vdex) is kOatUpToDate with filter 'verify' executable 'false'
06-17 11:29:57.659   727  3879 I artd    : GetBestInfo: odex next to the dex file (/data/app/~~Jh7mjnGF5lWbvHq2FeQ-ng==/com.google.android.dialer-iR8gVTjDkBaJ7D5f-NUr7w==/oat/arm64/base.odex) is kOatBootImageOutOfDate with filter 'speed-profile' executable 'false': Image checksum mismatch, expected i;28/6d8ebc32 to start with i;28/fd0aebae
06-17 11:29:57.661   727  3879 I artd    : GetBestInfo: vdex next to the dex file (/data/app/~~Jh7mjnGF5lWbvHq2FeQ-ng==/com.google.android.dialer-iR8gVTjDkBaJ7D5f-NUr7w==/oat/arm64/base.vdex) is kOatUpToDate with filter 'verify' executable 'false'
06-17 11:29:57.666 13077 13077 W Finsky  : [2] STU: Failed to get storage stats for package 'com.google.android.mediaprovider' (1601: Error getting stats: android.content.pm.PackageManager.NameNotFoundException)
06-17 11:29:57.666   727  3879 I artd    : GetBestInfo: /data/app/~~BmCpwJDVcIXilR1bLg6FRw==/com.example.merchandisecontrolsplitview-LygKld225wOvV2p0A65Mqw==/base.apk has no usable artifacts
06-17 11:29:57.667 13077 13077 W Finsky  : [2] STU: Failed to get storage stats for package 'com.google.android.btservices' (1601: Error getting stats: android.content.pm.PackageManager.NameNotFoundException)
06-17 11:29:57.668 13077 13077 W Finsky  : [2] STU: Failed to get storage stats for package 'com.android.virt' (1601: Error getting stats: android.content.pm.PackageManager.NameNotFoundException)
06-17 11:29:57.668 13077 13077 W Finsky  : [2] STU: Failed to get storage stats for package 'com.android.hardware.neuralnetworks' (1601: Error getting stats: android.content.pm.PackageManager.NameNotFoundException)
06-17 11:29:57.668 13077 13077 W Finsky  : [2] STU: Failed to get storage stats for package 'com.google.android.adbd' (1601: Error getting stats: android.content.pm.PackageManager.NameNotFoundException)
06-17 11:29:57.668   727  3879 I artd    : GetBestInfo: odex next to the dex file (/data/app/~~q3J_LWa0tj6f1KgaxC-j_w==/com.google.android.deskclock-sf30GBglXv78Esds04evVw==/oat/arm64/base.odex) is kOatCannotOpen: In oat file '/data/app/~~q3J_LWa0tj6f1KgaxC-j_w==/com.google.android.deskclock-sf30GBglXv78Esds04evVw==/oat/arm64/base.odex': invalid oat header: Invalid oat version, expected 0x32373500, got 0x32363500.
06-17 11:29:57.668   727  3879 I artd    : GetBestInfo: vdex next to the dex file (/data/app/~~q3J_LWa0tj6f1KgaxC-j_w==/com.google.android.deskclock-sf30GBglXv78Esds04evVw==/oat/arm64/base.vdex) is kOatUpToDate with filter 'verify' executable 'false'
06-17 11:29:57.670 13077 13077 W Finsky  : [2] STU: Failed to get storage stats for package 'com.google.android.resolv' (1601: Error getting stats: android.content.pm.PackageManager.NameNotFoundException)
06-17 11:29:57.672 13077 13077 W Finsky  : [2] STU: Failed to get storage stats for package 'com.android.i18n' (1601: Error getting stats: android.content.pm.PackageManager.NameNotFoundException)
06-17 11:29:57.672   727  3879 I artd    : GetBestInfo: odex next to the dex file (/data/app/~~OzPeRh1R0wR2n-PvB5Gscw==/com.google.android.apps.safetyhub-BoBcSUKxgv89eVbb3ejRpg==/oat/arm64/base.odex) is kOatCannotOpen: In oat file '/data/app/~~OzPeRh1R0wR2n-PvB5Gscw==/com.google.android.apps.safetyhub-BoBcSUKxgv89eVbb3ejRpg==/oat/arm64/base.odex': invalid oat header: Invalid oat version, expected 0x32373500, got 0x32363500.
06-17 11:29:57.673   727  3879 I artd    : GetBestInfo: vdex next to the dex file (/data/app/~~OzPeRh1R0wR2n-PvB5Gscw==/com.google.android.apps.safetyhub-BoBcSUKxgv89eVbb3ejRpg==/oat/arm64/base.vdex) is kOatUpToDate with filter 'verify' executable 'false'
06-17 11:29:57.676  5056  5056 D AndroidRuntime: >>>>>> START com.android.internal.os.RuntimeInit uid 2000 <<<<<<
06-17 11:29:57.676 13077 13077 W Finsky  : [2] STU: Failed to get storage stats for package 'com.google.android.configinfrastructure' (1601: Error getting stats: android.content.pm.PackageManager.NameNotFoundException)
06-17 11:29:57.676 13077 13077 W Finsky  : [2] STU: Failed to get storage stats for package 'com.google.android.media' (1601: Error getting stats: android.content.pm.PackageManager.NameNotFoundException)
06-17 11:29:57.676 13077 13077 W Finsky  : [2] STU: Failed to get storage stats for package 'com.google.android.conscrypt' (1601: Error getting stats: android.content.pm.PackageManager.NameNotFoundException)
06-17 11:29:57.677   727  4468 I artd    : GetBestInfo: odex next to the dex file (/data/app/~~kSD-432RqptLPzXluDQOHw==/com.google.android.apps.maps-zv6Wok_VZNeFa_t6t9OzxA==/oat/arm64/base.odex) is kOatBootImageOutOfDate with filter 'speed-profile' executable 'false': Image checksum mismatch, expected i;28/6d8ebc32 to start with i;28/fd0aebae
06-17 11:29:57.677   727  4468 I artd    : GetBestInfo: vdex next to the dex file (/data/app/~~kSD-432RqptLPzXluDQOHw==/com.google.android.apps.maps-zv6Wok_VZNeFa_t6t9OzxA==/oat/arm64/base.vdex) is kOatUpToDate with filter 'verify' executable 'false'
06-17 11:29:57.679   727  3879 I artd    : GetBestInfo: odex next to the dex file (/data/app/~~65D8yaoRYHEWaAolIMMuYg==/com.google.android.apps.messaging-UeeUDFBRomRTLjkLIEvQow==/oat/arm64/base.odex) is kOatBootImageOutOfDate with filter 'speed-profile' executable 'false': Image checksum mismatch, expected i;28/6d8ebc32 to start with i;28/fd0aebae
06-17 11:29:57.681   727  3879 I artd    : GetBestInfo: vdex next to the dex file (/data/app/~~65D8yaoRYHEWaAolIMMuYg==/com.google.android.apps.messaging-UeeUDFBRomRTLjkLIEvQow==/oat/arm64/base.vdex) is kOatUpToDate with filter 'verify' executable 'false'
06-17 11:29:57.683 13077 13077 W Finsky  : [2] STU: Failed to get storage stats for package 'com.android.hardware.cas' (1601: Error getting stats: android.content.pm.PackageManager.NameNotFoundException)
06-17 11:29:57.684  5056  5056 I AndroidRuntime: Using default boot image
06-17 11:29:57.686   727  3879 I artd    : GetBestInfo: odex next to the dex file (/data/app/~~xqz4x7YqR76uhaXswSK-kA==/com.google.android.googlequicksearchbox-1zotjsbcacmPC9gTTFcPxQ==/oat/arm64/base.odex) is kOatBootImageOutOfDate with filter 'speed-profile' executable 'false': Image checksum mismatch, expected i;28/6d8ebc32 to start with i;28/fd0aebae
06-17 11:29:57.686  5056  5056 I AndroidRuntime: Leaving lock profiling enabled
06-17 11:29:57.687   727  3879 I artd    : GetBestInfo: vdex next to the dex file (/data/app/~~xqz4x7YqR76uhaXswSK-kA==/com.google.android.googlequicksearchbox-1zotjsbcacmPC9gTTFcPxQ==/oat/arm64/base.vdex) is kOatUpToDate with filter 'verify' executable 'false'
06-17 11:29:57.688  5056  5056 I app_process: Using generational CollectorTypeCMC GC.
06-17 11:29:57.694 13077 13077 W Finsky  : [2] STU: Failed to get storage stats for package 'com.google.android.neuralnetworks' (1601: Error getting stats: android.content.pm.PackageManager.NameNotFoundException)
06-17 11:29:57.695 13077 13077 W Finsky  : [2] STU: Failed to get storage stats for package 'com.google.android.runtime' (1601: Error getting stats: android.content.pm.PackageManager.NameNotFoundException)
06-17 11:29:57.695   727  3879 I artd    : GetBestInfo: odex next to the dex file (/data/app/~~hoG1a8EYhdyYhSzJw109VA==/com.google.android.documentsui-krnSiNERubT5w3lKOMNDjA==/oat/arm64/base.odex) is kOatBootImageOutOfDate with filter 'speed-profile' executable 'false': Image checksum mismatch, expected i;28/2ed0b14a to start with i;28/fd0aebae
06-17 11:29:57.695   727  3879 I artd    : GetBestInfo: vdex next to the dex file (/data/app/~~hoG1a8EYhdyYhSzJw109VA==/com.google.android.documentsui-krnSiNERubT5w3lKOMNDjA==/oat/arm64/base.vdex) is kOatUpToDate with filter 'verify' executable 'false'
06-17 11:29:57.697 13077 13077 W Finsky  : [2] STU: Failed to get storage stats for package 'com.google.android.ipsec' (1601: Error getting stats: android.content.pm.PackageManager.NameNotFoundException)
06-17 11:29:57.699   727  3879 I artd    : GetBestInfo: odex next to the dex file (/data/app/~~VdH7gHoIxrq5t09YzvISuw==/com.google.android.as.oss-P8SYpfP4tXph8dDSzM22DQ==/oat/arm64/base.odex) is kOatCannotOpen: In oat file '/data/app/~~VdH7gHoIxrq5t09YzvISuw==/com.google.android.as.oss-P8SYpfP4tXph8dDSzM22DQ==/oat/arm64/base.odex': invalid oat header: Invalid oat version, expected 0x32373500, got 0x32363500.
06-17 11:29:57.699   727  3879 I artd    : GetBestInfo: vdex next to the dex file (/data/app/~~VdH7gHoIxrq5t09YzvISuw==/com.google.android.as.oss-P8SYpfP4tXph8dDSzM22DQ==/oat/arm64/base.vdex) is kOatUpToDate with filter 'verify' executable 'false'
06-17 11:29:57.701   727  4468 I artd    : GetBestInfo: odex next to the dex file (/data/app/~~QoteW7FhEgXoOsfGEuFP8g==/com.google.android.contactkeys-3r1AZSDwc42aq2JiJL1VXQ==/oat/arm64/base.odex) is kOatBootImageOutOfDate with filter 'speed-profile' executable 'false': Image checksum mismatch, expected i;28/6d8ebc32 to start with i;28/fd0aebae
06-17 11:29:57.701   727  4468 I artd    : GetBestInfo: vdex next to the dex file (/data/app/~~QoteW7FhEgXoOsfGEuFP8g==/com.google.android.contactkeys-3r1AZSDwc42aq2JiJL1VXQ==/oat/arm64/base.vdex) is kOatUpToDate with filter 'verify' executable 'false'
06-17 11:29:57.702 13077 13077 W Finsky  : [2] STU: Failed to get storage stats for package 'com.google.android.ondevicepersonalization' (1601: Error getting stats: android.content.pm.PackageManager.NameNotFoundException)
06-17 11:29:57.703 13077 13077 W Finsky  : [2] STU: Failed to get storage stats for package 'com.google.android.sdkext' (1601: Error getting stats: android.content.pm.PackageManager.NameNotFoundException)
06-17 11:29:57.705 13077 13077 W Finsky  : [2] STU: Failed to get storage stats for package 'com.google.android.healthfitness' (1601: Error getting stats: android.content.pm.PackageManager.NameNotFoundException)
06-17 11:29:57.706 13077 13077 W Finsky  : [2] STU: Failed to get storage stats for package 'com.google.android.adservices' (1601: Error getting stats: android.content.pm.PackageManager.NameNotFoundException)
06-17 11:29:57.706 13077 13077 W Finsky  : [2] STU: Failed to get storage stats for package 'com.google.android.tethering' (1601: Error getting stats: android.content.pm.PackageManager.NameNotFoundException)
06-17 11:29:57.706   727  4468 I artd    : GetBestInfo: odex next to the dex file (/data/app/~~xL7UgI5toEsufiJNU2QfyA==/com.google.android.captiveportallogin--W4Bp7odNpT72xQq45AsoA==/oat/arm64/base.odex) is kOatUpToDate with filter 'speed-profile' executable 'false'
06-17 11:29:57.707 13077 13077 W Finsky  : [2] STU: Failed to get storage stats for package 'com.google.android.extservices' (1601: Error getting stats: android.content.pm.PackageManager.NameNotFoundException)
06-17 11:29:57.707   727  3879 I artd    : GetBestInfo: odex next to the dex file (/data/app/~~gtaq47lKuP4eAqdEVT02jQ==/com.android.vending-kOnHZOaPxxJQxE6LjloNqw==/oat/arm64/base.odex) is kOatUpToDate with filter 'speed-profile' executable 'false'
06-17 11:29:57.708   727  4468 I artd    : GetBestInfo: vdex next to the dex file (/data/user/0/com.android.vending/app_dg_cache/5833371D1ACC412507A92815B074897510CCCEDD/oat/arm64/the.vdex) is kOatUpToDate with filter 'verify' executable 'false'
06-17 11:29:57.709   727  4468 I artd    : GetBestInfo: vdex next to the dex file (/data/user/0/com.android.vending/app_dg_cache/10FF5D5C646CC9E2F04BD9D73A072BD012EF1A7A/oat/arm64/the.vdex) is kOatUpToDate with filter 'verify' executable 'false'
06-17 11:29:57.714   727  4468 I artd    : GetBestInfo: odex next to the dex file (/data/app/~~VusnbFaI7w55FgmrEsUUrw==/com.android.chrome-qxOc34xNsOqU7JZfHjbnNA==/oat/arm64/base.odex) is kOatBootImageOutOfDate with filter 'speed-profile' executable 'false': Image checksum mismatch, expected i;28/6d8ebc32 to start with i;28/fd0aebae
06-17 11:29:57.714   727  4468 I artd    : GetBestInfo: vdex next to the dex file (/data/app/~~VusnbFaI7w55FgmrEsUUrw==/com.android.chrome-qxOc34xNsOqU7JZfHjbnNA==/oat/arm64/base.vdex) is kOatUpToDate with filter 'verify' executable 'false'
06-17 11:29:57.715   727  3879 I artd    : GetBestInfo: dm (/data/app/~~VusnbFaI7w55FgmrEsUUrw==/com.android.chrome-qxOc34xNsOqU7JZfHjbnNA==/split_chrome.dm) is kOatUpToDate with filter 'verify' executable 'false'
06-17 11:29:57.715   727  5659 I artd    : GetBestInfo: dm (/data/app/~~VusnbFaI7w55FgmrEsUUrw==/com.android.chrome-qxOc34xNsOqU7JZfHjbnNA==/split_dev_ui.dm) is kOatUpToDate with filter 'verify' executable 'false'
06-17 11:29:57.716   727  4468 I artd    : GetBestInfo: dm (/data/app/~~VusnbFaI7w55FgmrEsUUrw==/com.android.chrome-qxOc34xNsOqU7JZfHjbnNA==/split_on_demand.dm) is kOatUpToDate with filter 'verify' executable 'false'
06-17 11:29:57.716   727  3879 I artd    : GetBestInfo: dm (/data/app/~~VusnbFaI7w55FgmrEsUUrw==/com.android.chrome-qxOc34xNsOqU7JZfHjbnNA==/split_stack_unwinder.dm) is kOatUpToDate with filter 'verify' executable 'false'
06-17 11:29:57.727   727   751 I artd    : GetBestInfo: odex next to the dex file (/data/app/~~IMU13hvtPdja0LUACQxOhw==/com.google.android.youtube-wbtKlFPnKgBufDwBCeJ-fA==/oat/arm64/base.odex) is kOatBootImageOutOfDate with filter 'speed-profile' executable 'false': Image checksum mismatch, expected i;28/6d8ebc32 to start with i;28/fd0aebae
06-17 11:29:57.727   727   751 I artd    : GetBestInfo: vdex next to the dex file (/data/app/~~IMU13hvtPdja0LUACQxOhw==/com.google.android.youtube-wbtKlFPnKgBufDwBCeJ-fA==/oat/arm64/base.vdex) is kOatUpToDate with filter 'verify' executable 'false'
06-17 11:29:57.729 13077 13077 W Finsky  : [2] STU: Failed to get storage stats for package 'com.google.android.os.statsd' (1601: Error getting stats: android.content.pm.PackageManager.NameNotFoundException)
06-17 11:29:57.729 13077 13077 W Finsky  : [2] STU: Failed to get storage stats for package 'com.android.hardware.rebootescrow' (1601: Error getting stats: android.content.pm.PackageManager.NameNotFoundException)
06-17 11:29:57.730   727   751 I artd    : GetBestInfo: odex next to the dex file (/data/app/~~eDMod0a12HGlRF-ihFYuvA==/com.google.android.contacts-QCORzFX_0zjWRdY9-0G-Zg==/oat/arm64/base.odex) is kOatBootImageOutOfDate with filter 'speed-profile' executable 'false': Image checksum mismatch, expected i;28/6d8ebc32 to start with i;28/fd0aebae
06-17 11:29:57.730   727   751 I artd    : GetBestInfo: vdex next to the dex file (/data/app/~~eDMod0a12HGlRF-ihFYuvA==/com.google.android.contacts-QCORzFX_0zjWRdY9-0G-Zg==/oat/arm64/base.vdex) is kOatUpToDate with filter 'verify' executable 'false'
06-17 11:29:57.738 13077 13077 W Finsky  : [2] STU: Failed to get storage stats for package 'com.google.android.cellbroadcast' (1601: Error getting stats: android.content.pm.PackageManager.NameNotFoundException)
06-17 11:29:57.739 13077 13077 W Finsky  : [2] STU: Failed to get storage stats for package 'com.google.android.rkpd' (1601: Error getting stats: android.content.pm.PackageManager.NameNotFoundException)
06-17 11:29:57.741 13077 13077 W Finsky  : [2] STU: Failed to get storage stats for package 'com.google.android.scheduling' (1601: Error getting stats: android.content.pm.PackageManager.NameNotFoundException)
06-17 11:29:57.742   727   751 I artd    : GetBestInfo: odex next to the dex file (/data/app/~~gS0aL-zNXQQ8cSECTBvB1g==/com.google.android.gm-kd9BjvTpxmILhTk42xba2w==/oat/arm64/base.odex) is kOatCannotOpen: In oat file '/data/app/~~gS0aL-zNXQQ8cSECTBvB1g==/com.google.android.gm-kd9BjvTpxmILhTk42xba2w==/oat/arm64/base.odex': invalid oat header: Invalid oat version, expected 0x32373500, got 0x32363500.
06-17 11:29:57.743   727   751 I artd    : GetBestInfo: vdex next to the dex file (/data/app/~~gS0aL-zNXQQ8cSECTBvB1g==/com.google.android.gm-kd9BjvTpxmILhTk42xba2w==/oat/arm64/base.vdex) is kOatUpToDate with filter 'verify' executable 'false'
06-17 11:29:57.746   727   751 I artd    : GetBestInfo: odex next to the dex file (/data/app/~~Ud4sy2kT_--drAkXRSRTUw==/com.google.android.inputmethod.latin-bLzROhH9J5zSc1ctKkuvlQ==/oat/arm64/base.odex) is kOatCannotOpen: In oat file '/data/app/~~Ud4sy2kT_--drAkXRSRTUw==/com.google.android.inputmethod.latin-bLzROhH9J5zSc1ctKkuvlQ==/oat/arm64/base.odex': invalid oat header: Invalid oat version, expected 0x32373500, got 0x32363500.
06-17 11:29:57.747   727   751 I artd    : GetBestInfo: vdex next to the dex file (/data/app/~~Ud4sy2kT_--drAkXRSRTUw==/com.google.android.inputmethod.latin-bLzROhH9J5zSc1ctKkuvlQ==/oat/arm64/base.vdex) is kOatUpToDate with filter 'verify' executable 'false'
06-17 11:29:57.750   727  3904 I artd    : GetBestInfo: odex next to the dex file (/data/app/~~jF6VZlDbbfwTHiCnj7uLiw==/com.google.android.calendar-yEIwU4cPmVUuefhqbcSksg==/oat/arm64/base.odex) is kOatBootImageOutOfDate with filter 'speed-profile' executable 'false': Image checksum mismatch, expected i;28/6d8ebc32 to start with i;28/fd0aebae
06-17 11:29:57.751   727  3904 I artd    : GetBestInfo: vdex next to the dex file (/data/app/~~jF6VZlDbbfwTHiCnj7uLiw==/com.google.android.calendar-yEIwU4cPmVUuefhqbcSksg==/oat/arm64/base.vdex) is kOatUpToDate with filter 'verify' executable 'false'
06-17 11:29:57.755 13077 13077 I Finsky  : [2] App states replicator found 34 unowned apps
06-17 11:29:57.756 13077 13136 I Finsky  : [58] Completed 0 account content syncs with 0 successful.
06-17 11:29:57.756 13077 13077 I Finsky  : [2] [ContentSync] Installation state replication succeeded.
06-17 11:29:57.756 13077 13077 I Finsky  : [2] SCH: jobFinished: 12-1. TimeElapsed: 209ms.
06-17 11:29:57.757 13077 13077 I Finsky  : [2] WM::SCH: Logging work end for 12-1
06-17 11:29:57.760  5056  5056 D nativeloader: InitDefaultPublicLibraries for_preload=1: libandroid.so:libaaudio.so:libamidi.so:libbinder_ndk.so:libc.so:libcamera2ndk.so:libdl.so:libEGL.so:libGLESv1_CM.so:libGLESv2.so:libGLESv3.so:libicu.so:libicui18n.so:libicuuc.so:libjnigraphics.so:liblog.so:libmediandk.so:libm.so:libnativehelper.so:libnativewindow.so:libOpenMAXAL.so:libOpenSLES.so:libRS.so:libstdc++.so:libsync.so:libvulkan.so:libwebviewchromium_plat_support.so:libz.so
06-17 11:29:57.762 13077 13136 I Finsky  : [58] SCH: Scheduling phonesky job Id: 1-1337, CT: 1781670777949, Constraints: [{ L: 43156022, D: 86356022, C: CHARGING_NONE, I: IDLE_NONE, N: NET_ANY, B: BATTERY_ANY }]
06-17 11:29:57.762 13077 13136 I Finsky  : [58] SCH: Scheduling phonesky job Id: 34-168, CT: 1781670779070, Constraints: [{ L: 604800000, D: 2556390095, C: CHARGING_NONE, I: IDLE_NONE, N: NET_ANY, B: BATTERY_ANY }]
06-17 11:29:57.762 13077 13136 I Finsky  : [58] SCH: Scheduling phonesky job Id: 34-171, CT: 1781670779070, Constraints: [{ L: 43588951, D: 1339588951, C: CHARGING_NONE, I: IDLE_NONE, N: NET_ANY, B: BATTERY_ANY }]
06-17 11:29:57.763 13077 13139 I Finsky  : [60] SCH: Scheduling 1 system job(s)
06-17 11:29:57.763 13077 13139 I Finsky  : [60] SCH: Scheduling system job Id: 9487, L: 3736208, D: 46936208, C: false, I: false, N: 1
06-17 11:29:57.766 13077  5052 I Finsky  : [245] SCH: job service finished with id 9482.
06-17 11:29:57.771 13100 13100 I Finsky:background: [2] Memory trim requested to level 40
06-17 11:29:57.773 13077 13077 I Finsky  : [2] Memory trim requested to level 40
06-17 11:29:57.773 13077 13077 I Finsky  : [2] Flushing in-memory image cache
06-17 11:29:57.781  5056  5056 D nativeloader: Load libicu_jni.so using APEX ns com_android_art for caller /apex/com.android.art/javalib/core-oj.jar: ok
06-17 11:29:57.781  5056  5056 D app_process: u_setTimeZoneFilesDirectory("/apex/com.android.tzdata/etc/tz/versioned/8/icu") succeeded. 
06-17 11:29:57.781  5056  5056 D app_process: I18n APEX ICU file found: /apex/com.android.i18n/etc/icu/icudt75l.dat
06-17 11:29:57.782  5056  5056 D nativeloader: Load libjavacore.so using APEX ns com_android_art for caller /apex/com.android.art/javalib/core-oj.jar: ok
06-17 11:29:57.782  5056  5056 D nativeloader: Load libopenjdk.so using APEX ns com_android_art for caller /apex/com.android.art/javalib/core-oj.jar: ok
06-17 11:29:57.784  5056  5056 I app_process: Priority-to-niceness mapping: 19, 16, 13, 10, 0, -2, -4, -5, -6, -8
06-17 11:29:57.806  5056  5056 D nativeloader: Load libframework-connectivity-tiramisu-jni.so using APEX ns com_android_tethering for caller /apex/com.android.tethering/javalib/framework-connectivity-t.jar: ok
06-17 11:29:57.806  5056  5056 D AndroidRuntime: Calling main entry com.android.commands.monkey.Monkey
06-17 11:29:57.807  5056  5056 W Monkey  : args: [-p, com.example.merchandisecontrolsplitview, 1]
06-17 11:29:57.807  5056  5056 W Monkey  :  arg: "-p"
06-17 11:29:57.807  5056  5056 W Monkey  :  arg: "com.example.merchandisecontrolsplitview"
06-17 11:29:57.807  5056  5056 W Monkey  :  arg: "1"
06-17 11:29:57.807  5056  5056 W Monkey  : data="com.example.merchandisecontrolsplitview"
06-17 11:29:57.809 24544 24544 D BoundBrokerSvc: onUnbind: Intent { act=com.google.android.gms.feedback.internal.IFeedbackService dat=chimera-action:/... cmp=com.google.android.gms/.chimera.GmsBoundBrokerService }
06-17 11:29:57.821   605  2945 W ActivityManager: registerReceiverWithFeature: no app for null
06-17 11:29:57.826   605  2945 W ActivityTaskManager: callingPackage for (uid=2000, pid=5056) has no WPC
06-17 11:29:57.826   605  2945 W OptProp : Cannot read opt property android.window.PROPERTY_COMPAT_ALLOW_USER_ASPECT_RATIO_OVERRIDE
06-17 11:29:57.826   605  2945 W OptProp : Cannot read opt property android.window.PROPERTY_COMPAT_ALLOW_USER_ASPECT_RATIO_FULLSCREEN_OVERRIDE
06-17 11:29:57.826   605  2945 W OptProp : Cannot read opt property android.window.PROPERTY_COMPAT_ALLOW_ORIENTATION_OVERRIDE
06-17 11:29:57.827   605  2945 V GrammaticalInflectionUtils: AttributionSource: android.content.AttributionSource@dd8d116e does not have READ_SYSTEM_GRAMMATICAL_GENDER permission.
06-17 11:29:57.829   605  2945 W OptProp : Cannot read opt property android.window.PROPERTY_COMPAT_ALLOW_RESIZEABLE_ACTIVITY_OVERRIDES
06-17 11:29:57.829   605  2945 W OptProp : Cannot read opt property android.window.PROPERTY_COMPAT_ALLOW_MIN_ASPECT_RATIO_OVERRIDE
06-17 11:29:57.846   889   949 V WindowManagerShell: Transition requested (#14): android.os.BinderProxy@11af6de TransitionRequestInfo { type = OPEN, triggerTask = TaskInfo{userId=0 taskId=288 displayId=0 isRunning=true baseIntent=Intent { act=android.intent.action.MAIN cat=[android.intent.category.LAUNCHER] flg=0x10200000 cmp=com.example.merchandisecontrolsplitview/.MainActivity } baseActivity=ComponentInfo{com.example.merchandisecontrolsplitview/com.example.merchandisecontrolsplitview.MainActivity} topActivity=ComponentInfo{com.example.merchandisecontrolsplitview/com.example.merchandisecontrolsplitview.MainActivity} origActivity=null realActivity=ComponentInfo{com.example.merchandisecontrolsplitview/com.example.merchandisecontrolsplitview.MainActivity} numActivities=1 lastActiveTime=55176397 supportsMultiWindow=true resizeMode=1 isResizeable=true minWidth=-1 minHeight=-1 defaultMinSize=220 token=WCT{android.window.IWindowContainerToken$Stub$Proxy@d66f0bf} topActivityType=1 pictureInPictureParams=null shouldDockBigOverlays=false launchIntoPipHostTaskId=-1 lastParentTaskIdBeforePip=-1 displayCutoutSafeInsets=null topActivityInfo=ActivityInfo{4e8e38c com.example.merchandisecontrolsplitview.MainActivity} launchCookies=[] positionInParent=Point(0, 0) parentTaskId=-1 isFocused=false isVisible=false isVisibleRequested=false isSleeping=false locusId=null displayAreaFeatureId=1 isTopActivityTransparent=false appCompatTaskInfo=AppCompatTaskInfo { topActivityInSizeCompat=false topActivityEligibleForLetterboxEducation= falseisLetterboxEducationEnabled= true isLetterboxDoubleTapEnabled= false topActivityEligibleForUserAspectRatioButton= false topActivityBoundsLetterboxed= false isFromLetterboxDoubleTap= false topActivityLetterboxVerticalPosition= -1 topActivityLetterboxHorizontalPosition= -1 topActivityLetterboxWidth=1080 topActivityLetterboxHeight=2400 isUserFullscreenOverrideEnabled=false isSystemFullscreenOverrideEnabled=false cameraCompatTaskInfo=CameraCompatTaskInfo { cameraCompatControlState=hidden freeformCameraCompatMode=inactive}}}, pipTask = null, remoteTransition = null, displayChange = null, flags = 0, debugId = 14 }
06-17 11:29:57.847   605  2945 I ActivityTaskManager: START u0 {act=android.intent.action.MAIN cat=[android.intent.category.LAUNCHER] flg=0x10200000 cmp=com.example.merchandisecontrolsplitview/.MainActivity} with LAUNCH_SINGLE_TASK from uid 2000 (BAL_ALLOW_PERMISSION) result code=0
06-17 11:29:57.847  5056  5056 I Monkey  : Events injected: 1
06-17 11:29:57.849   463   463 I BpBinder: onLastStrongRef automatically unlinking death recipients: 
06-17 11:29:57.862  1200  1200 W SplitSelectStateCtor: Missing session instanceIds
06-17 11:29:57.862  1200  1200 D StatsLog: LAUNCHER_SPLIT_SELECTION_EXIT_INTERRUPTED
06-17 11:29:57.863   889   949 D WindowManagerShell: setLauncherKeepClearAreaHeight: visible=false, height=527
06-17 11:29:57.874  1200  1200 I TopTaskTracker: onTaskMovedToFront: (moved taskInfo to front) taskId=288, baseIntent=Intent { act=android.intent.action.MAIN cat=[android.intent.category.LAUNCHER] flg=0x10200000 cmp=com.example.merchandisecontrolsplitview/.MainActivity }
06-17 11:29:57.875   605   625 V GrammaticalInflectionUtils: AttributionSource: android.content.AttributionSource@dd8d116e does not have READ_SYSTEM_GRAMMATICAL_GENDER permission.
06-17 11:29:57.899   395   395 D Zygote  : Forked child process 5068
06-17 11:29:57.899   605   633 I ActivityManager: Start proc 5068:com.example.merchandisecontrolsplitview/u0a209 for next-top-activity {com.example.merchandisecontrolsplitview/com.example.merchandisecontrolsplitview.MainActivity}
06-17 11:29:57.903  5068  5068 I ontrolsplitview: Late-enabling -Xcheck:jni
06-17 11:29:57.912  5068  5068 I ontrolsplitview: Using generational CollectorTypeCMC GC.
06-17 11:29:57.917  5056  5056 I Monkey  : ## Network stats: elapsed time=89ms (0ms mobile, 0ms wifi, 89ms not connected)
06-17 11:29:57.918  5056  5056 I app_process: System.exit called, status: 0
06-17 11:29:57.918  5056  5056 I AndroidRuntime: VM exiting with result code 0.
06-17 11:29:57.921  1144  1144 D BoundBrokerSvc: onUnbind: Intent { act=com.google.android.gms.auth.aang.events.services.START dat=chimera-action:/... cmp=com.google.android.gms/.chimera.PersistentApiService }
06-17 11:29:57.922   465   483 I adbd    : jdwp connection from 5068
06-17 11:29:57.927  1200  1640 D EGL_emulation: app_time_stats: avg=15847.42ms min=15847.42ms max=15847.42ms count=1
06-17 11:29:57.928   889  1400 V WindowManagerShell: onTransitionReady(transaction=2598455214695)
06-17 11:29:57.928   889   949 V WindowManagerShell: onTransitionReady (#14) android.os.BinderProxy@11af6de: {id=14 t=OPEN f=0x0 trk=0 r=[0@Point(0, 0)] c=[{WCT{android.window.IWindowContainerToken$Stub$Proxy@c59a542} m=OPEN f=NONE leash=Surface(name=Task=288)/@0x8fc38b7 sb=Rect(0, 0 - 1080, 2400) eb=Rect(0, 0 - 1080, 2400) d=0 taskParent=-1},{WCT{android.window.IWindowContainerToken$Stub$Proxy@591a953} m=TO_BACK f=SHOW_WALLPAPER leash=Surface(name=Task=285)/@0x1361824 sb=Rect(0, 0 - 1080, 2400) eb=Rect(0, 0 - 1080, 2400) d=0 taskParent=-1}]}
06-17 11:29:57.928   889   949 V WindowManagerShell: Playing animation for (#14) android.os.BinderProxy@11af6de@0
06-17 11:29:57.928   889   949 V WindowManagerShell:  try handler com.android.wm.shell.transition.DefaultMixedHandler@4254119
06-17 11:29:57.928   889   949 V WindowManagerShell:  try handler com.android.wm.shell.keyguard.KeyguardTransitionHandler@885de
06-17 11:29:57.928   889   949 V WindowManagerShell:  try handler com.android.wm.shell.pip.PipTransition@41ed3bf
06-17 11:29:57.928   889   949 V WindowManagerShell:  try handler com.android.wm.shell.activityembedding.ActivityEmbeddingController@a5e8a8c
06-17 11:29:57.928   889   949 V WindowManagerShell:  try handler com.android.wm.shell.recents.RecentsTransitionHandler@cbfd5d5
06-17 11:29:57.928   889   949 V ShellRecents: RecentsTransitionHandler.startAnimation: no controller found
06-17 11:29:57.928   889   949 V WindowManagerShell:  try handler com.android.wm.shell.splitscreen.StageCoordinator@89321ea
06-17 11:29:57.928   889   949 V WindowManagerShell:  try handler com.android.wm.shell.transition.RemoteTransitionHandler@ff6ecdb
06-17 11:29:57.928   889   949 V WindowManagerShell: Transition doesn't have explicit remote, search filters for match for {id=14 t=OPEN f=0x0 trk=0 r=[0@Point(0, 0)] c=[{WCT{android.window.IWindowContainerToken$Stub$Proxy@c59a542} m=OPEN f=NONE leash=Surface(name=Task=288)/@0x8fc38b7 sb=Rect(0, 0 - 1080, 2400) eb=Rect(0, 0 - 1080, 2400) d=0 taskParent=-1},{WCT{android.window.IWindowContainerToken$Stub$Proxy@591a953} m=TO_BACK f=SHOW_WALLPAPER leash=Surface(name=Task=285)/@0x1361824 sb=Rect(0, 0 - 1080, 2400) eb=Rect(0, 0 - 1080, 2400) d=0 taskParent=-1}]}
06-17 11:29:57.928   889   949 V WindowManagerShell:  Checking filter Pair{{types=[] flags=0x0] notFlags=0x0 checks=[{atype=undefined independent=true modes=[OPEN,TO_FRONT] flags=IN_TASK_WITH_EMBEDDED_ACTIVITY mustBeTask=false order=ANY topActivity=ComponentInfo{com.google.android.apps.nexuslauncher/com.google.android.apps.nexuslauncher.NexusLauncherActivity} launchCookie=null},{atype=undefined independent=true modes=[CLOSE,TO_BACK] flags=IN_TASK_WITH_EMBEDDED_ACTIVITY mustBeTask=false order=ANY topActivity=null launchCookie=null}]} RemoteTransition { remoteTransition = android.window.IRemoteTransition$Stub$Proxy@2ce5758, appThread = android.app.IApplicationThread$Stub$Proxy@68830b1, debugName = OverlaySwipeBack }}
06-17 11:29:57.928   889   949 V WindowManagerShell:  Checking filter Pair{{types=[] flags=0x0] notFlags=0x0 checks=[{atype=dream independent=true modes=[OPEN,TO_FRONT] flags=NONE mustBeTask=false order=ANY topActivity=null launchCookie=null},{atype=home independent=true modes=[CLOSE,TO_BACK] flags=NONE mustBeTask=false order=ANY topActivity=null launchCookie=null}]} RemoteTransition { remoteTransition = android.window.IRemoteTransition$Stub$Proxy@b8d996, appThread = android.app.IApplicationThread$Stub$Proxy@1048917, debugName = LauncherToDream }}
06-17 11:29:57.928   889   949 V WindowManagerShell:  Checking filter Pair{{types=[] flags=0x0] notFlags=0x100 checks=[{atype=home independent=true modes=[OPEN,TO_FRONT] flags=NONE mustBeTask=false order=TOP topActivity=ComponentInfo{com.google.android.apps.nexuslauncher/com.google.android.apps.nexuslauncher.NexusLauncherActivity} launchCookie=null},{atype=standard independent=true modes=[CLOSE,TO_BACK] flags=NONE mustBeTask=false order=ANY topActivity=null launchCookie=null}]} RemoteTransition { remoteTransition = android.window.IRemoteTransition$Stub$Proxy@f7d9104, appThread = android.app.IApplicationThread$Stub$Proxy@7be26ed, debugName = QuickstepLaunchHome }}
06-17 11:29:57.928   889   949 V WindowManagerShell:  Delegate animation for (#14) to null
06-17 11:29:57.928   889   949 V WindowManagerShell:  try handler com.android.wm.shell.transition.DefaultTransitionHandler@4afc378
06-17 11:29:57.928   889   949 V WindowManagerShell: start default transition animation, info = {id=14 t=OPEN f=0x0 trk=0 r=[0@Point(0, 0)] c=[{WCT{android.window.IWindowContainerToken$Stub$Proxy@c59a542} m=OPEN f=NONE leash=Surface(name=Task=288)/@0x8fc38b7 sb=Rect(0, 0 - 1080, 2400) eb=Rect(0, 0 - 1080, 2400) d=0 taskParent=-1},{WCT{android.window.IWindowContainerToken$Stub$Proxy@591a953} m=TO_BACK f=SHOW_WALLPAPER leash=Surface(name=Task=285)/@0x1361824 sb=Rect(0, 0 - 1080, 2400) eb=Rect(0, 0 - 1080, 2400) d=0 taskParent=-1}]}
06-17 11:29:57.928   889   949 V WindowManagerShell: loadAnimation: anim=android.view.animation.AnimationSet@9ce9290 animAttr=0x13 type=OPEN isEntrance=false
06-17 11:29:57.928   889   949 V WindowManagerShell: loadAnimation: anim=android.view.animation.AnimationSet@8fc7789 animAttr=0x12 type=OPEN isEntrance=true
06-17 11:29:57.929   889   949 V WindowManagerShell:  animated by com.android.wm.shell.transition.DefaultTransitionHandler@4afc378
06-17 11:29:57.931  5068  5068 D nativeloader: Load libframework-connectivity-tiramisu-jni.so using APEX ns com_android_tethering for caller /apex/com.android.tethering/javalib/framework-connectivity-t.jar: ok
06-17 11:29:57.931   605   622 V WindowManager: Sent Transition (#14) createdAt=06-17 11:29:57.829 via request=TransitionRequestInfo { type = OPEN, triggerTask = TaskInfo{userId=0 taskId=288 displayId=0 isRunning=true baseIntent=Intent { act=android.intent.action.MAIN cat=[android.intent.category.LAUNCHER] flg=0x10200000 cmp=com.example.merchandisecontrolsplitview/.MainActivity } baseActivity=ComponentInfo{com.example.merchandisecontrolsplitview/com.example.merchandisecontrolsplitview.MainActivity} topActivity=ComponentInfo{com.example.merchandisecontrolsplitview/com.example.merchandisecontrolsplitview.MainActivity} origActivity=null realActivity=ComponentInfo{com.example.merchandisecontrolsplitview/com.example.merchandisecontrolsplitview.MainActivity} numActivities=1 lastActiveTime=55176397 supportsMultiWindow=true resizeMode=1 isResizeable=true minWidth=-1 minHeight=-1 defaultMinSize=220 token=WCT{RemoteToken{6cbada4 Task{be86b47 #288 type=standard A=10209:com.example.merchandisecontrolsplitview}}} topActivityType=1 pictureInPictureParams=null shouldDockBigOverlays=false launchIntoPipHostTaskId=-1 lastParentTaskIdBeforePip=-1 displayCutoutSafeInsets=null topActivityInfo=ActivityInfo{479170d com.example.merchandisecontrolsplitview.MainActivity} launchCookies=[] positionInParent=Point(0, 0) parentTaskId=-1 isFocused=false isVisible=false isVisibleRequested=false isSleeping=false locusId=null displayAreaFeatureId=1 isTopActivityTransparent=false appCompatTaskInfo=AppCompatTaskInfo { topActivityInSizeCompat=false topActivityEligibleForLetterboxEducation= falseisLetterboxEducationEnabled= true isLetterboxDoubleTapEnabled= false topActivityEligibleForUserAspectRatioButton= false topActivityBoundsLetterboxed= false isFromLetterboxDoubleTap= false topActivityLetterboxVerticalPosition= -1 topActivityLetterboxHorizontalPosition= -1 topActivityLetterboxWidth=1080 topActivityLetterboxHeight=2400 isUserFullscreenOverrideEnabled=false isSystemFullscreenOverrideEnabled=false cameraCompatTaskInfo=CameraCompatTaskInfo { cameraCompatControlState=hidden freeformCameraCompatMode=inactive}}}, pipTask = null, remoteTransition = null, displayChange = null, flags = 0, debugId = 14 }
06-17 11:29:57.931   605   622 V WindowManager:     startWCT=WindowContainerTransaction { changes = {} hops = [] errorCallbackToken=null taskFragmentOrganizer=null }
06-17 11:29:57.931   605   622 V WindowManager:     info={id=14 t=OPEN f=0x0 trk=0 r=[0@Point(0, 0)] c=[
06-17 11:29:57.931   605   622 V WindowManager:         {WCT{RemoteToken{6cbada4 Task{be86b47 #288 type=standard A=10209:com.example.merchandisecontrolsplitview}}} m=OPEN f=NONE leash=Surface(name=Task=288)/@0xc183d36 sb=Rect(0, 0 - 1080, 2400) eb=Rect(0, 0 - 1080, 2400) d=0 taskParent=-1},
06-17 11:29:57.931   605   622 V WindowManager:         {WCT{RemoteToken{9df7f1d Task{429cdd5 #285 type=home}}} m=TO_BACK f=SHOW_WALLPAPER leash=Surface(name=Task=285)/@0x9930bfb sb=Rect(0, 0 - 1080, 2400) eb=Rect(0, 0 - 1080, 2400) d=0 taskParent=-1}
06-17 11:29:57.931   605   622 V WindowManager:     ]}
06-17 11:29:57.939   605  1872 W UserManagerService: Requested status bar icon for non-badged user 0
06-17 11:29:57.942   889  1015 D EGL_emulation: app_time_stats: avg=28944.06ms min=181.72ms max=57706.39ms count=2
06-17 11:29:57.982  1200  1640 D EGL_emulation: app_time_stats: avg=31881.71ms min=8.78ms max=605362.31ms count=19
06-17 11:29:57.999  5068  5068 D ApplicationLoaders: Returning zygote-cached class loader: /system_ext/framework/androidx.window.extensions.jar
06-17 11:29:58.003  5068  5068 D ApplicationLoaders: Returning zygote-cached class loader: /system_ext/framework/androidx.window.sidecar.jar
06-17 11:29:58.009   605   617 W System  : A resource failed to call release. 
06-17 11:29:58.027   605  2946 D HWUI    : --- Failed to create image decoder with message 'unimplemented'
06-17 11:29:58.028   605  2946 W WindowManager: Failed to load bitmap: /data/system_ce/0/snapshots/283_reduced.jpg
06-17 11:29:58.032   605  2946 W ActivityTaskManager: takeTaskSnapshot: taskId=283 not found or not visible
06-17 11:29:58.054   605   772 I HalDevMgr: bestIfaceCreationProposal is null, requestIface=STA, existingIface=[name=wlan0 type=STA]
06-17 11:29:58.221   889   949 V WindowManagerShell: Transition animation finished (aborted=false), notifying core (#14) android.os.BinderProxy@11af6de@0
06-17 11:29:58.222   605   622 V WindowManager: Finish Transition (#14): created at 06-17 11:29:57.829 collect-started=0.093ms request-sent=16.284ms started=19.596ms ready=93.542ms sent=98.248ms finished=392.026ms
06-17 11:29:58.223  1200  1200 D VRI[NexusLauncherActivity]: visibilityChanged oldVisibility=true newVisibility=false
06-17 11:29:58.223   889   949 V WindowManagerShell: Track 0 became idle
06-17 11:29:58.223   889   949 V WindowManagerShell: All active transition animations finished
06-17 11:29:58.232   605  2946 W UserManagerService: Requested status bar icon for non-badged user 0
06-17 11:29:58.232   605  2946 W UserManagerService: Requested status bar icon for non-badged user 0
06-17 11:29:58.234  1200  1200 D NexusLauncherModelDelegate: notifySmartspaceEvent: SmartspaceTargetEvent{mSmartspaceTarget=null, mSmartspaceActionId='null', mEventType=7}
06-17 11:29:58.263  5068  5068 D nativeloader: Configuring clns-7 for other apk /data/app/~~BmCpwJDVcIXilR1bLg6FRw==/com.example.merchandisecontrolsplitview-LygKld225wOvV2p0A65Mqw==/base.apk. target_sdk_version=36, uses_libraries=, library_path=/data/app/~~BmCpwJDVcIXilR1bLg6FRw==/com.example.merchandisecontrolsplitview-LygKld225wOvV2p0A65Mqw==/lib/arm64:/data/app/~~BmCpwJDVcIXilR1bLg6FRw==/com.example.merchandisecontrolsplitview-LygKld225wOvV2p0A65Mqw==/base.apk!/lib/arm64-v8a, permitted_path=/data:/mnt/expand:/data/user/0/com.example.merchandisecontrolsplitview
06-17 11:29:58.270  5068  5068 V GraphicsEnvironment: Currently set values for:
06-17 11:29:58.270  5068  5068 V GraphicsEnvironment:   angle_gl_driver_selection_pkgs=[]
06-17 11:29:58.270  5068  5068 V GraphicsEnvironment:   angle_gl_driver_selection_values=[]
06-17 11:29:58.270  5068  5068 V GraphicsEnvironment: Global.Settings values are invalid: number of packages: 0, number of values: 0
06-17 11:29:58.270  5068  5068 V GraphicsEnvironment: Neither updatable production driver nor prerelease driver is supported.
06-17 11:29:58.294  5068  5068 D WM-WrkMgrInitializer: Initializing WorkManager with default configuration.
06-17 11:29:58.308  5068  5068 D WM-PackageManagerHelper: Skipping component enablement for androidx.work.impl.background.systemjob.SystemJobService
06-17 11:29:58.308  5068  5068 D WM-Schedulers: Created SystemJobScheduler and enabled SystemJobService
06-17 11:29:58.312  5068  5084 D WM-ForceStopRunnable: The default process name was not specified.
06-17 11:29:58.312  5068  5084 D WM-ForceStopRunnable: Performing cleanup operations.
06-17 11:29:58.340  5068  5068 I Supabase-Core: SupabaseClient created! Please report any bugs you find.
06-17 11:29:58.377   851   851 I wpa_supplicant: wlan0: CTRL-EVENT-BEACON-LOSS 
06-17 11:29:58.427   465   465 I adbd    : adbd service requested 'jdwp:5068'
06-17 11:29:58.443  5068  5068 W System.err: SLF4J(W): No SLF4J providers were found.
06-17 11:29:58.443  5068  5068 W System.err: SLF4J(W): Defaulting to no-operation (NOP) logger implementation
06-17 11:29:58.443  5068  5068 W System.err: SLF4J(W): See https://www.slf4j.org/codes.html#noProviders for further details.
06-17 11:29:58.457  5068  5084 D WM-ForceStopRunnable: Application was force-stopped, rescheduling.
06-17 11:29:58.549  5068  5084 D WM-PackageManagerHelper: Skipping component enablement for androidx.work.impl.background.systemalarm.RescheduleReceiver
06-17 11:29:58.633  5068  5085 I Supabase-Auth: Loading session from storage...
06-17 11:29:58.638  5068  5086 I HistorySessionSyncV2: cycle=push outcome=skip reason=skipped_signed_out
06-17 11:29:58.641  5068  5086 I CatalogCloudSync: cycle=catalog_auto outcome=skip reason=signed_out
