06-17 11:31:07.299  1144  1144 I MagicTether: [TetherService] Stopping Nearby client role [CONTEXT service_id=276 ]
06-17 11:31:07.299  1144  1144 I MagicTether: [ClientTetherRole] Client role already stopped [CONTEXT service_id=276 ]
06-17 11:31:07.300  1144  4832 I MagicTether: [AutoDisconnectIntentOperation] Canceling task. [CONTEXT service_id=276 ]
06-17 11:31:07.300  1144  5176 I NearbyMediums: WifiLanConnectivityInfo is not changed, skip notify.
06-17 11:31:07.300  1144  4832 I MagicTether: (REDACTED) [NotificationPresenter] cancelNotification: %d
06-17 11:31:07.301  1144  4832 I MagicTether: [AutoDisconnectIntentOperation] Canceling task. [CONTEXT service_id=276 ]
06-17 11:31:07.301  1144  4832 I MagicTether: (REDACTED) [NotificationPresenter] cancelNotification: %d
06-17 11:31:07.783  1144  5176 I NearbySharing: Network state changed: NetworkState(isRestricted=false, isOnline=true, isCongested=false, isMetered=false, isWifiConnected=true)
06-17 11:31:07.789  1144  5176 I NearbySharing: Network state changed: NetworkState(isRestricted=false, isOnline=true, isCongested=false, isMetered=false, isWifiConnected=true)
06-17 11:31:09.289   851   851 I wpa_supplicant: wlan0: CTRL-EVENT-BEACON-LOSS 
06-17 11:31:10.265   605   772 I HalDevMgr: bestIfaceCreationProposal is null, requestIface=STA, existingIface=[name=wlan0 type=STA]
06-17 11:31:10.295   889  1015 D EGL_emulation: app_time_stats: avg=10268.71ms min=10268.71ms max=10268.71ms count=1
06-17 11:31:10.534  1144  5176 I NearbyMediums: No BLE Fast/GATT advertisements found in the latest cycle.
06-17 11:31:10.534  1144  5176 I NearbyMediums: Current Tracked Scanning Clients are : {NearbyConnections.EnvironmentMonitor, NearbySharing, NearbyConnections.TxAdvertisement}
06-17 11:31:13.272   605   772 I HalDevMgr: bestIfaceCreationProposal is null, requestIface=STA, existingIface=[name=wlan0 type=STA]
06-17 11:31:13.279   996  1124 D IpClient/wlan0: interfaceLinkStateChanged: ifindex 16 up
06-17 11:31:13.281   996  1124 D IpClient/wlan0: interfaceLinkStateChanged: ifindex 16 up
06-17 11:31:13.282   996  1124 D IpClient/wlan0: interfaceLinkStateChanged: ifindex 16 up
06-17 11:31:14.198  5068  5093 I CatalogCloudSync: tracker busy=true stage=SYNC_EVENTS_DRAIN status=RUNNING
06-17 11:31:14.262  5068  5097 D EGL_emulation: app_time_stats: avg=823.56ms min=1.81ms max=12294.52ms count=15
06-17 11:31:14.390  5068  5093 I CatalogCloudSync: sync_event_outbox_retry_summary pendingBefore=0 pendingAfter=0 retryLoaded=0 retryEligible=0 retrySkippedMaxAttempts=0 retrySucceeded=0 retryFailed=0 retryDeletedOnSuccess=0
06-17 11:31:14.482  5068  5100 I CatalogCloudSync: sync_events_summary phase=drain syncEventsAvailable=true recordSyncEventAvailable=true realtimeSyncEventsAvailable=true syncEventOutboxPending=0 syncEventOutboxPendingBefore=0 syncEventOutboxPendingAfter=0 syncEventOutboxRetried=0 syncEventOutboxRetryLoaded=0 syncEventOutboxRetryEligible=0 syncEventOutboxRetrySkippedMaxAttempts=0 syncEventOutboxRetrySucceeded=0 syncEventOutboxRetryFailed=0 syncEventOutboxRetryDeletedOnSuccess=0 syncEventOutboxInserted=0 catalogEventEmitted=false priceEventEmitted=false catalogEventOutcome=no_op priceEventOutcome=no_op syncEventsFetched=0 syncEventsProcessed=0 syncEventsSkippedSelf=0 syncEventsSkippedDirtyLocal=0 syncEventsSkippedProtectedLocalCommit=0 syncEventsWatermarkBefore=3035 syncEventsWatermarkAfter=3035 syncEventsTooLarge=false syncEventsGapDetected=false manualFullSyncRequired=false targetedProductsFetched=0 targetedPricesFetched=0 fullCatalogFetch=false fullPriceFetch=false
06-17 11:31:14.482  5068  5100 I CatalogCloudSync: cycle=sync_events_drain outcome=ok reason=foreground_interval durationMs=281 eventsFetched=0 eventsProcessed=0 skippedSelf=0 outboxPending=0 manualFullSyncRequired=false syncEventsGapDetected=false syncEventsTooLarge=false syncEventOutboxRetried=0 targetedProductsFetched=0 targetedPricesFetched=0 targetedHistoryFetched=0 remoteHistoryUpdatesApplied=0 fullCatalogFetch=false fullPriceFetch=false
06-17 11:31:14.482  5068  5100 I CatalogCloudSync: tracker busy=false stage=COMPLETED status=COMPLETED
06-17 11:31:16.279   605   772 I HalDevMgr: bestIfaceCreationProposal is null, requestIface=STA, existingIface=[name=wlan0 type=STA]
06-17 11:31:16.423   465   465 I adbd    : adbd service requested 'shell,v2,raw:dumpsys package com.google.android.gms'
06-17 11:31:16.476   727   751 I artd    : GetBestInfo: odex next to the dex file (/data/app/~~RBqLWa4IHxAvM1EDn2acWA==/com.google.android.gms--6rwsmYaGwERs-rlQ1V3rA==/oat/arm64/base.odex) is kOatBootImageOutOfDate with filter 'speed-profile' executable 'false': Image checksum mismatch, expected i;28/6d8ebc32 to start with i;28/fd0aebae
06-17 11:31:16.477   727   751 I artd    : GetBestInfo: vdex next to the dex file (/data/app/~~RBqLWa4IHxAvM1EDn2acWA==/com.google.android.gms--6rwsmYaGwERs-rlQ1V3rA==/oat/arm64/base.vdex) is kOatUpToDate with filter 'verify' executable 'false'
06-17 11:31:16.477   727  5659 I artd    : GetBestInfo: dm (/data/app/~~RBqLWa4IHxAvM1EDn2acWA==/com.google.android.gms--6rwsmYaGwERs-rlQ1V3rA==/split_AdsDynamite_installtime.dm) is kOatUpToDate with filter 'verify' executable 'false'
06-17 11:31:16.478   727  5659 I artd    : GetBestInfo: odex next to the dex file (/data/app/~~RBqLWa4IHxAvM1EDn2acWA==/com.google.android.gms--6rwsmYaGwERs-rlQ1V3rA==/oat/arm64/split_CronetDynamite_installtime.odex) is kOatBootImageOutOfDate with filter 'speed-profile' executable 'false': Image checksum mismatch, expected i;28/6d8ebc32 to start with i;28/fd0aebae
06-17 11:31:16.478   727  5659 I artd    : GetBestInfo: vdex next to the dex file (/data/app/~~RBqLWa4IHxAvM1EDn2acWA==/com.google.android.gms--6rwsmYaGwERs-rlQ1V3rA==/oat/arm64/split_CronetDynamite_installtime.vdex) is kOatUpToDate with filter 'verify' executable 'false'
06-17 11:31:16.478   727   751 I artd    : GetBestInfo: dm (/data/app/~~RBqLWa4IHxAvM1EDn2acWA==/com.google.android.gms--6rwsmYaGwERs-rlQ1V3rA==/split_DynamiteLoader_installtime.dm) is kOatUpToDate with filter 'verify' executable 'false'
06-17 11:31:16.479   727  5659 I artd    : GetBestInfo: dm (/data/app/~~RBqLWa4IHxAvM1EDn2acWA==/com.google.android.gms--6rwsmYaGwERs-rlQ1V3rA==/split_DynamiteModulesA_installtime.dm) is kOatUpToDate with filter 'verify' executable 'false'
06-17 11:31:16.479   727   751 I artd    : GetBestInfo: dm (/data/app/~~RBqLWa4IHxAvM1EDn2acWA==/com.google.android.gms--6rwsmYaGwERs-rlQ1V3rA==/split_DynamiteModulesC_installtime.dm) is kOatUpToDate with filter 'verify' executable 'false'
06-17 11:31:16.480   727  5659 I artd    : GetBestInfo: dm (/data/app/~~RBqLWa4IHxAvM1EDn2acWA==/com.google.android.gms--6rwsmYaGwERs-rlQ1V3rA==/split_GoogleCertificates_installtime.dm) is kOatUpToDate with filter 'verify' executable 'false'
06-17 11:31:16.480   727   751 I artd    : GetBestInfo: dm (/data/app/~~RBqLWa4IHxAvM1EDn2acWA==/com.google.android.gms--6rwsmYaGwERs-rlQ1V3rA==/split_MapsDynamite_installtime.dm) is kOatUpToDate with filter 'verify' executable 'false'
06-17 11:31:16.481   727  5659 I artd    : GetBestInfo: dm (/data/app/~~RBqLWa4IHxAvM1EDn2acWA==/com.google.android.gms--6rwsmYaGwERs-rlQ1V3rA==/split_MeasurementDynamite_installtime.dm) is kOatUpToDate with filter 'verify' executable 'false'
06-17 11:31:16.481   727   751 I artd    : GetBestInfo: /data/user_de/0/com.google.android.gms/app_chimera/m/0000002a/dl-MlkitBarcodeUi.optional_261733100400.apk has no usable artifacts
06-17 11:31:16.481   727   751 I artd    : GetBestInfo: /data/user_de/0/com.google.android.gms/app_chimera/m/00000035/dl-VisionOcr.optional_261933100000.apk has no usable artifacts
06-17 11:31:16.481   727   751 I artd    : GetBestInfo: /data/user_de/0/com.google.android.gms/app_chimera/m/00000001/CronetDynamite.uncompressed.apk has no usable artifacts
06-17 11:31:16.481   727  5659 I artd    : GetBestInfo: /data/user_de/0/com.google.android.gms/app_chimera/m/00000047/dl-PlayCloudSearch.optional_262333100000.apk has no usable artifacts
06-17 11:31:16.481   727   751 I artd    : GetBestInfo: /data/user_de/0/com.google.android.gms/app_chimera/m/00000016/dl-IdentityCredentialsPlatform.optional_261464100400.apk has no usable artifacts
06-17 11:31:16.481   727  5659 I artd    : GetBestInfo: /data/user_de/0/com.google.android.gms/app_chimera/m/00000046/dl-MlkitOcrCommon.optional_262333100400.apk has no usable artifacts
06-17 11:31:16.481   727   751 I artd    : GetBestInfo: /data/user_de/0/com.google.android.gms/app_chimera/m/00000014/dl-VisionOcr.optional_261464100000.apk has no usable artifacts
06-17 11:31:16.481   727   751 I artd    : GetBestInfo: /data/user_de/0/com.google.android.gms/app_chimera/m/00000017/dl-Appsearch.optional_261464100400.apk has no usable artifacts
06-17 11:31:16.482   727   751 I artd    : GetBestInfo: /data/user_de/0/com.google.android.gms/app_chimera/m/0000004b/dl-MlkitBarcodeUi.optional_262333100400.apk has no usable artifacts
06-17 11:31:16.482   727  5659 I artd    : GetBestInfo: /data/user/0/com.google.android.gms/app_dg_cache/87E7746227FF4E457A2EB56043B95E41006DE49F/the.apk has no usable artifacts
06-17 11:31:16.482   727  5659 I artd    : GetBestInfo: /data/user_de/0/com.google.android.gms/app_chimera/m/00000048/dl-IdentityCredentialsPlatform.optional_262333100400.apk has no usable artifacts
06-17 11:31:16.484   727   751 I artd    : GetBestInfo: /data/user_de/0/com.google.android.gms/app_chimera/m/0000000a/dl-MlkitBarcodeUi.optional_242335100400.apk has no usable artifacts
06-17 11:31:16.484   727  5659 I artd    : GetBestInfo: /data/user_de/0/com.google.android.gms/app_chimera/m/00000029/dl-MlkitOcrCommon.optional_261733100400.apk has no usable artifacts
06-17 11:31:16.484   727  5659 I artd    : GetBestInfo: /data/user_de/0/com.google.android.gms/app_chimera/m/00000002/DynamiteLoader.uncompressed.apk has no usable artifacts
06-17 11:31:16.484   727  5659 I artd    : GetBestInfo: /data/user_de/0/com.google.android.gms/app_chimera/m/0000002e/dl-Appsearch.optional_261733100400.apk has no usable artifacts
06-17 11:31:16.484   727  5659 I artd    : GetBestInfo: /data/user_de/0/com.google.android.gms/app_chimera/m/00000030/dl-MlkitOcrCommon.optional_261933100400.apk has no usable artifacts
06-17 11:31:16.484   727  3879 I artd    : GetBestInfo: /data/user_de/0/com.google.android.gms/app_chimera/m/00000015/dl-PlayCloudSearch.optional_261464100000.apk has no usable artifacts
06-17 11:31:16.484   727  5659 I artd    : GetBestInfo: /data/user_de/0/com.google.android.gms/app_chimera/m/0000001e/dl-Appsearch.optional_261631100400.apk has no usable artifacts
06-17 11:31:16.484   727  5659 I artd    : GetBestInfo: /data/user_de/0/com.google.android.gms/app_chimera/m/00000013/dl-MlkitOcrCommon.optional_261464100400.apk has no usable artifacts
06-17 11:31:16.484   727  5659 I artd    : GetBestInfo: /data/user_de/0/com.google.android.gms/app_chimera/m/00000032/dl-MlkitBarcodeUi.optional_261933100400.apk has no usable artifacts
06-17 11:31:16.484   727  3879 I artd    : GetBestInfo: /data/user/0/com.google.android.gms/app_dg_cache/754BEC187BC4F26BBC31300F93DBF9B7506C1861/the.apk has no usable artifacts
06-17 11:31:16.484   727  3879 I artd    : GetBestInfo: /data/user_de/0/com.google.android.gms/app_chimera/m/00000007/MeasurementDynamite.apk has no usable artifacts
06-17 11:31:16.484   727  5659 I artd    : GetBestInfo: /data/user_de/0/com.google.android.gms/app_chimera/m/0000002c/dl-IdentityCredentialsPlatform.optional_261733100400.apk has no usable artifacts
06-17 11:31:16.484   727  5659 I artd    : GetBestInfo: /data/user_de/0/com.google.android.gms/app_chimera/m/0000002b/dl-PlayCloudSearch.optional_261733100000.apk has no usable artifacts
06-17 11:31:16.484   727  3879 I artd    : GetBestInfo: /data/user_de/0/com.google.android.gms/app_chimera/m/00000033/dl-PlayCloudSearch.optional_261933100000.apk has no usable artifacts
06-17 11:31:16.484   727  4468 I artd    : GetBestInfo: /data/user_de/0/com.google.android.gms/app_chimera/m/0000001c/dl-VisionOcr.optional_261631100000.apk has no usable artifacts
06-17 11:31:16.484   727  5659 I artd    : GetBestInfo: /data/user_de/0/com.google.android.gms/app_chimera/m/00000011/dl-MlkitBarcodeUi.optional_261464100400.apk has no usable artifacts
06-17 11:31:16.485   727  5659 I artd    : GetBestInfo: /data/user_de/0/com.google.android.gms/app_chimera/m/00000049/dl-VisionOcr.optional_262333100000.apk has no usable artifacts
06-17 11:31:16.485   727   751 I artd    : GetBestInfo: /data/user_de/0/com.google.android.gms/app_chimera/m/00000005/GoogleCertificates.apk has no usable artifacts
06-17 11:31:16.485   727   751 I artd    : GetBestInfo: /data/user_de/0/com.google.android.gms/app_chimera/m/00000010/dl-TfliteDynamiteDynamite.integ_260580502100400.apk has no usable artifacts
06-17 11:31:16.485   727  5659 I artd    : GetBestInfo: /data/user/0/com.google.android.gms/app_dg_cache/9D5BCED7935D64431BF672B8BBD597199833CA19/the.apk has no usable artifacts
06-17 11:31:16.485   727   751 I artd    : GetBestInfo: /data/user_de/0/com.google.android.gms/app_chimera/m/00000009/dl-TfliteDynamiteDynamite.integ_252130102100400.apk has no usable artifacts
06-17 11:31:16.486   727  5659 I artd    : GetBestInfo: vdex next to the dex file (/data/user/0/com.google.android.gms/app_dg_cache/5833371D1ACC412507A92815B074897510CCCEDD/oat/arm64/the.vdex) is kOatUpToDate with filter 'verify' executable 'false'
06-17 11:31:16.486   727   751 I artd    : GetBestInfo: /data/user_de/0/com.google.android.gms/app_chimera/m/0000001b/dl-PlayCloudSearch.optional_261631100000.apk has no usable artifacts
06-17 11:31:16.486   727   751 I artd    : GetBestInfo: /data/user_de/0/com.google.android.gms/app_chimera/m/00000027/dl-IdentityCredentialsPlatform.optional_261631100400.apk has no usable artifacts
06-17 11:31:16.486   727   751 I artd    : GetBestInfo: /data/user/0/com.google.android.gms/app_dg_cache/86153AA318A3F208A8C511836585279D8C7E8D94/the.apk has no usable artifacts
06-17 11:31:16.486   727   751 I artd    : GetBestInfo: /data/user_de/0/com.google.android.gms/app_chimera/m/0000001d/dl-IdentityCredentialsPlatform.optional_261631100400.apk has no usable artifacts
06-17 11:31:16.486   727   751 I artd    : GetBestInfo: /data/user_de/0/com.google.android.gms/app_chimera/m/0000002d/dl-VisionOcr.optional_261733100000.apk has no usable artifacts
06-17 11:31:16.486   727   751 I artd    : GetBestInfo: /data/user_de/0/com.google.android.gms/app_chimera/m/0000000e/dl-PlayCloudSearch.optional_242335100000.apk has no usable artifacts
06-17 11:31:16.487   727  5659 I artd    : GetBestInfo: /data/user_de/0/com.google.android.gms/app_chimera/m/0000004a/dl-Appsearch.optional_262333100400.apk has no usable artifacts
06-17 11:31:16.487   727   751 I artd    : GetBestInfo: /data/user_de/0/com.google.android.gms/app_chimera/m/0000001a/dl-MlkitBarcodeUi.optional_261631100400.apk has no usable artifacts
06-17 11:31:16.487   727   751 I artd    : GetBestInfo: vdex next to the dex file (/data/user/0/com.google.android.gms/app_dg_cache/10FF5D5C646CC9E2F04BD9D73A072BD012EF1A7A/oat/arm64/the.vdex) is kOatUpToDate with filter 'verify' executable 'false'
06-17 11:31:16.487   727  5659 I artd    : GetBestInfo: /data/user_de/0/com.google.android.gms/app_chimera/m/00000036/dl-Appsearch.optional_261933100400.apk has no usable artifacts
06-17 11:31:16.487   727  5659 I artd    : GetBestInfo: /data/user/0/com.google.android.gms/app_dg_cache/21A90BF1C1C388089206DCE215FB60D7882BFA18/the.apk has no usable artifacts
06-17 11:31:16.487   727  5659 I artd    : GetBestInfo: /data/user_de/0/com.google.android.gms/app_chimera/m/0000001f/dl-IdentityCredentialsPlacebo.optional_261631100400.apk has no usable artifacts
06-17 11:31:16.487   727  5659 I artd    : GetBestInfo: /data/user_de/0/com.google.android.gms/app_chimera/m/00000034/dl-IdentityCredentialsPlatform.optional_261933100400.apk has no usable artifacts
06-17 11:31:16.487   727  5659 I artd    : GetBestInfo: /data/user_de/0/com.google.android.gms/app_chimera/m/00000019/dl-MlkitOcrCommon.optional_261631100400.apk has no usable artifacts
06-17 11:31:16.487   727  5659 I artd    : GetBestInfo: /data/user/0/com.google.android.gms/app_dg_cache/A8F89F306FD1BA172E06F6F2B9F79826D0309BB6/the.apk has no usable artifacts
06-17 11:31:16.487   727  5659 I artd    : GetBestInfo: /data/user/0/com.google.android.gms/app_dg_cache/707FFD883BF2A7896692338F9625CA52336E933B/the.apk has no usable artifacts
06-17 11:31:16.735  5068  5097 D EGL_emulation: app_time_stats: avg=125.71ms min=1.47ms max=2201.61ms count=18
06-17 11:31:17.483   851   851 I wpa_supplicant: wlan0: CTRL-EVENT-BEACON-LOSS 
06-17 11:31:19.284   605   772 I HalDevMgr: bestIfaceCreationProposal is null, requestIface=STA, existingIface=[name=wlan0 type=STA]
06-17 11:31:19.290   996  1124 D IpClient/wlan0: interfaceLinkStateChanged: ifindex 16 up
06-17 11:31:19.292   996  1124 D IpClient/wlan0: interfaceLinkStateChanged: ifindex 16 up
06-17 11:31:20.536  1144  5191 I NearbyMediums: No BLE Fast/GATT advertisements found in the latest cycle.
06-17 11:31:20.536  1144  5191 I NearbyMediums: Current Tracked Scanning Clients are : {NearbyConnections.EnvironmentMonitor, NearbySharing, NearbyConnections.TxAdvertisement}
06-17 11:31:22.288   605   772 I HalDevMgr: bestIfaceCreationProposal is null, requestIface=STA, existingIface=[name=wlan0 type=STA]
06-17 11:31:22.351  1144  1144 D BoundBrokerSvc: onUnbind: Intent { act=com.google.android.gms.scheduler.ACTION_PROXY_SCHEDULE_SINGLE_USER dat=chimera-action:/... cmp=com.google.android.gms/.chimera.PersistentSingleUserInternalApiService }
06-17 11:31:25.295   605   772 I HalDevMgr: bestIfaceCreationProposal is null, requestIface=STA, existingIface=[name=wlan0 type=STA]
06-17 11:31:25.299   996  1124 D IpClient/wlan0: interfaceLinkStateChanged: ifindex 16 up
06-17 11:31:25.306   996  1124 D IpClient/wlan0: interfaceLinkStateChanged: ifindex 16 up
06-17 11:31:25.419   851   851 I wpa_supplicant: wlan0: CTRL-EVENT-BEACON-LOSS 
06-17 11:31:26.425   465   465 I adbd    : adbd service requested 'shell,v2,raw:dumpsys package com.google.android.gms'
06-17 11:31:26.473   727  5659 I artd    : GetBestInfo: odex next to the dex file (/data/app/~~RBqLWa4IHxAvM1EDn2acWA==/com.google.android.gms--6rwsmYaGwERs-rlQ1V3rA==/oat/arm64/base.odex) is kOatBootImageOutOfDate with filter 'speed-profile' executable 'false': Image checksum mismatch, expected i;28/6d8ebc32 to start with i;28/fd0aebae
06-17 11:31:26.474   727  5659 I artd    : GetBestInfo: vdex next to the dex file (/data/app/~~RBqLWa4IHxAvM1EDn2acWA==/com.google.android.gms--6rwsmYaGwERs-rlQ1V3rA==/oat/arm64/base.vdex) is kOatUpToDate with filter 'verify' executable 'false'
06-17 11:31:26.475   727  5659 I artd    : GetBestInfo: dm (/data/app/~~RBqLWa4IHxAvM1EDn2acWA==/com.google.android.gms--6rwsmYaGwERs-rlQ1V3rA==/split_AdsDynamite_installtime.dm) is kOatUpToDate with filter 'verify' executable 'false'
06-17 11:31:26.475   727   751 I artd    : GetBestInfo: odex next to the dex file (/data/app/~~RBqLWa4IHxAvM1EDn2acWA==/com.google.android.gms--6rwsmYaGwERs-rlQ1V3rA==/oat/arm64/split_CronetDynamite_installtime.odex) is kOatBootImageOutOfDate with filter 'speed-profile' executable 'false': Image checksum mismatch, expected i;28/6d8ebc32 to start with i;28/fd0aebae
06-17 11:31:26.475   727   751 I artd    : GetBestInfo: vdex next to the dex file (/data/app/~~RBqLWa4IHxAvM1EDn2acWA==/com.google.android.gms--6rwsmYaGwERs-rlQ1V3rA==/oat/arm64/split_CronetDynamite_installtime.vdex) is kOatUpToDate with filter 'verify' executable 'false'
06-17 11:31:26.476   727  5659 I artd    : GetBestInfo: dm (/data/app/~~RBqLWa4IHxAvM1EDn2acWA==/com.google.android.gms--6rwsmYaGwERs-rlQ1V3rA==/split_DynamiteLoader_installtime.dm) is kOatUpToDate with filter 'verify' executable 'false'
06-17 11:31:26.476   727   751 I artd    : GetBestInfo: dm (/data/app/~~RBqLWa4IHxAvM1EDn2acWA==/com.google.android.gms--6rwsmYaGwERs-rlQ1V3rA==/split_DynamiteModulesA_installtime.dm) is kOatUpToDate with filter 'verify' executable 'false'
06-17 11:31:26.477   727  5659 I artd    : GetBestInfo: dm (/data/app/~~RBqLWa4IHxAvM1EDn2acWA==/com.google.android.gms--6rwsmYaGwERs-rlQ1V3rA==/split_DynamiteModulesC_installtime.dm) is kOatUpToDate with filter 'verify' executable 'false'
06-17 11:31:26.477   727   751 I artd    : GetBestInfo: dm (/data/app/~~RBqLWa4IHxAvM1EDn2acWA==/com.google.android.gms--6rwsmYaGwERs-rlQ1V3rA==/split_GoogleCertificates_installtime.dm) is kOatUpToDate with filter 'verify' executable 'false'
06-17 11:31:26.477   727  5659 I artd    : GetBestInfo: dm (/data/app/~~RBqLWa4IHxAvM1EDn2acWA==/com.google.android.gms--6rwsmYaGwERs-rlQ1V3rA==/split_MapsDynamite_installtime.dm) is kOatUpToDate with filter 'verify' executable 'false'
06-17 11:31:26.478   727   751 I artd    : GetBestInfo: dm (/data/app/~~RBqLWa4IHxAvM1EDn2acWA==/com.google.android.gms--6rwsmYaGwERs-rlQ1V3rA==/split_MeasurementDynamite_installtime.dm) is kOatUpToDate with filter 'verify' executable 'false'
06-17 11:31:26.478   727  5659 I artd    : GetBestInfo: /data/user_de/0/com.google.android.gms/app_chimera/m/0000002a/dl-MlkitBarcodeUi.optional_261733100400.apk has no usable artifacts
06-17 11:31:26.478   727  5659 I artd    : GetBestInfo: /data/user_de/0/com.google.android.gms/app_chimera/m/00000035/dl-VisionOcr.optional_261933100000.apk has no usable artifacts
06-17 11:31:26.478   727  5659 I artd    : GetBestInfo: /data/user_de/0/com.google.android.gms/app_chimera/m/00000001/CronetDynamite.uncompressed.apk has no usable artifacts
06-17 11:31:26.478   727  5659 I artd    : GetBestInfo: /data/user_de/0/com.google.android.gms/app_chimera/m/00000047/dl-PlayCloudSearch.optional_262333100000.apk has no usable artifacts
06-17 11:31:26.478   727   751 I artd    : GetBestInfo: /data/user_de/0/com.google.android.gms/app_chimera/m/00000016/dl-IdentityCredentialsPlatform.optional_261464100400.apk has no usable artifacts
06-17 11:31:26.479   727   751 I artd    : GetBestInfo: /data/user_de/0/com.google.android.gms/app_chimera/m/00000046/dl-MlkitOcrCommon.optional_262333100400.apk has no usable artifacts
06-17 11:31:26.479   727  5659 I artd    : GetBestInfo: /data/user_de/0/com.google.android.gms/app_chimera/m/00000014/dl-VisionOcr.optional_261464100000.apk has no usable artifacts
06-17 11:31:26.479   727  5659 I artd    : GetBestInfo: /data/user_de/0/com.google.android.gms/app_chimera/m/00000017/dl-Appsearch.optional_261464100400.apk has no usable artifacts
06-17 11:31:26.479   727  5659 I artd    : GetBestInfo: /data/user_de/0/com.google.android.gms/app_chimera/m/0000004b/dl-MlkitBarcodeUi.optional_262333100400.apk has no usable artifacts
06-17 11:31:26.479   727   751 I artd    : GetBestInfo: /data/user/0/com.google.android.gms/app_dg_cache/87E7746227FF4E457A2EB56043B95E41006DE49F/the.apk has no usable artifacts
06-17 11:31:26.480   727   751 I artd    : GetBestInfo: /data/user_de/0/com.google.android.gms/app_chimera/m/00000048/dl-IdentityCredentialsPlatform.optional_262333100400.apk has no usable artifacts
06-17 11:31:26.480   727  5659 I artd    : GetBestInfo: /data/user_de/0/com.google.android.gms/app_chimera/m/0000000a/dl-MlkitBarcodeUi.optional_242335100400.apk has no usable artifacts
06-17 11:31:26.480   727   751 I artd    : GetBestInfo: /data/user_de/0/com.google.android.gms/app_chimera/m/00000029/dl-MlkitOcrCommon.optional_261733100400.apk has no usable artifacts
06-17 11:31:26.480   727   751 I artd    : GetBestInfo: /data/user_de/0/com.google.android.gms/app_chimera/m/00000002/DynamiteLoader.uncompressed.apk has no usable artifacts
06-17 11:31:26.480   727   751 I artd    : GetBestInfo: /data/user_de/0/com.google.android.gms/app_chimera/m/0000002e/dl-Appsearch.optional_261733100400.apk has no usable artifacts
06-17 11:31:26.480   727   751 I artd    : GetBestInfo: /data/user_de/0/com.google.android.gms/app_chimera/m/00000030/dl-MlkitOcrCommon.optional_261933100400.apk has no usable artifacts
06-17 11:31:26.481   727   751 I artd    : GetBestInfo: /data/user_de/0/com.google.android.gms/app_chimera/m/00000015/dl-PlayCloudSearch.optional_261464100000.apk has no usable artifacts
06-17 11:31:26.481   727  5659 I artd    : GetBestInfo: /data/user_de/0/com.google.android.gms/app_chimera/m/0000001e/dl-Appsearch.optional_261631100400.apk has no usable artifacts
06-17 11:31:26.481   727  5659 I artd    : GetBestInfo: /data/user_de/0/com.google.android.gms/app_chimera/m/00000013/dl-MlkitOcrCommon.optional_261464100400.apk has no usable artifacts
06-17 11:31:26.481   727   751 I artd    : GetBestInfo: /data/user_de/0/com.google.android.gms/app_chimera/m/00000032/dl-MlkitBarcodeUi.optional_261933100400.apk has no usable artifacts
06-17 11:31:26.481   727  5659 I artd    : GetBestInfo: /data/user/0/com.google.android.gms/app_dg_cache/754BEC187BC4F26BBC31300F93DBF9B7506C1861/the.apk has no usable artifacts
06-17 11:31:26.481   727   751 I artd    : GetBestInfo: /data/user_de/0/com.google.android.gms/app_chimera/m/00000007/MeasurementDynamite.apk has no usable artifacts
06-17 11:31:26.481   727  5659 I artd    : GetBestInfo: /data/user_de/0/com.google.android.gms/app_chimera/m/0000002c/dl-IdentityCredentialsPlatform.optional_261733100400.apk has no usable artifacts
06-17 11:31:26.481   727   751 I artd    : GetBestInfo: /data/user_de/0/com.google.android.gms/app_chimera/m/0000002b/dl-PlayCloudSearch.optional_261733100000.apk has no usable artifacts
06-17 11:31:26.481   727  5659 I artd    : GetBestInfo: /data/user_de/0/com.google.android.gms/app_chimera/m/00000033/dl-PlayCloudSearch.optional_261933100000.apk has no usable artifacts
06-17 11:31:26.481   727   751 I artd    : GetBestInfo: /data/user_de/0/com.google.android.gms/app_chimera/m/0000001c/dl-VisionOcr.optional_261631100000.apk has no usable artifacts
06-17 11:31:26.481   727  5659 I artd    : GetBestInfo: /data/user_de/0/com.google.android.gms/app_chimera/m/00000011/dl-MlkitBarcodeUi.optional_261464100400.apk has no usable artifacts
06-17 11:31:26.481   727   751 I artd    : GetBestInfo: /data/user_de/0/com.google.android.gms/app_chimera/m/00000049/dl-VisionOcr.optional_262333100000.apk has no usable artifacts
06-17 11:31:26.481   727   751 I artd    : GetBestInfo: /data/user_de/0/com.google.android.gms/app_chimera/m/00000005/GoogleCertificates.apk has no usable artifacts
06-17 11:31:26.482   727  5659 I artd    : GetBestInfo: /data/user_de/0/com.google.android.gms/app_chimera/m/00000010/dl-TfliteDynamiteDynamite.integ_260580502100400.apk has no usable artifacts
06-17 11:31:26.482   727  5659 I artd    : GetBestInfo: /data/user/0/com.google.android.gms/app_dg_cache/9D5BCED7935D64431BF672B8BBD597199833CA19/the.apk has no usable artifacts
06-17 11:31:26.482   727  4468 I artd    : GetBestInfo: /data/user_de/0/com.google.android.gms/app_chimera/m/00000009/dl-TfliteDynamiteDynamite.integ_252130102100400.apk has no usable artifacts
06-17 11:31:26.482   727  5659 I artd    : GetBestInfo: vdex next to the dex file (/data/user/0/com.google.android.gms/app_dg_cache/5833371D1ACC412507A92815B074897510CCCEDD/oat/arm64/the.vdex) is kOatUpToDate with filter 'verify' executable 'false'
06-17 11:31:26.482   727   751 I artd    : GetBestInfo: /data/user_de/0/com.google.android.gms/app_chimera/m/0000001b/dl-PlayCloudSearch.optional_261631100000.apk has no usable artifacts
06-17 11:31:26.482   727   751 I artd    : GetBestInfo: /data/user_de/0/com.google.android.gms/app_chimera/m/00000027/dl-IdentityCredentialsPlatform.optional_261631100400.apk has no usable artifacts
06-17 11:31:26.482   727  4468 I artd    : GetBestInfo: /data/user/0/com.google.android.gms/app_dg_cache/86153AA318A3F208A8C511836585279D8C7E8D94/the.apk has no usable artifacts
06-17 11:31:26.482   727  4468 I artd    : GetBestInfo: /data/user_de/0/com.google.android.gms/app_chimera/m/0000001d/dl-IdentityCredentialsPlatform.optional_261631100400.apk has no usable artifacts
06-17 11:31:26.482   727  4468 I artd    : GetBestInfo: /data/user_de/0/com.google.android.gms/app_chimera/m/0000002d/dl-VisionOcr.optional_261733100000.apk has no usable artifacts
06-17 11:31:26.483   727  3879 I artd    : GetBestInfo: /data/user_de/0/com.google.android.gms/app_chimera/m/0000000e/dl-PlayCloudSearch.optional_242335100000.apk has no usable artifacts
06-17 11:31:26.483   727  5659 I artd    : GetBestInfo: /data/user_de/0/com.google.android.gms/app_chimera/m/0000004a/dl-Appsearch.optional_262333100400.apk has no usable artifacts
06-17 11:31:26.483   727   751 I artd    : GetBestInfo: /data/user_de/0/com.google.android.gms/app_chimera/m/0000001a/dl-MlkitBarcodeUi.optional_261631100400.apk has no usable artifacts
06-17 11:31:26.484   727   751 I artd    : GetBestInfo: vdex next to the dex file (/data/user/0/com.google.android.gms/app_dg_cache/10FF5D5C646CC9E2F04BD9D73A072BD012EF1A7A/oat/arm64/the.vdex) is kOatUpToDate with filter 'verify' executable 'false'
06-17 11:31:26.484   727  3879 I artd    : GetBestInfo: /data/user_de/0/com.google.android.gms/app_chimera/m/00000036/dl-Appsearch.optional_261933100400.apk has no usable artifacts
06-17 11:31:26.484   727  3879 I artd    : GetBestInfo: /data/user/0/com.google.android.gms/app_dg_cache/21A90BF1C1C388089206DCE215FB60D7882BFA18/the.apk has no usable artifacts
06-17 11:31:26.484   727  3879 I artd    : GetBestInfo: /data/user_de/0/com.google.android.gms/app_chimera/m/0000001f/dl-IdentityCredentialsPlacebo.optional_261631100400.apk has no usable artifacts
06-17 11:31:26.484   727  5659 I artd    : GetBestInfo: /data/user_de/0/com.google.android.gms/app_chimera/m/00000034/dl-IdentityCredentialsPlatform.optional_261933100400.apk has no usable artifacts
06-17 11:31:26.484   727  5659 I artd    : GetBestInfo: /data/user_de/0/com.google.android.gms/app_chimera/m/00000019/dl-MlkitOcrCommon.optional_261631100400.apk has no usable artifacts
06-17 11:31:26.484   727  5659 I artd    : GetBestInfo: /data/user/0/com.google.android.gms/app_dg_cache/A8F89F306FD1BA172E06F6F2B9F79826D0309BB6/the.apk has no usable artifacts
06-17 11:31:26.484   727  5659 I artd    : GetBestInfo: /data/user/0/com.google.android.gms/app_dg_cache/707FFD883BF2A7896692338F9625CA52336E933B/the.apk has no usable artifacts
06-17 11:31:27.976   465   465 I adbd    : adbd service requested 'shell,v2,TERM=dumb:export ANDROID_LOG_TAGS=''; exec logcat '-d''
