--------- beginning of main
06-17 11:17:52.975   465   465 I adbd    : adbd service requested 'shell,v2,TERM=dumb,raw:monkey -p com.example.merchandisecontrolsplitview 1'
06-17 11:17:53.036  4441  4441 D AndroidRuntime: >>>>>> START com.android.internal.os.RuntimeInit uid 2000 <<<<<<
06-17 11:17:53.039  4441  4441 I AndroidRuntime: Using default boot image
06-17 11:17:53.039  4441  4441 I AndroidRuntime: Leaving lock profiling enabled
06-17 11:17:53.040  4441  4441 I app_process: Using generational CollectorTypeCMC GC.
06-17 11:17:53.063  4441  4441 D nativeloader: InitDefaultPublicLibraries for_preload=1: libandroid.so:libaaudio.so:libamidi.so:libbinder_ndk.so:libc.so:libcamera2ndk.so:libdl.so:libEGL.so:libGLESv1_CM.so:libGLESv2.so:libGLESv3.so:libicu.so:libicui18n.so:libicuuc.so:libjnigraphics.so:liblog.so:libmediandk.so:libm.so:libnativehelper.so:libnativewindow.so:libOpenMAXAL.so:libOpenSLES.so:libRS.so:libstdc++.so:libsync.so:libvulkan.so:libwebviewchromium_plat_support.so:libz.so
06-17 11:17:53.068  4441  4441 D nativeloader: Load libicu_jni.so using APEX ns com_android_art for caller /apex/com.android.art/javalib/core-oj.jar: ok
06-17 11:17:53.068  4441  4441 D app_process: u_setTimeZoneFilesDirectory("/apex/com.android.tzdata/etc/tz/versioned/8/icu") succeeded. 
06-17 11:17:53.068  4441  4441 D app_process: I18n APEX ICU file found: /apex/com.android.i18n/etc/icu/icudt75l.dat
06-17 11:17:53.069  4441  4441 D nativeloader: Load libjavacore.so using APEX ns com_android_art for caller /apex/com.android.art/javalib/core-oj.jar: ok
06-17 11:17:53.069  4441  4441 D nativeloader: Load libopenjdk.so using APEX ns com_android_art for caller /apex/com.android.art/javalib/core-oj.jar: ok
06-17 11:17:53.069  4441  4441 I app_process: Priority-to-niceness mapping: 19, 16, 13, 10, 0, -2, -4, -5, -6, -8
06-17 11:17:53.080  4441  4441 D nativeloader: Load libframework-connectivity-tiramisu-jni.so using APEX ns com_android_tethering for caller /apex/com.android.tethering/javalib/framework-connectivity-t.jar: ok
06-17 11:17:53.080  4441  4441 D AndroidRuntime: Calling main entry com.android.commands.monkey.Monkey
06-17 11:17:53.080  4441  4441 W Monkey  : args: [-p, com.example.merchandisecontrolsplitview, 1]
06-17 11:17:53.080  4441  4441 W Monkey  :  arg: "-p"
06-17 11:17:53.080  4441  4441 W Monkey  :  arg: "com.example.merchandisecontrolsplitview"
06-17 11:17:53.080  4441  4441 W Monkey  :  arg: "1"
06-17 11:17:53.080  4441  4441 W Monkey  : data="com.example.merchandisecontrolsplitview"
--------- beginning of system
06-17 11:17:53.086   605  2203 W ActivityManager: registerReceiverWithFeature: no app for null
06-17 11:17:53.089   605  2203 W ActivityTaskManager: callingPackage for (uid=2000, pid=4441) has no WPC
06-17 11:17:53.089   605  2203 W OptProp : Cannot read opt property android.window.PROPERTY_COMPAT_ALLOW_USER_ASPECT_RATIO_OVERRIDE
06-17 11:17:53.089   605  2203 W OptProp : Cannot read opt property android.window.PROPERTY_COMPAT_ALLOW_USER_ASPECT_RATIO_FULLSCREEN_OVERRIDE
06-17 11:17:53.089   605  2203 W OptProp : Cannot read opt property android.window.PROPERTY_COMPAT_ALLOW_ORIENTATION_OVERRIDE
06-17 11:17:53.090   605  2203 V GrammaticalInflectionUtils: AttributionSource: android.content.AttributionSource@dd8d116e does not have READ_SYSTEM_GRAMMATICAL_GENDER permission.
06-17 11:17:53.090   605  2203 W OptProp : Cannot read opt property android.window.PROPERTY_COMPAT_ALLOW_RESIZEABLE_ACTIVITY_OVERRIDES
06-17 11:17:53.090   605  2203 W OptProp : Cannot read opt property android.window.PROPERTY_COMPAT_ALLOW_MIN_ASPECT_RATIO_OVERRIDE
06-17 11:17:53.095   488  3695 W IPCThreadState: Sending oneway calls to frozen process.
06-17 11:17:53.096   889   949 V WindowManagerShell: Transition requested (#12): android.os.BinderProxy@15e618d TransitionRequestInfo { type = OPEN, triggerTask = TaskInfo{userId=0 taskId=287 displayId=0 isRunning=true baseIntent=Intent { act=android.intent.action.MAIN cat=[android.intent.category.LAUNCHER] flg=0x10200000 cmp=com.example.merchandisecontrolsplitview/.MainActivity } baseActivity=ComponentInfo{com.example.merchandisecontrolsplitview/com.example.merchandisecontrolsplitview.MainActivity} topActivity=ComponentInfo{com.example.merchandisecontrolsplitview/com.example.merchandisecontrolsplitview.MainActivity} origActivity=null realActivity=ComponentInfo{com.example.merchandisecontrolsplitview/com.example.merchandisecontrolsplitview.MainActivity} numActivities=1 lastActiveTime=54451647 supportsMultiWindow=true resizeMode=1 isResizeable=true minWidth=-1 minHeight=-1 defaultMinSize=220 token=WCT{android.window.IWindowContainerToken$Stub$Proxy@6f6af42} topActivityType=1 pictureInPictureParams=null shouldDockBigOverlays=false launchIntoPipHostTaskId=-1 lastParentTaskIdBeforePip=-1 displayCutoutSafeInsets=null topActivityInfo=ActivityInfo{f7aeb53 com.example.merchandisecontrolsplitview.MainActivity} launchCookies=[] positionInParent=Point(0, 0) parentTaskId=-1 isFocused=false isVisible=false isVisibleRequested=false isSleeping=false locusId=null displayAreaFeatureId=1 isTopActivityTransparent=false appCompatTaskInfo=AppCompatTaskInfo { topActivityInSizeCompat=false topActivityEligibleForLetterboxEducation= falseisLetterboxEducationEnabled= true isLetterboxDoubleTapEnabled= false topActivityEligibleForUserAspectRatioButton= false topActivityBoundsLetterboxed= false isFromLetterboxDoubleTap= false topActivityLetterboxVerticalPosition= -1 topActivityLetterboxHorizontalPosition= -1 topActivityLetterboxWidth=1080 topActivityLetterboxHeight=2400 isUserFullscreenOverrideEnabled=false isSystemFullscreenOverrideEnabled=false cameraCompatTaskInfo=CameraCompatTaskInfo { cameraCompatControlState=hidden freeformCameraCompatMode=inactive}}}, pipTask = null, remoteTransition = null, displayChange = null, flags = 0, debugId = 12 }
06-17 11:17:53.097   605  2203 I ActivityTaskManager: START u0 {act=android.intent.action.MAIN cat=[android.intent.category.LAUNCHER] flg=0x10200000 cmp=com.example.merchandisecontrolsplitview/.MainActivity} with LAUNCH_SINGLE_TASK from uid 2000 (BAL_ALLOW_PERMISSION) result code=0
06-17 11:17:53.098  4441  4441 I Monkey  : Events injected: 1
06-17 11:17:53.099  1200  1200 W SplitSelectStateCtor: Missing session instanceIds
06-17 11:17:53.099  1200  1200 D StatsLog: LAUNCHER_SPLIT_SELECTION_EXIT_INTERRUPTED
06-17 11:17:53.099   889   949 D WindowManagerShell: setLauncherKeepClearAreaHeight: visible=false, height=527
06-17 11:17:53.099   463   463 I BpBinder: onLastStrongRef automatically unlinking death recipients: 
06-17 11:17:53.111   605   625 V GrammaticalInflectionUtils: AttributionSource: android.content.AttributionSource@dd8d116e does not have READ_SYSTEM_GRAMMATICAL_GENDER permission.
06-17 11:17:53.112  1200  1200 I TopTaskTracker: onTaskMovedToFront: (moved taskInfo to front) taskId=287, baseIntent=Intent { act=android.intent.action.MAIN cat=[android.intent.category.LAUNCHER] flg=0x10200000 cmp=com.example.merchandisecontrolsplitview/.MainActivity }
06-17 11:17:53.126  4441  4441 I Monkey  : ## Network stats: elapsed time=30ms (0ms mobile, 0ms wifi, 30ms not connected)
06-17 11:17:53.126  4441  4441 I app_process: System.exit called, status: 0
06-17 11:17:53.126  4441  4441 I AndroidRuntime: VM exiting with result code 0.
06-17 11:17:53.129   395   395 D Zygote  : Forked child process 4453
06-17 11:17:53.130   605   633 I ActivityManager: Start proc 4453:com.example.merchandisecontrolsplitview/u0a209 for next-top-activity {com.example.merchandisecontrolsplitview/com.example.merchandisecontrolsplitview.MainActivity}
06-17 11:17:53.138  4453  4453 I ontrolsplitview: Late-enabling -Xcheck:jni
06-17 11:17:53.147  4453  4453 I ontrolsplitview: Using generational CollectorTypeCMC GC.
06-17 11:17:53.151   465   483 I adbd    : jdwp connection from 4453
06-17 11:17:53.156  4453  4453 D nativeloader: Load libframework-connectivity-tiramisu-jni.so using APEX ns com_android_tethering for caller /apex/com.android.tethering/javalib/framework-connectivity-t.jar: ok
06-17 11:17:53.156  1200  1640 D EGL_emulation: app_time_stats: avg=53097.05ms min=53097.05ms max=53097.05ms count=1
06-17 11:17:53.156   605   622 V WindowManager: Sent Transition (#12) createdAt=06-17 11:17:53.090 via request=TransitionRequestInfo { type = OPEN, triggerTask = TaskInfo{userId=0 taskId=287 displayId=0 isRunning=true baseIntent=Intent { act=android.intent.action.MAIN cat=[android.intent.category.LAUNCHER] flg=0x10200000 cmp=com.example.merchandisecontrolsplitview/.MainActivity } baseActivity=ComponentInfo{com.example.merchandisecontrolsplitview/com.example.merchandisecontrolsplitview.MainActivity} topActivity=ComponentInfo{com.example.merchandisecontrolsplitview/com.example.merchandisecontrolsplitview.MainActivity} origActivity=null realActivity=ComponentInfo{com.example.merchandisecontrolsplitview/com.example.merchandisecontrolsplitview.MainActivity} numActivities=1 lastActiveTime=54451647 supportsMultiWindow=true resizeMode=1 isResizeable=true minWidth=-1 minHeight=-1 defaultMinSize=220 token=WCT{RemoteToken{df3fed6 Task{c94005 #287 type=standard A=10209:com.example.merchandisecontrolsplitview}}} topActivityType=1 pictureInPictureParams=null shouldDockBigOverlays=false launchIntoPipHostTaskId=-1 lastParentTaskIdBeforePip=-1 displayCutoutSafeInsets=null topActivityInfo=ActivityInfo{80ce557 com.example.merchandisecontrolsplitview.MainActivity} launchCookies=[] positionInParent=Point(0, 0) parentTaskId=-1 isFocused=false isVisible=false isVisibleRequested=false isSleeping=false locusId=null displayAreaFeatureId=1 isTopActivityTransparent=false appCompatTaskInfo=AppCompatTaskInfo { topActivityInSizeCompat=false topActivityEligibleForLetterboxEducation= falseisLetterboxEducationEnabled= true isLetterboxDoubleTapEnabled= false topActivityEligibleForUserAspectRatioButton= false topActivityBoundsLetterboxed= false isFromLetterboxDoubleTap= false topActivityLetterboxVerticalPosition= -1 topActivityLetterboxHorizontalPosition= -1 topActivityLetterboxWidth=1080 topActivityLetterboxHeight=2400 isUserFullscreenOverrideEnabled=false isSystemFullscreenOverrideEnabled=false cameraCompatTaskInfo=CameraCompatTaskInfo { cameraCompatControlState=hidden freeformCameraCompatMode=inactive}}}, pipTask = null, remoteTransition = null, displayChange = null, flags = 0, debugId = 12 }
06-17 11:17:53.156   605   622 V WindowManager:     startWCT=WindowContainerTransaction { changes = {} hops = [] errorCallbackToken=null taskFragmentOrganizer=null }
06-17 11:17:53.157   605   622 V WindowManager:     info={id=12 t=OPEN f=0x0 trk=0 r=[0@Point(0, 0)] c=[
06-17 11:17:53.157   605   622 V WindowManager:         {WCT{RemoteToken{df3fed6 Task{c94005 #287 type=standard A=10209:com.example.merchandisecontrolsplitview}}} m=OPEN f=NONE leash=Surface(name=Task=287)/@0xd9f2a98 sb=Rect(0, 0 - 1080, 2400) eb=Rect(0, 0 - 1080, 2400) d=0 taskParent=-1},
06-17 11:17:53.157   605   622 V WindowManager:         {WCT{RemoteToken{9df7f1d Task{429cdd5 #285 type=home}}} m=TO_BACK f=SHOW_WALLPAPER leash=Surface(name=Task=285)/@0x9930bfb sb=Rect(0, 0 - 1080, 2400) eb=Rect(0, 0 - 1080, 2400) d=0 taskParent=-1}
06-17 11:17:53.157   605   622 V WindowManager:     ]}
06-17 11:17:53.157   889 13211 V WindowManagerShell: onTransitionReady(transaction=2598455214613)
06-17 11:17:53.158   889   949 V WindowManagerShell: onTransitionReady (#12) android.os.BinderProxy@15e618d: {id=12 t=OPEN f=0x0 trk=0 r=[0@Point(0, 0)] c=[{WCT{android.window.IWindowContainerToken$Stub$Proxy@9e6b066} m=OPEN f=NONE leash=Surface(name=Task=287)/@0xf8ee49a sb=Rect(0, 0 - 1080, 2400) eb=Rect(0, 0 - 1080, 2400) d=0 taskParent=-1},{WCT{android.window.IWindowContainerToken$Stub$Proxy@5dc5fa7} m=TO_BACK f=SHOW_WALLPAPER leash=Surface(name=Task=285)/@0x29a71cb sb=Rect(0, 0 - 1080, 2400) eb=Rect(0, 0 - 1080, 2400) d=0 taskParent=-1}]}
06-17 11:17:53.158   889   949 V WindowManagerShell: Playing animation for (#12) android.os.BinderProxy@15e618d@0
06-17 11:17:53.158   889   949 V WindowManagerShell:  try handler com.android.wm.shell.transition.DefaultMixedHandler@4254119
06-17 11:17:53.158   889   949 V WindowManagerShell:  try handler com.android.wm.shell.keyguard.KeyguardTransitionHandler@885de
06-17 11:17:53.158   889   949 V WindowManagerShell:  try handler com.android.wm.shell.pip.PipTransition@41ed3bf
06-17 11:17:53.158   889   949 V WindowManagerShell:  try handler com.android.wm.shell.activityembedding.ActivityEmbeddingController@a5e8a8c
06-17 11:17:53.158   889   949 V WindowManagerShell:  try handler com.android.wm.shell.recents.RecentsTransitionHandler@cbfd5d5
06-17 11:17:53.158   889   949 V ShellRecents: RecentsTransitionHandler.startAnimation: no controller found
06-17 11:17:53.158   889   949 V WindowManagerShell:  try handler com.android.wm.shell.splitscreen.StageCoordinator@89321ea
06-17 11:17:53.158   889   949 V WindowManagerShell:  try handler com.android.wm.shell.transition.RemoteTransitionHandler@ff6ecdb
06-17 11:17:53.158   889   949 V WindowManagerShell: Transition doesn't have explicit remote, search filters for match for {id=12 t=OPEN f=0x0 trk=0 r=[0@Point(0, 0)] c=[{WCT{android.window.IWindowContainerToken$Stub$Proxy@9e6b066} m=OPEN f=NONE leash=Surface(name=Task=287)/@0xf8ee49a sb=Rect(0, 0 - 1080, 2400) eb=Rect(0, 0 - 1080, 2400) d=0 taskParent=-1},{WCT{android.window.IWindowContainerToken$Stub$Proxy@5dc5fa7} m=TO_BACK f=SHOW_WALLPAPER leash=Surface(name=Task=285)/@0x29a71cb sb=Rect(0, 0 - 1080, 2400) eb=Rect(0, 0 - 1080, 2400) d=0 taskParent=-1}]}
06-17 11:17:53.158   889   949 V WindowManagerShell:  Checking filter Pair{{types=[] flags=0x0] notFlags=0x0 checks=[{atype=undefined independent=true modes=[OPEN,TO_FRONT] flags=IN_TASK_WITH_EMBEDDED_ACTIVITY mustBeTask=false order=ANY topActivity=ComponentInfo{com.google.android.apps.nexuslauncher/com.google.android.apps.nexuslauncher.NexusLauncherActivity} launchCookie=null},{atype=undefined independent=true modes=[CLOSE,TO_BACK] flags=IN_TASK_WITH_EMBEDDED_ACTIVITY mustBeTask=false order=ANY topActivity=null launchCookie=null}]} RemoteTransition { remoteTransition = android.window.IRemoteTransition$Stub$Proxy@2ce5758, appThread = android.app.IApplicationThread$Stub$Proxy@68830b1, debugName = OverlaySwipeBack }}
06-17 11:17:53.158   605   680 W UserManagerService: Requested status bar icon for non-badged user 0
06-17 11:17:53.158   889   949 V WindowManagerShell:  Checking filter Pair{{types=[] flags=0x0] notFlags=0x0 checks=[{atype=dream independent=true modes=[OPEN,TO_FRONT] flags=NONE mustBeTask=false order=ANY topActivity=null launchCookie=null},{atype=home independent=true modes=[CLOSE,TO_BACK] flags=NONE mustBeTask=false order=ANY topActivity=null launchCookie=null}]} RemoteTransition { remoteTransition = android.window.IRemoteTransition$Stub$Proxy@b8d996, appThread = android.app.IApplicationThread$Stub$Proxy@1048917, debugName = LauncherToDream }}
06-17 11:17:53.158   889   949 V WindowManagerShell:  Checking filter Pair{{types=[] flags=0x0] notFlags=0x100 checks=[{atype=home independent=true modes=[OPEN,TO_FRONT] flags=NONE mustBeTask=false order=TOP topActivity=ComponentInfo{com.google.android.apps.nexuslauncher/com.google.android.apps.nexuslauncher.NexusLauncherActivity} launchCookie=null},{atype=standard independent=true modes=[CLOSE,TO_BACK] flags=NONE mustBeTask=false order=ANY topActivity=null launchCookie=null}]} RemoteTransition { remoteTransition = android.window.IRemoteTransition$Stub$Proxy@f7d9104, appThread = android.app.IApplicationThread$Stub$Proxy@7be26ed, debugName = QuickstepLaunchHome }}
06-17 11:17:53.158   889   949 V WindowManagerShell:  Delegate animation for (#12) to null
06-17 11:17:53.158   889   949 V WindowManagerShell:  try handler com.android.wm.shell.transition.DefaultTransitionHandler@4afc378
06-17 11:17:53.158   889   949 V WindowManagerShell: start default transition animation, info = {id=12 t=OPEN f=0x0 trk=0 r=[0@Point(0, 0)] c=[{WCT{android.window.IWindowContainerToken$Stub$Proxy@9e6b066} m=OPEN f=NONE leash=Surface(name=Task=287)/@0xf8ee49a sb=Rect(0, 0 - 1080, 2400) eb=Rect(0, 0 - 1080, 2400) d=0 taskParent=-1},{WCT{android.window.IWindowContainerToken$Stub$Proxy@5dc5fa7} m=TO_BACK f=SHOW_WALLPAPER leash=Surface(name=Task=285)/@0x29a71cb sb=Rect(0, 0 - 1080, 2400) eb=Rect(0, 0 - 1080, 2400) d=0 taskParent=-1}]}
06-17 11:17:53.159   889   949 V WindowManagerShell: loadAnimation: anim=android.view.animation.AnimationSet@277c7fd animAttr=0x13 type=OPEN isEntrance=false
06-17 11:17:53.159   889   949 V WindowManagerShell: loadAnimation: anim=android.view.animation.AnimationSet@27de6f9 animAttr=0x12 type=OPEN isEntrance=true
06-17 11:17:53.161   889   949 V WindowManagerShell:  animated by com.android.wm.shell.transition.DefaultTransitionHandler@4afc378
06-17 11:17:53.173   889  1015 D EGL_emulation: app_time_stats: avg=13068.44ms min=13068.44ms max=13068.44ms count=1
06-17 11:17:53.177  4453  4453 D ApplicationLoaders: Returning zygote-cached class loader: /system_ext/framework/androidx.window.extensions.jar
06-17 11:17:53.177  4453  4453 D ApplicationLoaders: Returning zygote-cached class loader: /system_ext/framework/androidx.window.sidecar.jar
06-17 11:17:53.208  1200  1640 D EGL_emulation: app_time_stats: avg=7928.34ms min=2.04ms max=134406.45ms count=17
06-17 11:17:53.241   605  4467 W HWUI    : Failed to choose config with EGL_SWAP_BEHAVIOR_PRESERVED, retrying without...
06-17 11:17:53.242   605  4467 W HWUI    : Failed to initialize 101010-2 format, error = EGL_SUCCESS
06-17 11:17:53.256   605  2203 D HWUI    : --- Failed to create image decoder with message 'unimplemented'
06-17 11:17:53.256   605  2203 W WindowManager: Failed to load bitmap: /data/system_ce/0/snapshots/283_reduced.jpg
06-17 11:17:53.256   605  2203 W ActivityTaskManager: takeTaskSnapshot: taskId=283 not found or not visible
06-17 11:17:53.419   605   772 I HalDevMgr: bestIfaceCreationProposal is null, requestIface=STA, existingIface=[name=wlan0 type=STA]
06-17 11:17:53.427  4453  4453 D nativeloader: Configuring clns-7 for other apk /data/app/~~8VbGiZBpAwdi0d1dlTRCwA==/com.example.merchandisecontrolsplitview-uNFruDtQCO0S4JUx9Wn7zQ==/base.apk. target_sdk_version=36, uses_libraries=, library_path=/data/app/~~8VbGiZBpAwdi0d1dlTRCwA==/com.example.merchandisecontrolsplitview-uNFruDtQCO0S4JUx9Wn7zQ==/lib/arm64:/data/app/~~8VbGiZBpAwdi0d1dlTRCwA==/com.example.merchandisecontrolsplitview-uNFruDtQCO0S4JUx9Wn7zQ==/base.apk!/lib/arm64-v8a, permitted_path=/data:/mnt/expand:/data/user/0/com.example.merchandisecontrolsplitview
06-17 11:17:53.430  4453  4453 V GraphicsEnvironment: Currently set values for:
06-17 11:17:53.430  4453  4453 V GraphicsEnvironment:   angle_gl_driver_selection_pkgs=[]
06-17 11:17:53.430  4453  4453 V GraphicsEnvironment:   angle_gl_driver_selection_values=[]
06-17 11:17:53.430  4453  4453 V GraphicsEnvironment: Global.Settings values are invalid: number of packages: 0, number of values: 0
06-17 11:17:53.430  4453  4453 V GraphicsEnvironment: Neither updatable production driver nor prerelease driver is supported.
06-17 11:17:53.450   889   949 V WindowManagerShell: Transition animation finished (aborted=false), notifying core (#12) android.os.BinderProxy@15e618d@0
06-17 11:17:53.451   605   622 V WindowManager: Finish Transition (#12): created at 06-17 11:17:53.090 collect-started=0.009ms request-sent=5.738ms started=7.809ms ready=48.53ms sent=63.948ms finished=360.524ms
06-17 11:17:53.451   889   949 V WindowManagerShell: Track 0 became idle
06-17 11:17:53.451   889   949 V WindowManagerShell: All active transition animations finished
06-17 11:17:53.453  1200  1200 D VRI[NexusLauncherActivity]: visibilityChanged oldVisibility=true newVisibility=false
06-17 11:17:53.454  4453  4453 D WM-WrkMgrInitializer: Initializing WorkManager with default configuration.
06-17 11:17:53.457   605  2203 W UserManagerService: Requested status bar icon for non-badged user 0
06-17 11:17:53.457   605  2203 W UserManagerService: Requested status bar icon for non-badged user 0
06-17 11:17:53.464  4453  4453 D WM-PackageManagerHelper: Skipping component enablement for androidx.work.impl.background.systemjob.SystemJobService
06-17 11:17:53.464  4453  4453 D WM-Schedulers: Created SystemJobScheduler and enabled SystemJobService
06-17 11:17:53.467  1200  1200 D NexusLauncherModelDelegate: notifySmartspaceEvent: SmartspaceTargetEvent{mSmartspaceTarget=null, mSmartspaceActionId='null', mEventType=7}
06-17 11:17:53.468  4453  4470 D WM-ForceStopRunnable: The default process name was not specified.
06-17 11:17:53.471  4453  4470 D WM-ForceStopRunnable: Performing cleanup operations.
06-17 11:17:53.495  4453  4453 I Supabase-Core: SupabaseClient created! Please report any bugs you find.
06-17 11:17:53.563  4453  4470 D WM-SystemJobScheduler: Reconciling jobs
06-17 11:17:53.604  4453  4453 W System.err: SLF4J(W): No SLF4J providers were found.
06-17 11:17:53.605  4453  4453 W System.err: SLF4J(W): Defaulting to no-operation (NOP) logger implementation
06-17 11:17:53.605  4453  4453 W System.err: SLF4J(W): See https://www.slf4j.org/codes.html#noProviders for further details.
06-17 11:17:53.629  4453  4470 D WM-ForceStopRunnable: Found unfinished work, scheduling it.
06-17 11:17:53.683   465   465 I adbd    : adbd service requested 'jdwp:4453'
06-17 11:17:53.698  4453  4475 D WM-PackageManagerHelper: Skipping component enablement for androidx.work.impl.background.systemalarm.RescheduleReceiver
06-17 11:17:53.791  4453  4472 I Supabase-Auth: Loading session from storage...
06-17 11:17:53.796  4453  4477 I HistorySessionSyncV2: cycle=push outcome=skip reason=skipped_signed_out
06-17 11:17:53.797  4453  4479 I CatalogCloudSync: cycle=catalog_auto outcome=skip reason=signed_out
06-17 11:17:53.798   605  1170 D ConnectivityService: requestNetwork for uid/pid:10209/4453 activeRequest: null callbackRequest: 5831 [NetworkRequest [ REQUEST id=5832, [ Capabilities: INTERNET&NOT_RESTRICTED&TRUSTED&NOT_VCN_MANAGED&NOT_BANDWIDTH_CONSTRAINED Uid: 10209 RequestorUid: 10209 RequestorPkg: com.example.merchandisecontrolsplitview UnderlyingNetworks: Null] ]] callback flags: 0 order: 2147483647 isUidTracked: false declaredMethods: AVAIL|LOST|UNAVAIL|NC
06-17 11:17:53.799   605   772 D WifiNetworkFactory: got request NetworkRequest [ REQUEST id=5832, [ Capabilities: INTERNET&NOT_RESTRICTED&TRUSTED&NOT_VCN_MANAGED&NOT_BANDWIDTH_CONSTRAINED Uid: 10209 RequestorUid: 10209 RequestorPkg: com.example.merchandisecontrolsplitview UnderlyingNetworks: Null] ]
06-17 11:17:53.799   605   772 D UntrustedWifiNetworkFactory: got request NetworkRequest [ REQUEST id=5832, [ Capabilities: INTERNET&NOT_RESTRICTED&TRUSTED&NOT_VCN_MANAGED&NOT_BANDWIDTH_CONSTRAINED Uid: 10209 RequestorUid: 10209 RequestorPkg: com.example.merchandisecontrolsplitview UnderlyingNetworks: Null] ]
06-17 11:17:53.799   605   772 D OemPaidWifiNetworkFactory: got request NetworkRequest [ REQUEST id=5832, [ Capabilities: INTERNET&NOT_RESTRICTED&TRUSTED&NOT_VCN_MANAGED&NOT_BANDWIDTH_CONSTRAINED Uid: 10209 RequestorUid: 10209 RequestorPkg: com.example.merchandisecontrolsplitview UnderlyingNetworks: Null] ]
06-17 11:17:53.799   605   778 D ConnectivityService: NetReassign [5832 : null → 100] [c 0] [a 0] [i 0]
06-17 11:17:53.799   605   772 D MultiInternetWifiNetworkFactory: got request NetworkRequest [ REQUEST id=5832, [ Capabilities: INTERNET&NOT_RESTRICTED&TRUSTED&NOT_VCN_MANAGED&NOT_BANDWIDTH_CONSTRAINED Uid: 10209 RequestorUid: 10209 RequestorPkg: com.example.merchandisecontrolsplitview UnderlyingNetworks: Null] ]
06-17 11:17:53.799  4453  4473 D SupabaseAuth: restoreSession: waiting for session status (timeout 10000ms)
06-17 11:17:53.802  4453  4481 I MerchandiseApp: Network: internet validato disponibile, pianifico sync cloud pending
06-17 11:17:53.802   605   680 W OptProp : Cannot read opt property android.window.PROPERTY_COMPAT_ENABLE_FAKE_FOCUS
06-17 11:17:53.804  4453  4453 D MerchandiseApp: Auth: verifica sessione in corso
06-17 11:17:53.844  4453  4453 W HWUI    : Unknown dataspace 0
06-17 11:17:53.853   605   680 D CoreBackPreview: Window{9d81155 u0 com.example.merchandisecontrolsplitview/com.example.merchandisecontrolsplitview.MainActivity}: Setting back callback OnBackInvokedCallbackInfo{mCallback=android.window.IOnBackInvokedCallback$Stub$Proxy@9b2545b, mPriority=-1, mIsAnimationCallback=false}
06-17 11:17:53.897  4453  4472 D SupabaseAuth: restoreSession: got status=Authenticated
06-17 11:17:53.901  4453  4453 I ontrolsplitview: hiddenapi: Accessing hidden method Landroid/os/SystemProperties;->addChangeCallback(Ljava/lang/Runnable;)V (runtime_flags=0, domain=platform, api=unsupported) from Landroidx/compose/ui/platform/AndroidComposeView$Companion; (domain=app, TargetSdkVersion=36) using reflection: allowed
06-17 11:17:53.905  4453  4472 I SupabaseAuth: Sessione ripristinata
06-17 11:17:53.929  4453  4470 D WM-SystemJobScheduler: Scheduling work ID 386f9668-127f-49de-9507-319cfbdf9a94Job ID 149
06-17 11:17:53.938  4453  4470 D WM-GreedyScheduler: Starting work for 386f9668-127f-49de-9507-319cfbdf9a94
06-17 11:17:53.961  4453  4470 D WM-Processor: Processor: processing WorkGenerationalId(workSpecId=386f9668-127f-49de-9507-319cfbdf9a94, generation=0)
06-17 11:17:54.001  4453  4483 I EGL_emulation: Opening libGLESv1_CM_emulation.so
06-17 11:17:54.002  4453  4483 I EGL_emulation: Opening libGLESv2_emulation.so
06-17 11:17:54.004  4453  4483 W HWUI    : Failed to choose config with EGL_SWAP_BEHAVIOR_PRESERVED, retrying without...
06-17 11:17:54.005  4453  4483 W HWUI    : Failed to initialize 101010-2 format, error = EGL_SUCCESS
06-17 11:17:54.013   127   127 I hwservicemanager: getTransport: Cannot find entry android.hardware.graphics.mapper@4.0::IMapper/default in either framework or device VINTF manifest.
06-17 11:17:54.013  4453  4483 I Gralloc4: mapper 4.x is not supported
06-17 11:17:54.037  4453  4475 D WM-PackageManagerHelper: androidx.work.impl.background.systemalarm.RescheduleReceiver enabled
06-17 11:17:54.049   605   622 I ActivityTaskManager: Displayed com.example.merchandisecontrolsplitview/.MainActivity for user 0: +957ms
06-17 11:17:54.097  4453  4453 I MerchandiseApp: Auth: sessione attiva
06-17 11:17:54.162  4453  4453 D WM-WorkerWrapper: Starting work for com.example.merchandisecontrolsplitview.data.PriceBackfillWorker
06-17 11:17:54.182   605   714 I ImeTracker: com.example.merchandisecontrolsplitview:61d60c92: onRequestHide at ORIGIN_SERVER reason HIDE_UNSPECIFIED_WINDOW fromUser false
06-17 11:17:54.182   605   714 I ImeTracker: com.example.merchandisecontrolsplitview:61d60c92: onCancelled at PHASE_SERVER_SHOULD_HIDE
06-17 11:17:54.182  4453  4453 D WM-SystemJobService: onStartJob for WorkGenerationalId(workSpecId=386f9668-127f-49de-9507-319cfbdf9a94, generation=0)
06-17 11:17:54.190  1200  1200 D BaseDepthController: setSurface:
06-17 11:17:54.190  1200  1200 D BaseDepthController: 	mWaitingOnSurfaceValidity: false
06-17 11:17:54.190  1200  1200 D BaseDepthController: 	mSurface: null
06-17 11:17:54.190  1200  1200 D BaseDepthController: mSurface is null and mCurrentBlur is: 0
06-17 11:17:54.190  1200  1200 D StateManager: goToState - fromState: Normal, toState: Normal, partial trace:
06-17 11:17:54.190  1200  1200 D StateManager: 	at com.android.launcher3.statemanager.StateManager.moveToRestState(go/retraceme 2855a437b73635ce9cad76b9289087e631bbb67fc90008a0da13d343a00e5041:4)
06-17 11:17:54.190  1200  1200 D StateManager: 	at com.android.launcher3.statemanager.StateManager.moveToRestState(go/retraceme 2855a437b73635ce9cad76b9289087e631bbb67fc90008a0da13d343a00e5041:1)
06-17 11:17:54.190  1200  1200 D StateManager: 	at com.android.launcher3.statemanager.StatefulActivity.onStop(go/retraceme 2855a437b73635ce9cad76b9289087e631bbb67fc90008a0da13d343a00e5041:34)
06-17 11:17:54.191  1200  1200 D StatsLog: LAUNCHER_ONSTOP
06-17 11:17:54.192  1200  1200 D StatsLog: LAUNCHER_GOOGLE_SEARCH_RESTORE_LIST_SIZE_AFTER_ACTIVITY_RESTART
06-17 11:17:54.193  1349  1349 I GoogleInputMethodService: GoogleInputMethodService.onFinishInput():2259 
06-17 11:17:54.193  1349  1349 I Module  : DeviceLockedStatusModuleProvider$Module.updateDeviceLockedStatusInternal():127 repeatCheckTimes = 0, locked = false
06-17 11:17:54.193  1349  1349 I GoogleInputMethodService: GoogleInputMethodService.onStartInput():1446 onStartInput(EditorInfo{EditorInfo{packageName=com.example.merchandisecontrolsplitview, inputType=0, inputTypeString=NULL, enableLearning=false, autoCorrection=false, autoComplete=false, imeOptions=0, privateImeOptions=null, actionName=UNSPECIFIED, actionLabel=null, initialSelStart=-1, initialSelEnd=-1, initialCapsMode=0, label=null, fieldId=0, fieldName=null, extras=null, hintText=null, hintLocales=[]}}, false)
06-17 11:17:54.194  1349  1349 W AndroidIME: LatinIMEBase.updateInputViewCoverNavigation():326 Null input view, cannot update padding!
06-17 11:17:54.194  1349  1349 I Module  : DeviceLockedStatusModuleProvider$Module.updateDeviceLockedStatusInternal():127 repeatCheckTimes = 1, locked = false
06-17 11:17:54.196   605   680 W PackageConfigPersister: App-specific configuration not found for packageName: com.example.merchandisecontrolsplitview and userId: 0
06-17 11:17:54.199  4453  4475 D WM-Processor: Work WorkGenerationalId(workSpecId=386f9668-127f-49de-9507-319cfbdf9a94, generation=0) is already enqueued for processing
06-17 11:17:54.338  4453  4472 I CatalogCloudSync: tracker busy=true stage=SYNC_EVENTS_DRAIN status=RUNNING
06-17 11:17:54.339  4453  4479 I CatalogCloudSync: cycle=catalog_push outcome=skip reason=automatic_push_safety_guard originalReason=foreground debounceMs=500
06-17 11:17:54.350  1144  2231 I FontLog : (REDACTED) Received query %s, URI %s
06-17 11:17:54.350  1144  2231 I FontLog : (REDACTED) Query [%s] resolved to %s
06-17 11:17:54.351  1144  2231 I FontLog : (REDACTED) Fetch %s end status %s
06-17 11:17:54.354  1144  2231 I FontLog : (REDACTED) Pulling font file for id = %d, cache size = %d
06-17 11:17:54.356  1144  2231 I FontLog : (REDACTED) Pulling font file for id = %d, cache size = %d
06-17 11:17:54.409   605  2203 W InputManager-JNI: Input channel object 'a2d781 Splash Screen com.example.merchandisecontrolsplitview (client)' was disposed without first being removed with the input manager!
06-17 11:17:54.437  4453  4472 I HistorySessionSyncV2: cycle=session_flight outcome=acquired owner=auto_push waiters=0
06-17 11:17:54.451   488  3695 W IPCThreadState: Sending oneway calls to frozen process.
06-17 11:17:54.453  4453  4478 I CatalogCloudSync: cycle=catalog_bootstrap outcome=skip reason=not_needed
06-17 11:17:54.592   889  1015 D EGL_emulation: app_time_stats: avg=141.43ms min=8.72ms max=1267.98ms count=10
06-17 11:17:54.638  1144  1144 D BoundBrokerSvc: onUnbind: Intent { act=com.google.android.gms.auth.aang.events.services.START dat=chimera-action:/... cmp=com.google.android.gms/.chimera.PersistentApiService }
06-17 11:17:54.962  4453  4505 E FeatureFlagsImplExport: android.os.flagging.AconfigStorageReadException: ERROR_PACKAGE_NOT_FOUND: package com.android.libcore cannot be found on the device
06-17 11:17:54.963  4453  4495 E FeatureFlagsImplExport: android.os.flagging.AconfigStorageReadException: ERROR_PACKAGE_NOT_FOUND: package com.android.libcore cannot be found on the device
06-17 11:17:54.964  4453  4510 E FeatureFlagsImplExport: android.os.flagging.AconfigStorageReadException: ERROR_PACKAGE_NOT_FOUND: package com.android.libcore cannot be found on the device
06-17 11:17:54.965  4453  4496 E FeatureFlagsImplExport: android.os.flagging.AconfigStorageReadException: ERROR_PACKAGE_NOT_FOUND: package com.android.libcore cannot be found on the device
06-17 11:17:55.039  1049  1049 D CarrierSvcBindHelper: onPackageModified: com.example.merchandisecontrolsplitview
06-17 11:17:55.040  1049  1049 D CarrierSvcBindHelper: No carrier app for: 0
06-17 11:17:55.042   605   698 I RoleService: Granting default roles...
06-17 11:17:55.051   605   845 D ActivityManager: sync unfroze 1095 com.google.android.permissioncontroller for 6
06-17 11:17:55.056   605  2203 W ProcessStats: Tracking association SourceState{9456c46 system/1000 ImpFg #33085} whose proc state 5 is better than process ProcessState{eeef4c3 com.google.android.permissioncontroller/10187 pkg=com.google.android.permissioncontroller} proc state 14 (0 skipped)
06-17 11:17:55.056  1095 17576 I PermissionControllerServiceImpl: Updating user sensitive for uid 10209
06-17 11:17:55.062  1049  1049 E CellBroadcastUtils: getDefaultCellBroadcastReceiverPackageName: no package found
06-17 11:17:55.062   605  1890 W AppOpService: Ignored setUidMode call for runtime permission app op: uid = 1001, code = READ_SMS, mode = allow, callingUid = 1001, oldMode = allow
06-17 11:17:55.062   605  1890 W AppOpService: Ignored setUidMode call for runtime permission app op: uid = 1001, code = RECEIVE_SMS, mode = allow, callingUid = 1001, oldMode = allow
06-17 11:17:55.062   605  1890 W AppOpService: Ignored setUidMode call for runtime permission app op: uid = 1001, code = RECEIVE_WAP_PUSH, mode = allow, callingUid = 1001, oldMode = allow
06-17 11:17:55.062   605  1890 W AppOpService: Ignored setUidMode call for runtime permission app op: uid = 1001, code = SEND_SMS, mode = allow, callingUid = 1001, oldMode = allow
06-17 11:17:55.062   605  1890 W AppOpService: Ignored setUidMode call for runtime permission app op: uid = 1001, code = READ_CELL_BROADCASTS, mode = allow, callingUid = 1001, oldMode = allow
06-17 11:17:55.066   605  1011 W SignedPackage: Package doesn't have required signing certificate: com.google.android.retaildemo
06-17 11:17:55.066   605  1011 E RoleControllerServiceImpl: Default/fallback role holder package doesn't qualify for the role, package: com.google.android.gms.supervision, role: android.app.role.SYSTEM_SUPERVISION, user: 0
06-17 11:17:55.067   605  1011 W SignedPackage: Package doesn't have required signing certificate: com.google.android.apps.work.clouddpc
06-17 11:17:55.073   605   822 D ShortcutService: received package broadcast intent: Intent { act=android.intent.action.PACKAGE_CHANGED dat=package: flg=0x45000010 (has extras) }
06-17 11:17:55.073   605   822 D ShortcutService: changing package: com.example.merchandisecontrolsplitview userId0
06-17 11:17:55.073   605   822 D ShortcutService: handlePackageChanged: com.example.merchandisecontrolsplitview user=0
06-17 11:17:55.073   605   822 D ShortcutService: rescanPackageIfNeeded 0@com.example.merchandisecontrolsplitview, forceRescan=true , isNewApp=true
06-17 11:17:55.073   605   822 D ShortcutService: Package com.example.merchandisecontrolsplitview has 0 manifest shortcut(s), and 0 share target(s)
06-17 11:17:55.073  1049  1252 D ImsResolver: maybeAddedImsService, packageName: com.example.merchandisecontrolsplitview
06-17 11:17:55.093   605  1011 E RoleControllerServiceImpl: Default/fallback role holder package doesn't qualify for the role, package: com.google.android.gms, role: android.app.role.WALLET, user: 0
06-17 11:17:55.095   605  1011 E RoleControllerServiceImpl: Default/fallback role holder package doesn't qualify for the role, package: com.google.android.devicelockcontroller, role: android.app.role.SYSTEM_FINANCED_DEVICE_CONTROLLER, user: 0
06-17 11:17:55.099  1200  1248 D PackageUpdatedTask: Package updated: mOp=UPDATE packages=[com.example.merchandisecontrolsplitview]
06-17 11:17:55.101  1403  1403 I AiAiEcho: AppFetcherImpl onPackageChanged com.example.merchandisecontrolsplitview.
06-17 11:17:55.102  1403  4516 I AiAiEcho: AppIndexer Package:[com.example.merchandisecontrolsplitview] UserProfile:[0] Enabled:[true].
06-17 11:17:55.102  1403  4516 I AiAiEcho: AppFetcherImplV2 updateApps package:[com.example.merchandisecontrolsplitview], userId:[0], reason:[package is updated.].
06-17 11:17:55.129  4453  4483 D EGL_emulation: app_time_stats: avg=11.45ms min=0.62ms max=214.84ms count=47
06-17 11:17:55.139  1200  1200 D StatsLog: LAUNCHER_ALLAPPS_COUNT
06-17 11:17:55.144   605   631 W MagnificationConnectionManager: requestConnection duplicated request: connect=false, mConnectionState=DISCONNECTED
06-17 11:17:55.144   605   605 W IPCThreadState: Sending oneway calls to frozen process.
06-17 11:17:55.144   605   605 W IPCThreadState: Sending oneway calls to frozen process.
06-17 11:17:55.144   605   605 W IPCThreadState: Sending oneway calls to frozen process.
06-17 11:17:55.144   605   605 W IPCThreadState: Sending oneway calls to frozen process.
06-17 11:17:55.145   605   605 W IPCThreadState: Sending oneway calls to frozen process.
06-17 11:17:55.157   605   617 W System  : A resource failed to call HardwareBuffer.close. 
06-17 11:17:55.157   605   617 W System  : A resource failed to call release. 
06-17 11:17:55.157   605   617 W system_server: ApkAssets: Deleting an ApkAssets object '<empty> and /data/app/~~xqz4x7YqR76uhaXswSK-kA==/com.google.android.googlequicksearchbox-1zotjsbcacmPC9gTTFcPxQ==/base.apk' with 1 weak references
06-17 11:17:55.157   605   617 W system_server: ApkAssets: Deleting an ApkAssets object '<empty> and /data/app/~~xqz4x7YqR76uhaXswSK-kA==/com.google.android.googlequicksearchbox-1zotjsbcacmPC9gTTFcPxQ==/split_config.xxhdpi.apk' with 1 weak references
06-17 11:17:55.157   605   617 W system_server: ApkAssets: Deleting an ApkAssets object '<empty> and /data/app/~~xqz4x7YqR76uhaXswSK-kA==/com.google.android.googlequicksearchbox-1zotjsbcacmPC9gTTFcPxQ==/split_lens_ondevice_engine_play_ml_module.apk' with 1 weak references
06-17 11:17:55.157   605   617 W system_server: ApkAssets: Deleting an ApkAssets object '<empty> and /system_ext/app/AccessibilityMenu/AccessibilityMenu.apk' with 1 weak references
06-17 11:17:55.157   605   617 W system_server: ApkAssets: Deleting an ApkAssets object '/product/overlay/AccessibilityMenu__sdk_gphone64_arm64__auto_generated_rro_product.apk' with 1 weak references
06-17 11:17:55.157   605   617 W system_server: ApkAssets: Deleting an ApkAssets object '<empty> and /product/app/talkback/talkback.apk' with 1 weak references
06-17 11:17:55.159   605   617 W system_server: ApkAssets: Deleting an ApkAssets object '/vendor/overlay/EmulatorTalkBackOverlay/EmulatorTalkBackOverlay.apk' with 1 weak references
06-17 11:17:55.172  4453  4475 I WM-WorkerWrapper: Worker result SUCCESS for Work [ id=386f9668-127f-49de-9507-319cfbdf9a94, tags={ com.example.merchandisecontrolsplitview.data.PriceBackfillWorker } ]
06-17 11:17:55.175  4453  4470 D WM-PackageManagerHelper: androidx.work.impl.background.systemalarm.RescheduleReceiver disabled
06-17 11:17:55.184  4453  4453 D WM-Processor: Processor 386f9668-127f-49de-9507-319cfbdf9a94 executed; reschedule = false
06-17 11:17:55.184  4453  4453 D WM-SystemJobService: 386f9668-127f-49de-9507-319cfbdf9a94 executed on JobScheduler
06-17 11:17:55.187  4453  4475 D WM-GreedyScheduler: Cancelling work ID 386f9668-127f-49de-9507-319cfbdf9a94
06-17 11:17:55.201   605  1170 W JobScheduler: Job didn't exist in JobStore: 87ba036 {androidx.work.systemjobscheduler} #u0a209/149 @androidx.work.systemjobscheduler@com.example.merchandisecontrolsplitview/androidx.work.impl.background.systemjob.SystemJobService
06-17 11:17:55.202  4453  4453 D WM-SystemJobService: onStopJob for WorkGenerationalId(workSpecId=386f9668-127f-49de-9507-319cfbdf9a94, generation=0)
06-17 11:17:55.415  4453  4458 I ontrolsplitview: Compiler allocated 5176KB to compile void android.view.ViewRootImpl.performTraversals()
06-17 11:17:55.537   889   889 D ControlsListingControllerImpl: ServiceConfig reloaded, count: 0
06-17 11:17:55.553   605  2203 D ActivityManager: sync unfroze 24544 com.google.android.gms for 6
06-17 11:17:55.569 24544 24544 D BoundBrokerSvc: onUnbind: Intent { act=com.google.android.gms.common.BIND_SHARED_PREFS pkg=com.google.android.gms }
06-17 11:17:55.572 24544  4282 I FraudProtectUtils: Not in testing population, skipping local test bank apps. [CONTEXT service_id=469 ]
06-17 11:17:55.573 24544  4282 I FraudProtectUtils: (REDACTED) Latest bank app list size: %d, %s isBankApp: false
06-17 11:17:55.573 24544  4282 W ComponentChangedIO: No package name in intent data or package is not a bank app [CONTEXT service_id=469 ]
06-17 11:17:55.979  4453  4471 I CatalogCloudSync: sync_event_outbox_retry_summary pendingBefore=0 pendingAfter=0 retryLoaded=0 retryEligible=0 retrySkippedMaxAttempts=0 retrySucceeded=0 retryFailed=0 retryDeletedOnSuccess=0
06-17 11:17:56.023  4453  4478 I Supabase-Realtime: Connected to realtime websocket!
06-17 11:17:56.113  4453  4472 I CatalogCloudSync: sync_events_summary phase=drain syncEventsAvailable=true recordSyncEventAvailable=true realtimeSyncEventsAvailable=true syncEventOutboxPending=0 syncEventOutboxPendingBefore=0 syncEventOutboxPendingAfter=0 syncEventOutboxRetried=0 syncEventOutboxRetryLoaded=0 syncEventOutboxRetryEligible=0 syncEventOutboxRetrySkippedMaxAttempts=0 syncEventOutboxRetrySucceeded=0 syncEventOutboxRetryFailed=0 syncEventOutboxRetryDeletedOnSuccess=0 syncEventOutboxInserted=0 catalogEventEmitted=false priceEventEmitted=false catalogEventOutcome=no_op priceEventOutcome=no_op syncEventsFetched=0 syncEventsProcessed=0 syncEventsSkippedSelf=0 syncEventsSkippedDirtyLocal=0 syncEventsSkippedProtectedLocalCommit=0 syncEventsWatermarkBefore=3034 syncEventsWatermarkAfter=3034 syncEventsTooLarge=false syncEventsGapDetected=false manualFullSyncRequired=false targetedProductsFetched=0 targetedPricesFetched=0 fullCatalogFetch=false fullPriceFetch=false
06-17 11:17:56.113  4453  4472 I CatalogCloudSync: cycle=sync_events_drain outcome=ok reason=foreground durationMs=1774 eventsFetched=0 eventsProcessed=0 skippedSelf=0 outboxPending=0 manualFullSyncRequired=false syncEventsGapDetected=false syncEventsTooLarge=false syncEventOutboxRetried=0 targetedProductsFetched=0 targetedPricesFetched=0 targetedHistoryFetched=0 remoteHistoryUpdatesApplied=0 fullCatalogFetch=false fullPriceFetch=false
06-17 11:17:56.114  4453  4472 I CatalogCloudSync: tracker busy=false stage=COMPLETED status=COMPLETED
06-17 11:17:56.138  4453  4483 D EGL_emulation: app_time_stats: avg=3.78ms min=0.79ms max=7.82ms count=61
06-17 11:17:56.180  1049  1049 D CarrierSvcBindHelper: onPackageModified: com.example.merchandisecontrolsplitview
06-17 11:17:56.180  1049  1049 D CarrierSvcBindHelper: No carrier app for: 0
06-17 11:17:56.193  1049  1049 E CellBroadcastUtils: getDefaultCellBroadcastReceiverPackageName: no package found
06-17 11:17:56.193   605  2203 W AppOpService: Ignored setUidMode call for runtime permission app op: uid = 1001, code = READ_SMS, mode = allow, callingUid = 1001, oldMode = allow
06-17 11:17:56.193   605  3354 W AppOpService: Ignored setUidMode call for runtime permission app op: uid = 1001, code = RECEIVE_SMS, mode = allow, callingUid = 1001, oldMode = allow
06-17 11:17:56.193   605  2203 W AppOpService: Ignored setUidMode call for runtime permission app op: uid = 1001, code = RECEIVE_WAP_PUSH, mode = allow, callingUid = 1001, oldMode = allow
06-17 11:17:56.193   605  2203 W AppOpService: Ignored setUidMode call for runtime permission app op: uid = 1001, code = SEND_SMS, mode = allow, callingUid = 1001, oldMode = allow
06-17 11:17:56.193   605  2203 W AppOpService: Ignored setUidMode call for runtime permission app op: uid = 1001, code = READ_CELL_BROADCASTS, mode = allow, callingUid = 1001, oldMode = allow
06-17 11:17:56.193  1049  1252 D ImsResolver: maybeAddedImsService, packageName: com.example.merchandisecontrolsplitview
06-17 11:17:56.193   605   822 D ShortcutService: received package broadcast intent: Intent { act=android.intent.action.PACKAGE_CHANGED dat=package: flg=0x45000010 (has extras) }
06-17 11:17:56.193   605   822 D ShortcutService: changing package: com.example.merchandisecontrolsplitview userId0
06-17 11:17:56.193   605   822 D ShortcutService: handlePackageChanged: com.example.merchandisecontrolsplitview user=0
06-17 11:17:56.193   605   822 D ShortcutService: rescanPackageIfNeeded 0@com.example.merchandisecontrolsplitview, forceRescan=true , isNewApp=true
06-17 11:17:56.193   605   822 D ShortcutService: Package com.example.merchandisecontrolsplitview has 0 manifest shortcut(s), and 0 share target(s)
06-17 11:17:56.195  1403  1403 I AiAiEcho: AppFetcherImpl onPackageChanged com.example.merchandisecontrolsplitview.
06-17 11:17:56.195  1403  4517 I AiAiEcho: AppIndexer Package:[com.example.merchandisecontrolsplitview] UserProfile:[0] Enabled:[true].
06-17 11:17:56.195  1403  4517 I AiAiEcho: AppFetcherImplV2 updateApps package:[com.example.merchandisecontrolsplitview], userId:[0], reason:[package is updated.].
06-17 11:17:56.199  1095 17576 I PermissionControllerServiceImpl: Updating user sensitive for uid 10209
06-17 11:17:56.200  1200  1248 D PackageUpdatedTask: Package updated: mOp=UPDATE packages=[com.example.merchandisecontrolsplitview]
06-17 11:17:56.203   605   631 W MagnificationConnectionManager: requestConnection duplicated request: connect=false, mConnectionState=DISCONNECTED
06-17 11:17:56.203   605   605 W IPCThreadState: Sending oneway calls to frozen process.
06-17 11:17:56.210   605   698 I RoleService: Granting default roles...
06-17 11:17:56.213   605   605 W IPCThreadState: Sending oneway calls to frozen process.
06-17 11:17:56.213   605   605 W IPCThreadState: Sending oneway calls to frozen process.
06-17 11:17:56.213   605   605 W IPCThreadState: Sending oneway calls to frozen process.
06-17 11:17:56.213   605   605 W IPCThreadState: Sending oneway calls to frozen process.
06-17 11:17:56.214   605  1011 W SignedPackage: Package doesn't have required signing certificate: com.google.android.retaildemo
06-17 11:17:56.214   605  1011 E RoleControllerServiceImpl: Default/fallback role holder package doesn't qualify for the role, package: com.google.android.gms.supervision, role: android.app.role.SYSTEM_SUPERVISION, user: 0
06-17 11:17:56.214   605  1011 W SignedPackage: Package doesn't have required signing certificate: com.google.android.apps.work.clouddpc
06-17 11:17:56.229  4453  4472 I SyncEventsRealtime: sync_events realtime subscribed
06-17 11:17:56.229  4453  4478 I SupabaseRealtime: Supabase Realtime subscribed su public.shared_sheet_sessions
06-17 11:17:56.233   605  1011 E RoleControllerServiceImpl: Default/fallback role holder package doesn't qualify for the role, package: com.google.android.gms, role: android.app.role.WALLET, user: 0
06-17 11:17:56.234   605  1011 E RoleControllerServiceImpl: Default/fallback role holder package doesn't qualify for the role, package: com.google.android.devicelockcontroller, role: android.app.role.SYSTEM_FINANCED_DEVICE_CONTROLLER, user: 0
06-17 11:17:56.239  1200  1200 D StatsLog: LAUNCHER_ALLAPPS_COUNT
06-17 11:17:56.244  4453  4459 I ontrolsplitview: Background concurrent mark compact GC freed 22MB AllocSpace bytes, 13(1128KB) LOS objects, 49% free, 14MB/28MB, paused 430us,685us total 127.120ms
06-17 11:17:56.384  4453  4478 I HistorySessionSyncV2: cycle=pull_apply outcome=ok inserted=0 updated=1 skipped=86 dirtyLocalSkips=86 failed=0 source=bootstrap
06-17 11:17:56.399   465   465 I adbd    : adbd service requested 'shell,v2,raw:dumpsys package com.google.android.gms'
06-17 11:17:56.424   605   772 I HalDevMgr: bestIfaceCreationProposal is null, requestIface=STA, existingIface=[name=wlan0 type=STA]
06-17 11:17:56.446   727  3904 I artd    : GetBestInfo: odex next to the dex file (/data/app/~~RBqLWa4IHxAvM1EDn2acWA==/com.google.android.gms--6rwsmYaGwERs-rlQ1V3rA==/oat/arm64/base.odex) is kOatBootImageOutOfDate with filter 'speed-profile' executable 'false': Image checksum mismatch, expected i;28/6d8ebc32 to start with i;28/fd0aebae
06-17 11:17:56.449   727  3904 I artd    : GetBestInfo: vdex next to the dex file (/data/app/~~RBqLWa4IHxAvM1EDn2acWA==/com.google.android.gms--6rwsmYaGwERs-rlQ1V3rA==/oat/arm64/base.vdex) is kOatUpToDate with filter 'verify' executable 'false'
06-17 11:17:56.449   727  3904 I artd    : GetBestInfo: dm (/data/app/~~RBqLWa4IHxAvM1EDn2acWA==/com.google.android.gms--6rwsmYaGwERs-rlQ1V3rA==/split_AdsDynamite_installtime.dm) is kOatUpToDate with filter 'verify' executable 'false'
06-17 11:17:56.450   727  3904 I artd    : GetBestInfo: odex next to the dex file (/data/app/~~RBqLWa4IHxAvM1EDn2acWA==/com.google.android.gms--6rwsmYaGwERs-rlQ1V3rA==/oat/arm64/split_CronetDynamite_installtime.odex) is kOatBootImageOutOfDate with filter 'speed-profile' executable 'false': Image checksum mismatch, expected i;28/6d8ebc32 to start with i;28/fd0aebae
06-17 11:17:56.450   727  3904 I artd    : GetBestInfo: vdex next to the dex file (/data/app/~~RBqLWa4IHxAvM1EDn2acWA==/com.google.android.gms--6rwsmYaGwERs-rlQ1V3rA==/oat/arm64/split_CronetDynamite_installtime.vdex) is kOatUpToDate with filter 'verify' executable 'false'
06-17 11:17:56.450   727   751 I artd    : GetBestInfo: dm (/data/app/~~RBqLWa4IHxAvM1EDn2acWA==/com.google.android.gms--6rwsmYaGwERs-rlQ1V3rA==/split_DynamiteLoader_installtime.dm) is kOatUpToDate with filter 'verify' executable 'false'
06-17 11:17:56.451   727  3900 I artd    : GetBestInfo: dm (/data/app/~~RBqLWa4IHxAvM1EDn2acWA==/com.google.android.gms--6rwsmYaGwERs-rlQ1V3rA==/split_DynamiteModulesA_installtime.dm) is kOatUpToDate with filter 'verify' executable 'false'
06-17 11:17:56.451   727  3904 I artd    : GetBestInfo: dm (/data/app/~~RBqLWa4IHxAvM1EDn2acWA==/com.google.android.gms--6rwsmYaGwERs-rlQ1V3rA==/split_DynamiteModulesC_installtime.dm) is kOatUpToDate with filter 'verify' executable 'false'
06-17 11:17:56.451   727  3904 I artd    : GetBestInfo: dm (/data/app/~~RBqLWa4IHxAvM1EDn2acWA==/com.google.android.gms--6rwsmYaGwERs-rlQ1V3rA==/split_GoogleCertificates_installtime.dm) is kOatUpToDate with filter 'verify' executable 'false'
