06-17 11:29:58.642   605  2946 D ConnectivityService: requestNetwork for uid/pid:10209/5068 activeRequest: null callbackRequest: 5854 [NetworkRequest [ REQUEST id=5855, [ Capabilities: INTERNET&NOT_RESTRICTED&TRUSTED&NOT_VCN_MANAGED&NOT_BANDWIDTH_CONSTRAINED Uid: 10209 RequestorUid: 10209 RequestorPkg: com.example.merchandisecontrolsplitview UnderlyingNetworks: Null] ]] callback flags: 0 order: 2147483647 isUidTracked: false declaredMethods: AVAIL|LOST|UNAVAIL|NC
06-17 11:29:58.643   605   778 D ConnectivityService: NetReassign [5855 : null → 100] [c 0] [a 1] [i 0]
06-17 11:29:58.643   605   772 D WifiNetworkFactory: got request NetworkRequest [ REQUEST id=5855, [ Capabilities: INTERNET&NOT_RESTRICTED&TRUSTED&NOT_VCN_MANAGED&NOT_BANDWIDTH_CONSTRAINED Uid: 10209 RequestorUid: 10209 RequestorPkg: com.example.merchandisecontrolsplitview UnderlyingNetworks: Null] ]
06-17 11:29:58.643   605   772 D UntrustedWifiNetworkFactory: got request NetworkRequest [ REQUEST id=5855, [ Capabilities: INTERNET&NOT_RESTRICTED&TRUSTED&NOT_VCN_MANAGED&NOT_BANDWIDTH_CONSTRAINED Uid: 10209 RequestorUid: 10209 RequestorPkg: com.example.merchandisecontrolsplitview UnderlyingNetworks: Null] ]
06-17 11:29:58.643   605   772 D OemPaidWifiNetworkFactory: got request NetworkRequest [ REQUEST id=5855, [ Capabilities: INTERNET&NOT_RESTRICTED&TRUSTED&NOT_VCN_MANAGED&NOT_BANDWIDTH_CONSTRAINED Uid: 10209 RequestorUid: 10209 RequestorPkg: com.example.merchandisecontrolsplitview UnderlyingNetworks: Null] ]
06-17 11:29:58.643   605   772 D MultiInternetWifiNetworkFactory: got request NetworkRequest [ REQUEST id=5855, [ Capabilities: INTERNET&NOT_RESTRICTED&TRUSTED&NOT_VCN_MANAGED&NOT_BANDWIDTH_CONSTRAINED Uid: 10209 RequestorUid: 10209 RequestorPkg: com.example.merchandisecontrolsplitview UnderlyingNetworks: Null] ]
06-17 11:29:58.644  5068  5094 D SupabaseAuth: restoreSession: waiting for session status (timeout 10000ms)
06-17 11:29:58.646   605  2946 W OptProp : Cannot read opt property android.window.PROPERTY_COMPAT_ENABLE_FAKE_FOCUS
06-17 11:29:58.647  5068  5068 D MerchandiseApp: Auth: verifica sessione in corso
06-17 11:29:58.673  5068  5095 I MerchandiseApp: Network: internet validato disponibile, pianifico sync cloud pending
06-17 11:29:58.691  5068  5068 W HWUI    : Unknown dataspace 0
06-17 11:29:58.702   605  2946 D CoreBackPreview: Window{3c2061f u0 com.example.merchandisecontrolsplitview/com.example.merchandisecontrolsplitview.MainActivity}: Setting back callback OnBackInvokedCallbackInfo{mCallback=android.window.IOnBackInvokedCallback$Stub$Proxy@3bd3f35, mPriority=-1, mIsAnimationCallback=false}
06-17 11:29:58.749  5068  5100 D SupabaseAuth: restoreSession: got status=Authenticated
06-17 11:29:58.749  5068  5100 I SupabaseAuth: Sessione ripristinata
06-17 11:29:58.754  5068  5068 I ontrolsplitview: hiddenapi: Accessing hidden method Landroid/os/SystemProperties;->addChangeCallback(Ljava/lang/Runnable;)V (runtime_flags=0, domain=platform, api=unsupported) from Landroidx/compose/ui/platform/AndroidComposeView$Companion; (domain=app, TargetSdkVersion=36) using reflection: allowed
06-17 11:29:58.765  5068  5084 D WM-SystemJobScheduler: Scheduling work ID 50696fda-e882-4ad9-af2e-d2ddcc5480c3Job ID 150
06-17 11:29:58.771  5068  5084 D WM-GreedyScheduler: Starting work for 50696fda-e882-4ad9-af2e-d2ddcc5480c3
06-17 11:29:58.805  5068  5084 D WM-Processor: Processor: processing WorkGenerationalId(workSpecId=50696fda-e882-4ad9-af2e-d2ddcc5480c3, generation=0)
06-17 11:29:58.862  5068  5089 D WM-PackageManagerHelper: androidx.work.impl.background.systemalarm.RescheduleReceiver enabled
06-17 11:29:58.867  5068  5097 I EGL_emulation: Opening libGLESv1_CM_emulation.so
06-17 11:29:58.867  5068  5097 I EGL_emulation: Opening libGLESv2_emulation.so
06-17 11:29:58.874  5068  5097 W HWUI    : Failed to choose config with EGL_SWAP_BEHAVIOR_PRESERVED, retrying without...
06-17 11:29:58.874  5068  5097 W HWUI    : Failed to initialize 101010-2 format, error = EGL_SUCCESS
06-17 11:29:58.881   127   127 I hwservicemanager: getTransport: Cannot find entry android.hardware.graphics.mapper@4.0::IMapper/default in either framework or device VINTF manifest.
06-17 11:29:58.881  5068  5097 I Gralloc4: mapper 4.x is not supported
06-17 11:29:58.922   605   622 I ActivityTaskManager: Displayed com.example.merchandisecontrolsplitview/.MainActivity for user 0: +1s92ms
06-17 11:29:58.981  5068  5068 I MerchandiseApp: Auth: sessione attiva
06-17 11:29:59.058  5068  5068 D WM-WorkerWrapper: Starting work for com.example.merchandisecontrolsplitview.data.PriceBackfillWorker
06-17 11:29:59.080  5068  5068 D WM-SystemJobService: onStartJob for WorkGenerationalId(workSpecId=50696fda-e882-4ad9-af2e-d2ddcc5480c3, generation=0)
06-17 11:29:59.080   605   714 I ImeTracker: com.example.merchandisecontrolsplitview:3dd801c8: onRequestHide at ORIGIN_SERVER reason HIDE_UNSPECIFIED_WINDOW fromUser false
06-17 11:29:59.080   605   714 I ImeTracker: com.example.merchandisecontrolsplitview:3dd801c8: onCancelled at PHASE_SERVER_SHOULD_HIDE
06-17 11:29:59.086  1349  1349 I GoogleInputMethodService: GoogleInputMethodService.onFinishInput():2259 
06-17 11:29:59.092  1349  1349 I Module  : DeviceLockedStatusModuleProvider$Module.updateDeviceLockedStatusInternal():127 repeatCheckTimes = 0, locked = false
06-17 11:29:59.093  1349  1349 I GoogleInputMethodService: GoogleInputMethodService.onStartInput():1446 onStartInput(EditorInfo{EditorInfo{packageName=com.example.merchandisecontrolsplitview, inputType=0, inputTypeString=NULL, enableLearning=false, autoCorrection=false, autoComplete=false, imeOptions=0, privateImeOptions=null, actionName=UNSPECIFIED, actionLabel=null, initialSelStart=-1, initialSelEnd=-1, initialCapsMode=0, label=null, fieldId=0, fieldName=null, extras=null, hintText=null, hintLocales=[]}}, false)
06-17 11:29:59.093  1349  1349 W AndroidIME: LatinIMEBase.updateInputViewCoverNavigation():326 Null input view, cannot update padding!
06-17 11:29:59.095  1200  1200 D BaseDepthController: setSurface:
06-17 11:29:59.095  1200  1200 D BaseDepthController: 	mWaitingOnSurfaceValidity: false
06-17 11:29:59.095  1200  1200 D BaseDepthController: 	mSurface: null
06-17 11:29:59.095  1200  1200 D BaseDepthController: mSurface is null and mCurrentBlur is: 0
06-17 11:29:59.095  1200  1200 D StateManager: goToState - fromState: Normal, toState: Normal, partial trace:
06-17 11:29:59.095  1200  1200 D StateManager: 	at com.android.launcher3.statemanager.StateManager.moveToRestState(go/retraceme 2855a437b73635ce9cad76b9289087e631bbb67fc90008a0da13d343a00e5041:4)
06-17 11:29:59.095  1200  1200 D StateManager: 	at com.android.launcher3.statemanager.StateManager.moveToRestState(go/retraceme 2855a437b73635ce9cad76b9289087e631bbb67fc90008a0da13d343a00e5041:1)
06-17 11:29:59.095  1200  1200 D StateManager: 	at com.android.launcher3.statemanager.StatefulActivity.onStop(go/retraceme 2855a437b73635ce9cad76b9289087e631bbb67fc90008a0da13d343a00e5041:34)
06-17 11:29:59.095  1200  1200 D StatsLog: LAUNCHER_ONSTOP
06-17 11:29:59.096  1200  1200 D StatsLog: LAUNCHER_GOOGLE_SEARCH_RESTORE_LIST_SIZE_AFTER_ACTIVITY_RESTART
06-17 11:29:59.099  1349  1349 I Module  : DeviceLockedStatusModuleProvider$Module.updateDeviceLockedStatusInternal():127 repeatCheckTimes = 1, locked = false
06-17 11:29:59.099   605  3354 W PackageConfigPersister: App-specific configuration not found for packageName: com.example.merchandisecontrolsplitview and userId: 0
06-17 11:29:59.109  1200  2015 D OneSearchSuggestProvider: Shut down the binder channel
06-17 11:29:59.112  5068  5089 D WM-Processor: Work WorkGenerationalId(workSpecId=50696fda-e882-4ad9-af2e-d2ddcc5480c3, generation=0) is already enqueued for processing
06-17 11:29:59.179  5068  5093 I CatalogCloudSync: cycle=catalog_push outcome=skip reason=automatic_push_safety_guard originalReason=foreground policy=non_local_trigger debounceMs=500
06-17 11:29:59.181  5068  5093 I CatalogCloudSync: tracker busy=true stage=SYNC_EVENTS_DRAIN status=RUNNING
06-17 11:29:59.193  1144  1335 I FontLog : (REDACTED) Received query %s, URI %s
06-17 11:29:59.193  1144  1335 I FontLog : (REDACTED) Query [%s] resolved to %s
06-17 11:29:59.197  1144  1335 I FontLog : (REDACTED) Fetch %s end status %s
06-17 11:29:59.201  1144  1335 I FontLog : (REDACTED) Pulling font file for id = %d, cache size = %d
06-17 11:29:59.207  1144  1335 I FontLog : (REDACTED) Pulling font file for id = %d, cache size = %d
06-17 11:29:59.254  5068  5094 I HistorySessionSyncV2: cycle=session_flight outcome=acquired owner=auto_push waiters=0
06-17 11:29:59.288   605  2946 W InputManager-JNI: Input channel object '3b674e3 Splash Screen com.example.merchandisecontrolsplitview (client)' was disposed without first being removed with the input manager!
06-17 11:29:59.295  5068  5086 I CatalogCloudSync: cycle=catalog_bootstrap outcome=skip reason=not_needed
06-17 11:29:59.477   889  1015 D EGL_emulation: app_time_stats: avg=145.96ms min=0.79ms max=1370.77ms count=10
06-17 11:29:59.867   605   822 D ShortcutService: received package broadcast intent: Intent { act=android.intent.action.PACKAGE_CHANGED dat=package: flg=0x45000010 (has extras) }
06-17 11:29:59.868   605   822 D ShortcutService: changing package: com.example.merchandisecontrolsplitview userId0
06-17 11:29:59.868   605   822 D ShortcutService: handlePackageChanged: com.example.merchandisecontrolsplitview user=0
06-17 11:29:59.868   605   822 D ShortcutService: rescanPackageIfNeeded 0@com.example.merchandisecontrolsplitview, forceRescan=true , isNewApp=true
06-17 11:29:59.868   605   822 D ShortcutService: Package com.example.merchandisecontrolsplitview has 0 manifest shortcut(s), and 0 share target(s)
06-17 11:29:59.869  1049  1049 D CarrierSvcBindHelper: onPackageModified: com.example.merchandisecontrolsplitview
06-17 11:29:59.870  1049  1049 D CarrierSvcBindHelper: No carrier app for: 0
06-17 11:29:59.884  1095 30580 I PermissionControllerServiceImpl: Updating user sensitive for uid 10209
06-17 11:29:59.892   605   698 I RoleService: Granting default roles...
06-17 11:29:59.895  1049  1049 E CellBroadcastUtils: getDefaultCellBroadcastReceiverPackageName: no package found
06-17 11:29:59.895   605  1921 W AppOpService: Ignored setUidMode call for runtime permission app op: uid = 1001, code = READ_SMS, mode = allow, callingUid = 1001, oldMode = allow
06-17 11:29:59.895   605  1921 W AppOpService: Ignored setUidMode call for runtime permission app op: uid = 1001, code = RECEIVE_SMS, mode = allow, callingUid = 1001, oldMode = allow
06-17 11:29:59.895   605  1921 W AppOpService: Ignored setUidMode call for runtime permission app op: uid = 1001, code = RECEIVE_WAP_PUSH, mode = allow, callingUid = 1001, oldMode = allow
06-17 11:29:59.895   605  1921 W AppOpService: Ignored setUidMode call for runtime permission app op: uid = 1001, code = SEND_SMS, mode = allow, callingUid = 1001, oldMode = allow
06-17 11:29:59.895   605  1921 W AppOpService: Ignored setUidMode call for runtime permission app op: uid = 1001, code = READ_CELL_BROADCASTS, mode = allow, callingUid = 1001, oldMode = allow
06-17 11:29:59.899  1049  1252 D ImsResolver: maybeAddedImsService, packageName: com.example.merchandisecontrolsplitview
06-17 11:29:59.900   605  1011 W SignedPackage: Package doesn't have required signing certificate: com.google.android.retaildemo
06-17 11:29:59.901   605  1011 E RoleControllerServiceImpl: Default/fallback role holder package doesn't qualify for the role, package: com.google.android.gms.supervision, role: android.app.role.SYSTEM_SUPERVISION, user: 0
06-17 11:29:59.901   605  1011 W SignedPackage: Package doesn't have required signing certificate: com.google.android.apps.work.clouddpc
06-17 11:29:59.918   605  1011 E RoleControllerServiceImpl: Default/fallback role holder package doesn't qualify for the role, package: com.google.android.gms, role: android.app.role.WALLET, user: 0
06-17 11:29:59.919   605  1011 E RoleControllerServiceImpl: Default/fallback role holder package doesn't qualify for the role, package: com.google.android.devicelockcontroller, role: android.app.role.SYSTEM_FINANCED_DEVICE_CONTROLLER, user: 0
06-17 11:29:59.923  1403  1403 I AiAiEcho: AppFetcherImpl onPackageChanged com.example.merchandisecontrolsplitview.
06-17 11:29:59.924  1403  4981 I AiAiEcho: AppIndexer Package:[com.example.merchandisecontrolsplitview] UserProfile:[0] Enabled:[true].
06-17 11:29:59.925  1403  4981 I AiAiEcho: AppFetcherImplV2 updateApps package:[com.example.merchandisecontrolsplitview], userId:[0], reason:[package is updated.].
06-17 11:29:59.929  1200  1248 D PackageUpdatedTask: Package updated: mOp=UPDATE packages=[com.example.merchandisecontrolsplitview]
06-17 11:29:59.931   605   631 W MagnificationConnectionManager: requestConnection duplicated request: connect=false, mConnectionState=DISCONNECTED
06-17 11:29:59.932   605   605 W IPCThreadState: Sending oneway calls to frozen process.
06-17 11:29:59.943  1200  1200 D StatsLog: LAUNCHER_ALLAPPS_COUNT
06-17 11:30:00.002  1403  1601 I AiAiEcho: Predicting[0]:  [CONTEXT sampling_count=5 ]
06-17 11:30:00.002  1403  1601 I AiAiEcho: EchoTargets: 
06-17 11:30:00.002  1403  1601 I AiAiEcho: Filtered by AiAi flag check: 
06-17 11:30:00.002  1403  1601 I AiAiEcho: [CONTEXT ratelimit_period="10 SECONDS" ]
06-17 11:30:00.002  1403  1601 I AiAiEcho: Ranked targets strategy: SORT, count: 0, ranking metadata:  [CONTEXT ratelimit_period="10 SECONDS" ]
06-17 11:30:00.002  1403  1601 I AiAiEcho: #remoteViewsTwiddler: feature disabled.
06-17 11:30:00.002  1403  1601 I AiAiEcho: Predicting[0]:  [CONTEXT sampling_count=5 ]
06-17 11:30:00.002  1403  1601 I AiAiEcho: EchoTargets: 
06-17 11:30:00.002  1403  1601 I AiAiEcho: Filtered by AiAi flag check: 
06-17 11:30:00.002  1403  1601 I AiAiEcho: [CONTEXT ratelimit_period="10 SECONDS" ]
06-17 11:30:00.002  1403  1601 I AiAiEcho: Ranked targets strategy: SORT, count: 0, ranking metadata:  [CONTEXT ratelimit_period="10 SECONDS" ]
06-17 11:30:00.002  1403  1601 I AiAiEcho: #remoteViewsTwiddler: feature disabled.
06-17 11:30:00.002  1403  1601 I AiAiEcho: #postPredictionTargets: Sending updates to UISurface lockscreen with targets# 0 (types=[])
06-17 11:30:00.003  1403  1601 I AiAiEcho: #postPredictionTargets: Sending updates to UISurface home with targets# 0 (types=[])
06-17 11:30:00.003  1200  1200 D SsBaseTemplateCard: No text view can be set up
06-17 11:30:00.003  1200  1200 D SsBaseTemplateCard: Passed-in item info is null
06-17 11:30:00.003  1200  1200 D SsBaseTemplateCard: Passed-in item info is null
06-17 11:30:00.003  1200  1200 D SsBaseTemplateCard: Passed-in item info is null
06-17 11:30:00.003  1200  1200 I SsBaseTemplateCard: Secondary card pane is null
06-17 11:30:00.003   889   889 W PageIndicator: Total number of pages invalid: 0. Assuming 1 page.
06-17 11:30:00.005  5068  5097 D EGL_emulation: app_time_stats: avg=10.31ms min=0.84ms max=150.34ms count=50
06-17 11:30:00.090  5068  5113 E FeatureFlagsImplExport: android.os.flagging.AconfigStorageReadException: ERROR_PACKAGE_NOT_FOUND: package com.android.libcore cannot be found on the device
06-17 11:30:00.090  5068  5127 E FeatureFlagsImplExport: android.os.flagging.AconfigStorageReadException: ERROR_PACKAGE_NOT_FOUND: package com.android.libcore cannot be found on the device
06-17 11:30:00.173  5068  5089 I WM-WorkerWrapper: Worker result SUCCESS for Work [ id=50696fda-e882-4ad9-af2e-d2ddcc5480c3, tags={ com.example.merchandisecontrolsplitview.data.PriceBackfillWorker } ]
06-17 11:30:00.177  5068  5084 D WM-PackageManagerHelper: androidx.work.impl.background.systemalarm.RescheduleReceiver disabled
06-17 11:30:00.185  5068  5068 D WM-Processor: Processor 50696fda-e882-4ad9-af2e-d2ddcc5480c3 executed; reschedule = false
06-17 11:30:00.186  5068  5068 D WM-SystemJobService: 50696fda-e882-4ad9-af2e-d2ddcc5480c3 executed on JobScheduler
06-17 11:30:00.186  5068  5089 D WM-GreedyScheduler: Cancelling work ID 50696fda-e882-4ad9-af2e-d2ddcc5480c3
06-17 11:30:00.202  5068  5068 D WM-SystemJobService: onStopJob for WorkGenerationalId(workSpecId=50696fda-e882-4ad9-af2e-d2ddcc5480c3, generation=0)
06-17 11:30:00.203   605  1921 W JobScheduler: Job didn't exist in JobStore: 31dc458 {androidx.work.systemjobscheduler} #u0a209/150 @androidx.work.systemjobscheduler@com.example.merchandisecontrolsplitview/androidx.work.impl.background.systemjob.SystemJobService
06-17 11:30:00.367   889   889 D ControlsListingControllerImpl: ServiceConfig reloaded, count: 0
06-17 11:30:00.377 24544  5020 I FraudProtectUtils: Not in testing population, skipping local test bank apps. [CONTEXT service_id=469 ]
06-17 11:30:00.377 24544  5020 I FraudProtectUtils: (REDACTED) Latest bank app list size: %d, %s isBankApp: false
06-17 11:30:00.377 24544  5020 W ComponentChangedIO: No package name in intent data or package is not a bank app [CONTEXT service_id=469 ]
06-17 11:30:00.479  5068  5073 I ontrolsplitview: Compiler allocated 5176KB to compile void android.view.ViewRootImpl.performTraversals()
06-17 11:30:00.519  1144  4966 I NearbyMediums: No BLE Fast/GATT advertisements found in the latest cycle.
06-17 11:30:00.519  1144  4966 I NearbyMediums: Current Tracked Scanning Clients are : {NearbyConnections.EnvironmentMonitor, NearbySharing, NearbyConnections.TxAdvertisement}
06-17 11:30:00.945  5068  5086 I CatalogCloudSync: sync_event_outbox_retry_summary pendingBefore=0 pendingAfter=0 retryLoaded=0 retryEligible=0 retrySkippedMaxAttempts=0 retrySucceeded=0 retryFailed=0 retryDeletedOnSuccess=0
06-17 11:30:01.020  5068  5097 D EGL_emulation: app_time_stats: avg=3.56ms min=0.90ms max=18.74ms count=61
06-17 11:30:01.054  5068  5094 I CatalogCloudSync: sync_events_summary phase=drain syncEventsAvailable=true recordSyncEventAvailable=true realtimeSyncEventsAvailable=true syncEventOutboxPending=0 syncEventOutboxPendingBefore=0 syncEventOutboxPendingAfter=0 syncEventOutboxRetried=0 syncEventOutboxRetryLoaded=0 syncEventOutboxRetryEligible=0 syncEventOutboxRetrySkippedMaxAttempts=0 syncEventOutboxRetrySucceeded=0 syncEventOutboxRetryFailed=0 syncEventOutboxRetryDeletedOnSuccess=0 syncEventOutboxInserted=0 catalogEventEmitted=false priceEventEmitted=false catalogEventOutcome=no_op priceEventOutcome=no_op syncEventsFetched=0 syncEventsProcessed=0 syncEventsSkippedSelf=0 syncEventsSkippedDirtyLocal=0 syncEventsSkippedProtectedLocalCommit=0 syncEventsWatermarkBefore=3035 syncEventsWatermarkAfter=3035 syncEventsTooLarge=false syncEventsGapDetected=false manualFullSyncRequired=false targetedProductsFetched=0 targetedPricesFetched=0 fullCatalogFetch=false fullPriceFetch=false
06-17 11:30:01.055  5068  5094 I CatalogCloudSync: cycle=sync_events_drain outcome=ok reason=foreground durationMs=1874 eventsFetched=0 eventsProcessed=0 skippedSelf=0 outboxPending=0 manualFullSyncRequired=false syncEventsGapDetected=false syncEventsTooLarge=false syncEventOutboxRetried=0 targetedProductsFetched=0 targetedPricesFetched=0 targetedHistoryFetched=0 remoteHistoryUpdatesApplied=0 fullCatalogFetch=false fullPriceFetch=false
06-17 11:30:01.055  5068  5094 I CatalogCloudSync: tracker busy=false stage=COMPLETED status=COMPLETED
06-17 11:30:01.062   605   772 I HalDevMgr: bestIfaceCreationProposal is null, requestIface=STA, existingIface=[name=wlan0 type=STA]
06-17 11:30:01.065  1144  1144 I MagicTether: (REDACTED) [ActiveNetworkTracker] setActiveNetwork: %s
06-17 11:30:01.067   996  1124 D IpClient/wlan0: interfaceLinkStateChanged: ifindex 16 up
06-17 11:30:01.069  1144  1144 I MagicTether: (REDACTED) [TetherService] onActiveNetworkChanged: network=%s isLost=%s
06-17 11:30:01.069   605   778 W IPCThreadState: Sending oneway calls to frozen process.
06-17 11:30:01.069   605   778 W IPCThreadState: Sending oneway calls to frozen process.
06-17 11:30:01.069   605   778 W IPCThreadState: Sending oneway calls to frozen process.
06-17 11:30:01.069   605   778 W IPCThreadState: Sending oneway calls to frozen process.
06-17 11:30:01.069   605   778 W IPCThreadState: Sending oneway calls to frozen process.
06-17 11:30:01.069   605   778 W IPCThreadState: Sending oneway calls to frozen process.
06-17 11:30:01.073  1144  1335 I NullBinder: NullBinder for android.net.action.RECOMMEND_NETWORKS triggering remote TransactionTooLargeException due to Service without Chimera impl, calling uid: 1000, calling pid: 0
06-17 11:30:01.073  1144  1335 W .gms.persistent: Large reply transaction of 1056768 bytes, interface descriptor , code 1
06-17 11:30:01.074   605   778 D ConnectivityService: NetReassign [no changes] [c 0] [a 0] [i 0]
06-17 11:30:01.074  1144  4968 I MagicTether: [WifiConnectionHandler] Ignoring getWifiConfigurationByNetworkId when checking connected state [CONTEXT service_id=276 ]
06-17 11:30:01.074  1144  4968 I MagicTether: [WifiConnectionHandler] No networkId set, can't be connected. [CONTEXT service_id=276 ]
06-17 11:30:01.074  1144  4968 I MagicTether: (REDACTED) [TetherService] TRANSPORT_CELLULAR [%s], TRANSPORT_ETHERNET [%s], TRANSPORT_WIFI [%s]
06-17 11:30:01.074   996  1124 D IpClient/wlan0: interfaceLinkStateChanged: ifindex 16 up
06-17 11:30:01.074  1144  4966 I NearbyMediums: Wifi changed new SSID: "AndroidWifi"
06-17 11:30:01.074  1144  4966 I NearbyMediums: WifiLanConnectivityInfo is not changed, skip notify.
06-17 11:30:01.074  1144  4968 I MagicTether: (REDACTED) [TetherService] setRoles hasActiveNetworkConnection=%s canActiveNetworkBeTethered=%s isConnectedToInstantTether=%s isWifiEnabled=%s isHosting=%s
06-17 11:30:01.075  1144  1144 I MagicTether: (REDACTED) [LaunchUtils] Instant Wifi for status account: name: %s | type: %s | isLaunched: %s
06-17 11:30:01.075  1144  1144 I MagicTether: (REDACTED) [TidepoolFeatureStatusManager] isInstantHotspotEnabled=%s
06-17 11:30:01.075  1144  1144 I MagicTether: (REDACTED) [TidepoolFeatureStatusManager] isInstantWifiEnabled=%s
06-17 11:30:01.075  1144  1144 I MagicTether: (REDACTED) [TetherService] startNearbyHostRole: start: %s isInstantHotspotEnabled: %s isInstantWifiEnabled: %s
06-17 11:30:01.075  1144  1144 I MagicTether: [HostTetherRole] Nearby host role already stopped [CONTEXT service_id=276 ]
06-17 11:30:01.075  1144  1144 I MagicTether: (REDACTED) [NotificationPresenter] cancelNotification: %d
06-17 11:30:01.076  1144  1144 I MagicTether: [AutoDisconnectIntentOperation] Canceling task. [CONTEXT service_id=276 ]
06-17 11:30:01.078  1144  4994 I MagicTether: [AutoDisconnectIntentOperation] Canceling task. [CONTEXT service_id=276 ]
06-17 11:30:01.078  1144  4994 I MagicTether: (REDACTED) [NotificationPresenter] cancelNotification: %d
06-17 11:30:01.078  1144  1144 I MagicTether: (REDACTED) [LaunchUtils] Instant Wifi for status account: name: %s | type: %s | isLaunched: %s
06-17 11:30:01.078  1144  1144 I MagicTether: (REDACTED) [TidepoolFeatureStatusManager] isInstantHotspotEnabled=%s
06-17 11:30:01.079  1144  1144 I MagicTether: (REDACTED) [TidepoolFeatureStatusManager] isInstantWifiEnabled=%s
06-17 11:30:01.079  1144  1144 I MagicTether: (REDACTED) [TetherService] startNearbyClientRole: start: %s isInstantHotspotEnabled: %s isInstantWifiEnabled: %s
06-17 11:30:01.079  1144  1144 I MagicTether: [TetherService] Stopping Nearby client role [CONTEXT service_id=276 ]
06-17 11:30:01.079  1144  1144 I MagicTether: [ClientTetherRole] Client role already stopped [CONTEXT service_id=276 ]
06-17 11:30:01.079  1144  4994 I MagicTether: [AutoDisconnectIntentOperation] Canceling task. [CONTEXT service_id=276 ]
06-17 11:30:01.079  1144  4994 I MagicTether: (REDACTED) [NotificationPresenter] cancelNotification: %d
06-17 11:30:01.146  5068  5074 I ontrolsplitview: Background concurrent mark compact GC freed 22MB AllocSpace bytes, 17(2680KB) LOS objects, 49% free, 12MB/25MB, paused 179us,582us total 133.479ms
06-17 11:30:01.183   605   822 D ShortcutService: received package broadcast intent: Intent { act=android.intent.action.PACKAGE_CHANGED dat=package: flg=0x45000010 (has extras) }
06-17 11:30:01.184   605   822 D ShortcutService: changing package: com.example.merchandisecontrolsplitview userId0
06-17 11:30:01.184   605   822 D ShortcutService: handlePackageChanged: com.example.merchandisecontrolsplitview user=0
06-17 11:30:01.184   605   822 D ShortcutService: rescanPackageIfNeeded 0@com.example.merchandisecontrolsplitview, forceRescan=true , isNewApp=true
06-17 11:30:01.184   605   822 D ShortcutService: Package com.example.merchandisecontrolsplitview has 0 manifest shortcut(s), and 0 share target(s)
06-17 11:30:01.185  1049  1049 D CarrierSvcBindHelper: onPackageModified: com.example.merchandisecontrolsplitview
06-17 11:30:01.185  1049  1049 D CarrierSvcBindHelper: No carrier app for: 0
06-17 11:30:01.191  1095 30580 I PermissionControllerServiceImpl: Updating user sensitive for uid 10209
06-17 11:30:01.192   605   698 I RoleService: Granting default roles...
06-17 11:30:01.193   605  1011 W SignedPackage: Package doesn't have required signing certificate: com.google.android.retaildemo
06-17 11:30:01.196   605  1011 E RoleControllerServiceImpl: Default/fallback role holder package doesn't qualify for the role, package: com.google.android.gms.supervision, role: android.app.role.SYSTEM_SUPERVISION, user: 0
06-17 11:30:01.197  1403  1403 I AiAiEcho: AppFetcherImpl onPackageChanged com.example.merchandisecontrolsplitview.
06-17 11:30:01.198  1403  4980 I AiAiEcho: AppIndexer Package:[com.example.merchandisecontrolsplitview] UserProfile:[0] Enabled:[true].
06-17 11:30:01.198  1403  4980 I AiAiEcho: AppFetcherImplV2 updateApps package:[com.example.merchandisecontrolsplitview], userId:[0], reason:[package is updated.].
06-17 11:30:01.202   605  1011 W SignedPackage: Package doesn't have required signing certificate: com.google.android.apps.work.clouddpc
06-17 11:30:01.204  1049  1049 E CellBroadcastUtils: getDefaultCellBroadcastReceiverPackageName: no package found
06-17 11:30:01.214   605  1921 W AppOpService: Ignored setUidMode call for runtime permission app op: uid = 1001, code = READ_SMS, mode = allow, callingUid = 1001, oldMode = allow
06-17 11:30:01.214   605  1921 W AppOpService: Ignored setUidMode call for runtime permission app op: uid = 1001, code = RECEIVE_SMS, mode = allow, callingUid = 1001, oldMode = allow
06-17 11:30:01.214   605  1921 W AppOpService: Ignored setUidMode call for runtime permission app op: uid = 1001, code = RECEIVE_WAP_PUSH, mode = allow, callingUid = 1001, oldMode = allow
06-17 11:30:01.214   605  1921 W AppOpService: Ignored setUidMode call for runtime permission app op: uid = 1001, code = SEND_SMS, mode = allow, callingUid = 1001, oldMode = allow
06-17 11:30:01.214   605  1921 W AppOpService: Ignored setUidMode call for runtime permission app op: uid = 1001, code = READ_CELL_BROADCASTS, mode = allow, callingUid = 1001, oldMode = allow
06-17 11:30:01.215  1049  1252 D ImsResolver: maybeAddedImsService, packageName: com.example.merchandisecontrolsplitview
06-17 11:30:01.215  1200  1248 D PackageUpdatedTask: Package updated: mOp=UPDATE packages=[com.example.merchandisecontrolsplitview]
06-17 11:30:01.228   605  1011 E RoleControllerServiceImpl: Default/fallback role holder package doesn't qualify for the role, package: com.google.android.gms, role: android.app.role.WALLET, user: 0
06-17 11:30:01.229   605  1011 E RoleControllerServiceImpl: Default/fallback role holder package doesn't qualify for the role, package: com.google.android.devicelockcontroller, role: android.app.role.SYSTEM_FINANCED_DEVICE_CONTROLLER, user: 0
06-17 11:30:01.237  1200  1200 D StatsLog: LAUNCHER_ALLAPPS_COUNT
06-17 11:30:01.239   605   631 W MagnificationConnectionManager: requestConnection duplicated request: connect=false, mConnectionState=DISCONNECTED
06-17 11:30:01.239   605   605 W IPCThreadState: Sending oneway calls to frozen process.
06-17 11:30:01.327  5068  5094 I HistorySessionSyncV2: cycle=pull_apply outcome=ok inserted=0 updated=1 skipped=86 dirtyLocalSkips=86 failed=0 source=bootstrap
06-17 11:30:01.329  5068  5094 I HistorySessionSyncV2: cycle=session_flight outcome=released owner=auto_push pendingRetry=false
06-17 11:30:01.329  5068  5094 I HistorySessionSyncV2: cycle=push outcome=ok reason=login_fresh_tick sessionsAttempted=0 sessionsUploaded=0 skippedDirtyLocal=0 coalesced=false dirtySetMode=full_reconcile owner=auto_push bootstrapInserted=0 bootstrapUpdated=1 bootstrapSkipped=86 bootstrapFailed=0 bootstrapUnsupported=0
06-17 11:30:01.350   605  1504 E TaskPersister: File error accessing recents directory (directory doesn't exist?).
06-17 11:30:01.562  1144  5029 I NearbySharing: Network state changed: NetworkState(isRestricted=false, isOnline=true, isCongested=false, isMetered=false, isWifiConnected=true)
06-17 11:30:01.563  1144  4966 I NearbySharing: Network state changed: NetworkState(isRestricted=false, isOnline=true, isCongested=false, isMetered=false, isWifiConnected=true)
06-17 11:30:01.592  5068  5100 I Supabase-Realtime: Connected to realtime websocket!
06-17 11:30:01.684   889   889 D ControlsListingControllerImpl: ServiceConfig reloaded, count: 0
06-17 11:30:01.695 24544  5006 I FraudProtectUtils: Not in testing population, skipping local test bank apps. [CONTEXT service_id=469 ]
06-17 11:30:01.695 24544  5006 I FraudProtectUtils: (REDACTED) Latest bank app list size: %d, %s isBankApp: false
06-17 11:30:01.695 24544  5006 W ComponentChangedIO: No package name in intent data or package is not a bank app [CONTEXT service_id=469 ]
06-17 11:30:01.798  5068  5088 I SupabaseRealtime: Supabase Realtime subscribed su public.shared_sheet_sessions
06-17 11:30:01.804  5068  5101 I SyncEventsRealtime: sync_events realtime subscribed
06-17 11:30:03.333  5068  5097 D EGL_emulation: app_time_stats: avg=451.43ms min=0.74ms max=2232.49ms count=5
06-17 11:30:04.074   605   772 I HalDevMgr: bestIfaceCreationProposal is null, requestIface=STA, existingIface=[name=wlan0 type=STA]
06-17 11:30:04.087   605   778 W IPCThreadState: Sending oneway calls to frozen process.
06-17 11:30:04.087   605   778 W IPCThreadState: Sending oneway calls to frozen process.
06-17 11:30:04.087   605   778 W IPCThreadState: Sending oneway calls to frozen process.
06-17 11:30:04.088   605   778 W IPCThreadState: Sending oneway calls to frozen process.
06-17 11:30:04.088   605   778 W IPCThreadState: Sending oneway calls to frozen process.
06-17 11:30:04.088   605   778 W IPCThreadState: Sending oneway calls to frozen process.
06-17 11:30:04.090  1144  2097 I NullBinder: NullBinder for android.net.action.RECOMMEND_NETWORKS triggering remote TransactionTooLargeException due to Service without Chimera impl, calling uid: 1000, calling pid: 0
06-17 11:30:04.091  1144  2097 W .gms.persistent: Large reply transaction of 1056768 bytes, interface descriptor , code 1
06-17 11:30:04.091  1144  1144 I MagicTether: (REDACTED) [ActiveNetworkTracker] setActiveNetwork: %s
06-17 11:30:04.091  1144  1144 I MagicTether: (REDACTED) [TetherService] onActiveNetworkChanged: network=%s isLost=%s
06-17 11:30:04.091  1144  5150 I MagicTether: [WifiConnectionHandler] Ignoring getWifiConfigurationByNetworkId when checking connected state [CONTEXT service_id=276 ]
06-17 11:30:04.091  1144  5150 I MagicTether: [WifiConnectionHandler] No networkId set, can't be connected. [CONTEXT service_id=276 ]
06-17 11:30:04.092  1144  5150 I MagicTether: (REDACTED) [TetherService] TRANSPORT_CELLULAR [%s], TRANSPORT_ETHERNET [%s], TRANSPORT_WIFI [%s]
06-17 11:30:04.092  1144  5150 I MagicTether: (REDACTED) [TetherService] setRoles hasActiveNetworkConnection=%s canActiveNetworkBeTethered=%s isConnectedToInstantTether=%s isWifiEnabled=%s isHosting=%s
06-17 11:30:04.093   605   778 D ConnectivityService: NetReassign [no changes] [c 0] [a 2] [i 0]
06-17 11:30:04.093  1144  5151 I NearbyMediums: Wifi changed new SSID: "AndroidWifi"
06-17 11:30:04.093  1144  5151 I NearbyMediums: WifiLanConnectivityInfo is not changed, skip notify.
06-17 11:30:04.094  1144  1144 I MagicTether: (REDACTED) [LaunchUtils] Instant Wifi for status account: name: %s | type: %s | isLaunched: %s
06-17 11:30:04.094  1144  1144 I MagicTether: (REDACTED) [TidepoolFeatureStatusManager] isInstantHotspotEnabled=%s
06-17 11:30:04.094  1144  1144 I MagicTether: (REDACTED) [TidepoolFeatureStatusManager] isInstantWifiEnabled=%s
06-17 11:30:04.094  1144  1144 I MagicTether: (REDACTED) [TetherService] startNearbyHostRole: start: %s isInstantHotspotEnabled: %s isInstantWifiEnabled: %s
06-17 11:30:04.094  1144  1144 I MagicTether: [HostTetherRole] Nearby host role already stopped [CONTEXT service_id=276 ]
06-17 11:30:04.095  1144  1144 I MagicTether: (REDACTED) [LaunchUtils] Instant Wifi for status account: name: %s | type: %s | isLaunched: %s
06-17 11:30:04.095  1144  1144 I MagicTether: (REDACTED) [TidepoolFeatureStatusManager] isInstantHotspotEnabled=%s
06-17 11:30:04.095  1144  1144 I MagicTether: (REDACTED) [TidepoolFeatureStatusManager] isInstantWifiEnabled=%s
06-17 11:30:04.095  1144  1144 I MagicTether: (REDACTED) [TetherService] startNearbyClientRole: start: %s isInstantHotspotEnabled: %s isInstantWifiEnabled: %s
06-17 11:30:04.095  1144  1144 I MagicTether: [TetherService] Stopping Nearby client role [CONTEXT service_id=276 ]
06-17 11:30:04.095  1144  1144 I MagicTether: [ClientTetherRole] Client role already stopped [CONTEXT service_id=276 ]
06-17 11:30:04.097  1144  1144 I MagicTether: (REDACTED) [NotificationPresenter] cancelNotification: %d
06-17 11:30:04.097  1144  1144 I MagicTether: [AutoDisconnectIntentOperation] Canceling task. [CONTEXT service_id=276 ]
06-17 11:30:04.099  1144  4994 I MagicTether: [AutoDisconnectIntentOperation] Canceling task. [CONTEXT service_id=276 ]
06-17 11:30:04.099  1144  4994 I MagicTether: (REDACTED) [NotificationPresenter] cancelNotification: %d
06-17 11:30:04.101  1144  4832 I MagicTether: [AutoDisconnectIntentOperation] Canceling task. [CONTEXT service_id=276 ]
06-17 11:30:04.101  1144  4832 I MagicTether: (REDACTED) [NotificationPresenter] cancelNotification: %d
06-17 11:30:04.242  5068  5153 D ProfileInstaller: Installing profile for com.example.merchandisecontrolsplitview
06-17 11:30:04.585  1144  4966 I NearbySharing: Network state changed: NetworkState(isRestricted=false, isOnline=true, isCongested=false, isMetered=false, isWifiConnected=true)
06-17 11:30:04.586  1144  5151 I NearbySharing: Network state changed: NetworkState(isRestricted=false, isOnline=true, isCongested=false, isMetered=false, isWifiConnected=true)
06-17 11:30:06.315   851   851 I wpa_supplicant: wlan0: CTRL-EVENT-BEACON-LOSS 
06-17 11:30:06.419   465   465 I adbd    : adbd service requested 'shell,v2,raw:dumpsys package com.google.android.gms'
06-17 11:30:06.457   727  3904 I artd    : GetBestInfo: odex next to the dex file (/data/app/~~RBqLWa4IHxAvM1EDn2acWA==/com.google.android.gms--6rwsmYaGwERs-rlQ1V3rA==/oat/arm64/base.odex) is kOatBootImageOutOfDate with filter 'speed-profile' executable 'false': Image checksum mismatch, expected i;28/6d8ebc32 to start with i;28/fd0aebae
06-17 11:30:06.457   727  3904 I artd    : GetBestInfo: vdex next to the dex file (/data/app/~~RBqLWa4IHxAvM1EDn2acWA==/com.google.android.gms--6rwsmYaGwERs-rlQ1V3rA==/oat/arm64/base.vdex) is kOatUpToDate with filter 'verify' executable 'false'
06-17 11:30:06.458   727   751 I artd    : GetBestInfo: dm (/data/app/~~RBqLWa4IHxAvM1EDn2acWA==/com.google.android.gms--6rwsmYaGwERs-rlQ1V3rA==/split_AdsDynamite_installtime.dm) is kOatUpToDate with filter 'verify' executable 'false'
06-17 11:30:06.458   727  3904 I artd    : GetBestInfo: odex next to the dex file (/data/app/~~RBqLWa4IHxAvM1EDn2acWA==/com.google.android.gms--6rwsmYaGwERs-rlQ1V3rA==/oat/arm64/split_CronetDynamite_installtime.odex) is kOatBootImageOutOfDate with filter 'speed-profile' executable 'false': Image checksum mismatch, expected i;28/6d8ebc32 to start with i;28/fd0aebae
06-17 11:30:06.459   727  3904 I artd    : GetBestInfo: vdex next to the dex file (/data/app/~~RBqLWa4IHxAvM1EDn2acWA==/com.google.android.gms--6rwsmYaGwERs-rlQ1V3rA==/oat/arm64/split_CronetDynamite_installtime.vdex) is kOatUpToDate with filter 'verify' executable 'false'
06-17 11:30:06.459   727   751 I artd    : GetBestInfo: dm (/data/app/~~RBqLWa4IHxAvM1EDn2acWA==/com.google.android.gms--6rwsmYaGwERs-rlQ1V3rA==/split_DynamiteLoader_installtime.dm) is kOatUpToDate with filter 'verify' executable 'false'
06-17 11:30:06.459   727  3904 I artd    : GetBestInfo: dm (/data/app/~~RBqLWa4IHxAvM1EDn2acWA==/com.google.android.gms--6rwsmYaGwERs-rlQ1V3rA==/split_DynamiteModulesA_installtime.dm) is kOatUpToDate with filter 'verify' executable 'false'
06-17 11:30:06.460   727   751 I artd    : GetBestInfo: dm (/data/app/~~RBqLWa4IHxAvM1EDn2acWA==/com.google.android.gms--6rwsmYaGwERs-rlQ1V3rA==/split_DynamiteModulesC_installtime.dm) is kOatUpToDate with filter 'verify' executable 'false'
06-17 11:30:06.460   727  3904 I artd    : GetBestInfo: dm (/data/app/~~RBqLWa4IHxAvM1EDn2acWA==/com.google.android.gms--6rwsmYaGwERs-rlQ1V3rA==/split_GoogleCertificates_installtime.dm) is kOatUpToDate with filter 'verify' executable 'false'
06-17 11:30:06.461   727   751 I artd    : GetBestInfo: dm (/data/app/~~RBqLWa4IHxAvM1EDn2acWA==/com.google.android.gms--6rwsmYaGwERs-rlQ1V3rA==/split_MapsDynamite_installtime.dm) is kOatUpToDate with filter 'verify' executable 'false'
06-17 11:30:06.461   727  3904 I artd    : GetBestInfo: dm (/data/app/~~RBqLWa4IHxAvM1EDn2acWA==/com.google.android.gms--6rwsmYaGwERs-rlQ1V3rA==/split_MeasurementDynamite_installtime.dm) is kOatUpToDate with filter 'verify' executable 'false'
06-17 11:30:06.461   727   751 I artd    : GetBestInfo: /data/user_de/0/com.google.android.gms/app_chimera/m/0000002a/dl-MlkitBarcodeUi.optional_261733100400.apk has no usable artifacts
06-17 11:30:06.461   727   751 I artd    : GetBestInfo: /data/user_de/0/com.google.android.gms/app_chimera/m/00000035/dl-VisionOcr.optional_261933100000.apk has no usable artifacts
06-17 11:30:06.461   727   751 I artd    : GetBestInfo: /data/user_de/0/com.google.android.gms/app_chimera/m/00000001/CronetDynamite.uncompressed.apk has no usable artifacts
06-17 11:30:06.462   727   751 I artd    : GetBestInfo: /data/user_de/0/com.google.android.gms/app_chimera/m/00000047/dl-PlayCloudSearch.optional_262333100000.apk has no usable artifacts
06-17 11:30:06.462   727  3904 I artd    : GetBestInfo: /data/user_de/0/com.google.android.gms/app_chimera/m/00000016/dl-IdentityCredentialsPlatform.optional_261464100400.apk has no usable artifacts
06-17 11:30:06.462   727  3904 I artd    : GetBestInfo: /data/user_de/0/com.google.android.gms/app_chimera/m/00000046/dl-MlkitOcrCommon.optional_262333100400.apk has no usable artifacts
06-17 11:30:06.462   727   751 I artd    : GetBestInfo: /data/user_de/0/com.google.android.gms/app_chimera/m/00000014/dl-VisionOcr.optional_261464100000.apk has no usable artifacts
06-17 11:30:06.462   727   751 I artd    : GetBestInfo: /data/user_de/0/com.google.android.gms/app_chimera/m/00000017/dl-Appsearch.optional_261464100400.apk has no usable artifacts
06-17 11:30:06.462   727   751 I artd    : GetBestInfo: /data/user_de/0/com.google.android.gms/app_chimera/m/0000004b/dl-MlkitBarcodeUi.optional_262333100400.apk has no usable artifacts
06-17 11:30:06.463   727  3904 I artd    : GetBestInfo: /data/user/0/com.google.android.gms/app_dg_cache/87E7746227FF4E457A2EB56043B95E41006DE49F/the.apk has no usable artifacts
06-17 11:30:06.463   727  3904 I artd    : GetBestInfo: /data/user_de/0/com.google.android.gms/app_chimera/m/00000048/dl-IdentityCredentialsPlatform.optional_262333100400.apk has no usable artifacts
06-17 11:30:06.464   727   751 I artd    : GetBestInfo: /data/user_de/0/com.google.android.gms/app_chimera/m/0000000a/dl-MlkitBarcodeUi.optional_242335100400.apk has no usable artifacts
06-17 11:30:06.464   727  3904 I artd    : GetBestInfo: /data/user_de/0/com.google.android.gms/app_chimera/m/00000029/dl-MlkitOcrCommon.optional_261733100400.apk has no usable artifacts
06-17 11:30:06.464   727  3904 I artd    : GetBestInfo: /data/user_de/0/com.google.android.gms/app_chimera/m/00000002/DynamiteLoader.uncompressed.apk has no usable artifacts
06-17 11:30:06.464   727  3879 I artd    : GetBestInfo: /data/user_de/0/com.google.android.gms/app_chimera/m/0000002e/dl-Appsearch.optional_261733100400.apk has no usable artifacts
06-17 11:30:06.464   727  3879 I artd    : GetBestInfo: /data/user_de/0/com.google.android.gms/app_chimera/m/00000030/dl-MlkitOcrCommon.optional_261933100400.apk has no usable artifacts
06-17 11:30:06.464   727  3879 I artd    : GetBestInfo: /data/user_de/0/com.google.android.gms/app_chimera/m/00000015/dl-PlayCloudSearch.optional_261464100000.apk has no usable artifacts
06-17 11:30:06.464   727  3879 I artd    : GetBestInfo: /data/user_de/0/com.google.android.gms/app_chimera/m/0000001e/dl-Appsearch.optional_261631100400.apk has no usable artifacts
06-17 11:30:06.464   727  3879 I artd    : GetBestInfo: /data/user_de/0/com.google.android.gms/app_chimera/m/00000013/dl-MlkitOcrCommon.optional_261464100400.apk has no usable artifacts
06-17 11:30:06.464   727  3879 I artd    : GetBestInfo: /data/user_de/0/com.google.android.gms/app_chimera/m/00000032/dl-MlkitBarcodeUi.optional_261933100400.apk has no usable artifacts
06-17 11:30:06.464   727   751 I artd    : GetBestInfo: /data/user/0/com.google.android.gms/app_dg_cache/754BEC187BC4F26BBC31300F93DBF9B7506C1861/the.apk has no usable artifacts
06-17 11:30:06.464   727  3904 I artd    : GetBestInfo: /data/user_de/0/com.google.android.gms/app_chimera/m/00000007/MeasurementDynamite.apk has no usable artifacts
06-17 11:30:06.464   727   751 I artd    : GetBestInfo: /data/user_de/0/com.google.android.gms/app_chimera/m/0000002c/dl-IdentityCredentialsPlatform.optional_261733100400.apk has no usable artifacts
06-17 11:30:06.464   727  3904 I artd    : GetBestInfo: /data/user_de/0/com.google.android.gms/app_chimera/m/0000002b/dl-PlayCloudSearch.optional_261733100000.apk has no usable artifacts
06-17 11:30:06.464   727   751 I artd    : GetBestInfo: /data/user_de/0/com.google.android.gms/app_chimera/m/00000033/dl-PlayCloudSearch.optional_261933100000.apk has no usable artifacts
06-17 11:30:06.464   727  3904 I artd    : GetBestInfo: /data/user_de/0/com.google.android.gms/app_chimera/m/0000001c/dl-VisionOcr.optional_261631100000.apk has no usable artifacts
06-17 11:30:06.464   727   751 I artd    : GetBestInfo: /data/user_de/0/com.google.android.gms/app_chimera/m/00000011/dl-MlkitBarcodeUi.optional_261464100400.apk has no usable artifacts
06-17 11:30:06.464   727  3904 I artd    : GetBestInfo: /data/user_de/0/com.google.android.gms/app_chimera/m/00000049/dl-VisionOcr.optional_262333100000.apk has no usable artifacts
06-17 11:30:06.464   727   751 I artd    : GetBestInfo: /data/user_de/0/com.google.android.gms/app_chimera/m/00000005/GoogleCertificates.apk has no usable artifacts
06-17 11:30:06.465   727   751 I artd    : GetBestInfo: /data/user_de/0/com.google.android.gms/app_chimera/m/00000010/dl-TfliteDynamiteDynamite.integ_260580502100400.apk has no usable artifacts
06-17 11:30:06.465   727  3904 I artd    : GetBestInfo: /data/user/0/com.google.android.gms/app_dg_cache/9D5BCED7935D64431BF672B8BBD597199833CA19/the.apk has no usable artifacts
06-17 11:30:06.465   727  3879 I artd    : GetBestInfo: /data/user_de/0/com.google.android.gms/app_chimera/m/00000009/dl-TfliteDynamiteDynamite.integ_252130102100400.apk has no usable artifacts
06-17 11:30:06.466   727  3904 I artd    : GetBestInfo: vdex next to the dex file (/data/user/0/com.google.android.gms/app_dg_cache/5833371D1ACC412507A92815B074897510CCCEDD/oat/arm64/the.vdex) is kOatUpToDate with filter 'verify' executable 'false'
06-17 11:30:06.466   727   751 I artd    : GetBestInfo: /data/user_de/0/com.google.android.gms/app_chimera/m/0000001b/dl-PlayCloudSearch.optional_261631100000.apk has no usable artifacts
06-17 11:30:06.466   727   751 I artd    : GetBestInfo: /data/user_de/0/com.google.android.gms/app_chimera/m/00000027/dl-IdentityCredentialsPlatform.optional_261631100400.apk has no usable artifacts
06-17 11:30:06.466   727   751 I artd    : GetBestInfo: /data/user/0/com.google.android.gms/app_dg_cache/86153AA318A3F208A8C511836585279D8C7E8D94/the.apk has no usable artifacts
06-17 11:30:06.466   727   751 I artd    : GetBestInfo: /data/user_de/0/com.google.android.gms/app_chimera/m/0000001d/dl-IdentityCredentialsPlatform.optional_261631100400.apk has no usable artifacts
06-17 11:30:06.466   727   751 I artd    : GetBestInfo: /data/user_de/0/com.google.android.gms/app_chimera/m/0000002d/dl-VisionOcr.optional_261733100000.apk has no usable artifacts
06-17 11:30:06.466   727   751 I artd    : GetBestInfo: /data/user_de/0/com.google.android.gms/app_chimera/m/0000000e/dl-PlayCloudSearch.optional_242335100000.apk has no usable artifacts
06-17 11:30:06.466   727  3904 I artd    : GetBestInfo: /data/user_de/0/com.google.android.gms/app_chimera/m/0000004a/dl-Appsearch.optional_262333100400.apk has no usable artifacts
06-17 11:30:06.467   727   751 I artd    : GetBestInfo: /data/user_de/0/com.google.android.gms/app_chimera/m/0000001a/dl-MlkitBarcodeUi.optional_261631100400.apk has no usable artifacts
06-17 11:30:06.467   727   751 I artd    : GetBestInfo: vdex next to the dex file (/data/user/0/com.google.android.gms/app_dg_cache/10FF5D5C646CC9E2F04BD9D73A072BD012EF1A7A/oat/arm64/the.vdex) is kOatUpToDate with filter 'verify' executable 'false'
06-17 11:30:06.467   727  3904 I artd    : GetBestInfo: /data/user_de/0/com.google.android.gms/app_chimera/m/00000036/dl-Appsearch.optional_261933100400.apk has no usable artifacts
06-17 11:30:06.467   727  3904 I artd    : GetBestInfo: /data/user/0/com.google.android.gms/app_dg_cache/21A90BF1C1C388089206DCE215FB60D7882BFA18/the.apk has no usable artifacts
06-17 11:30:06.467   727  3904 I artd    : GetBestInfo: /data/user_de/0/com.google.android.gms/app_chimera/m/0000001f/dl-IdentityCredentialsPlacebo.optional_261631100400.apk has no usable artifacts
06-17 11:30:06.467   727  3904 I artd    : GetBestInfo: /data/user_de/0/com.google.android.gms/app_chimera/m/00000034/dl-IdentityCredentialsPlatform.optional_261933100400.apk has no usable artifacts
06-17 11:30:06.467   727  3904 I artd    : GetBestInfo: /data/user_de/0/com.google.android.gms/app_chimera/m/00000019/dl-MlkitOcrCommon.optional_261631100400.apk has no usable artifacts
06-17 11:30:06.467   727  3904 I artd    : GetBestInfo: /data/user/0/com.google.android.gms/app_dg_cache/A8F89F306FD1BA172E06F6F2B9F79826D0309BB6/the.apk has no usable artifacts
06-17 11:30:06.467   727  3904 I artd    : GetBestInfo: /data/user/0/com.google.android.gms/app_dg_cache/707FFD883BF2A7896692338F9625CA52336E933B/the.apk has no usable artifacts
06-17 11:30:07.078   605   772 I HalDevMgr: bestIfaceCreationProposal is null, requestIface=STA, existingIface=[name=wlan0 type=STA]
06-17 11:30:07.083   996  1124 D IpClient/wlan0: interfaceLinkStateChanged: ifindex 16 up
06-17 11:30:07.090   996  1124 D IpClient/wlan0: interfaceLinkStateChanged: ifindex 16 up
06-17 11:30:07.805   605   696 D ActivityManager: freezing 13077 com.android.vending
06-17 11:30:07.806   605   696 D ActivityManager: freezing 13100 com.android.vending:background
06-17 11:30:07.880   605   778 D InetDiagMessage: Destroyed 0 sockets, proto=IPPROTO_TCP, family=AF_INET, states=14
06-17 11:30:07.881   605   778 D InetDiagMessage: Destroyed 0 sockets, proto=IPPROTO_TCP, family=AF_INET6, states=14
06-17 11:30:07.881   605   778 D InetDiagMessage: Destroyed live tcp sockets for uids={10141} in 1ms
06-17 11:30:10.088   605   772 I HalDevMgr: bestIfaceCreationProposal is null, requestIface=STA, existingIface=[name=wlan0 type=STA]
06-17 11:30:10.521  1144  4966 I NearbyMediums: No BLE Fast/GATT advertisements found in the latest cycle.
06-17 11:30:10.521  1144  4966 I NearbyMediums: Current Tracked Scanning Clients are : {NearbyConnections.EnvironmentMonitor, NearbySharing, NearbyConnections.TxAdvertisement}
06-17 11:30:13.096   605   772 I HalDevMgr: bestIfaceCreationProposal is null, requestIface=STA, existingIface=[name=wlan0 type=STA]
06-17 11:30:13.102   996  1124 D IpClient/wlan0: interfaceLinkStateChanged: ifindex 16 up
06-17 11:30:13.108   996  1124 D IpClient/wlan0: interfaceLinkStateChanged: ifindex 16 up
06-17 11:30:14.190  5068  5100 I CatalogCloudSync: tracker busy=true stage=SYNC_EVENTS_DRAIN status=RUNNING
06-17 11:30:14.258  5068  5097 D EGL_emulation: app_time_stats: avg=716.24ms min=1.98ms max=10690.73ms count=15
06-17 11:30:14.359  5068  5100 I CatalogCloudSync: sync_event_outbox_retry_summary pendingBefore=0 pendingAfter=0 retryLoaded=0 retryEligible=0 retrySkippedMaxAttempts=0 retrySucceeded=0 retryFailed=0 retryDeletedOnSuccess=0
06-17 11:30:14.505   851   851 I wpa_supplicant: wlan0: CTRL-EVENT-BEACON-LOSS 
06-17 11:30:14.558  5068  5101 I CatalogCloudSync: sync_events_summary phase=drain syncEventsAvailable=true recordSyncEventAvailable=true realtimeSyncEventsAvailable=true syncEventOutboxPending=0 syncEventOutboxPendingBefore=0 syncEventOutboxPendingAfter=0 syncEventOutboxRetried=0 syncEventOutboxRetryLoaded=0 syncEventOutboxRetryEligible=0 syncEventOutboxRetrySkippedMaxAttempts=0 syncEventOutboxRetrySucceeded=0 syncEventOutboxRetryFailed=0 syncEventOutboxRetryDeletedOnSuccess=0 syncEventOutboxInserted=0 catalogEventEmitted=false priceEventEmitted=false catalogEventOutcome=no_op priceEventOutcome=no_op syncEventsFetched=0 syncEventsProcessed=0 syncEventsSkippedSelf=0 syncEventsSkippedDirtyLocal=0 syncEventsSkippedProtectedLocalCommit=0 syncEventsWatermarkBefore=3035 syncEventsWatermarkAfter=3035 syncEventsTooLarge=false syncEventsGapDetected=false manualFullSyncRequired=false targetedProductsFetched=0 targetedPricesFetched=0 fullCatalogFetch=false fullPriceFetch=false
