06-17 11:17:56.452   727   751 I artd    : GetBestInfo: dm (/data/app/~~RBqLWa4IHxAvM1EDn2acWA==/com.google.android.gms--6rwsmYaGwERs-rlQ1V3rA==/split_MapsDynamite_installtime.dm) is kOatUpToDate with filter 'verify' executable 'false'
06-17 11:17:56.452   727  3900 I artd    : GetBestInfo: dm (/data/app/~~RBqLWa4IHxAvM1EDn2acWA==/com.google.android.gms--6rwsmYaGwERs-rlQ1V3rA==/split_MeasurementDynamite_installtime.dm) is kOatUpToDate with filter 'verify' executable 'false'
06-17 11:17:56.452   727  3904 I artd    : GetBestInfo: /data/user_de/0/com.google.android.gms/app_chimera/m/0000002a/dl-MlkitBarcodeUi.optional_261733100400.apk has no usable artifacts
06-17 11:17:56.452   727  3904 I artd    : GetBestInfo: /data/user_de/0/com.google.android.gms/app_chimera/m/00000035/dl-VisionOcr.optional_261933100000.apk has no usable artifacts
06-17 11:17:56.452   727  3904 I artd    : GetBestInfo: /data/user_de/0/com.google.android.gms/app_chimera/m/00000001/CronetDynamite.uncompressed.apk has no usable artifacts
06-17 11:17:56.452   727  3900 I artd    : GetBestInfo: /data/user_de/0/com.google.android.gms/app_chimera/m/00000047/dl-PlayCloudSearch.optional_262333100000.apk has no usable artifacts
06-17 11:17:56.453   727   751 I artd    : GetBestInfo: /data/user_de/0/com.google.android.gms/app_chimera/m/00000016/dl-IdentityCredentialsPlatform.optional_261464100400.apk has no usable artifacts
06-17 11:17:56.453   727   751 I artd    : GetBestInfo: /data/user_de/0/com.google.android.gms/app_chimera/m/00000046/dl-MlkitOcrCommon.optional_262333100400.apk has no usable artifacts
06-17 11:17:56.453   727  3904 I artd    : GetBestInfo: /data/user_de/0/com.google.android.gms/app_chimera/m/00000014/dl-VisionOcr.optional_261464100000.apk has no usable artifacts
06-17 11:17:56.453   727  3904 I artd    : GetBestInfo: /data/user_de/0/com.google.android.gms/app_chimera/m/00000017/dl-Appsearch.optional_261464100400.apk has no usable artifacts
06-17 11:17:56.453   727   751 I artd    : GetBestInfo: /data/user_de/0/com.google.android.gms/app_chimera/m/0000004b/dl-MlkitBarcodeUi.optional_262333100400.apk has no usable artifacts
06-17 11:17:56.453   727  5659 I artd    : GetBestInfo: /data/user/0/com.google.android.gms/app_dg_cache/87E7746227FF4E457A2EB56043B95E41006DE49F/the.apk has no usable artifacts
06-17 11:17:56.454   727  5659 I artd    : GetBestInfo: /data/user_de/0/com.google.android.gms/app_chimera/m/00000048/dl-IdentityCredentialsPlatform.optional_262333100400.apk has no usable artifacts
06-17 11:17:56.454   727  3904 I artd    : GetBestInfo: /data/user_de/0/com.google.android.gms/app_chimera/m/0000000a/dl-MlkitBarcodeUi.optional_242335100400.apk has no usable artifacts
06-17 11:17:56.454   727  3900 I artd    : GetBestInfo: /data/user_de/0/com.google.android.gms/app_chimera/m/00000029/dl-MlkitOcrCommon.optional_261733100400.apk has no usable artifacts
06-17 11:17:56.454   727  4468 I artd    : GetBestInfo: /data/user_de/0/com.google.android.gms/app_chimera/m/00000002/DynamiteLoader.uncompressed.apk has no usable artifacts
06-17 11:17:56.454   727  4468 I artd    : GetBestInfo: /data/user_de/0/com.google.android.gms/app_chimera/m/0000002e/dl-Appsearch.optional_261733100400.apk has no usable artifacts
06-17 11:17:56.454   727  3900 I artd    : GetBestInfo: /data/user_de/0/com.google.android.gms/app_chimera/m/00000030/dl-MlkitOcrCommon.optional_261933100400.apk has no usable artifacts
06-17 11:17:56.454   727   727 I artd    : GetBestInfo: /data/user_de/0/com.google.android.gms/app_chimera/m/00000015/dl-PlayCloudSearch.optional_261464100000.apk has no usable artifacts
06-17 11:17:56.454   727   727 I artd    : GetBestInfo: /data/user_de/0/com.google.android.gms/app_chimera/m/0000001e/dl-Appsearch.optional_261631100400.apk has no usable artifacts
06-17 11:17:56.454   727  3900 I artd    : GetBestInfo: /data/user_de/0/com.google.android.gms/app_chimera/m/00000013/dl-MlkitOcrCommon.optional_261464100400.apk has no usable artifacts
06-17 11:17:56.454   727  3900 I artd    : GetBestInfo: /data/user_de/0/com.google.android.gms/app_chimera/m/00000032/dl-MlkitBarcodeUi.optional_261933100400.apk has no usable artifacts
06-17 11:17:56.454   727  3900 I artd    : GetBestInfo: /data/user/0/com.google.android.gms/app_dg_cache/754BEC187BC4F26BBC31300F93DBF9B7506C1861/the.apk has no usable artifacts
06-17 11:17:56.454   727  3900 I artd    : GetBestInfo: /data/user_de/0/com.google.android.gms/app_chimera/m/00000007/MeasurementDynamite.apk has no usable artifacts
06-17 11:17:56.454   727  3900 I artd    : GetBestInfo: /data/user_de/0/com.google.android.gms/app_chimera/m/0000002c/dl-IdentityCredentialsPlatform.optional_261733100400.apk has no usable artifacts
06-17 11:17:56.454   727  3900 I artd    : GetBestInfo: /data/user_de/0/com.google.android.gms/app_chimera/m/0000002b/dl-PlayCloudSearch.optional_261733100000.apk has no usable artifacts
06-17 11:17:56.454   727  3900 I artd    : GetBestInfo: /data/user_de/0/com.google.android.gms/app_chimera/m/00000033/dl-PlayCloudSearch.optional_261933100000.apk has no usable artifacts
06-17 11:17:56.455   727  3900 I artd    : GetBestInfo: /data/user_de/0/com.google.android.gms/app_chimera/m/0000001c/dl-VisionOcr.optional_261631100000.apk has no usable artifacts
06-17 11:17:56.455   727  3900 I artd    : GetBestInfo: /data/user_de/0/com.google.android.gms/app_chimera/m/00000011/dl-MlkitBarcodeUi.optional_261464100400.apk has no usable artifacts
06-17 11:17:56.455   727  3900 I artd    : GetBestInfo: /data/user_de/0/com.google.android.gms/app_chimera/m/00000049/dl-VisionOcr.optional_262333100000.apk has no usable artifacts
06-17 11:17:56.455   727  3879 I artd    : GetBestInfo: /data/user_de/0/com.google.android.gms/app_chimera/m/00000005/GoogleCertificates.apk has no usable artifacts
06-17 11:17:56.455   727  3879 I artd    : GetBestInfo: /data/user_de/0/com.google.android.gms/app_chimera/m/00000010/dl-TfliteDynamiteDynamite.integ_260580502100400.apk has no usable artifacts
06-17 11:17:56.455   727  3879 I artd    : GetBestInfo: /data/user/0/com.google.android.gms/app_dg_cache/9D5BCED7935D64431BF672B8BBD597199833CA19/the.apk has no usable artifacts
06-17 11:17:56.455   727  3879 I artd    : GetBestInfo: /data/user_de/0/com.google.android.gms/app_chimera/m/00000009/dl-TfliteDynamiteDynamite.integ_252130102100400.apk has no usable artifacts
06-17 11:17:56.456   727   727 I artd    : GetBestInfo: vdex next to the dex file (/data/user/0/com.google.android.gms/app_dg_cache/5833371D1ACC412507A92815B074897510CCCEDD/oat/arm64/the.vdex) is kOatUpToDate with filter 'verify' executable 'false'
06-17 11:17:56.456   727  4468 I artd    : GetBestInfo: /data/user_de/0/com.google.android.gms/app_chimera/m/0000001b/dl-PlayCloudSearch.optional_261631100000.apk has no usable artifacts
06-17 11:17:56.456   727  3879 I artd    : GetBestInfo: /data/user_de/0/com.google.android.gms/app_chimera/m/00000027/dl-IdentityCredentialsPlatform.optional_261631100400.apk has no usable artifacts
06-17 11:17:56.456   727  3879 I artd    : GetBestInfo: /data/user/0/com.google.android.gms/app_dg_cache/86153AA318A3F208A8C511836585279D8C7E8D94/the.apk has no usable artifacts
06-17 11:17:56.456   727  3879 I artd    : GetBestInfo: /data/user_de/0/com.google.android.gms/app_chimera/m/0000001d/dl-IdentityCredentialsPlatform.optional_261631100400.apk has no usable artifacts
06-17 11:17:56.456   727  3879 I artd    : GetBestInfo: /data/user_de/0/com.google.android.gms/app_chimera/m/0000002d/dl-VisionOcr.optional_261733100000.apk has no usable artifacts
06-17 11:17:56.456   727  3879 I artd    : GetBestInfo: /data/user_de/0/com.google.android.gms/app_chimera/m/0000000e/dl-PlayCloudSearch.optional_242335100000.apk has no usable artifacts
06-17 11:17:56.457   727   727 I artd    : GetBestInfo: /data/user_de/0/com.google.android.gms/app_chimera/m/0000004a/dl-Appsearch.optional_262333100400.apk has no usable artifacts
06-17 11:17:56.457   727  4468 I artd    : GetBestInfo: /data/user_de/0/com.google.android.gms/app_chimera/m/0000001a/dl-MlkitBarcodeUi.optional_261631100400.apk has no usable artifacts
06-17 11:17:56.457   727  4468 I artd    : GetBestInfo: vdex next to the dex file (/data/user/0/com.google.android.gms/app_dg_cache/10FF5D5C646CC9E2F04BD9D73A072BD012EF1A7A/oat/arm64/the.vdex) is kOatUpToDate with filter 'verify' executable 'false'
06-17 11:17:56.457   727   751 I artd    : GetBestInfo: /data/user_de/0/com.google.android.gms/app_chimera/m/00000036/dl-Appsearch.optional_261933100400.apk has no usable artifacts
06-17 11:17:56.457   727  5659 I artd    : GetBestInfo: /data/user/0/com.google.android.gms/app_dg_cache/21A90BF1C1C388089206DCE215FB60D7882BFA18/the.apk has no usable artifacts
06-17 11:17:56.457   727  5659 I artd    : GetBestInfo: /data/user_de/0/com.google.android.gms/app_chimera/m/0000001f/dl-IdentityCredentialsPlacebo.optional_261631100400.apk has no usable artifacts
06-17 11:17:56.457   727  3904 I artd    : GetBestInfo: /data/user_de/0/com.google.android.gms/app_chimera/m/00000034/dl-IdentityCredentialsPlatform.optional_261933100400.apk has no usable artifacts
06-17 11:17:56.457   727  3904 I artd    : GetBestInfo: /data/user_de/0/com.google.android.gms/app_chimera/m/00000019/dl-MlkitOcrCommon.optional_261631100400.apk has no usable artifacts
06-17 11:17:56.458   727  3904 I artd    : GetBestInfo: /data/user/0/com.google.android.gms/app_dg_cache/A8F89F306FD1BA172E06F6F2B9F79826D0309BB6/the.apk has no usable artifacts
06-17 11:17:56.458   727  3904 I artd    : GetBestInfo: /data/user/0/com.google.android.gms/app_dg_cache/707FFD883BF2A7896692338F9625CA52336E933B/the.apk has no usable artifacts
06-17 11:17:56.600   605  1504 E TaskPersister: File error accessing recents directory (directory doesn't exist?).
06-17 11:17:56.677   889   889 D ControlsListingControllerImpl: ServiceConfig reloaded, count: 0
06-17 11:17:56.680 24544 24563 I FraudProtectUtils: Not in testing population, skipping local test bank apps. [CONTEXT service_id=469 ]
06-17 11:17:56.680 24544 24563 I FraudProtectUtils: (REDACTED) Latest bank app list size: %d, %s isBankApp: false
06-17 11:17:56.680 24544 24563 W ComponentChangedIO: No package name in intent data or package is not a bank app [CONTEXT service_id=469 ]
06-17 11:17:57.481   851   851 I wpa_supplicant: wlan0: CTRL-EVENT-BEACON-LOSS 
06-17 11:17:57.560  4453  4478 I HistorySessionSyncV2: cycle=session_flight outcome=released owner=auto_push pendingRetry=false
06-17 11:17:57.756  4453  4478 I HistorySessionSyncV2: cycle=push syncEvent=history outcome=ok sessions=82 syncType=EVENT_INCREMENTAL fullPull=false attempts=1 outboxInserted=0
06-17 11:17:57.756  4453  4478 I HistorySessionSyncV2: cycle=push outcome=ok reason=login_fresh_tick durationMs=3116 sessionsAttempted=82 sessionsUploaded=82 skippedDirtyLocal=0 coalesced=true dirtySetMode=full_reconcile owner=auto_push bootstrapInserted=0 bootstrapUpdated=1 bootstrapSkipped=86 bootstrapFailed=0 bootstrapUnsupported=0
06-17 11:17:58.395  4453  4483 D EGL_emulation: app_time_stats: avg=1114.96ms min=2.05ms max=2227.88ms count=2
06-17 11:17:58.847  4453  4533 D ProfileInstaller: Installing profile for com.example.merchandisecontrolsplitview
06-17 11:17:58.861  4453  4479 I SupabaseRealtime: Evento realtime ricevuto: action=Update remoteId=803c2f7a-963f-4a36-951e-ca6ab155d5d3 payloadVersion=2 → forward a coordinator
06-17 11:17:58.861  4453  4479 I RealtimeCoordinator: onRemoteSignal accettato: remoteId=803c2f7a-963f-4a36-951e-ca6ab155d5d3 payloadVersion=2 bufferSize=1 isForeground=true
06-17 11:17:58.865  4453  4479 I SupabaseRealtime: Evento realtime ricevuto: action=Update remoteId=1a260097-1d03-43d0-9a9d-d5769f879c64 payloadVersion=2 → forward a coordinator
06-17 11:17:58.865  4453  4479 I RealtimeCoordinator: onRemoteSignal accettato: remoteId=1a260097-1d03-43d0-9a9d-d5769f879c64 payloadVersion=2 bufferSize=2 isForeground=true
06-17 11:17:58.866  4453  4479 I SupabaseRealtime: Evento realtime ricevuto: action=Update remoteId=8aa37e34-d415-4aab-b3c8-88e47fb441d7 payloadVersion=2 → forward a coordinator
06-17 11:17:58.866  4453  4479 I RealtimeCoordinator: onRemoteSignal accettato: remoteId=8aa37e34-d415-4aab-b3c8-88e47fb441d7 payloadVersion=2 bufferSize=3 isForeground=true
06-17 11:17:58.867  4453  4474 I SupabaseRealtime: Evento realtime ricevuto: action=Update remoteId=b372d527-d5da-4f43-ab10-4c78a3346d58 payloadVersion=2 → forward a coordinator
06-17 11:17:58.867  4453  4474 I RealtimeCoordinator: onRemoteSignal accettato: remoteId=b372d527-d5da-4f43-ab10-4c78a3346d58 payloadVersion=2 bufferSize=4 isForeground=true
06-17 11:17:58.869  4453  4472 I SupabaseRealtime: Evento realtime ricevuto: action=Update remoteId=c8d849c5-1aa3-4bf3-8d88-793fe9df43a6 payloadVersion=2 → forward a coordinator
06-17 11:17:58.870  4453  4472 I RealtimeCoordinator: onRemoteSignal accettato: remoteId=c8d849c5-1aa3-4bf3-8d88-793fe9df43a6 payloadVersion=2 bufferSize=5 isForeground=true
06-17 11:17:58.872  4453  4480 I SupabaseRealtime: Evento realtime ricevuto: action=Update remoteId=54fac934-b6b3-487f-9899-8a3c3503634f payloadVersion=2 → forward a coordinator
06-17 11:17:58.872  4453  4480 I RealtimeCoordinator: onRemoteSignal accettato: remoteId=54fac934-b6b3-487f-9899-8a3c3503634f payloadVersion=2 bufferSize=6 isForeground=true
06-17 11:17:58.877  4453  4474 I SupabaseRealtime: Evento realtime ricevuto: action=Update remoteId=26f13b2c-6564-4a12-8653-f81646b2cd7f payloadVersion=2 → forward a coordinator
06-17 11:17:58.877  4453  4474 I RealtimeCoordinator: onRemoteSignal accettato: remoteId=26f13b2c-6564-4a12-8653-f81646b2cd7f payloadVersion=2 bufferSize=7 isForeground=true
06-17 11:17:58.877  4453  4474 I SupabaseRealtime: Evento realtime ricevuto: action=Update remoteId=7a1cbdfa-9966-4360-9527-3478ef85511c payloadVersion=2 → forward a coordinator
06-17 11:17:58.877  4453  4474 I RealtimeCoordinator: onRemoteSignal accettato: remoteId=7a1cbdfa-9966-4360-9527-3478ef85511c payloadVersion=2 bufferSize=8 isForeground=true
06-17 11:17:58.878  4453  4474 I SupabaseRealtime: Evento realtime ricevuto: action=Update remoteId=5e72cef0-2d04-477f-821d-c6bf8d8c3f6b payloadVersion=2 → forward a coordinator
06-17 11:17:58.878  4453  4474 I RealtimeCoordinator: onRemoteSignal accettato: remoteId=5e72cef0-2d04-477f-821d-c6bf8d8c3f6b payloadVersion=2 bufferSize=9 isForeground=true
06-17 11:17:58.878  4453  4474 I SupabaseRealtime: Evento realtime ricevuto: action=Update remoteId=1a8cd6d9-0e40-464e-9e4e-2cf861bf39ec payloadVersion=2 → forward a coordinator
06-17 11:17:58.878  4453  4474 I RealtimeCoordinator: onRemoteSignal accettato: remoteId=1a8cd6d9-0e40-464e-9e4e-2cf861bf39ec payloadVersion=2 bufferSize=10 isForeground=true
06-17 11:17:58.880  4453  4474 I SupabaseRealtime: Evento realtime ricevuto: action=Update remoteId=8571d188-d924-4b29-90e8-5a3d77b76675 payloadVersion=2 → forward a coordinator
06-17 11:17:58.880  4453  4474 I RealtimeCoordinator: onRemoteSignal accettato: remoteId=8571d188-d924-4b29-90e8-5a3d77b76675 payloadVersion=2 bufferSize=11 isForeground=true
06-17 11:17:58.881  4453  4471 I SupabaseRealtime: Evento realtime ricevuto: action=Update remoteId=6fd48006-7170-4906-941c-75e1ce3d8859 payloadVersion=2 → forward a coordinator
06-17 11:17:58.881  4453  4471 I RealtimeCoordinator: onRemoteSignal accettato: remoteId=6fd48006-7170-4906-941c-75e1ce3d8859 payloadVersion=2 bufferSize=12 isForeground=true
06-17 11:17:58.883  4453  4471 I SupabaseRealtime: Evento realtime ricevuto: action=Update remoteId=db132a4c-eb05-416e-8497-f8e541dbf75a payloadVersion=2 → forward a coordinator
06-17 11:17:58.885  4453  4471 I RealtimeCoordinator: onRemoteSignal accettato: remoteId=db132a4c-eb05-416e-8497-f8e541dbf75a payloadVersion=2 bufferSize=13 isForeground=true
06-17 11:17:58.885  4453  4471 I SupabaseRealtime: Evento realtime ricevuto: action=Update remoteId=18dc4853-874a-4599-b0d0-b91f01a34deb payloadVersion=2 → forward a coordinator
06-17 11:17:58.885  4453  4471 I RealtimeCoordinator: onRemoteSignal accettato: remoteId=18dc4853-874a-4599-b0d0-b91f01a34deb payloadVersion=2 bufferSize=14 isForeground=true
06-17 11:17:58.885  4453  4471 I SupabaseRealtime: Evento realtime ricevuto: action=Update remoteId=430538eb-82b3-4e7d-89e9-044505ac9f7a payloadVersion=2 → forward a coordinator
06-17 11:17:58.885  4453  4471 I RealtimeCoordinator: onRemoteSignal accettato: remoteId=430538eb-82b3-4e7d-89e9-044505ac9f7a payloadVersion=2 bufferSize=15 isForeground=true
06-17 11:17:58.887  4453  4478 I SupabaseRealtime: Evento realtime ricevuto: action=Update remoteId=4b8e9878-f3b5-4e21-b7a1-28f5f9d60b68 payloadVersion=2 → forward a coordinator
06-17 11:17:58.887  4453  4478 I RealtimeCoordinator: onRemoteSignal accettato: remoteId=4b8e9878-f3b5-4e21-b7a1-28f5f9d60b68 payloadVersion=2 bufferSize=16 isForeground=true
06-17 11:17:58.960  4453  4471 I SupabaseRealtime: Evento realtime ricevuto: action=Update remoteId=4fcfd638-c17e-4515-be14-631b7264cc47 payloadVersion=2 → forward a coordinator
06-17 11:17:58.969  4453  4471 I RealtimeCoordinator: onRemoteSignal accettato: remoteId=4fcfd638-c17e-4515-be14-631b7264cc47 payloadVersion=2 bufferSize=17 isForeground=true
06-17 11:17:58.970  4453  4471 I SupabaseRealtime: Evento realtime ricevuto: action=Update remoteId=5495ba0b-cdc4-4902-b03e-77287f4811c1 payloadVersion=2 → forward a coordinator
06-17 11:17:58.970  4453  4471 I RealtimeCoordinator: onRemoteSignal accettato: remoteId=5495ba0b-cdc4-4902-b03e-77287f4811c1 payloadVersion=2 bufferSize=18 isForeground=true
06-17 11:17:58.970  4453  4471 I SupabaseRealtime: Evento realtime ricevuto: action=Update remoteId=84b310ea-6ca0-4829-a641-1991c407a2e1 payloadVersion=2 → forward a coordinator
06-17 11:17:58.970  4453  4471 I RealtimeCoordinator: onRemoteSignal accettato: remoteId=84b310ea-6ca0-4829-a641-1991c407a2e1 payloadVersion=2 bufferSize=19 isForeground=true
06-17 11:17:58.976  4453  4479 I SupabaseRealtime: Evento realtime ricevuto: action=Update remoteId=45b8cbfe-363d-45da-8969-c73d8eb1e35c payloadVersion=2 → forward a coordinator
06-17 11:17:58.983  4453  4479 I RealtimeCoordinator: onRemoteSignal accettato: remoteId=45b8cbfe-363d-45da-8969-c73d8eb1e35c payloadVersion=2 bufferSize=20 isForeground=true
06-17 11:17:58.984  4453  4479 I SupabaseRealtime: Evento realtime ricevuto: action=Update remoteId=f18448ba-bff4-43ec-a8a5-765aa9d7f7a8 payloadVersion=2 → forward a coordinator
06-17 11:17:58.989  4453  4479 I RealtimeCoordinator: onRemoteSignal accettato: remoteId=f18448ba-bff4-43ec-a8a5-765aa9d7f7a8 payloadVersion=2 bufferSize=21 isForeground=true
06-17 11:17:58.994  4453  4479 I SupabaseRealtime: Evento realtime ricevuto: action=Update remoteId=4ad12f14-b4a5-45e3-b580-2efebfd752be payloadVersion=2 → forward a coordinator
06-17 11:17:58.997  4453  4479 I RealtimeCoordinator: onRemoteSignal accettato: remoteId=4ad12f14-b4a5-45e3-b580-2efebfd752be payloadVersion=2 bufferSize=22 isForeground=true
06-17 11:17:58.999  4453  4479 I SupabaseRealtime: Evento realtime ricevuto: action=Update remoteId=2959ba3c-25f1-478f-8212-b7572ef768d8 payloadVersion=2 → forward a coordinator
06-17 11:17:58.999  4453  4479 I RealtimeCoordinator: onRemoteSignal accettato: remoteId=2959ba3c-25f1-478f-8212-b7572ef768d8 payloadVersion=2 bufferSize=23 isForeground=true
06-17 11:17:59.002  4453  4479 I SupabaseRealtime: Evento realtime ricevuto: action=Update remoteId=3f615ea4-c6e1-4a3e-9d6d-c2db993c9917 payloadVersion=2 → forward a coordinator
06-17 11:17:59.004  4453  4479 I RealtimeCoordinator: onRemoteSignal accettato: remoteId=3f615ea4-c6e1-4a3e-9d6d-c2db993c9917 payloadVersion=2 bufferSize=24 isForeground=true
06-17 11:17:59.005  4453  4479 I SupabaseRealtime: Evento realtime ricevuto: action=Update remoteId=ae2ca149-ddb7-4a94-8963-90ad0060d705 payloadVersion=2 → forward a coordinator
06-17 11:17:59.005  4453  4479 I RealtimeCoordinator: onRemoteSignal accettato: remoteId=ae2ca149-ddb7-4a94-8963-90ad0060d705 payloadVersion=2 bufferSize=25 isForeground=true
06-17 11:17:59.005  4453  4479 I SupabaseRealtime: Evento realtime ricevuto: action=Update remoteId=0f8e6f9a-f577-40ad-ad25-3d5bbd263cf5 payloadVersion=2 → forward a coordinator
06-17 11:17:59.005  4453  4479 I RealtimeCoordinator: onRemoteSignal accettato: remoteId=0f8e6f9a-f577-40ad-ad25-3d5bbd263cf5 payloadVersion=2 bufferSize=26 isForeground=true
06-17 11:17:59.005  4453  4479 I SupabaseRealtime: Evento realtime ricevuto: action=Update remoteId=35ce8764-e90c-4d70-b62a-0e1445c56078 payloadVersion=2 → forward a coordinator
06-17 11:17:59.005  4453  4479 I RealtimeCoordinator: onRemoteSignal accettato: remoteId=35ce8764-e90c-4d70-b62a-0e1445c56078 payloadVersion=2 bufferSize=27 isForeground=true
06-17 11:17:59.005  4453  4479 I SupabaseRealtime: Evento realtime ricevuto: action=Update remoteId=5c5a431b-8486-461d-a0cf-c589bd94a8d4 payloadVersion=2 → forward a coordinator
06-17 11:17:59.005  4453  4479 I RealtimeCoordinator: onRemoteSignal accettato: remoteId=5c5a431b-8486-461d-a0cf-c589bd94a8d4 payloadVersion=2 bufferSize=28 isForeground=true
06-17 11:17:59.006  4453  4479 I SupabaseRealtime: Evento realtime ricevuto: action=Update remoteId=729928b1-bc01-4f27-a186-02e0a6261d99 payloadVersion=2 → forward a coordinator
06-17 11:17:59.006  4453  4479 I RealtimeCoordinator: onRemoteSignal accettato: remoteId=729928b1-bc01-4f27-a186-02e0a6261d99 payloadVersion=2 bufferSize=29 isForeground=true
06-17 11:17:59.006  4453  4479 I SupabaseRealtime: Evento realtime ricevuto: action=Update remoteId=91543bd7-bee2-4eaf-8dff-7935b8337e47 payloadVersion=2 → forward a coordinator
06-17 11:17:59.006  4453  4479 I RealtimeCoordinator: onRemoteSignal accettato: remoteId=91543bd7-bee2-4eaf-8dff-7935b8337e47 payloadVersion=2 bufferSize=30 isForeground=true
06-17 11:17:59.007  4453  4479 I SupabaseRealtime: Evento realtime ricevuto: action=Update remoteId=918f4efb-3c4f-4fdc-bd6e-482a0d8dc953 payloadVersion=2 → forward a coordinator
06-17 11:17:59.007  4453  4479 I RealtimeCoordinator: onRemoteSignal accettato: remoteId=918f4efb-3c4f-4fdc-bd6e-482a0d8dc953 payloadVersion=2 bufferSize=31 isForeground=true
06-17 11:17:59.007  4453  4479 I SupabaseRealtime: Evento realtime ricevuto: action=Update remoteId=af89ab42-3ec5-48ef-b333-2bfe69173059 payloadVersion=2 → forward a coordinator
06-17 11:17:59.007  4453  4479 I RealtimeCoordinator: onRemoteSignal accettato: remoteId=af89ab42-3ec5-48ef-b333-2bfe69173059 payloadVersion=2 bufferSize=32 isForeground=true
06-17 11:17:59.007  4453  4479 I SupabaseRealtime: Evento realtime ricevuto: action=Update remoteId=ba14b1ba-8247-46b6-a4a5-999257d9fe19 payloadVersion=2 → forward a coordinator
06-17 11:17:59.007  4453  4479 I RealtimeCoordinator: onRemoteSignal accettato: remoteId=ba14b1ba-8247-46b6-a4a5-999257d9fe19 payloadVersion=2 bufferSize=33 isForeground=true
06-17 11:17:59.008  4453  4479 I SupabaseRealtime: Evento realtime ricevuto: action=Update remoteId=dd787dd2-352a-4105-8b46-3c4b5dd32a9d payloadVersion=2 → forward a coordinator
06-17 11:17:59.008  4453  4479 I RealtimeCoordinator: onRemoteSignal accettato: remoteId=dd787dd2-352a-4105-8b46-3c4b5dd32a9d payloadVersion=2 bufferSize=34 isForeground=true
06-17 11:17:59.009  4453  4480 I SupabaseRealtime: Evento realtime ricevuto: action=Update remoteId=fa393d6e-52aa-43ef-8dd1-ecf25701e303 payloadVersion=2 → forward a coordinator
06-17 11:17:59.009  4453  4480 I RealtimeCoordinator: onRemoteSignal accettato: remoteId=fa393d6e-52aa-43ef-8dd1-ecf25701e303 payloadVersion=2 bufferSize=35 isForeground=true
06-17 11:17:59.010  4453  4479 I SupabaseRealtime: Evento realtime ricevuto: action=Update remoteId=353def8d-abdb-49ce-bf09-825b07eab862 payloadVersion=2 → forward a coordinator
06-17 11:17:59.011  4453  4479 I RealtimeCoordinator: onRemoteSignal accettato: remoteId=353def8d-abdb-49ce-bf09-825b07eab862 payloadVersion=2 bufferSize=36 isForeground=true
06-17 11:17:59.011  4453  4479 I SupabaseRealtime: Evento realtime ricevuto: action=Update remoteId=e9d341e1-9ca5-40f5-9e94-e10e0be4d675 payloadVersion=2 → forward a coordinator
06-17 11:17:59.012  4453  4479 I RealtimeCoordinator: onRemoteSignal accettato: remoteId=e9d341e1-9ca5-40f5-9e94-e10e0be4d675 payloadVersion=2 bufferSize=37 isForeground=true
06-17 11:17:59.013  4453  4479 I SupabaseRealtime: Evento realtime ricevuto: action=Update remoteId=7c4c32f2-aa2e-4790-8bfe-e036654b9ffd payloadVersion=2 → forward a coordinator
06-17 11:17:59.013  4453  4479 I RealtimeCoordinator: onRemoteSignal accettato: remoteId=7c4c32f2-aa2e-4790-8bfe-e036654b9ffd payloadVersion=2 bufferSize=38 isForeground=true
06-17 11:17:59.013  4453  4479 I SupabaseRealtime: Evento realtime ricevuto: action=Update remoteId=e68fdc1c-1974-4f72-9636-510f6df039b9 payloadVersion=2 → forward a coordinator
06-17 11:17:59.013  4453  4479 I RealtimeCoordinator: onRemoteSignal accettato: remoteId=e68fdc1c-1974-4f72-9636-510f6df039b9 payloadVersion=2 bufferSize=39 isForeground=true
06-17 11:17:59.014  4453  4474 I SupabaseRealtime: Evento realtime ricevuto: action=Update remoteId=9e653a74-89d5-4e4f-b6f7-1bbefa0e7d7b payloadVersion=2 → forward a coordinator
06-17 11:17:59.014  4453  4474 I RealtimeCoordinator: onRemoteSignal accettato: remoteId=9e653a74-89d5-4e4f-b6f7-1bbefa0e7d7b payloadVersion=2 bufferSize=40 isForeground=true
06-17 11:17:59.015  4453  4479 I SupabaseRealtime: Evento realtime ricevuto: action=Update remoteId=155ddda4-5911-47c8-a4a0-7265d305a978 payloadVersion=2 → forward a coordinator
06-17 11:17:59.015  4453  4479 I RealtimeCoordinator: onRemoteSignal accettato: remoteId=155ddda4-5911-47c8-a4a0-7265d305a978 payloadVersion=2 bufferSize=41 isForeground=true
06-17 11:17:59.016  4453  4479 I SupabaseRealtime: Evento realtime ricevuto: action=Update remoteId=cb1932f6-e809-4150-b9d8-4c91db0add54 payloadVersion=2 → forward a coordinator
06-17 11:17:59.016  4453  4479 I RealtimeCoordinator: onRemoteSignal accettato: remoteId=cb1932f6-e809-4150-b9d8-4c91db0add54 payloadVersion=2 bufferSize=42 isForeground=true
06-17 11:17:59.017  4453  4471 I SupabaseRealtime: Evento realtime ricevuto: action=Update remoteId=e2f31ac3-1035-466c-a049-08431bb018cc payloadVersion=2 → forward a coordinator
06-17 11:17:59.017  4453  4471 I RealtimeCoordinator: onRemoteSignal accettato: remoteId=e2f31ac3-1035-466c-a049-08431bb018cc payloadVersion=2 bufferSize=43 isForeground=true
06-17 11:17:59.018  4453  4474 I SupabaseRealtime: Evento realtime ricevuto: action=Update remoteId=25d6efef-76fe-4fd5-9dfd-5ae8014477e3 payloadVersion=2 → forward a coordinator
06-17 11:17:59.018  4453  4474 I RealtimeCoordinator: onRemoteSignal accettato: remoteId=25d6efef-76fe-4fd5-9dfd-5ae8014477e3 payloadVersion=2 bufferSize=44 isForeground=true
06-17 11:17:59.019  4453  4473 I SupabaseRealtime: Evento realtime ricevuto: action=Update remoteId=a61cfc97-ec3d-414e-9630-2f672f9a2be6 payloadVersion=2 → forward a coordinator
06-17 11:17:59.019  4453  4473 I RealtimeCoordinator: onRemoteSignal accettato: remoteId=a61cfc97-ec3d-414e-9630-2f672f9a2be6 payloadVersion=2 bufferSize=45 isForeground=true
06-17 11:17:59.020  4453  4474 I SupabaseRealtime: Evento realtime ricevuto: action=Update remoteId=1fd2814a-fab5-4140-8511-d57ea4410c08 payloadVersion=2 → forward a coordinator
06-17 11:17:59.020  4453  4474 I RealtimeCoordinator: onRemoteSignal accettato: remoteId=1fd2814a-fab5-4140-8511-d57ea4410c08 payloadVersion=2 bufferSize=46 isForeground=true
06-17 11:17:59.021  4453  4473 I SupabaseRealtime: Evento realtime ricevuto: action=Update remoteId=45aed67e-cc1d-4247-bc99-524c5cf076f5 payloadVersion=2 → forward a coordinator
06-17 11:17:59.021  4453  4473 I RealtimeCoordinator: onRemoteSignal accettato: remoteId=45aed67e-cc1d-4247-bc99-524c5cf076f5 payloadVersion=2 bufferSize=47 isForeground=true
06-17 11:17:59.022  4453  4474 I SupabaseRealtime: Evento realtime ricevuto: action=Update remoteId=4b78fdf1-0402-4090-b4a0-142f0996ff76 payloadVersion=2 → forward a coordinator
06-17 11:17:59.022  4453  4474 I RealtimeCoordinator: onRemoteSignal accettato: remoteId=4b78fdf1-0402-4090-b4a0-142f0996ff76 payloadVersion=2 bufferSize=48 isForeground=true
06-17 11:17:59.022  4453  4479 I SupabaseRealtime: Evento realtime ricevuto: action=Update remoteId=49e0be2d-c835-475d-a068-74e91e60e096 payloadVersion=2 → forward a coordinator
06-17 11:17:59.022  4453  4479 I RealtimeCoordinator: onRemoteSignal accettato: remoteId=49e0be2d-c835-475d-a068-74e91e60e096 payloadVersion=2 bufferSize=49 isForeground=true
06-17 11:17:59.023  4453  4472 I SupabaseRealtime: Evento realtime ricevuto: action=Update remoteId=4c1a71f3-bf7c-48fe-ac73-5e77e7a5eda8 payloadVersion=2 → forward a coordinator
06-17 11:17:59.023  4453  4472 I RealtimeCoordinator: onRemoteSignal accettato: remoteId=4c1a71f3-bf7c-48fe-ac73-5e77e7a5eda8 payloadVersion=2 bufferSize=50 isForeground=true
06-17 11:17:59.024  4453  4477 I SupabaseRealtime: Evento realtime ricevuto: action=Update remoteId=7c84231b-8597-4ae1-bfc0-72a969516dd2 payloadVersion=2 → forward a coordinator
06-17 11:17:59.024  4453  4477 I RealtimeCoordinator: onRemoteSignal accettato: remoteId=7c84231b-8597-4ae1-bfc0-72a969516dd2 payloadVersion=2 bufferSize=51 isForeground=true
06-17 11:17:59.025  4453  4472 I SupabaseRealtime: Evento realtime ricevuto: action=Update remoteId=a6f4f4dd-fd27-44c9-a467-66a6447676b0 payloadVersion=2 → forward a coordinator
06-17 11:17:59.025  4453  4472 I RealtimeCoordinator: onRemoteSignal accettato: remoteId=a6f4f4dd-fd27-44c9-a467-66a6447676b0 payloadVersion=2 bufferSize=52 isForeground=true
06-17 11:17:59.026  4453  4474 I SupabaseRealtime: Evento realtime ricevuto: action=Update remoteId=af15cc9b-1cf5-42d2-a9b2-9c38a8f863df payloadVersion=2 → forward a coordinator
06-17 11:17:59.026  4453  4474 I RealtimeCoordinator: onRemoteSignal accettato: remoteId=af15cc9b-1cf5-42d2-a9b2-9c38a8f863df payloadVersion=2 bufferSize=53 isForeground=true
06-17 11:17:59.031  4453  4472 I SupabaseRealtime: Evento realtime ricevuto: action=Update remoteId=d98b8a63-6080-42e4-ac00-7308d0e4444b payloadVersion=2 → forward a coordinator
06-17 11:17:59.037  4453  4472 I RealtimeCoordinator: onRemoteSignal accettato: remoteId=d98b8a63-6080-42e4-ac00-7308d0e4444b payloadVersion=2 bufferSize=54 isForeground=true
06-17 11:17:59.037  4453  4472 I SupabaseRealtime: Evento realtime ricevuto: action=Update remoteId=038aed8a-299c-489a-9c21-d1d70828a4ab payloadVersion=2 → forward a coordinator
06-17 11:17:59.037  4453  4472 I RealtimeCoordinator: onRemoteSignal accettato: remoteId=038aed8a-299c-489a-9c21-d1d70828a4ab payloadVersion=2 bufferSize=55 isForeground=true
06-17 11:17:59.037  4453  4472 I SupabaseRealtime: Evento realtime ricevuto: action=Update remoteId=7070044f-a395-4bd1-b971-af865a47dd61 payloadVersion=2 → forward a coordinator
06-17 11:17:59.037  4453  4472 I RealtimeCoordinator: onRemoteSignal accettato: remoteId=7070044f-a395-4bd1-b971-af865a47dd61 payloadVersion=2 bufferSize=56 isForeground=true
06-17 11:17:59.037  4453  4472 I SupabaseRealtime: Evento realtime ricevuto: action=Update remoteId=f80a3cae-5ad7-4937-ab41-25bb7c62694a payloadVersion=2 → forward a coordinator
06-17 11:17:59.038  4453  4472 I RealtimeCoordinator: onRemoteSignal accettato: remoteId=f80a3cae-5ad7-4937-ab41-25bb7c62694a payloadVersion=2 bufferSize=57 isForeground=true
06-17 11:17:59.042  4453  4472 I SupabaseRealtime: Evento realtime ricevuto: action=Update remoteId=8165ed48-14fb-4486-a603-163289601901 payloadVersion=2 → forward a coordinator
06-17 11:17:59.043  4453  4472 I RealtimeCoordinator: onRemoteSignal accettato: remoteId=8165ed48-14fb-4486-a603-163289601901 payloadVersion=2 bufferSize=58 isForeground=true
06-17 11:17:59.044  4453  4472 I SupabaseRealtime: Evento realtime ricevuto: action=Update remoteId=35f30c23-3673-414c-9b39-c5e7a19ca510 payloadVersion=2 → forward a coordinator
06-17 11:17:59.044  4453  4472 I RealtimeCoordinator: onRemoteSignal accettato: remoteId=35f30c23-3673-414c-9b39-c5e7a19ca510 payloadVersion=2 bufferSize=59 isForeground=true
06-17 11:17:59.044  4453  4472 I SupabaseRealtime: Evento realtime ricevuto: action=Update remoteId=0acfcd5d-187a-436f-b6f1-e7f9244ae297 payloadVersion=2 → forward a coordinator
06-17 11:17:59.044  4453  4472 I RealtimeCoordinator: onRemoteSignal accettato: remoteId=0acfcd5d-187a-436f-b6f1-e7f9244ae297 payloadVersion=2 bufferSize=60 isForeground=true
06-17 11:17:59.045  4453  4472 I SupabaseRealtime: Evento realtime ricevuto: action=Update remoteId=f03fac78-bcbf-49cf-84b2-cae850beb9dd payloadVersion=2 → forward a coordinator
06-17 11:17:59.045  4453  4472 I RealtimeCoordinator: onRemoteSignal accettato: remoteId=f03fac78-bcbf-49cf-84b2-cae850beb9dd payloadVersion=2 bufferSize=61 isForeground=true
06-17 11:17:59.047  4453  4472 I SupabaseRealtime: Evento realtime ricevuto: action=Update remoteId=c00144b5-2e44-4f4b-9d8f-38ecff5703df payloadVersion=2 → forward a coordinator
06-17 11:17:59.051  4453  4472 I RealtimeCoordinator: onRemoteSignal accettato: remoteId=c00144b5-2e44-4f4b-9d8f-38ecff5703df payloadVersion=2 bufferSize=62 isForeground=true
06-17 11:17:59.051  4453  4472 I SupabaseRealtime: Evento realtime ricevuto: action=Update remoteId=c9ff729e-6af1-464f-bb59-d422fe534117 payloadVersion=2 → forward a coordinator
06-17 11:17:59.051  4453  4472 I RealtimeCoordinator: onRemoteSignal accettato: remoteId=c9ff729e-6af1-464f-bb59-d422fe534117 payloadVersion=2 bufferSize=63 isForeground=true
06-17 11:17:59.058  4453  4472 I SupabaseRealtime: Evento realtime ricevuto: action=Update remoteId=384c69f0-d96c-4508-a65a-9f757b77c593 payloadVersion=2 → forward a coordinator
06-17 11:17:59.058  4453  4472 I RealtimeCoordinator: onRemoteSignal accettato: remoteId=384c69f0-d96c-4508-a65a-9f757b77c593 payloadVersion=2 bufferSize=64 isForeground=true
06-17 11:17:59.062  4453  4472 I SupabaseRealtime: Evento realtime ricevuto: action=Update remoteId=e236b75a-f70f-4637-a4a0-9e26a5109ca3 payloadVersion=2 → forward a coordinator
06-17 11:17:59.062  4453  4472 I RealtimeCoordinator: onRemoteSignal accettato: remoteId=e236b75a-f70f-4637-a4a0-9e26a5109ca3 payloadVersion=2 bufferSize=65 isForeground=true
06-17 11:17:59.062  4453  4472 I SupabaseRealtime: Evento realtime ricevuto: action=Update remoteId=ac33d503-9d63-422d-9ed9-dfb968426819 payloadVersion=2 → forward a coordinator
06-17 11:17:59.062  4453  4472 I RealtimeCoordinator: onRemoteSignal accettato: remoteId=ac33d503-9d63-422d-9ed9-dfb968426819 payloadVersion=2 bufferSize=66 isForeground=true
06-17 11:17:59.062  4453  4472 I SupabaseRealtime: Evento realtime ricevuto: action=Update remoteId=3cef3553-135a-4414-a73a-c9ed4f0f4d5a payloadVersion=2 → forward a coordinator
06-17 11:17:59.062  4453  4472 I RealtimeCoordinator: onRemoteSignal accettato: remoteId=3cef3553-135a-4414-a73a-c9ed4f0f4d5a payloadVersion=2 bufferSize=67 isForeground=true
06-17 11:17:59.091  4453  4471 I SupabaseRealtime: Evento realtime ricevuto: action=Update remoteId=72f4302d-ab6a-41a2-9dad-c8b080e3bcf6 payloadVersion=2 → forward a coordinator
06-17 11:17:59.092  4453  4471 I RealtimeCoordinator: onRemoteSignal accettato: remoteId=72f4302d-ab6a-41a2-9dad-c8b080e3bcf6 payloadVersion=2 bufferSize=68 isForeground=true
06-17 11:17:59.093  4453  4478 I SupabaseRealtime: Evento realtime ricevuto: action=Update remoteId=fd343935-a779-48e9-8772-7ad0fa8cbad6 payloadVersion=2 → forward a coordinator
06-17 11:17:59.098  4453  4478 I RealtimeCoordinator: onRemoteSignal accettato: remoteId=fd343935-a779-48e9-8772-7ad0fa8cbad6 payloadVersion=2 bufferSize=69 isForeground=true
06-17 11:17:59.100  4453  4472 I SupabaseRealtime: Evento realtime ricevuto: action=Update remoteId=0e55188f-83e0-4fb0-a5c8-d0f3e4a0fc5e payloadVersion=2 → forward a coordinator
06-17 11:17:59.100  4453  4472 I RealtimeCoordinator: onRemoteSignal accettato: remoteId=0e55188f-83e0-4fb0-a5c8-d0f3e4a0fc5e payloadVersion=2 bufferSize=70 isForeground=true
06-17 11:17:59.101  4453  4472 I SupabaseRealtime: Evento realtime ricevuto: action=Update remoteId=c13c783c-7117-478c-aa82-784afa71e31b payloadVersion=2 → forward a coordinator
06-17 11:17:59.101  4453  4472 I RealtimeCoordinator: onRemoteSignal accettato: remoteId=c13c783c-7117-478c-aa82-784afa71e31b payloadVersion=2 bufferSize=71 isForeground=true
06-17 11:17:59.104  4453  4477 I SupabaseRealtime: Evento realtime ricevuto: action=Update remoteId=e7c7d05c-9941-4b89-b870-1e92e839ea93 payloadVersion=2 → forward a coordinator
06-17 11:17:59.108  4453  4477 I RealtimeCoordinator: onRemoteSignal accettato: remoteId=e7c7d05c-9941-4b89-b870-1e92e839ea93 payloadVersion=2 bufferSize=72 isForeground=true
06-17 11:17:59.112  4453  4477 I SupabaseRealtime: Evento realtime ricevuto: action=Update remoteId=a1209d23-71cc-4a99-9b58-877b82e683f3 payloadVersion=2 → forward a coordinator
06-17 11:17:59.112  4453  4477 I RealtimeCoordinator: onRemoteSignal accettato: remoteId=a1209d23-71cc-4a99-9b58-877b82e683f3 payloadVersion=2 bufferSize=73 isForeground=true
06-17 11:17:59.121  4453  4477 I SupabaseRealtime: Evento realtime ricevuto: action=Update remoteId=3ca5b305-63b9-4274-928a-c3967eb243a7 payloadVersion=2 → forward a coordinator
06-17 11:17:59.121  4453  4477 I RealtimeCoordinator: onRemoteSignal accettato: remoteId=3ca5b305-63b9-4274-928a-c3967eb243a7 payloadVersion=2 bufferSize=74 isForeground=true
06-17 11:17:59.124  4453  4477 I SupabaseRealtime: Evento realtime ricevuto: action=Update remoteId=22a8b51d-4293-4685-924f-cabf7f53b01b payloadVersion=2 → forward a coordinator
06-17 11:17:59.124  4453  4477 I RealtimeCoordinator: onRemoteSignal accettato: remoteId=22a8b51d-4293-4685-924f-cabf7f53b01b payloadVersion=2 bufferSize=75 isForeground=true
06-17 11:17:59.125  4453  4477 I SupabaseRealtime: Evento realtime ricevuto: action=Update remoteId=db09ec74-4fd4-4b3a-8443-138ed4b78b75 payloadVersion=2 → forward a coordinator
06-17 11:17:59.128  4453  4477 I RealtimeCoordinator: onRemoteSignal accettato: remoteId=db09ec74-4fd4-4b3a-8443-138ed4b78b75 payloadVersion=2 bufferSize=76 isForeground=true
06-17 11:17:59.131  4453  4477 I SupabaseRealtime: Evento realtime ricevuto: action=Update remoteId=39edf528-682e-4ef6-a25d-fbedd4e55b62 payloadVersion=2 → forward a coordinator
06-17 11:17:59.131  4453  4477 I RealtimeCoordinator: onRemoteSignal accettato: remoteId=39edf528-682e-4ef6-a25d-fbedd4e55b62 payloadVersion=2 bufferSize=77 isForeground=true
06-17 11:17:59.133  4453  4477 I SupabaseRealtime: Evento realtime ricevuto: action=Update remoteId=6cfd1a15-6976-41cb-a873-b651a355381c payloadVersion=2 → forward a coordinator
06-17 11:17:59.133  4453  4477 I RealtimeCoordinator: onRemoteSignal accettato: remoteId=6cfd1a15-6976-41cb-a873-b651a355381c payloadVersion=2 bufferSize=78 isForeground=true
06-17 11:17:59.133  4453  4477 I SupabaseRealtime: Evento realtime ricevuto: action=Update remoteId=0fbfcc0f-7c69-4dac-aea0-bc3d11c32dab payloadVersion=2 → forward a coordinator
06-17 11:17:59.133  4453  4477 I RealtimeCoordinator: onRemoteSignal accettato: remoteId=0fbfcc0f-7c69-4dac-aea0-bc3d11c32dab payloadVersion=2 bufferSize=79 isForeground=true
06-17 11:17:59.133  4453  4477 I SupabaseRealtime: Evento realtime ricevuto: action=Update remoteId=9bc2bcb1-87ea-4077-be6b-cc47570b0a03 payloadVersion=2 → forward a coordinator
06-17 11:17:59.134  4453  4477 I RealtimeCoordinator: onRemoteSignal accettato: remoteId=9bc2bcb1-87ea-4077-be6b-cc47570b0a03 payloadVersion=2 bufferSize=80 isForeground=true
06-17 11:17:59.134  4453  4477 I SupabaseRealtime: Evento realtime ricevuto: action=Update remoteId=0fe099c0-8039-47fd-adca-469c7580afa9 payloadVersion=2 → forward a coordinator
06-17 11:17:59.134  4453  4477 I RealtimeCoordinator: onRemoteSignal accettato: remoteId=0fe099c0-8039-47fd-adca-469c7580afa9 payloadVersion=2 bufferSize=81 isForeground=true
06-17 11:17:59.134  4453  4477 I SupabaseRealtime: Evento realtime ricevuto: action=Update remoteId=ea51e400-d559-43a2-86e5-e08935261dcc payloadVersion=2 → forward a coordinator
06-17 11:17:59.134  4453  4477 I RealtimeCoordinator: onRemoteSignal accettato: remoteId=ea51e400-d559-43a2-86e5-e08935261dcc payloadVersion=2 bufferSize=82 isForeground=true
06-17 11:17:59.432   605   772 I HalDevMgr: bestIfaceCreationProposal is null, requestIface=STA, existingIface=[name=wlan0 type=STA]
06-17 11:17:59.434  1144  2097 I NullBinder: NullBinder for android.net.action.RECOMMEND_NETWORKS triggering remote TransactionTooLargeException due to Service without Chimera impl, calling uid: 1000, calling pid: 0
06-17 11:17:59.438  1144  2097 W .gms.persistent: Large reply transaction of 1056768 bytes, interface descriptor , code 1
06-17 11:17:59.443   605   778 W IPCThreadState: Sending oneway calls to frozen process.
06-17 11:17:59.443   605   778 W IPCThreadState: Sending oneway calls to frozen process.
06-17 11:17:59.443   605   778 W IPCThreadState: Sending oneway calls to frozen process.
06-17 11:17:59.448   605   778 D ConnectivityService: NetReassign [no changes] [c 0] [a 3] [i 0]
06-17 11:17:59.449  1144  1144 I MagicTether: (REDACTED) [ActiveNetworkTracker] setActiveNetwork: %s
06-17 11:17:59.449  1144  1144 I MagicTether: (REDACTED) [TetherService] onActiveNetworkChanged: network=%s isLost=%s
06-17 11:17:59.449  1144  4417 I MagicTether: [WifiConnectionHandler] Ignoring getWifiConfigurationByNetworkId when checking connected state [CONTEXT service_id=276 ]
06-17 11:17:59.449  1144  4417 I MagicTether: [WifiConnectionHandler] No networkId set, can't be connected. [CONTEXT service_id=276 ]
06-17 11:17:59.450  1144  4417 I MagicTether: (REDACTED) [TetherService] TRANSPORT_CELLULAR [%s], TRANSPORT_ETHERNET [%s], TRANSPORT_WIFI [%s]
06-17 11:17:59.450  1144  4535 I NearbyMediums: Wifi changed new SSID: "AndroidWifi"
06-17 11:17:59.451  1144  4535 I NearbyMediums: WifiLanConnectivityInfo is not changed, skip notify.
06-17 11:17:59.451  1144  4417 I MagicTether: (REDACTED) [TetherService] setRoles hasActiveNetworkConnection=%s canActiveNetworkBeTethered=%s isConnectedToInstantTether=%s isWifiEnabled=%s isHosting=%s
06-17 11:17:59.453  1144  1144 I MagicTether: (REDACTED) [LaunchUtils] Instant Wifi for status account: name: %s | type: %s | isLaunched: %s
06-17 11:17:59.453  1144  1144 I MagicTether: (REDACTED) [TidepoolFeatureStatusManager] isInstantHotspotEnabled=%s
06-17 11:17:59.453  1144  1144 I MagicTether: (REDACTED) [TidepoolFeatureStatusManager] isInstantWifiEnabled=%s
06-17 11:17:59.453  1144  1144 I MagicTether: (REDACTED) [TetherService] startNearbyHostRole: start: %s isInstantHotspotEnabled: %s isInstantWifiEnabled: %s
06-17 11:17:59.453  1144  1144 I MagicTether: [HostTetherRole] Nearby host role already stopped [CONTEXT service_id=276 ]
06-17 11:17:59.456  1144  1144 I MagicTether: (REDACTED) [NotificationPresenter] cancelNotification: %d
06-17 11:17:59.456  1144  1144 I MagicTether: [AutoDisconnectIntentOperation] Canceling task. [CONTEXT service_id=276 ]
06-17 11:17:59.458  1144  1144 I MagicTether: (REDACTED) [LaunchUtils] Instant Wifi for status account: name: %s | type: %s | isLaunched: %s
06-17 11:17:59.458  1144  1144 I MagicTether: (REDACTED) [TidepoolFeatureStatusManager] isInstantHotspotEnabled=%s
06-17 11:17:59.458  1144  1144 I MagicTether: (REDACTED) [TidepoolFeatureStatusManager] isInstantWifiEnabled=%s
06-17 11:17:59.458  1144  1144 I MagicTether: (REDACTED) [TetherService] startNearbyClientRole: start: %s isInstantHotspotEnabled: %s isInstantWifiEnabled: %s
06-17 11:17:59.458  1144  1144 I MagicTether: [TetherService] Stopping Nearby client role [CONTEXT service_id=276 ]
06-17 11:17:59.458  1144  1144 I MagicTether: [ClientTetherRole] Client role already stopped [CONTEXT service_id=276 ]
06-17 11:17:59.460  1144  4411 I MagicTether: [AutoDisconnectIntentOperation] Canceling task. [CONTEXT service_id=276 ]
06-17 11:17:59.460  1144  4411 I MagicTether: (REDACTED) [NotificationPresenter] cancelNotification: %d
06-17 11:17:59.463  1144  1144 D BoundBrokerSvc: onBind: Intent { act=com.google.android.gms.scheduler.ACTION_PROXY_SCHEDULE_SINGLE_USER dat=chimera-action:/... cmp=com.google.android.gms/.chimera.PersistentSingleUserInternalApiService }
06-17 11:17:59.463  1144  1144 D BoundBrokerSvc: Loading bound service for intent: Intent { act=com.google.android.gms.scheduler.ACTION_PROXY_SCHEDULE_SINGLE_USER dat=chimera-action:/... cmp=com.google.android.gms/.chimera.PersistentSingleUserInternalApiService }
06-17 11:17:59.464  1144  4411 I MagicTether: [AutoDisconnectIntentOperation] Canceling task. [CONTEXT service_id=276 ]
06-17 11:17:59.464  1144  4411 I MagicTether: (REDACTED) [NotificationPresenter] cancelNotification: %d
06-17 11:17:59.633  4453  4479 I CatalogCloudSync: tracker busy=true stage=SYNC_EVENTS_DRAIN status=RUNNING
06-17 11:17:59.705  4453  4483 D EGL_emulation: app_time_stats: avg=76.07ms min=2.45ms max=1087.24ms count=15
06-17 11:17:59.759  4453  4471 I CatalogCloudSync: sync_event_outbox_retry_summary pendingBefore=0 pendingAfter=0 retryLoaded=0 retryEligible=0 retrySkippedMaxAttempts=0 retrySucceeded=0 retryFailed=0 retryDeletedOnSuccess=0
06-17 11:17:59.942  1144  4535 I NearbySharing: Network state changed: NetworkState(isRestricted=false, isOnline=true, isCongested=false, isMetered=false, isWifiConnected=true)
06-17 11:17:59.945  1144  4535 I NearbySharing: Network state changed: NetworkState(isRestricted=false, isOnline=true, isCongested=false, isMetered=false, isWifiConnected=true)
06-17 11:18:00.003  1403  1601 I AiAiEcho: Predicting[0]:  [CONTEXT sampling_count=5 ]
06-17 11:18:00.003  1403  1601 I AiAiEcho: EchoTargets: 
06-17 11:18:00.003  1403  1601 I AiAiEcho: Filtered by AiAi flag check: 
06-17 11:18:00.003  1403  1601 I AiAiEcho: [CONTEXT ratelimit_period="10 SECONDS" ]
06-17 11:18:00.003  1403  1601 I AiAiEcho: Ranked targets strategy: SORT, count: 0, ranking metadata:  [CONTEXT ratelimit_period="10 SECONDS" ]
06-17 11:18:00.003  1403  1601 I AiAiEcho: #remoteViewsTwiddler: feature disabled.
06-17 11:18:00.003  1403  1601 I AiAiEcho: Predicting[0]:  [CONTEXT sampling_count=5 ]
06-17 11:18:00.003  1403  1601 I AiAiEcho: EchoTargets: 
06-17 11:18:00.003  1403  1601 I AiAiEcho: Filtered by AiAi flag check: 
06-17 11:18:00.003  1403  1601 I AiAiEcho: [CONTEXT ratelimit_period="10 SECONDS" ]
06-17 11:18:00.003  1403  1601 I AiAiEcho: Ranked targets strategy: SORT, count: 0, ranking metadata:  [CONTEXT ratelimit_period="10 SECONDS" ]
06-17 11:18:00.003  1403  1601 I AiAiEcho: #remoteViewsTwiddler: feature disabled.
06-17 11:18:00.003  1403  1601 I AiAiEcho: #postPredictionTargets: Sending updates to UISurface lockscreen with targets# 0 (types=[])
06-17 11:18:00.004   889   889 W PageIndicator: Total number of pages invalid: 0. Assuming 1 page.
06-17 11:18:00.005  1403  1601 I AiAiEcho: #postPredictionTargets: Sending updates to UISurface home with targets# 0 (types=[])
06-17 11:18:00.005  1200  1200 D SsBaseTemplateCard: No text view can be set up
06-17 11:18:00.006  1200  1200 D SsBaseTemplateCard: Passed-in item info is null
06-17 11:18:00.006  1200  1200 D SsBaseTemplateCard: Passed-in item info is null
06-17 11:18:00.006  1200  1200 D SsBaseTemplateCard: Passed-in item info is null
06-17 11:18:00.006  1200  1200 I SsBaseTemplateCard: Secondary card pane is null
06-17 11:18:00.025   889  1015 D EGL_emulation: app_time_stats: avg=543.20ms min=8.87ms max=5289.56ms count=10
06-17 11:18:00.262  4453  4479 I CatalogCloudSync: sync_events_apply domain=history remoteSessions=82 applied=0 skipped=82 failed=0 unsupported=0
06-17 11:18:00.263  4453  4473 I CatalogCloudSync: sync_events_summary phase=drain syncEventsAvailable=true recordSyncEventAvailable=true realtimeSyncEventsAvailable=true syncEventOutboxPending=0 syncEventOutboxPendingBefore=0 syncEventOutboxPendingAfter=0 syncEventOutboxRetried=0 syncEventOutboxRetryLoaded=0 syncEventOutboxRetryEligible=0 syncEventOutboxRetrySkippedMaxAttempts=0 syncEventOutboxRetrySucceeded=0 syncEventOutboxRetryFailed=0 syncEventOutboxRetryDeletedOnSuccess=0 syncEventOutboxInserted=0 catalogEventEmitted=false priceEventEmitted=false catalogEventOutcome=no_op priceEventOutcome=no_op syncEventsFetched=1 syncEventsProcessed=1 syncEventsSkippedSelf=0 syncEventsSkippedDirtyLocal=0 syncEventsSkippedProtectedLocalCommit=0 syncEventsWatermarkBefore=3034 syncEventsWatermarkAfter=3035 syncEventsTooLarge=false syncEventsGapDetected=false manualFullSyncRequired=false targetedProductsFetched=0 targetedPricesFetched=0 fullCatalogFetch=false fullPriceFetch=false
06-17 11:18:00.263  4453  4473 I CatalogCloudSync: cycle=sync_events_drain outcome=ok reason=realtime_signal durationMs=629 eventsFetched=1 eventsProcessed=1 skippedSelf=0 outboxPending=0 manualFullSyncRequired=false syncEventsGapDetected=false syncEventsTooLarge=false syncEventOutboxRetried=0 targetedProductsFetched=0 targetedPricesFetched=0 targetedHistoryFetched=82 remoteHistoryUpdatesApplied=0 fullCatalogFetch=false fullPriceFetch=false
06-17 11:18:00.263  4453  4473 I CatalogCloudSync: tracker busy=false stage=COMPLETED status=COMPLETED
06-17 11:18:00.336  1144  4535 I NearbyMediums: No BLE Fast/GATT advertisements found in the latest cycle.
06-17 11:18:00.336  1144  4535 I NearbyMediums: Current Tracked Scanning Clients are : {NearbyConnections.EnvironmentMonitor, NearbySharing, NearbyConnections.TxAdvertisement}
06-17 11:18:01.140  4453  4479 I RealtimeCoordinator: runDrain: applying batch size=82
06-17 11:18:01.142  4453  4479 I HistorySessionSyncV2: cycle=session_flight outcome=acquired owner=refresh waiters=0
06-17 11:18:01.247  4453  4479 I HistorySessionSyncV2: cycle=session_flight outcome=released owner=refresh pendingRetry=false
06-17 11:18:01.247  4453  4479 I RealtimeCoordinator: applyBatch done: inserted=0 updated=0 skipped=82 failed=0 unsupported=0
06-17 11:18:01.247  4453  4479 I RealtimeCoordinator: cycle=pull_apply outcome=ok inserted=0 updated=0 skipped=82 dirtyLocalSkips=82 failed=0 source=realtime
