06-18 11:38:57.031  1144  3722 E NearbyMediums: MEDIUM_ERROR [SYSTEM][WIFI_LAN][START_LISTENING_INCOMING_CONNECTION][ACCEPT_CONNECTION_FAILED][SOCKET_CLOSED], service-id=NearbySharing
06-18 11:38:57.031   605   772 E WifiStaIfaceAidlImpl: setDtimMultiplier failed with service-specific exception: android.os.ServiceSpecificException:  (code 4)
06-18 11:38:57.045   605   772 E WifiChipAidlImpl: getUsableChannels failed with service-specific exception: android.os.ServiceSpecificException:  (code 4)
06-18 11:38:57.046  1144  3722 I NearbyMediums: (REDACTED) Querying wifi usable channels failed with exception
06-18 11:38:57.046  1144  3722 I NearbyMediums: java.lang.UnsupportedOperationException
06-18 11:38:57.046  1144  3722 I NearbyMediums: 	at android.os.Parcel.createExceptionOrNull(Parcel.java:3254)
06-18 11:38:57.046  1144  3722 I NearbyMediums: 	at android.os.Parcel.createException(Parcel.java:3226)
06-18 11:38:57.046  1144  3722 I NearbyMediums: 	at android.os.Parcel.readException(Parcel.java:3209)
06-18 11:38:57.046  1144  3722 I NearbyMediums: 	at android.os.Parcel.readException(Parcel.java:3151)
06-18 11:38:57.046  1144  3722 I NearbyMediums: Caused by: android.os.RemoteException: Remote stack trace:
06-18 11:38:57.066   605   772 E WifiStaIfaceAidlImpl: setDtimMultiplier failed with service-specific exception: android.os.ServiceSpecificException:  (code 4)
06-18 11:39:07.138  4230  4248 I CatalogCloudSync: tracker busy=true stage=SYNC_EVENTS_DRAIN status=RUNNING
06-18 11:39:07.255  4230  4256 I CatalogCloudSync: sync_event_outbox_retry_summary pendingBefore=0 pendingAfter=0 retryLoaded=0 retryEligible=0 retrySkippedMaxAttempts=0 retrySucceeded=0 retryFailed=0 retryDeletedOnSuccess=0
06-18 11:39:07.341  4230  4247 I CatalogCloudSync: sync_events_summary phase=drain syncEventsAvailable=true recordSyncEventAvailable=true realtimeSyncEventsAvailable=true syncEventOutboxPending=0 syncEventOutboxPendingBefore=0 syncEventOutboxPendingAfter=0 syncEventOutboxRetried=0 syncEventOutboxRetryLoaded=0 syncEventOutboxRetryEligible=0 syncEventOutboxRetrySkippedMaxAttempts=0 syncEventOutboxRetrySucceeded=0 syncEventOutboxRetryFailed=0 syncEventOutboxRetryDeletedOnSuccess=0 syncEventOutboxInserted=0 catalogEventEmitted=false priceEventEmitted=false catalogEventOutcome=no_op priceEventOutcome=no_op syncEventsFetched=0 syncEventsProcessed=0 syncEventsSkippedSelf=0 syncEventsSkippedDirtyLocal=0 syncEventsSkippedProtectedLocalCommit=0 syncEventsWatermarkBefore=3103 syncEventsWatermarkAfter=3103 syncEventsTooLarge=false syncEventsGapDetected=false manualFullSyncRequired=false targetedProductsFetched=0 targetedPricesFetched=0 fullCatalogFetch=false fullPriceFetch=false
06-18 11:39:07.342  4230  4247 I CatalogCloudSync: cycle=sync_events_drain outcome=ok reason=foreground_interval durationMs=201 eventsFetched=0 eventsProcessed=0 skippedSelf=0 outboxPending=0 manualFullSyncRequired=false syncEventsGapDetected=false syncEventsTooLarge=false syncEventOutboxRetried=0 targetedProductsFetched=0 targetedPricesFetched=0 targetedHistoryFetched=0 remoteHistoryUpdatesApplied=0 fullCatalogFetch=false fullPriceFetch=false
06-18 11:39:07.342  4230  4247 I CatalogCloudSync: tracker busy=false stage=COMPLETED status=COMPLETED
06-18 11:39:13.052   605   778 E IPCThreadState: Binder transaction failure. id: 23515065, BR_*: 29201, error: -28 (No space left on device)
06-18 11:39:13.052   605   778 W ActivityManager: pid 605 system sent binder code 1 with flags 1 to frozen apps and got error -2147483646
06-18 11:39:13.053   605   778 E ConnectivityService: RemoteException caught trying to send a callback msg for NetworkRequest [ TRACK_DEFAULT id=11497, [ Capabilities: INTERNET&NOT_RESTRICTED&TRUSTED&NOT_VCN_MANAGED&NOT_BANDWIDTH_CONSTRAINED Uid: 10142 RequestorUid: 10142 RequestorPkg: com.google.android.apps.messaging UnderlyingNetworks: Null] ]
06-18 11:39:13.053   605   778 E IPCThreadState: Binder transaction failure. id: 23515069, BR_*: 29201, error: -28 (No space left on device)
06-18 11:39:13.053   605   778 W ActivityManager: pid 605 system sent binder code 1 with flags 1 to frozen apps and got error -2147483646
06-18 11:39:13.053   605   778 D ActivityManager: Too many transaction errors, throttling freezer binder callback.
06-18 11:39:13.053   605   778 E ConnectivityService: RemoteException caught trying to send a callback msg for NetworkRequest [ TRACK_DEFAULT id=11501, [ Capabilities: INTERNET&NOT_RESTRICTED&TRUSTED&NOT_VCN_MANAGED&NOT_BANDWIDTH_CONSTRAINED Uid: 10142 RequestorUid: 10142 RequestorPkg: com.google.android.apps.messaging UnderlyingNetworks: Null] ]
06-18 11:39:13.053   605   778 E IPCThreadState: Binder transaction failure. id: 23515070, BR_*: 29201, error: -28 (No space left on device)
06-18 11:39:13.053   605   778 W ActivityManager: pid 605 system sent binder code 1 with flags 1 to frozen apps and got error -2147483646
06-18 11:39:13.053   605   778 D ActivityManager: Too many transaction errors, throttling freezer binder callback.
06-18 11:39:13.053   605   778 E ConnectivityService: RemoteException caught trying to send a callback msg for NetworkRequest [ LISTEN id=11505, [ Capabilities: INTERNET&NOT_RESTRICTED&TRUSTED&NOT_VCN_MANAGED&NOT_BANDWIDTH_CONSTRAINED Uid: 10142 RequestorUid: 10142 RequestorPkg: com.google.android.apps.messaging UnderlyingNetworks: Null] ]
06-18 11:39:13.064  1144  1650 I NullBinder: NullBinder for android.net.action.RECOMMEND_NETWORKS triggering remote TransactionTooLargeException due to Service without Chimera impl, calling uid: 1000, calling pid: 0
06-18 11:39:19.065   605   778 E IPCThreadState: Binder transaction failure. id: 23516255, BR_*: 29201, error: -28 (No space left on device)
06-18 11:39:19.065   605   778 W ActivityManager: pid 605 system sent binder code 1 with flags 1 to frozen apps and got error -2147483646
06-18 11:39:19.065   605   778 D ActivityManager: Too many transaction errors, throttling freezer binder callback.
06-18 11:39:19.065   605   778 E ConnectivityService: RemoteException caught trying to send a callback msg for NetworkRequest [ TRACK_DEFAULT id=11497, [ Capabilities: INTERNET&NOT_RESTRICTED&TRUSTED&NOT_VCN_MANAGED&NOT_BANDWIDTH_CONSTRAINED Uid: 10142 RequestorUid: 10142 RequestorPkg: com.google.android.apps.messaging UnderlyingNetworks: Null] ]
06-18 11:39:19.065   605   778 E IPCThreadState: Binder transaction failure. id: 23516256, BR_*: 29201, error: -28 (No space left on device)
06-18 11:39:19.065   605   778 W ActivityManager: pid 605 system sent binder code 1 with flags 1 to frozen apps and got error -2147483646
06-18 11:39:19.065   605   778 D ActivityManager: Too many transaction errors, throttling freezer binder callback.
06-18 11:39:19.065   605   778 E ConnectivityService: RemoteException caught trying to send a callback msg for NetworkRequest [ TRACK_DEFAULT id=11501, [ Capabilities: INTERNET&NOT_RESTRICTED&TRUSTED&NOT_VCN_MANAGED&NOT_BANDWIDTH_CONSTRAINED Uid: 10142 RequestorUid: 10142 RequestorPkg: com.google.android.apps.messaging UnderlyingNetworks: Null] ]
06-18 11:39:19.065   605   778 E IPCThreadState: Binder transaction failure. id: 23516257, BR_*: 29201, error: -28 (No space left on device)
06-18 11:39:19.065   605   778 W ActivityManager: pid 605 system sent binder code 1 with flags 1 to frozen apps and got error -2147483646
06-18 11:39:19.065   605   778 D ActivityManager: Too many transaction errors, throttling freezer binder callback.
06-18 11:39:19.065   605   778 E ConnectivityService: RemoteException caught trying to send a callback msg for NetworkRequest [ LISTEN id=11505, [ Capabilities: INTERNET&NOT_RESTRICTED&TRUSTED&NOT_VCN_MANAGED&NOT_BANDWIDTH_CONSTRAINED Uid: 10142 RequestorUid: 10142 RequestorPkg: com.google.android.apps.messaging UnderlyingNetworks: Null] ]
06-18 11:39:19.069  1144  2241 I NullBinder: NullBinder for android.net.action.RECOMMEND_NETWORKS triggering remote TransactionTooLargeException due to Service without Chimera impl, calling uid: 1000, calling pid: 0
06-18 11:39:22.139  4230  4247 I CatalogCloudSync: tracker busy=true stage=SYNC_EVENTS_DRAIN status=RUNNING
06-18 11:39:22.323  4230  4250 I CatalogCloudSync: sync_event_outbox_retry_summary pendingBefore=0 pendingAfter=0 retryLoaded=0 retryEligible=0 retrySkippedMaxAttempts=0 retrySucceeded=0 retryFailed=0 retryDeletedOnSuccess=0
06-18 11:39:22.422  4230  4250 I CatalogCloudSync: sync_events_summary phase=drain syncEventsAvailable=true recordSyncEventAvailable=true realtimeSyncEventsAvailable=true syncEventOutboxPending=0 syncEventOutboxPendingBefore=0 syncEventOutboxPendingAfter=0 syncEventOutboxRetried=0 syncEventOutboxRetryLoaded=0 syncEventOutboxRetryEligible=0 syncEventOutboxRetrySkippedMaxAttempts=0 syncEventOutboxRetrySucceeded=0 syncEventOutboxRetryFailed=0 syncEventOutboxRetryDeletedOnSuccess=0 syncEventOutboxInserted=0 catalogEventEmitted=false priceEventEmitted=false catalogEventOutcome=no_op priceEventOutcome=no_op syncEventsFetched=0 syncEventsProcessed=0 syncEventsSkippedSelf=0 syncEventsSkippedDirtyLocal=0 syncEventsSkippedProtectedLocalCommit=0 syncEventsWatermarkBefore=3103 syncEventsWatermarkAfter=3103 syncEventsTooLarge=false syncEventsGapDetected=false manualFullSyncRequired=false targetedProductsFetched=0 targetedPricesFetched=0 fullCatalogFetch=false fullPriceFetch=false
06-18 11:39:22.423  4230  4250 I CatalogCloudSync: cycle=sync_events_drain outcome=ok reason=foreground_interval durationMs=284 eventsFetched=0 eventsProcessed=0 skippedSelf=0 outboxPending=0 manualFullSyncRequired=false syncEventsGapDetected=false syncEventsTooLarge=false syncEventOutboxRetried=0 targetedProductsFetched=0 targetedPricesFetched=0 targetedHistoryFetched=0 remoteHistoryUpdatesApplied=0 fullCatalogFetch=false fullPriceFetch=false
06-18 11:39:22.423  4230  4250 I CatalogCloudSync: tracker busy=false stage=COMPLETED status=COMPLETED
