06-17 12:45:41.930  8823  8846 I CatalogCloudSync: sync_events_apply domain=catalog_prices remoteProductIds=3 remotePrices=0 pricesPulled=0 pricesSkippedNoProductRef=0
06-17 12:45:42.020  8823  8850 D EGL_emulation: app_time_stats: avg=2.69ms min=0.92ms max=7.55ms count=61
06-17 12:45:42.144  8823  8839 I CatalogCloudSync: sync_events_apply domain=prices remotePrices=0 pricesPulled=0 pricesSkippedNoProductRef=0
06-17 12:45:42.657  8823  8844 I CatalogCloudSync: sync_events_apply domain=catalog remoteSuppliers=0 remoteCategories=0 remoteProducts=0 applied=0
06-17 12:45:42.744  8823  8844 I CatalogCloudSync: sync_events_apply domain=catalog_prices remoteProductIds=2 remotePrices=0 pricesPulled=0 pricesSkippedNoProductRef=0
06-17 12:45:42.974  8823  8841 I CatalogCloudSync: sync_events_apply domain=prices remotePrices=0 pricesPulled=0 pricesSkippedNoProductRef=0
06-17 12:45:43.037  8823  8850 D EGL_emulation: app_time_stats: avg=2.82ms min=0.96ms max=6.66ms count=61
06-17 12:45:43.064  8823  8838 I CatalogCloudSync: sync_events_apply domain=history remoteSessions=0 applied=0 skipped=0 failed=0 unsupported=0
06-17 12:45:43.157  8823  8838 I CatalogCloudSync: sync_events_apply domain=history remoteSessions=0 applied=0 skipped=0 failed=0 unsupported=0
06-17 12:45:43.243  8823  8839 I CatalogCloudSync: sync_events_apply domain=catalog remoteSuppliers=0 remoteCategories=0 remoteProducts=0 applied=0
06-17 12:45:43.327  8823  8839 I CatalogCloudSync: sync_events_apply domain=catalog_prices remoteProductIds=3 remotePrices=0 pricesPulled=0 pricesSkippedNoProductRef=0
06-17 12:45:43.447  8823  8844 I CatalogCloudSync: sync_events_apply domain=prices remotePrices=0 pricesPulled=0 pricesSkippedNoProductRef=0
06-17 12:45:43.727  8823  8844 I CatalogCloudSync: sync_events_apply domain=catalog remoteSuppliers=0 remoteCategories=0 remoteProducts=0 applied=0
06-17 12:45:43.812  8823  8839 I CatalogCloudSync: sync_events_apply domain=catalog_prices remoteProductIds=1 remotePrices=0 pricesPulled=0 pricesSkippedNoProductRef=0
06-17 12:45:44.037  8823  8850 D EGL_emulation: app_time_stats: avg=2.44ms min=0.94ms max=5.98ms count=60
06-17 12:45:44.078  8823  8839 I CatalogCloudSync: sync_events_apply domain=catalog remoteSuppliers=0 remoteCategories=0 remoteProducts=0 applied=0
06-17 12:45:44.161  8823  8838 I CatalogCloudSync: sync_events_apply domain=catalog_prices remoteProductIds=1 remotePrices=0 pricesPulled=0 pricesSkippedNoProductRef=0
06-17 12:45:44.328   605   772 I HalDevMgr: bestIfaceCreationProposal is null, requestIface=STA, existingIface=[name=wlan0 type=STA]
06-17 12:45:44.429  8823  8845 I CatalogCloudSync: sync_events_apply domain=catalog remoteSuppliers=0 remoteCategories=0 remoteProducts=0 applied=0
06-17 12:45:44.524  8823  8839 I CatalogCloudSync: sync_events_apply domain=catalog_prices remoteProductIds=3 remotePrices=0 pricesPulled=0 pricesSkippedNoProductRef=0
06-17 12:45:44.614  8823  8839 I CatalogCloudSync: sync_events_apply domain=prices remotePrices=0 pricesPulled=0 pricesSkippedNoProductRef=0
06-17 12:45:45.053  8823  8850 D EGL_emulation: app_time_stats: avg=2.47ms min=0.97ms max=8.60ms count=61
06-17 12:45:45.062  8823  8838 I CatalogCloudSync: sync_events_apply domain=catalog remoteSuppliers=0 remoteCategories=0 remoteProducts=0 applied=0
06-17 12:45:45.159  8823  8838 I CatalogCloudSync: sync_events_apply domain=catalog_prices remoteProductIds=2 remotePrices=0 pricesPulled=0 pricesSkippedNoProductRef=0
06-17 12:45:45.255  8823  8845 I CatalogCloudSync: sync_events_apply domain=prices remotePrices=0 pricesPulled=0 pricesSkippedNoProductRef=0
06-17 12:45:45.347  8823  8844 I CatalogCloudSync: sync_events_apply domain=history remoteSessions=0 applied=0 skipped=0 failed=0 unsupported=0
06-17 12:45:45.442  8823  8840 I CatalogCloudSync: sync_events_apply domain=history remoteSessions=0 applied=0 skipped=0 failed=0 unsupported=0
06-17 12:45:45.526  8823  8840 I CatalogCloudSync: sync_events_apply domain=catalog remoteSuppliers=0 remoteCategories=0 remoteProducts=0 applied=0
06-17 12:45:45.614  8823  8845 I CatalogCloudSync: sync_events_apply domain=catalog_prices remoteProductIds=3 remotePrices=0 pricesPulled=0 pricesSkippedNoProductRef=0
06-17 12:45:45.844  8823  8839 I CatalogCloudSync: sync_events_apply domain=prices remotePrices=0 pricesPulled=0 pricesSkippedNoProductRef=0
06-17 12:45:46.070  8823  8850 D EGL_emulation: app_time_stats: avg=2.76ms min=1.10ms max=6.97ms count=61
06-17 12:45:46.140  8823  8839 I CatalogCloudSync: sync_events_apply domain=catalog remoteSuppliers=0 remoteCategories=0 remoteProducts=0 applied=0
06-17 12:45:46.230  8823  8844 I CatalogCloudSync: sync_events_apply domain=catalog_prices remoteProductIds=1 remotePrices=0 pricesPulled=0 pricesSkippedNoProductRef=0
06-17 12:45:46.400   465   465 I adbd    : adbd service requested 'shell,v2,raw:dumpsys package com.google.android.gms'
06-17 12:45:46.445   727   733 I artd    : GetBestInfo: odex next to the dex file (/data/app/~~RBqLWa4IHxAvM1EDn2acWA==/com.google.android.gms--6rwsmYaGwERs-rlQ1V3rA==/oat/arm64/base.odex) is kOatBootImageOutOfDate with filter 'speed-profile' executable 'false': Image checksum mismatch, expected i;28/6d8ebc32 to start with i;28/fd0aebae
06-17 12:45:46.445   727   733 I artd    : GetBestInfo: vdex next to the dex file (/data/app/~~RBqLWa4IHxAvM1EDn2acWA==/com.google.android.gms--6rwsmYaGwERs-rlQ1V3rA==/oat/arm64/base.vdex) is kOatUpToDate with filter 'verify' executable 'false'
06-17 12:45:46.446   727   751 I artd    : GetBestInfo: dm (/data/app/~~RBqLWa4IHxAvM1EDn2acWA==/com.google.android.gms--6rwsmYaGwERs-rlQ1V3rA==/split_AdsDynamite_installtime.dm) is kOatUpToDate with filter 'verify' executable 'false'
06-17 12:45:46.448   727   751 I artd    : GetBestInfo: odex next to the dex file (/data/app/~~RBqLWa4IHxAvM1EDn2acWA==/com.google.android.gms--6rwsmYaGwERs-rlQ1V3rA==/oat/arm64/split_CronetDynamite_installtime.odex) is kOatBootImageOutOfDate with filter 'speed-profile' executable 'false': Image checksum mismatch, expected i;28/6d8ebc32 to start with i;28/fd0aebae
06-17 12:45:46.449   727   751 I artd    : GetBestInfo: vdex next to the dex file (/data/app/~~RBqLWa4IHxAvM1EDn2acWA==/com.google.android.gms--6rwsmYaGwERs-rlQ1V3rA==/oat/arm64/split_CronetDynamite_installtime.vdex) is kOatUpToDate with filter 'verify' executable 'false'
06-17 12:45:46.450   727   733 I artd    : GetBestInfo: dm (/data/app/~~RBqLWa4IHxAvM1EDn2acWA==/com.google.android.gms--6rwsmYaGwERs-rlQ1V3rA==/split_DynamiteLoader_installtime.dm) is kOatUpToDate with filter 'verify' executable 'false'
06-17 12:45:46.451   727   751 I artd    : GetBestInfo: dm (/data/app/~~RBqLWa4IHxAvM1EDn2acWA==/com.google.android.gms--6rwsmYaGwERs-rlQ1V3rA==/split_DynamiteModulesA_installtime.dm) is kOatUpToDate with filter 'verify' executable 'false'
06-17 12:45:46.452   727   751 I artd    : GetBestInfo: dm (/data/app/~~RBqLWa4IHxAvM1EDn2acWA==/com.google.android.gms--6rwsmYaGwERs-rlQ1V3rA==/split_DynamiteModulesC_installtime.dm) is kOatUpToDate with filter 'verify' executable 'false'
06-17 12:45:46.454   727   751 I artd    : GetBestInfo: dm (/data/app/~~RBqLWa4IHxAvM1EDn2acWA==/com.google.android.gms--6rwsmYaGwERs-rlQ1V3rA==/split_GoogleCertificates_installtime.dm) is kOatUpToDate with filter 'verify' executable 'false'
06-17 12:45:46.454   727   751 I artd    : GetBestInfo: dm (/data/app/~~RBqLWa4IHxAvM1EDn2acWA==/com.google.android.gms--6rwsmYaGwERs-rlQ1V3rA==/split_MapsDynamite_installtime.dm) is kOatUpToDate with filter 'verify' executable 'false'
06-17 12:45:46.455   727   733 I artd    : GetBestInfo: dm (/data/app/~~RBqLWa4IHxAvM1EDn2acWA==/com.google.android.gms--6rwsmYaGwERs-rlQ1V3rA==/split_MeasurementDynamite_installtime.dm) is kOatUpToDate with filter 'verify' executable 'false'
06-17 12:45:46.455   727   733 I artd    : GetBestInfo: /data/user_de/0/com.google.android.gms/app_chimera/m/0000002a/dl-MlkitBarcodeUi.optional_261733100400.apk has no usable artifacts
06-17 12:45:46.455   727   733 I artd    : GetBestInfo: /data/user_de/0/com.google.android.gms/app_chimera/m/00000035/dl-VisionOcr.optional_261933100000.apk has no usable artifacts
06-17 12:45:46.455   727   733 I artd    : GetBestInfo: /data/user_de/0/com.google.android.gms/app_chimera/m/00000001/CronetDynamite.uncompressed.apk has no usable artifacts
06-17 12:45:46.456   727   733 I artd    : GetBestInfo: /data/user_de/0/com.google.android.gms/app_chimera/m/00000047/dl-PlayCloudSearch.optional_262333100000.apk has no usable artifacts
06-17 12:45:46.456   727   751 I artd    : GetBestInfo: /data/user_de/0/com.google.android.gms/app_chimera/m/00000016/dl-IdentityCredentialsPlatform.optional_261464100400.apk has no usable artifacts
06-17 12:45:46.456   727   751 I artd    : GetBestInfo: /data/user_de/0/com.google.android.gms/app_chimera/m/00000046/dl-MlkitOcrCommon.optional_262333100400.apk has no usable artifacts
06-17 12:45:46.456   727   733 I artd    : GetBestInfo: /data/user_de/0/com.google.android.gms/app_chimera/m/00000014/dl-VisionOcr.optional_261464100000.apk has no usable artifacts
06-17 12:45:46.456   727   733 I artd    : GetBestInfo: /data/user_de/0/com.google.android.gms/app_chimera/m/00000017/dl-Appsearch.optional_261464100400.apk has no usable artifacts
06-17 12:45:46.456   727   733 I artd    : GetBestInfo: /data/user_de/0/com.google.android.gms/app_chimera/m/0000004b/dl-MlkitBarcodeUi.optional_262333100400.apk has no usable artifacts
06-17 12:45:46.457   727   751 I artd    : GetBestInfo: /data/user/0/com.google.android.gms/app_dg_cache/87E7746227FF4E457A2EB56043B95E41006DE49F/the.apk has no usable artifacts
06-17 12:45:46.457   727   751 I artd    : GetBestInfo: /data/user_de/0/com.google.android.gms/app_chimera/m/00000048/dl-IdentityCredentialsPlatform.optional_262333100400.apk has no usable artifacts
06-17 12:45:46.458   727   733 I artd    : GetBestInfo: /data/user_de/0/com.google.android.gms/app_chimera/m/0000000a/dl-MlkitBarcodeUi.optional_242335100400.apk has no usable artifacts
06-17 12:45:46.458   727   751 I artd    : GetBestInfo: /data/user_de/0/com.google.android.gms/app_chimera/m/00000029/dl-MlkitOcrCommon.optional_261733100400.apk has no usable artifacts
06-17 12:45:46.458   727   751 I artd    : GetBestInfo: /data/user_de/0/com.google.android.gms/app_chimera/m/00000002/DynamiteLoader.uncompressed.apk has no usable artifacts
06-17 12:45:46.458   727   751 I artd    : GetBestInfo: /data/user_de/0/com.google.android.gms/app_chimera/m/0000002e/dl-Appsearch.optional_261733100400.apk has no usable artifacts
06-17 12:45:46.458   727   751 I artd    : GetBestInfo: /data/user_de/0/com.google.android.gms/app_chimera/m/00000030/dl-MlkitOcrCommon.optional_261933100400.apk has no usable artifacts
06-17 12:45:46.458   727   751 I artd    : GetBestInfo: /data/user_de/0/com.google.android.gms/app_chimera/m/00000015/dl-PlayCloudSearch.optional_261464100000.apk has no usable artifacts
06-17 12:45:46.458   727   751 I artd    : GetBestInfo: /data/user_de/0/com.google.android.gms/app_chimera/m/0000001e/dl-Appsearch.optional_261631100400.apk has no usable artifacts
06-17 12:45:46.458   727   751 I artd    : GetBestInfo: /data/user_de/0/com.google.android.gms/app_chimera/m/00000013/dl-MlkitOcrCommon.optional_261464100400.apk has no usable artifacts
06-17 12:45:46.458   727   751 I artd    : GetBestInfo: /data/user_de/0/com.google.android.gms/app_chimera/m/00000032/dl-MlkitBarcodeUi.optional_261933100400.apk has no usable artifacts
06-17 12:45:46.458   727   751 I artd    : GetBestInfo: /data/user/0/com.google.android.gms/app_dg_cache/754BEC187BC4F26BBC31300F93DBF9B7506C1861/the.apk has no usable artifacts
06-17 12:45:46.458   727   751 I artd    : GetBestInfo: /data/user_de/0/com.google.android.gms/app_chimera/m/00000007/MeasurementDynamite.apk has no usable artifacts
06-17 12:45:46.458   727   751 I artd    : GetBestInfo: /data/user_de/0/com.google.android.gms/app_chimera/m/0000002c/dl-IdentityCredentialsPlatform.optional_261733100400.apk has no usable artifacts
06-17 12:45:46.458   727   751 I artd    : GetBestInfo: /data/user_de/0/com.google.android.gms/app_chimera/m/0000002b/dl-PlayCloudSearch.optional_261733100000.apk has no usable artifacts
06-17 12:45:46.458   727   751 I artd    : GetBestInfo: /data/user_de/0/com.google.android.gms/app_chimera/m/00000033/dl-PlayCloudSearch.optional_261933100000.apk has no usable artifacts
06-17 12:45:46.458   727   751 I artd    : GetBestInfo: /data/user_de/0/com.google.android.gms/app_chimera/m/0000001c/dl-VisionOcr.optional_261631100000.apk has no usable artifacts
06-17 12:45:46.458   727   732 I artd    : GetBestInfo: /data/user_de/0/com.google.android.gms/app_chimera/m/00000011/dl-MlkitBarcodeUi.optional_261464100400.apk has no usable artifacts
06-17 12:45:46.458   727   751 I artd    : GetBestInfo: /data/user_de/0/com.google.android.gms/app_chimera/m/00000049/dl-VisionOcr.optional_262333100000.apk has no usable artifacts
06-17 12:45:46.458   727   733 I artd    : GetBestInfo: /data/user_de/0/com.google.android.gms/app_chimera/m/00000005/GoogleCertificates.apk has no usable artifacts
06-17 12:45:46.459   727   733 I artd    : GetBestInfo: /data/user_de/0/com.google.android.gms/app_chimera/m/00000010/dl-TfliteDynamiteDynamite.integ_260580502100400.apk has no usable artifacts
06-17 12:45:46.459   727   751 I artd    : GetBestInfo: /data/user/0/com.google.android.gms/app_dg_cache/9D5BCED7935D64431BF672B8BBD597199833CA19/the.apk has no usable artifacts
06-17 12:45:46.459   727   732 I artd    : GetBestInfo: /data/user_de/0/com.google.android.gms/app_chimera/m/00000009/dl-TfliteDynamiteDynamite.integ_252130102100400.apk has no usable artifacts
06-17 12:45:46.459   727   751 I artd    : GetBestInfo: vdex next to the dex file (/data/user/0/com.google.android.gms/app_dg_cache/5833371D1ACC412507A92815B074897510CCCEDD/oat/arm64/the.vdex) is kOatUpToDate with filter 'verify' executable 'false'
06-17 12:45:46.459   727   732 I artd    : GetBestInfo: /data/user_de/0/com.google.android.gms/app_chimera/m/0000001b/dl-PlayCloudSearch.optional_261631100000.apk has no usable artifacts
06-17 12:45:46.459   727   732 I artd    : GetBestInfo: /data/user_de/0/com.google.android.gms/app_chimera/m/00000027/dl-IdentityCredentialsPlatform.optional_261631100400.apk has no usable artifacts
06-17 12:45:46.459   727   732 I artd    : GetBestInfo: /data/user/0/com.google.android.gms/app_dg_cache/86153AA318A3F208A8C511836585279D8C7E8D94/the.apk has no usable artifacts
06-17 12:45:46.459   727   732 I artd    : GetBestInfo: /data/user_de/0/com.google.android.gms/app_chimera/m/0000001d/dl-IdentityCredentialsPlatform.optional_261631100400.apk has no usable artifacts
06-17 12:45:46.459   727   732 I artd    : GetBestInfo: /data/user_de/0/com.google.android.gms/app_chimera/m/0000002d/dl-VisionOcr.optional_261733100000.apk has no usable artifacts
06-17 12:45:46.460   727   733 I artd    : GetBestInfo: /data/user_de/0/com.google.android.gms/app_chimera/m/0000000e/dl-PlayCloudSearch.optional_242335100000.apk has no usable artifacts
06-17 12:45:46.460   727   751 I artd    : GetBestInfo: /data/user_de/0/com.google.android.gms/app_chimera/m/0000004a/dl-Appsearch.optional_262333100400.apk has no usable artifacts
06-17 12:45:46.460   727   733 I artd    : GetBestInfo: /data/user_de/0/com.google.android.gms/app_chimera/m/0000001a/dl-MlkitBarcodeUi.optional_261631100400.apk has no usable artifacts
06-17 12:45:46.461   727   732 I artd    : GetBestInfo: vdex next to the dex file (/data/user/0/com.google.android.gms/app_dg_cache/10FF5D5C646CC9E2F04BD9D73A072BD012EF1A7A/oat/arm64/the.vdex) is kOatUpToDate with filter 'verify' executable 'false'
06-17 12:45:46.461   727   733 I artd    : GetBestInfo: /data/user_de/0/com.google.android.gms/app_chimera/m/00000036/dl-Appsearch.optional_261933100400.apk has no usable artifacts
06-17 12:45:46.461   727   733 I artd    : GetBestInfo: /data/user/0/com.google.android.gms/app_dg_cache/21A90BF1C1C388089206DCE215FB60D7882BFA18/the.apk has no usable artifacts
06-17 12:45:46.461   727   733 I artd    : GetBestInfo: /data/user_de/0/com.google.android.gms/app_chimera/m/0000001f/dl-IdentityCredentialsPlacebo.optional_261631100400.apk has no usable artifacts
06-17 12:45:46.461   727   732 I artd    : GetBestInfo: /data/user_de/0/com.google.android.gms/app_chimera/m/00000034/dl-IdentityCredentialsPlatform.optional_261933100400.apk has no usable artifacts
06-17 12:45:46.461   727   733 I artd    : GetBestInfo: /data/user_de/0/com.google.android.gms/app_chimera/m/00000019/dl-MlkitOcrCommon.optional_261631100400.apk has no usable artifacts
06-17 12:45:46.461   727   732 I artd    : GetBestInfo: /data/user/0/com.google.android.gms/app_dg_cache/A8F89F306FD1BA172E06F6F2B9F79826D0309BB6/the.apk has no usable artifacts
06-17 12:45:46.461   727   733 I artd    : GetBestInfo: /data/user/0/com.google.android.gms/app_dg_cache/707FFD883BF2A7896692338F9625CA52336E933B/the.apk has no usable artifacts
06-17 12:45:46.604  8823  8844 I CatalogCloudSync: sync_events_apply domain=catalog remoteSuppliers=0 remoteCategories=0 remoteProducts=0 applied=0
06-17 12:45:46.686  8823  8841 I CatalogCloudSync: sync_events_apply domain=catalog_prices remoteProductIds=1 remotePrices=0 pricesPulled=0 pricesSkippedNoProductRef=0
06-17 12:45:46.942  8823  8841 I CatalogCloudSync: sync_events_apply domain=catalog remoteSuppliers=0 remoteCategories=0 remoteProducts=0 applied=0
06-17 12:45:47.024  8823  8841 I CatalogCloudSync: sync_events_apply domain=catalog_prices remoteProductIds=3 remotePrices=0 pricesPulled=0 pricesSkippedNoProductRef=0
06-17 12:45:47.070  8823  8850 D EGL_emulation: app_time_stats: avg=2.41ms min=0.61ms max=8.32ms count=60
06-17 12:45:47.146  8823  8841 I CatalogCloudSync: sync_events_apply domain=prices remotePrices=0 pricesPulled=0 pricesSkippedNoProductRef=0
06-17 12:45:47.341   605   772 I HalDevMgr: bestIfaceCreationProposal is null, requestIface=STA, existingIface=[name=wlan0 type=STA]
06-17 12:45:47.345   996  1124 D IpClient/wlan0: interfaceLinkStateChanged: ifindex 16 up
06-17 12:45:47.351   996  1124 D IpClient/wlan0: interfaceLinkStateChanged: ifindex 16 up
06-17 12:45:47.541  8823  8844 I CatalogCloudSync: sync_events_apply domain=catalog remoteSuppliers=0 remoteCategories=0 remoteProducts=0 applied=0
06-17 12:45:47.628  8823  8844 I CatalogCloudSync: sync_events_apply domain=catalog_prices remoteProductIds=2 remotePrices=0 pricesPulled=0 pricesSkippedNoProductRef=0
06-17 12:45:47.736  8823  8838 I CatalogCloudSync: sync_events_apply domain=prices remotePrices=0 pricesPulled=0 pricesSkippedNoProductRef=0
06-17 12:45:47.824  8823  8845 I CatalogCloudSync: sync_events_apply domain=history remoteSessions=0 applied=0 skipped=0 failed=0 unsupported=0
06-17 12:45:47.907  8823  8845 I CatalogCloudSync: sync_events_apply domain=history remoteSessions=0 applied=0 skipped=0 failed=0 unsupported=0
06-17 12:45:47.996  8823  8844 I CatalogCloudSync: sync_events_apply domain=catalog remoteSuppliers=0 remoteCategories=0 remoteProducts=0 applied=0
06-17 12:45:48.094  8823  8850 D EGL_emulation: app_time_stats: avg=2.60ms min=1.15ms max=6.10ms count=61
06-17 12:45:48.095  8823  8844 I CatalogCloudSync: sync_events_apply domain=catalog_prices remoteProductIds=3 remotePrices=0 pricesPulled=0 pricesSkippedNoProductRef=0
06-17 12:45:48.191  8823  8838 I CatalogCloudSync: sync_events_apply domain=prices remotePrices=0 pricesPulled=0 pricesSkippedNoProductRef=0
06-17 12:45:48.575  8823  8844 I CatalogCloudSync: sync_events_apply domain=history remoteSessions=82 applied=0 skipped=82 failed=0 unsupported=0
06-17 12:45:48.586  8823  8829 I ontrolsplitview: Background concurrent mark compact GC freed 14MB AllocSpace bytes, 73(4748KB) LOS objects, 50% free, 16MB/32MB, paused 684us,690us total 109.851ms
06-17 12:45:48.823  8823  8841 I CatalogCloudSync: sync_events_apply domain=catalog remoteSuppliers=0 remoteCategories=0 remoteProducts=0 applied=0
06-17 12:45:48.947  8823  8847 I CatalogCloudSync: sync_events_apply domain=catalog_prices remoteProductIds=3 remotePrices=0 pricesPulled=0 pricesSkippedNoProductRef=0
06-17 12:45:49.039  8823  8847 I CatalogCloudSync: sync_events_apply domain=prices remotePrices=0 pricesPulled=0 pricesSkippedNoProductRef=0
06-17 12:45:49.105  8823  8850 D EGL_emulation: app_time_stats: avg=1.96ms min=0.80ms max=4.90ms count=61
06-17 12:45:49.125  8823  8847 I CatalogCloudSync: sync_events_apply domain=catalog remoteSuppliers=0 remoteCategories=0 remoteProducts=0 applied=0
06-17 12:45:49.212  8823  8847 I CatalogCloudSync: sync_events_apply domain=catalog_prices remoteProductIds=1 remotePrices=0 pricesPulled=0 pricesSkippedNoProductRef=0
06-17 12:45:49.290   851   851 I wpa_supplicant: wlan0: CTRL-EVENT-BEACON-LOSS 
06-17 12:45:49.307  8823  8847 I CatalogCloudSync: sync_events_apply domain=prices remotePrices=0 pricesPulled=0 pricesSkippedNoProductRef=0
06-17 12:45:49.511  8823  8847 I CatalogCloudSync: sync_events_apply domain=prices remotePrices=0 pricesPulled=0 pricesSkippedNoProductRef=0
06-17 12:45:49.610  8823  8847 I CatalogCloudSync: sync_events_apply domain=catalog remoteSuppliers=0 remoteCategories=0 remoteProducts=0 applied=0
06-17 12:45:49.690  8823  8847 I CatalogCloudSync: sync_events_apply domain=catalog_prices remoteProductIds=1 remotePrices=0 pricesPulled=0 pricesSkippedNoProductRef=0
06-17 12:45:49.941  8823  8838 I CatalogCloudSync: sync_events_apply domain=catalog remoteSuppliers=0 remoteCategories=0 remoteProducts=0 applied=0
06-17 12:45:50.028  8823  8845 I CatalogCloudSync: sync_events_apply domain=catalog_prices remoteProductIds=3 remotePrices=0 pricesPulled=0 pricesSkippedNoProductRef=0
06-17 12:45:50.105  8823  8850 D EGL_emulation: app_time_stats: avg=2.51ms min=1.06ms max=5.67ms count=60
06-17 12:45:50.124  8823  8847 I CatalogCloudSync: sync_events_apply domain=prices remotePrices=0 pricesPulled=0 pricesSkippedNoProductRef=0
06-17 12:45:50.331  8823  8847 I CatalogCloudSync: sync_events_apply domain=catalog remoteSuppliers=0 remoteCategories=0 remoteProducts=0 applied=0
06-17 12:45:50.344   605   772 I HalDevMgr: bestIfaceCreationProposal is null, requestIface=STA, existingIface=[name=wlan0 type=STA]
06-17 12:45:50.425  8823  8838 I CatalogCloudSync: sync_events_apply domain=catalog_prices remoteProductIds=1 remotePrices=0 pricesPulled=0 pricesSkippedNoProductRef=0
06-17 12:45:50.510  8823  8846 I CatalogCloudSync: sync_events_apply domain=prices remotePrices=0 pricesPulled=0 pricesSkippedNoProductRef=0
06-17 12:45:50.592  8823  8846 I CatalogCloudSync: sync_events_apply domain=catalog remoteSuppliers=0 remoteCategories=0 remoteProducts=0 applied=0
06-17 12:45:50.674  8823  8838 I CatalogCloudSync: sync_events_apply domain=catalog_prices remoteProductIds=1 remotePrices=0 pricesPulled=0 pricesSkippedNoProductRef=0
06-17 12:45:50.757  8823  8838 I CatalogCloudSync: sync_events_apply domain=history remoteSessions=0 applied=0 skipped=0 failed=0 unsupported=0
06-17 12:45:50.848  8823  8838 I CatalogCloudSync: sync_events_apply domain=history remoteSessions=0 applied=0 skipped=0 failed=0 unsupported=0
06-17 12:45:50.941  8823  8844 I CatalogCloudSync: sync_events_apply domain=history remoteSessions=0 applied=0 skipped=0 failed=0 unsupported=0
06-17 12:45:51.121  8823  8850 D EGL_emulation: app_time_stats: avg=2.61ms min=1.13ms max=8.09ms count=61
06-17 12:45:51.212  8823  8841 I CatalogCloudSync: sync_events_apply domain=catalog remoteSuppliers=0 remoteCategories=0 remoteProducts=0 applied=0
06-17 12:45:51.310  8823  8839 I CatalogCloudSync: sync_events_apply domain=catalog_prices remoteProductIds=1 remotePrices=0 pricesPulled=0 pricesSkippedNoProductRef=0
06-17 12:45:51.530  1144  8748 I NearbyMediums: No BLE Fast/GATT advertisements found in the latest cycle.
06-17 12:45:51.531  1144  8748 I NearbyMediums: Current Tracked Scanning Clients are : {NearbyConnections.EnvironmentMonitor, NearbySharing, NearbyConnections.TxAdvertisement}
06-17 12:45:51.558  8823  8839 I CatalogCloudSync: sync_events_apply domain=catalog remoteSuppliers=0 remoteCategories=0 remoteProducts=0 applied=0
06-17 12:45:51.763  8823  8839 I CatalogCloudSync: sync_events_apply domain=catalog_prices remoteProductIds=1 remotePrices=0 pricesPulled=0 pricesSkippedNoProductRef=0
06-17 12:45:51.811   605  1873 W IPCThreadState: Sending oneway calls to frozen process.
06-17 12:45:52.136  8823  8850 D EGL_emulation: app_time_stats: avg=2.76ms min=0.73ms max=6.60ms count=61
06-17 12:45:52.178  8823  8847 I CatalogCloudSync: sync_events_apply domain=catalog remoteSuppliers=0 remoteCategories=0 remoteProducts=0 applied=0
06-17 12:45:52.263  8823  8846 I CatalogCloudSync: sync_events_apply domain=catalog_prices remoteProductIds=1 remotePrices=0 pricesPulled=0 pricesSkippedNoProductRef=0
06-17 12:45:52.678  8823  8846 I CatalogCloudSync: sync_events_apply domain=catalog remoteSuppliers=0 remoteCategories=0 remoteProducts=0 applied=0
06-17 12:45:52.762  8823  8841 I CatalogCloudSync: sync_events_apply domain=catalog_prices remoteProductIds=1 remotePrices=0 pricesPulled=0 pricesSkippedNoProductRef=0
06-17 12:45:53.058  8823  8838 I CatalogCloudSync: sync_events_apply domain=catalog remoteSuppliers=0 remoteCategories=0 remoteProducts=0 applied=0
06-17 12:45:53.138  8823  8850 D EGL_emulation: app_time_stats: avg=2.83ms min=0.98ms max=7.66ms count=60
06-17 12:45:53.141  8823  8838 I CatalogCloudSync: sync_events_apply domain=catalog_prices remoteProductIds=1 remotePrices=0 pricesPulled=0 pricesSkippedNoProductRef=0
06-17 12:45:53.356   605   778 W IPCThreadState: Sending oneway calls to frozen process.
06-17 12:45:53.357   605   778 W IPCThreadState: Sending oneway calls to frozen process.
06-17 12:45:53.357   605   778 W IPCThreadState: Sending oneway calls to frozen process.
06-17 12:45:53.357   605   778 W IPCThreadState: Sending oneway calls to frozen process.
06-17 12:45:53.357   605   778 W IPCThreadState: Sending oneway calls to frozen process.
06-17 12:45:53.357   605   778 W IPCThreadState: Sending oneway calls to frozen process.
06-17 12:45:53.357   605   778 W IPCThreadState: Sending oneway calls to frozen process.
06-17 12:45:53.357   605   778 W IPCThreadState: Sending oneway calls to frozen process.
06-17 12:45:53.357   605   778 W IPCThreadState: Sending oneway calls to frozen process.
06-17 12:45:53.358  1144  1144 I MagicTether: (REDACTED) [ActiveNetworkTracker] setActiveNetwork: %s
06-17 12:45:53.358  1144  1144 I MagicTether: (REDACTED) [TetherService] onActiveNetworkChanged: network=%s isLost=%s
06-17 12:45:53.360  1144  8791 I MagicTether: [WifiConnectionHandler] Ignoring getWifiConfigurationByNetworkId when checking connected state [CONTEXT service_id=276 ]
06-17 12:45:53.360  1144  8791 I MagicTether: [WifiConnectionHandler] No networkId set, can't be connected. [CONTEXT service_id=276 ]
06-17 12:45:53.361  1144  8791 I MagicTether: (REDACTED) [TetherService] TRANSPORT_CELLULAR [%s], TRANSPORT_ETHERNET [%s], TRANSPORT_WIFI [%s]
06-17 12:45:53.361   605   778 D ConnectivityService: NetReassign [no changes] [c 0] [a 0] [i 1]
06-17 12:45:53.361  1144  8791 I MagicTether: (REDACTED) [TetherService] setRoles hasActiveNetworkConnection=%s canActiveNetworkBeTethered=%s isConnectedToInstantTether=%s isWifiEnabled=%s isHosting=%s
06-17 12:45:53.362   605   772 I HalDevMgr: bestIfaceCreationProposal is null, requestIface=STA, existingIface=[name=wlan0 type=STA]
06-17 12:45:53.362  1144  1335 I NullBinder: NullBinder for android.net.action.RECOMMEND_NETWORKS triggering remote TransactionTooLargeException due to Service without Chimera impl, calling uid: 1000, calling pid: 0
06-17 12:45:53.363  1144  1335 W .gms.persistent: Large reply transaction of 1056768 bytes, interface descriptor , code 1
06-17 12:45:53.363  1144  8748 I NearbyMediums: Wifi changed new SSID: "AndroidWifi"
06-17 12:45:53.363  1144  8748 I NearbyMediums: WifiLanConnectivityInfo is not changed, skip notify.
06-17 12:45:53.363  1144  1144 I MagicTether: (REDACTED) [LaunchUtils] Instant Wifi for status account: name: %s | type: %s | isLaunched: %s
06-17 12:45:53.363  1144  1144 I MagicTether: (REDACTED) [TidepoolFeatureStatusManager] isInstantHotspotEnabled=%s
06-17 12:45:53.363  1144  1144 I MagicTether: (REDACTED) [TidepoolFeatureStatusManager] isInstantWifiEnabled=%s
06-17 12:45:53.363  1144  1144 I MagicTether: (REDACTED) [TetherService] startNearbyHostRole: start: %s isInstantHotspotEnabled: %s isInstantWifiEnabled: %s
06-17 12:45:53.363  1144  1144 I MagicTether: [HostTetherRole] Nearby host role already stopped [CONTEXT service_id=276 ]
06-17 12:45:53.365  1144  1144 I MagicTether: (REDACTED) [NotificationPresenter] cancelNotification: %d
06-17 12:45:53.365  1144  1144 I MagicTether: [AutoDisconnectIntentOperation] Canceling task. [CONTEXT service_id=276 ]
06-17 12:45:53.368  1144  1144 I MagicTether: (REDACTED) [LaunchUtils] Instant Wifi for status account: name: %s | type: %s | isLaunched: %s
06-17 12:45:53.368  1144  1144 I MagicTether: (REDACTED) [TidepoolFeatureStatusManager] isInstantHotspotEnabled=%s
06-17 12:45:53.368  1144  1144 I MagicTether: (REDACTED) [TidepoolFeatureStatusManager] isInstantWifiEnabled=%s
06-17 12:45:53.368  1144  1144 I MagicTether: (REDACTED) [TetherService] startNearbyClientRole: start: %s isInstantHotspotEnabled: %s isInstantWifiEnabled: %s
06-17 12:45:53.368  1144  1144 I MagicTether: [TetherService] Stopping Nearby client role [CONTEXT service_id=276 ]
06-17 12:45:53.368  1144  1144 I MagicTether: [ClientTetherRole] Client role already stopped [CONTEXT service_id=276 ]
06-17 12:45:53.372  1144  1144 D BoundBrokerSvc: onBind: Intent { act=com.google.android.gms.scheduler.ACTION_PROXY_SCHEDULE_SINGLE_USER dat=chimera-action:/... cmp=com.google.android.gms/.chimera.PersistentSingleUserInternalApiService }
06-17 12:45:53.373  1144  8687 I MagicTether: [AutoDisconnectIntentOperation] Canceling task. [CONTEXT service_id=276 ]
06-17 12:45:53.373  1144  1144 D BoundBrokerSvc: Loading bound service for intent: Intent { act=com.google.android.gms.scheduler.ACTION_PROXY_SCHEDULE_SINGLE_USER dat=chimera-action:/... cmp=com.google.android.gms/.chimera.PersistentSingleUserInternalApiService }
06-17 12:45:53.374  1144  8687 I MagicTether: (REDACTED) [NotificationPresenter] cancelNotification: %d
06-17 12:45:53.374  1144  8698 I MagicTether: [AutoDisconnectIntentOperation] Canceling task. [CONTEXT service_id=276 ]
06-17 12:45:53.374  1144  8698 I MagicTether: (REDACTED) [NotificationPresenter] cancelNotification: %d
06-17 12:45:53.406  8823  8838 I CatalogCloudSync: sync_events_apply domain=catalog remoteSuppliers=0 remoteCategories=0 remoteProducts=0 applied=0
06-17 12:45:53.497  8823  8838 I CatalogCloudSync: sync_events_apply domain=catalog_prices remoteProductIds=1 remotePrices=0 pricesPulled=0 pricesSkippedNoProductRef=0
06-17 12:45:53.857  1144  8909 I NearbySharing: Network state changed: NetworkState(isRestricted=false, isOnline=true, isCongested=false, isMetered=false, isWifiConnected=true)
06-17 12:45:53.857  1144  8748 I NearbySharing: Network state changed: NetworkState(isRestricted=false, isOnline=true, isCongested=false, isMetered=false, isWifiConnected=true)
06-17 12:45:53.930  8823  8847 I CatalogCloudSync: sync_events_apply domain=catalog remoteSuppliers=0 remoteCategories=0 remoteProducts=0 applied=0
06-17 12:45:54.025  8823  8841 I CatalogCloudSync: sync_events_apply domain=catalog_prices remoteProductIds=1 remotePrices=0 pricesPulled=0 pricesSkippedNoProductRef=0
06-17 12:45:54.138  8823  8850 D EGL_emulation: app_time_stats: avg=2.72ms min=1.07ms max=6.60ms count=60
06-17 12:45:54.281  8823  8839 I CatalogCloudSync: sync_events_apply domain=catalog remoteSuppliers=0 remoteCategories=0 remoteProducts=0 applied=0
06-17 12:45:54.376  8823  8845 I CatalogCloudSync: sync_events_apply domain=catalog_prices remoteProductIds=1 remotePrices=0 pricesPulled=0 pricesSkippedNoProductRef=0
06-17 12:45:54.664  8823  8838 I CatalogCloudSync: sync_events_apply domain=catalog remoteSuppliers=0 remoteCategories=0 remoteProducts=0 applied=0
06-17 12:45:54.763  8823  8838 I CatalogCloudSync: sync_events_apply domain=catalog_prices remoteProductIds=1 remotePrices=0 pricesPulled=0 pricesSkippedNoProductRef=0
06-17 12:45:55.155  8823  8850 D EGL_emulation: app_time_stats: avg=2.56ms min=0.88ms max=6.30ms count=61
06-17 12:45:55.157  8823  8839 I CatalogCloudSync: sync_events_apply domain=catalog remoteSuppliers=0 remoteCategories=0 remoteProducts=0 applied=0
06-17 12:45:55.240  8823  8838 I CatalogCloudSync: sync_events_apply domain=catalog_prices remoteProductIds=1 remotePrices=0 pricesPulled=0 pricesSkippedNoProductRef=0
06-17 12:45:55.493  8823  8847 I CatalogCloudSync: sync_events_apply domain=catalog remoteSuppliers=0 remoteCategories=0 remoteProducts=0 applied=0
06-17 12:45:55.574  8823  8847 I CatalogCloudSync: sync_events_apply domain=catalog_prices remoteProductIds=1 remotePrices=0 pricesPulled=0 pricesSkippedNoProductRef=0
06-17 12:45:55.659  8823  8847 I CatalogCloudSync: sync_events_apply domain=prices remotePrices=0 pricesPulled=0 pricesSkippedNoProductRef=0
06-17 12:45:55.931  8823  8839 I CatalogCloudSync: sync_events_apply domain=catalog remoteSuppliers=0 remoteCategories=0 remoteProducts=0 applied=0
06-17 12:45:56.025  8823  8847 I CatalogCloudSync: sync_events_apply domain=catalog_prices remoteProductIds=1 remotePrices=0 pricesPulled=0 pricesSkippedNoProductRef=0
06-17 12:45:56.113  8823  8839 I CatalogCloudSync: sync_events_apply domain=prices remotePrices=0 pricesPulled=0 pricesSkippedNoProductRef=0
06-17 12:45:56.170  8823  8850 D EGL_emulation: app_time_stats: avg=2.56ms min=1.03ms max=6.68ms count=61
06-17 12:45:56.378   605   772 I HalDevMgr: bestIfaceCreationProposal is null, requestIface=STA, existingIface=[name=wlan0 type=STA]
06-17 12:45:56.391   605   778 W IPCThreadState: Sending oneway calls to frozen process.
06-17 12:45:56.392  1144  1144 I MagicTether: (REDACTED) [ActiveNetworkTracker] setActiveNetwork: %s
06-17 12:45:56.392  1144  1144 I MagicTether: (REDACTED) [TetherService] onActiveNetworkChanged: network=%s isLost=%s
06-17 12:45:56.393   605   778 W IPCThreadState: Sending oneway calls to frozen process.
06-17 12:45:56.393   605   778 W IPCThreadState: Sending oneway calls to frozen process.
06-17 12:45:56.394   605   778 W IPCThreadState: Sending oneway calls to frozen process.
06-17 12:45:56.394   605   778 W IPCThreadState: Sending oneway calls to frozen process.
06-17 12:45:56.394   605   778 W IPCThreadState: Sending oneway calls to frozen process.
06-17 12:45:56.394   605   778 W IPCThreadState: Sending oneway calls to frozen process.
06-17 12:45:56.394   605   778 W IPCThreadState: Sending oneway calls to frozen process.
06-17 12:45:56.394   605   778 W IPCThreadState: Sending oneway calls to frozen process.
06-17 12:45:56.394  1144  8910 I MagicTether: [WifiConnectionHandler] Ignoring getWifiConfigurationByNetworkId when checking connected state [CONTEXT service_id=276 ]
06-17 12:45:56.394   996  1124 D IpClient/wlan0: interfaceLinkStateChanged: ifindex 16 up
06-17 12:45:56.396  1144  8910 I MagicTether: [WifiConnectionHandler] No networkId set, can't be connected. [CONTEXT service_id=276 ]
06-17 12:45:56.397  1144  8910 I MagicTether: (REDACTED) [TetherService] TRANSPORT_CELLULAR [%s], TRANSPORT_ETHERNET [%s], TRANSPORT_WIFI [%s]
06-17 12:45:56.398   996  1124 D IpClient/wlan0: interfaceLinkStateChanged: ifindex 16 up
06-17 12:45:56.400   996  1124 D IpClient/wlan0: interfaceLinkStateChanged: ifindex 16 up
06-17 12:45:56.401   605   778 D ConnectivityService: NetReassign [no changes] [c 0] [a 5] [i 0]
06-17 12:45:56.401   996  1124 D IpClient/wlan0: interfaceLinkStateChanged: ifindex 16 up
06-17 12:45:56.403  1144  8910 I MagicTether: (REDACTED) [TetherService] setRoles hasActiveNetworkConnection=%s canActiveNetworkBeTethered=%s isConnectedToInstantTether=%s isWifiEnabled=%s isHosting=%s
06-17 12:45:56.405  1144  1335 I NullBinder: NullBinder for android.net.action.RECOMMEND_NETWORKS triggering remote TransactionTooLargeException due to Service without Chimera impl, calling uid: 1000, calling pid: 0
06-17 12:45:56.407  1144  1335 W .gms.persistent: Large reply transaction of 1056768 bytes, interface descriptor , code 1
06-17 12:45:56.408  1144  1144 I MagicTether: (REDACTED) [LaunchUtils] Instant Wifi for status account: name: %s | type: %s | isLaunched: %s
06-17 12:45:56.408  1144  1144 I MagicTether: (REDACTED) [TidepoolFeatureStatusManager] isInstantHotspotEnabled=%s
06-17 12:45:56.408  1144  1144 I MagicTether: (REDACTED) [TidepoolFeatureStatusManager] isInstantWifiEnabled=%s
06-17 12:45:56.408  1144  1144 I MagicTether: (REDACTED) [TetherService] startNearbyHostRole: start: %s isInstantHotspotEnabled: %s isInstantWifiEnabled: %s
06-17 12:45:56.408  1144  1144 I MagicTether: [HostTetherRole] Nearby host role already stopped [CONTEXT service_id=276 ]
06-17 12:45:56.408  1144  1144 I MagicTether: (REDACTED) [LaunchUtils] Instant Wifi for status account: name: %s | type: %s | isLaunched: %s
06-17 12:45:56.408  1144  8748 I NearbyMediums: Wifi changed new SSID: "AndroidWifi"
06-17 12:45:56.408  1144  1144 I MagicTether: (REDACTED) [TidepoolFeatureStatusManager] isInstantHotspotEnabled=%s
06-17 12:45:56.408  1144  1144 I MagicTether: (REDACTED) [TidepoolFeatureStatusManager] isInstantWifiEnabled=%s
06-17 12:45:56.408  1144  1144 I MagicTether: (REDACTED) [TetherService] startNearbyClientRole: start: %s isInstantHotspotEnabled: %s isInstantWifiEnabled: %s
06-17 12:45:56.408  1144  1144 I MagicTether: [TetherService] Stopping Nearby client role [CONTEXT service_id=276 ]
06-17 12:45:56.408  1144  1144 I MagicTether: [ClientTetherRole] Client role already stopped [CONTEXT service_id=276 ]
06-17 12:45:56.409  1144  8748 I NearbyMediums: WifiLanConnectivityInfo is not changed, skip notify.
06-17 12:45:56.410   465   465 I adbd    : adbd service requested 'shell,v2,raw:dumpsys package com.google.android.gms'
06-17 12:45:56.411  8823  8847 I CatalogCloudSync: sync_events_apply domain=catalog remoteSuppliers=0 remoteCategories=0 remoteProducts=0 applied=0
06-17 12:45:56.413  1144  1144 I MagicTether: (REDACTED) [NotificationPresenter] cancelNotification: %d
06-17 12:45:56.413  1144  1144 I MagicTether: [AutoDisconnectIntentOperation] Canceling task. [CONTEXT service_id=276 ]
06-17 12:45:56.423  1144  8698 I MagicTether: [AutoDisconnectIntentOperation] Canceling task. [CONTEXT service_id=276 ]
06-17 12:45:56.423  1144  8698 I MagicTether: (REDACTED) [NotificationPresenter] cancelNotification: %d
06-17 12:45:56.424  1144  8687 I MagicTether: [AutoDisconnectIntentOperation] Canceling task. [CONTEXT service_id=276 ]
06-17 12:45:56.424  1144  8687 I MagicTether: (REDACTED) [NotificationPresenter] cancelNotification: %d
06-17 12:45:56.469   727   751 I artd    : GetBestInfo: odex next to the dex file (/data/app/~~RBqLWa4IHxAvM1EDn2acWA==/com.google.android.gms--6rwsmYaGwERs-rlQ1V3rA==/oat/arm64/base.odex) is kOatBootImageOutOfDate with filter 'speed-profile' executable 'false': Image checksum mismatch, expected i;28/6d8ebc32 to start with i;28/fd0aebae
06-17 12:45:56.471   727   751 I artd    : GetBestInfo: vdex next to the dex file (/data/app/~~RBqLWa4IHxAvM1EDn2acWA==/com.google.android.gms--6rwsmYaGwERs-rlQ1V3rA==/oat/arm64/base.vdex) is kOatUpToDate with filter 'verify' executable 'false'
06-17 12:45:56.472   727   733 I artd    : GetBestInfo: dm (/data/app/~~RBqLWa4IHxAvM1EDn2acWA==/com.google.android.gms--6rwsmYaGwERs-rlQ1V3rA==/split_AdsDynamite_installtime.dm) is kOatUpToDate with filter 'verify' executable 'false'
06-17 12:45:56.473   727   751 I artd    : GetBestInfo: odex next to the dex file (/data/app/~~RBqLWa4IHxAvM1EDn2acWA==/com.google.android.gms--6rwsmYaGwERs-rlQ1V3rA==/oat/arm64/split_CronetDynamite_installtime.odex) is kOatBootImageOutOfDate with filter 'speed-profile' executable 'false': Image checksum mismatch, expected i;28/6d8ebc32 to start with i;28/fd0aebae
06-17 12:45:56.473   727   751 I artd    : GetBestInfo: vdex next to the dex file (/data/app/~~RBqLWa4IHxAvM1EDn2acWA==/com.google.android.gms--6rwsmYaGwERs-rlQ1V3rA==/oat/arm64/split_CronetDynamite_installtime.vdex) is kOatUpToDate with filter 'verify' executable 'false'
06-17 12:45:56.473   727   733 I artd    : GetBestInfo: dm (/data/app/~~RBqLWa4IHxAvM1EDn2acWA==/com.google.android.gms--6rwsmYaGwERs-rlQ1V3rA==/split_DynamiteLoader_installtime.dm) is kOatUpToDate with filter 'verify' executable 'false'
06-17 12:45:56.473   727   751 I artd    : GetBestInfo: dm (/data/app/~~RBqLWa4IHxAvM1EDn2acWA==/com.google.android.gms--6rwsmYaGwERs-rlQ1V3rA==/split_DynamiteModulesA_installtime.dm) is kOatUpToDate with filter 'verify' executable 'false'
06-17 12:45:56.474   727   733 I artd    : GetBestInfo: dm (/data/app/~~RBqLWa4IHxAvM1EDn2acWA==/com.google.android.gms--6rwsmYaGwERs-rlQ1V3rA==/split_DynamiteModulesC_installtime.dm) is kOatUpToDate with filter 'verify' executable 'false'
06-17 12:45:56.474   727   751 I artd    : GetBestInfo: dm (/data/app/~~RBqLWa4IHxAvM1EDn2acWA==/com.google.android.gms--6rwsmYaGwERs-rlQ1V3rA==/split_GoogleCertificates_installtime.dm) is kOatUpToDate with filter 'verify' executable 'false'
06-17 12:45:56.475   727   733 I artd    : GetBestInfo: dm (/data/app/~~RBqLWa4IHxAvM1EDn2acWA==/com.google.android.gms--6rwsmYaGwERs-rlQ1V3rA==/split_MapsDynamite_installtime.dm) is kOatUpToDate with filter 'verify' executable 'false'
06-17 12:45:56.475   727   751 I artd    : GetBestInfo: dm (/data/app/~~RBqLWa4IHxAvM1EDn2acWA==/com.google.android.gms--6rwsmYaGwERs-rlQ1V3rA==/split_MeasurementDynamite_installtime.dm) is kOatUpToDate with filter 'verify' executable 'false'
06-17 12:45:56.475   727   733 I artd    : GetBestInfo: /data/user_de/0/com.google.android.gms/app_chimera/m/0000002a/dl-MlkitBarcodeUi.optional_261733100400.apk has no usable artifacts
06-17 12:45:56.475   727   733 I artd    : GetBestInfo: /data/user_de/0/com.google.android.gms/app_chimera/m/00000035/dl-VisionOcr.optional_261933100000.apk has no usable artifacts
06-17 12:45:56.475   727   733 I artd    : GetBestInfo: /data/user_de/0/com.google.android.gms/app_chimera/m/00000001/CronetDynamite.uncompressed.apk has no usable artifacts
06-17 12:45:56.475   727   733 I artd    : GetBestInfo: /data/user_de/0/com.google.android.gms/app_chimera/m/00000047/dl-PlayCloudSearch.optional_262333100000.apk has no usable artifacts
06-17 12:45:56.476   727   751 I artd    : GetBestInfo: /data/user_de/0/com.google.android.gms/app_chimera/m/00000016/dl-IdentityCredentialsPlatform.optional_261464100400.apk has no usable artifacts
06-17 12:45:56.476   727   751 I artd    : GetBestInfo: /data/user_de/0/com.google.android.gms/app_chimera/m/00000046/dl-MlkitOcrCommon.optional_262333100400.apk has no usable artifacts
06-17 12:45:56.476   727   733 I artd    : GetBestInfo: /data/user_de/0/com.google.android.gms/app_chimera/m/00000014/dl-VisionOcr.optional_261464100000.apk has no usable artifacts
06-17 12:45:56.476   727   733 I artd    : GetBestInfo: /data/user_de/0/com.google.android.gms/app_chimera/m/00000017/dl-Appsearch.optional_261464100400.apk has no usable artifacts
06-17 12:45:56.476   727   733 I artd    : GetBestInfo: /data/user_de/0/com.google.android.gms/app_chimera/m/0000004b/dl-MlkitBarcodeUi.optional_262333100400.apk has no usable artifacts
06-17 12:45:56.476   727   751 I artd    : GetBestInfo: /data/user/0/com.google.android.gms/app_dg_cache/87E7746227FF4E457A2EB56043B95E41006DE49F/the.apk has no usable artifacts
06-17 12:45:56.477   727   751 I artd    : GetBestInfo: /data/user_de/0/com.google.android.gms/app_chimera/m/00000048/dl-IdentityCredentialsPlatform.optional_262333100400.apk has no usable artifacts
06-17 12:45:56.477   727   733 I artd    : GetBestInfo: /data/user_de/0/com.google.android.gms/app_chimera/m/0000000a/dl-MlkitBarcodeUi.optional_242335100400.apk has no usable artifacts
06-17 12:45:56.477   727   751 I artd    : GetBestInfo: /data/user_de/0/com.google.android.gms/app_chimera/m/00000029/dl-MlkitOcrCommon.optional_261733100400.apk has no usable artifacts
06-17 12:45:56.477   727   751 I artd    : GetBestInfo: /data/user_de/0/com.google.android.gms/app_chimera/m/00000002/DynamiteLoader.uncompressed.apk has no usable artifacts
06-17 12:45:56.477   727   751 I artd    : GetBestInfo: /data/user_de/0/com.google.android.gms/app_chimera/m/0000002e/dl-Appsearch.optional_261733100400.apk has no usable artifacts
06-17 12:45:56.477   727   751 I artd    : GetBestInfo: /data/user_de/0/com.google.android.gms/app_chimera/m/00000030/dl-MlkitOcrCommon.optional_261933100400.apk has no usable artifacts
06-17 12:45:56.477   727   751 I artd    : GetBestInfo: /data/user_de/0/com.google.android.gms/app_chimera/m/00000015/dl-PlayCloudSearch.optional_261464100000.apk has no usable artifacts
06-17 12:45:56.477   727   751 I artd    : GetBestInfo: /data/user_de/0/com.google.android.gms/app_chimera/m/0000001e/dl-Appsearch.optional_261631100400.apk has no usable artifacts
06-17 12:45:56.477   727   751 I artd    : GetBestInfo: /data/user_de/0/com.google.android.gms/app_chimera/m/00000013/dl-MlkitOcrCommon.optional_261464100400.apk has no usable artifacts
06-17 12:45:56.477   727   751 I artd    : GetBestInfo: /data/user_de/0/com.google.android.gms/app_chimera/m/00000032/dl-MlkitBarcodeUi.optional_261933100400.apk has no usable artifacts
06-17 12:45:56.478   727   751 I artd    : GetBestInfo: /data/user/0/com.google.android.gms/app_dg_cache/754BEC187BC4F26BBC31300F93DBF9B7506C1861/the.apk has no usable artifacts
06-17 12:45:56.478   727   751 I artd    : GetBestInfo: /data/user_de/0/com.google.android.gms/app_chimera/m/00000007/MeasurementDynamite.apk has no usable artifacts
06-17 12:45:56.478   727   733 I artd    : GetBestInfo: /data/user_de/0/com.google.android.gms/app_chimera/m/0000002c/dl-IdentityCredentialsPlatform.optional_261733100400.apk has no usable artifacts
06-17 12:45:56.478   727   751 I artd    : GetBestInfo: /data/user_de/0/com.google.android.gms/app_chimera/m/0000002b/dl-PlayCloudSearch.optional_261733100000.apk has no usable artifacts
06-17 12:45:56.478   727   733 I artd    : GetBestInfo: /data/user_de/0/com.google.android.gms/app_chimera/m/00000033/dl-PlayCloudSearch.optional_261933100000.apk has no usable artifacts
06-17 12:45:56.478   727   751 I artd    : GetBestInfo: /data/user_de/0/com.google.android.gms/app_chimera/m/0000001c/dl-VisionOcr.optional_261631100000.apk has no usable artifacts
06-17 12:45:56.478   727   733 I artd    : GetBestInfo: /data/user_de/0/com.google.android.gms/app_chimera/m/00000011/dl-MlkitBarcodeUi.optional_261464100400.apk has no usable artifacts
06-17 12:45:56.478   727   751 I artd    : GetBestInfo: /data/user_de/0/com.google.android.gms/app_chimera/m/00000049/dl-VisionOcr.optional_262333100000.apk has no usable artifacts
06-17 12:45:56.478   727   733 I artd    : GetBestInfo: /data/user_de/0/com.google.android.gms/app_chimera/m/00000005/GoogleCertificates.apk has no usable artifacts
06-17 12:45:56.478   727   733 I artd    : GetBestInfo: /data/user_de/0/com.google.android.gms/app_chimera/m/00000010/dl-TfliteDynamiteDynamite.integ_260580502100400.apk has no usable artifacts
06-17 12:45:56.478   727   751 I artd    : GetBestInfo: /data/user/0/com.google.android.gms/app_dg_cache/9D5BCED7935D64431BF672B8BBD597199833CA19/the.apk has no usable artifacts
06-17 12:45:56.478   727   751 I artd    : GetBestInfo: /data/user_de/0/com.google.android.gms/app_chimera/m/00000009/dl-TfliteDynamiteDynamite.integ_252130102100400.apk has no usable artifacts
06-17 12:45:56.479   727   751 I artd    : GetBestInfo: vdex next to the dex file (/data/user/0/com.google.android.gms/app_dg_cache/5833371D1ACC412507A92815B074897510CCCEDD/oat/arm64/the.vdex) is kOatUpToDate with filter 'verify' executable 'false'
06-17 12:45:56.479   727   733 I artd    : GetBestInfo: /data/user_de/0/com.google.android.gms/app_chimera/m/0000001b/dl-PlayCloudSearch.optional_261631100000.apk has no usable artifacts
06-17 12:45:56.479   727   733 I artd    : GetBestInfo: /data/user_de/0/com.google.android.gms/app_chimera/m/00000027/dl-IdentityCredentialsPlatform.optional_261631100400.apk has no usable artifacts
06-17 12:45:56.479   727   733 I artd    : GetBestInfo: /data/user/0/com.google.android.gms/app_dg_cache/86153AA318A3F208A8C511836585279D8C7E8D94/the.apk has no usable artifacts
06-17 12:45:56.479   727   733 I artd    : GetBestInfo: /data/user_de/0/com.google.android.gms/app_chimera/m/0000001d/dl-IdentityCredentialsPlatform.optional_261631100400.apk has no usable artifacts
06-17 12:45:56.479   727   733 I artd    : GetBestInfo: /data/user_de/0/com.google.android.gms/app_chimera/m/0000002d/dl-VisionOcr.optional_261733100000.apk has no usable artifacts
06-17 12:45:56.480   727   733 I artd    : GetBestInfo: /data/user_de/0/com.google.android.gms/app_chimera/m/0000000e/dl-PlayCloudSearch.optional_242335100000.apk has no usable artifacts
06-17 12:45:56.480   727   751 I artd    : GetBestInfo: /data/user_de/0/com.google.android.gms/app_chimera/m/0000004a/dl-Appsearch.optional_262333100400.apk has no usable artifacts
06-17 12:45:56.480   727   733 I artd    : GetBestInfo: /data/user_de/0/com.google.android.gms/app_chimera/m/0000001a/dl-MlkitBarcodeUi.optional_261631100400.apk has no usable artifacts
06-17 12:45:56.480   727   732 I artd    : GetBestInfo: vdex next to the dex file (/data/user/0/com.google.android.gms/app_dg_cache/10FF5D5C646CC9E2F04BD9D73A072BD012EF1A7A/oat/arm64/the.vdex) is kOatUpToDate with filter 'verify' executable 'false'
06-17 12:45:56.480   727   751 I artd    : GetBestInfo: /data/user_de/0/com.google.android.gms/app_chimera/m/00000036/dl-Appsearch.optional_261933100400.apk has no usable artifacts
06-17 12:45:56.480   727   751 I artd    : GetBestInfo: /data/user/0/com.google.android.gms/app_dg_cache/21A90BF1C1C388089206DCE215FB60D7882BFA18/the.apk has no usable artifacts
