--------- beginning of main
06-17 12:29:39.070 D/IpClient/wlan0(  996): interfaceLinkStateChanged: ifindex 16 up
06-17 12:29:39.171 I/adbd    (  465): adbd service requested 'shell,v2,TERM=dumb,raw:monkey -p com.example.merchandisecontrolsplitview -c android.intent.category.LAUNCHER 1'
06-17 12:29:39.226 D/AndroidRuntime( 7624): >>>>>> START com.android.internal.os.RuntimeInit uid 2000 <<<<<<
06-17 12:29:39.228 I/AndroidRuntime( 7624): Using default boot image
06-17 12:29:39.228 I/AndroidRuntime( 7624): Leaving lock profiling enabled
06-17 12:29:39.230 I/app_process( 7624): Using generational CollectorTypeCMC GC.
06-17 12:29:39.254 D/nativeloader( 7624): InitDefaultPublicLibraries for_preload=1: libandroid.so:libaaudio.so:libamidi.so:libbinder_ndk.so:libc.so:libcamera2ndk.so:libdl.so:libEGL.so:libGLESv1_CM.so:libGLESv2.so:libGLESv3.so:libicu.so:libicui18n.so:libicuuc.so:libjnigraphics.so:liblog.so:libmediandk.so:libm.so:libnativehelper.so:libnativewindow.so:libOpenMAXAL.so:libOpenSLES.so:libRS.so:libstdc++.so:libsync.so:libvulkan.so:libwebviewchromium_plat_support.so:libz.so
06-17 12:29:39.258 D/nativeloader( 7624): Load libicu_jni.so using APEX ns com_android_art for caller /apex/com.android.art/javalib/core-oj.jar: ok
06-17 12:29:39.258 D/app_process( 7624): u_setTimeZoneFilesDirectory("/apex/com.android.tzdata/etc/tz/versioned/8/icu") succeeded. 
06-17 12:29:39.258 D/app_process( 7624): I18n APEX ICU file found: /apex/com.android.i18n/etc/icu/icudt75l.dat
06-17 12:29:39.258 D/nativeloader( 7624): Load libjavacore.so using APEX ns com_android_art for caller /apex/com.android.art/javalib/core-oj.jar: ok
06-17 12:29:39.259 D/nativeloader( 7624): Load libopenjdk.so using APEX ns com_android_art for caller /apex/com.android.art/javalib/core-oj.jar: ok
06-17 12:29:39.259 I/app_process( 7624): Priority-to-niceness mapping: 19, 16, 13, 10, 0, -2, -4, -5, -6, -8
06-17 12:29:39.266 D/nativeloader( 7624): Load libframework-connectivity-tiramisu-jni.so using APEX ns com_android_tethering for caller /apex/com.android.tethering/javalib/framework-connectivity-t.jar: ok
06-17 12:29:39.266 D/AndroidRuntime( 7624): Calling main entry com.android.commands.monkey.Monkey
06-17 12:29:39.267 W/Monkey  ( 7624): args: [-p, com.example.merchandisecontrolsplitview, -c, android.intent.category.LAUNCHER, 1]
06-17 12:29:39.267 W/Monkey  ( 7624):  arg: "-p"
06-17 12:29:39.267 W/Monkey  ( 7624):  arg: "com.example.merchandisecontrolsplitview"
06-17 12:29:39.267 W/Monkey  ( 7624):  arg: "-c"
06-17 12:29:39.267 W/Monkey  ( 7624):  arg: "android.intent.category.LAUNCHER"
06-17 12:29:39.267 W/Monkey  ( 7624):  arg: "1"
06-17 12:29:39.267 W/Monkey  ( 7624): data="com.example.merchandisecontrolsplitview"
06-17 12:29:39.267 W/Monkey  ( 7624): data="android.intent.category.LAUNCHER"
--------- beginning of system
06-17 12:29:39.273 W/ActivityManager(  605): registerReceiverWithFeature: no app for null
06-17 12:29:39.274 W/ActivityTaskManager(  605): callingPackage for (uid=2000, pid=7624) has no WPC
06-17 12:29:39.275 W/OptProp (  605): Cannot read opt property android.window.PROPERTY_COMPAT_ALLOW_USER_ASPECT_RATIO_OVERRIDE
06-17 12:29:39.275 W/OptProp (  605): Cannot read opt property android.window.PROPERTY_COMPAT_ALLOW_USER_ASPECT_RATIO_FULLSCREEN_OVERRIDE
06-17 12:29:39.275 W/OptProp (  605): Cannot read opt property android.window.PROPERTY_COMPAT_ALLOW_ORIENTATION_OVERRIDE
06-17 12:29:39.276 V/GrammaticalInflectionUtils(  605): AttributionSource: android.content.AttributionSource@dd8d116e does not have READ_SYSTEM_GRAMMATICAL_GENDER permission.
06-17 12:29:39.276 W/OptProp (  605): Cannot read opt property android.window.PROPERTY_COMPAT_ALLOW_RESIZEABLE_ACTIVITY_OVERRIDES
06-17 12:29:39.276 W/OptProp (  605): Cannot read opt property android.window.PROPERTY_COMPAT_ALLOW_MIN_ASPECT_RATIO_OVERRIDE
06-17 12:29:39.281 W/IPCThreadState(  488): Sending oneway calls to frozen process.
06-17 12:29:39.282 V/WindowManagerShell(  889): Transition requested (#20): android.os.BinderProxy@3a764a7 TransitionRequestInfo { type = OPEN, triggerTask = TaskInfo{userId=0 taskId=291 displayId=0 isRunning=true baseIntent=Intent { act=android.intent.action.MAIN cat=[android.intent.category.LAUNCHER] flg=0x10200000 cmp=com.example.merchandisecontrolsplitview/.MainActivity } baseActivity=ComponentInfo{com.example.merchandisecontrolsplitview/com.example.merchandisecontrolsplitview.MainActivity} topActivity=ComponentInfo{com.example.merchandisecontrolsplitview/com.example.merchandisecontrolsplitview.MainActivity} origActivity=null realActivity=ComponentInfo{com.example.merchandisecontrolsplitview/com.example.merchandisecontrolsplitview.MainActivity} numActivities=1 lastActiveTime=58757832 supportsMultiWindow=true resizeMode=1 isResizeable=true minWidth=-1 minHeight=-1 defaultMinSize=220 token=WCT{android.window.IWindowContainerToken$Stub$Proxy@f1aed54} topActivityType=1 pictureInPictureParams=null shouldDockBigOverlays=false launchIntoPipHostTaskId=-1 lastParentTaskIdBeforePip=-1 displayCutoutSafeInsets=null topActivityInfo=ActivityInfo{5bed4fd com.example.merchandisecontrolsplitview.MainActivity} launchCookies=[] positionInParent=Point(0, 0) parentTaskId=-1 isFocused=false isVisible=false isVisibleRequested=false isSleeping=false locusId=null displayAreaFeatureId=1 isTopActivityTransparent=false appCompatTaskInfo=AppCompatTaskInfo { topActivityInSizeCompat=false topActivityEligibleForLetterboxEducation= falseisLetterboxEducationEnabled= true isLetterboxDoubleTapEnabled= false topActivityEligibleForUserAspectRatioButton= false topActivityBoundsLetterboxed= false isFromLetterboxDoubleTap= false topActivityLetterboxVerticalPosition= -1 topActivityLetterboxHorizontalPosition= -1 topActivityLetterboxWidth=1080 topActivityLetterboxHeight=2400 isUserFullscreenOverrideEnabled=false isSystemFullscreenOverrideEnabled=false cameraCompatTaskInfo=CameraCompatTaskInfo { cameraCompatControlState=hidden freeformCameraCompatMode=inactive}}}, pipTask = null, remoteTransition = null, displayChange = null, flags = 0, debugId = 20 }
06-17 12:29:39.282 I/ActivityTaskManager(  605): START u0 {act=android.intent.action.MAIN cat=[android.intent.category.LAUNCHER] flg=0x10200000 cmp=com.example.merchandisecontrolsplitview/.MainActivity} with LAUNCH_SINGLE_TASK from uid 2000 (BAL_ALLOW_PERMISSION) result code=0
06-17 12:29:39.293 V/GrammaticalInflectionUtils(  605): AttributionSource: android.content.AttributionSource@dd8d116e does not have READ_SYSTEM_GRAMMATICAL_GENDER permission.
06-17 12:29:39.294 W/SplitSelectStateCtor( 1200): Missing session instanceIds
06-17 12:29:39.294 D/StatsLog( 1200): LAUNCHER_SPLIT_SELECTION_EXIT_INTERRUPTED
06-17 12:29:39.294 D/WindowManagerShell(  889): setLauncherKeepClearAreaHeight: visible=false, height=527
06-17 12:29:39.297 I/Monkey  ( 7624): Events injected: 1
06-17 12:29:39.299 I/BpBinder(  463): onLastStrongRef automatically unlinking death recipients: 
06-17 12:29:39.305 I/AiAiEcho( 1403): Settings changed for uri: content://settings/secure/device_state_rotation_lock
06-17 12:29:39.305 I/AiAiEcho( 1403): Predicting[0]:  [CONTEXT sampling_count=5 ]
06-17 12:29:39.305 I/AiAiEcho( 1403): EchoTargets: 
06-17 12:29:39.305 I/AiAiEcho( 1403): Filtered by AiAi flag check: 
06-17 12:29:39.305 I/AiAiEcho( 1403): [CONTEXT ratelimit_period="10 SECONDS" ]
06-17 12:29:39.305 I/AiAiEcho( 1403): Ranked targets strategy: SORT, count: 0, ranking metadata:  [CONTEXT ratelimit_period="10 SECONDS" ]
06-17 12:29:39.305 I/AiAiEcho( 1403): #remoteViewsTwiddler: feature disabled.
06-17 12:29:39.305 I/AiAiEcho( 1403): #postPredictionTargets: Sending updates to UISurface lockscreen with targets# 0 (types=[])
06-17 12:29:39.305 I/AiAiEcho( 1403): Predicting[0]:  [CONTEXT sampling_count=5 ]
06-17 12:29:39.305 I/AiAiEcho( 1403): EchoTargets: 
06-17 12:29:39.305 I/AiAiEcho( 1403): Filtered by AiAi flag check: 
06-17 12:29:39.305 I/AiAiEcho( 1403): [CONTEXT ratelimit_period="10 SECONDS" ]
06-17 12:29:39.305 I/AiAiEcho( 1403): Ranked targets strategy: SORT, count: 0, ranking metadata:  [CONTEXT ratelimit_period="10 SECONDS" ]
06-17 12:29:39.305 I/AiAiEcho( 1403): #remoteViewsTwiddler: feature disabled.
06-17 12:29:39.305 I/AiAiEcho( 1403): #postPredictionTargets: Sending updates to UISurface media_data_manager with targets# 0 (types=[])
06-17 12:29:39.305 I/AiAiEcho( 1403): Predicting[0]:  [CONTEXT sampling_count=5 ]
06-17 12:29:39.305 I/AiAiEcho( 1403): EchoTargets: 
06-17 12:29:39.305 I/AiAiEcho( 1403): Filtered by AiAi flag check: 
06-17 12:29:39.305 I/AiAiEcho( 1403): [CONTEXT ratelimit_period="10 SECONDS" ]
06-17 12:29:39.305 I/AiAiEcho( 1403): Ranked targets strategy: SORT, count: 0, ranking metadata:  [CONTEXT ratelimit_period="10 SECONDS" ]
06-17 12:29:39.305 I/AiAiEcho( 1403): #remoteViewsTwiddler: feature disabled.
06-17 12:29:39.305 I/AiAiEcho( 1403): #postPredictionTargets: Sending updates to UISurface home with targets# 0 (types=[])
06-17 12:29:39.307 I/TopTaskTracker( 1200): onTaskMovedToFront: (moved taskInfo to front) taskId=291, baseIntent=Intent { act=android.intent.action.MAIN cat=[android.intent.category.LAUNCHER] flg=0x10200000 cmp=com.example.merchandisecontrolsplitview/.MainActivity }
06-17 12:29:39.308 I/Monkey  ( 7624): ## Network stats: elapsed time=33ms (0ms mobile, 0ms wifi, 33ms not connected)
06-17 12:29:39.308 I/app_process( 7624): System.exit called, status: 0
06-17 12:29:39.308 I/AndroidRuntime( 7624): VM exiting with result code 0.
06-17 12:29:39.312 D/Zygote  (  395): Forked child process 7635
06-17 12:29:39.315 I/ontrolsplitview( 7635): Late-enabling -Xcheck:jni
06-17 12:29:39.315 D/SsBaseTemplateCard( 1200): No text view can be set up
06-17 12:29:39.317 D/SsBaseTemplateCard( 1200): Passed-in item info is null
06-17 12:29:39.317 D/SsBaseTemplateCard( 1200): Passed-in item info is null
06-17 12:29:39.317 D/SsBaseTemplateCard( 1200): Passed-in item info is null
06-17 12:29:39.317 I/SsBaseTemplateCard( 1200): Secondary card pane is null
06-17 12:29:39.318 D/SsMediaDataProvider(  889): Forwarding Smartspace updates []
06-17 12:29:39.318 W/PageIndicator(  889): Total number of pages invalid: 0. Assuming 1 page.
06-17 12:29:39.325 I/AiAiEcho( 1403): Settings changed for uri: content://settings/secure/device_state_rotation_lock
06-17 12:29:39.325 I/AiAiEcho( 1403): Predicting[0]:  [CONTEXT sampling_count=5 ]
06-17 12:29:39.325 I/AiAiEcho( 1403): EchoTargets: 
06-17 12:29:39.325 I/AiAiEcho( 1403): Filtered by AiAi flag check: 
06-17 12:29:39.325 I/AiAiEcho( 1403): [CONTEXT ratelimit_period="10 SECONDS" ]
06-17 12:29:39.325 I/AiAiEcho( 1403): Ranked targets strategy: SORT, count: 0, ranking metadata:  [CONTEXT ratelimit_period="10 SECONDS" ]
06-17 12:29:39.325 I/AiAiEcho( 1403): #remoteViewsTwiddler: feature disabled.
06-17 12:29:39.325 I/AiAiEcho( 1403): Predicting[0]:  [CONTEXT sampling_count=5 ]
06-17 12:29:39.325 I/AiAiEcho( 1403): EchoTargets: 
06-17 12:29:39.325 I/AiAiEcho( 1403): Filtered by AiAi flag check: 
06-17 12:29:39.325 I/AiAiEcho( 1403): [CONTEXT ratelimit_period="10 SECONDS" ]
06-17 12:29:39.325 I/AiAiEcho( 1403): Ranked targets strategy: SORT, count: 0, ranking metadata:  [CONTEXT ratelimit_period="10 SECONDS" ]
06-17 12:29:39.325 I/AiAiEcho( 1403): #remoteViewsTwiddler: feature disabled.
06-17 12:29:39.325 I/AiAiEcho( 1403): Predicting[0]:  [CONTEXT sampling_count=5 ]
06-17 12:29:39.325 I/AiAiEcho( 1403): EchoTargets: 
06-17 12:29:39.325 I/AiAiEcho( 1403): Filtered by AiAi flag check: 
06-17 12:29:39.325 I/AiAiEcho( 1403): [CONTEXT ratelimit_period="10 SECONDS" ]
06-17 12:29:39.325 I/AiAiEcho( 1403): Ranked targets strategy: SORT, count: 0, ranking metadata:  [CONTEXT ratelimit_period="10 SECONDS" ]
06-17 12:29:39.325 I/AiAiEcho( 1403): #remoteViewsTwiddler: feature disabled.
06-17 12:29:39.325 I/AiAiEcho( 1403): #postPredictionTargets: Sending updates to UISurface lockscreen with targets# 0 (types=[])
06-17 12:29:39.325 I/AiAiEcho( 1403): #postPredictionTargets: Sending updates to UISurface media_data_manager with targets# 0 (types=[])
06-17 12:29:39.325 I/AiAiEcho( 1403): #postPredictionTargets: Sending updates to UISurface home with targets# 0 (types=[])
06-17 12:29:39.326 D/SsMediaDataProvider(  889): Forwarding Smartspace updates []
06-17 12:29:39.331 I/ontrolsplitview( 7635): Using generational CollectorTypeCMC GC.
06-17 12:29:39.331 W/PageIndicator(  889): Total number of pages invalid: 0. Assuming 1 page.
06-17 12:29:39.333 I/adbd    (  465): jdwp connection from 7635
06-17 12:29:39.337 D/EGL_emulation( 1200): app_time_stats: avg=263.80ms min=0.97ms max=9886.63ms count=39
06-17 12:29:39.338 I/ActivityManager(  605): Start proc 7635:com.example.merchandisecontrolsplitview/u0a209 for next-top-activity {com.example.merchandisecontrolsplitview/com.example.merchandisecontrolsplitview.MainActivity}
06-17 12:29:39.340 I/AiAiEcho( 1403): Settings changed for uri: content://settings/secure/device_state_rotation_lock
06-17 12:29:39.340 I/AiAiEcho( 1403): Predicting[0]:  [CONTEXT sampling_count=5 ]
06-17 12:29:39.340 I/AiAiEcho( 1403): EchoTargets: 
06-17 12:29:39.340 I/AiAiEcho( 1403): Filtered by AiAi flag check: 
06-17 12:29:39.340 I/AiAiEcho( 1403): [CONTEXT ratelimit_period="10 SECONDS" ]
06-17 12:29:39.340 I/AiAiEcho( 1403): Ranked targets strategy: SORT, count: 0, ranking metadata:  [CONTEXT ratelimit_period="10 SECONDS" ]
06-17 12:29:39.340 I/AiAiEcho( 1403): #remoteViewsTwiddler: feature disabled.
06-17 12:29:39.341 I/AiAiEcho( 1403): #postPredictionTargets: Sending updates to UISurface lockscreen with targets# 0 (types=[])
06-17 12:29:39.341 I/AiAiEcho( 1403): Predicting[0]:  [CONTEXT sampling_count=5 ]
06-17 12:29:39.341 I/AiAiEcho( 1403): EchoTargets: 
06-17 12:29:39.341 I/AiAiEcho( 1403): Filtered by AiAi flag check: 
06-17 12:29:39.341 I/AiAiEcho( 1403): [CONTEXT ratelimit_period="10 SECONDS" ]
06-17 12:29:39.341 I/AiAiEcho( 1403): Ranked targets strategy: SORT, count: 0, ranking metadata:  [CONTEXT ratelimit_period="10 SECONDS" ]
06-17 12:29:39.341 I/AiAiEcho( 1403): #remoteViewsTwiddler: feature disabled.
06-17 12:29:39.341 I/AiAiEcho( 1403): Predicting[0]:  [CONTEXT sampling_count=5 ]
06-17 12:29:39.341 I/AiAiEcho( 1403): EchoTargets: 
06-17 12:29:39.341 I/AiAiEcho( 1403): Filtered by AiAi flag check: 
06-17 12:29:39.341 I/AiAiEcho( 1403): [CONTEXT ratelimit_period="10 SECONDS" ]
06-17 12:29:39.341 I/AiAiEcho( 1403): Ranked targets strategy: SORT, count: 0, ranking metadata:  [CONTEXT ratelimit_period="10 SECONDS" ]
06-17 12:29:39.341 I/AiAiEcho( 1403): #remoteViewsTwiddler: feature disabled.
06-17 12:29:39.341 I/AiAiEcho( 1403): #postPredictionTargets: Sending updates to UISurface media_data_manager with targets# 0 (types=[])
06-17 12:29:39.341 I/AiAiEcho( 1403): #postPredictionTargets: Sending updates to UISurface home with targets# 0 (types=[])
06-17 12:29:39.342 W/PageIndicator(  889): Total number of pages invalid: 0. Assuming 1 page.
06-17 12:29:39.343 D/nativeloader( 7635): Load libframework-connectivity-tiramisu-jni.so using APEX ns com_android_tethering for caller /apex/com.android.tethering/javalib/framework-connectivity-t.jar: ok
06-17 12:29:39.344 V/WindowManagerShell(  889): onTransitionReady(transaction=2598455214971)
06-17 12:29:39.344 V/WindowManagerShell(  889): onTransitionReady (#20) android.os.BinderProxy@3a764a7: {id=20 t=OPEN f=0x0 trk=0 r=[0@Point(0, 0)] c=[{WCT{android.window.IWindowContainerToken$Stub$Proxy@853f76d} m=OPEN f=NONE leash=Surface(name=Task=291)/@0xe923816 sb=Rect(0, 0 - 1080, 2400) eb=Rect(0, 0 - 1080, 2400) d=0 taskParent=-1},{WCT{android.window.IWindowContainerToken$Stub$Proxy@c71bfa2} m=TO_BACK f=SHOW_WALLPAPER leash=Surface(name=Task=285)/@0x85cc597 sb=Rect(0, 0 - 1080, 2400) eb=Rect(0, 0 - 1080, 2400) d=0 taskParent=-1}]}
06-17 12:29:39.344 V/WindowManagerShell(  889): Playing animation for (#20) android.os.BinderProxy@3a764a7@0
06-17 12:29:39.344 V/WindowManagerShell(  889):  try handler com.android.wm.shell.transition.DefaultMixedHandler@4254119
06-17 12:29:39.344 V/WindowManagerShell(  889):  try handler com.android.wm.shell.keyguard.KeyguardTransitionHandler@885de
06-17 12:29:39.344 V/WindowManagerShell(  889):  try handler com.android.wm.shell.pip.PipTransition@41ed3bf
06-17 12:29:39.344 V/WindowManagerShell(  889):  try handler com.android.wm.shell.activityembedding.ActivityEmbeddingController@a5e8a8c
06-17 12:29:39.344 V/WindowManagerShell(  889):  try handler com.android.wm.shell.recents.RecentsTransitionHandler@cbfd5d5
06-17 12:29:39.344 V/ShellRecents(  889): RecentsTransitionHandler.startAnimation: no controller found
06-17 12:29:39.344 V/WindowManagerShell(  889):  try handler com.android.wm.shell.splitscreen.StageCoordinator@89321ea
06-17 12:29:39.344 V/WindowManagerShell(  889):  try handler com.android.wm.shell.transition.RemoteTransitionHandler@ff6ecdb
06-17 12:29:39.344 V/WindowManagerShell(  889): Transition doesn't have explicit remote, search filters for match for {id=20 t=OPEN f=0x0 trk=0 r=[0@Point(0, 0)] c=[{WCT{android.window.IWindowContainerToken$Stub$Proxy@853f76d} m=OPEN f=NONE leash=Surface(name=Task=291)/@0xe923816 sb=Rect(0, 0 - 1080, 2400) eb=Rect(0, 0 - 1080, 2400) d=0 taskParent=-1},{WCT{android.window.IWindowContainerToken$Stub$Proxy@c71bfa2} m=TO_BACK f=SHOW_WALLPAPER leash=Surface(name=Task=285)/@0x85cc597 sb=Rect(0, 0 - 1080, 2400) eb=Rect(0, 0 - 1080, 2400) d=0 taskParent=-1}]}
06-17 12:29:39.344 V/WindowManagerShell(  889):  Checking filter Pair{{types=[] flags=0x0] notFlags=0x0 checks=[{atype=undefined independent=true modes=[OPEN,TO_FRONT] flags=IN_TASK_WITH_EMBEDDED_ACTIVITY mustBeTask=false order=ANY topActivity=ComponentInfo{com.google.android.apps.nexuslauncher/com.google.android.apps.nexuslauncher.NexusLauncherActivity} launchCookie=null},{atype=undefined independent=true modes=[CLOSE,TO_BACK] flags=IN_TASK_WITH_EMBEDDED_ACTIVITY mustBeTask=false order=ANY topActivity=null launchCookie=null}]} RemoteTransition { remoteTransition = android.window.IRemoteTransition$Stub$Proxy@2ce5758, appThread = android.app.IApplicationThread$Stub$Proxy@68830b1, debugName = OverlaySwipeBack }}
06-17 12:29:39.344 V/WindowManagerShell(  889):  Checking filter Pair{{types=[] flags=0x0] notFlags=0x0 checks=[{atype=dream independent=true modes=[OPEN,TO_FRONT] flags=NONE mustBeTask=false order=ANY topActivity=null launchCookie=null},{atype=home independent=true modes=[CLOSE,TO_BACK] flags=NONE mustBeTask=false order=ANY topActivity=null launchCookie=null}]} RemoteTransition { remoteTransition = android.window.IRemoteTransition$Stub$Proxy@b8d996, appThread = android.app.IApplicationThread$Stub$Proxy@1048917, debugName = LauncherToDream }}
06-17 12:29:39.344 V/WindowManagerShell(  889):  Checking filter Pair{{types=[] flags=0x0] notFlags=0x100 checks=[{atype=home independent=true modes=[OPEN,TO_FRONT] flags=NONE mustBeTask=false order=TOP topActivity=ComponentInfo{com.google.android.apps.nexuslauncher/com.google.android.apps.nexuslauncher.NexusLauncherActivity} launchCookie=null},{atype=standard independent=true modes=[CLOSE,TO_BACK] flags=NONE mustBeTask=false order=ANY topActivity=null launchCookie=null}]} RemoteTransition { remoteTransition = android.window.IRemoteTransition$Stub$Proxy@f7d9104, appThread = android.app.IApplicationThread$Stub$Proxy@7be26ed, debugName = QuickstepLaunchHome }}
06-17 12:29:39.344 V/WindowManagerShell(  889):  Delegate animation for (#20) to null
06-17 12:29:39.344 V/WindowManagerShell(  889):  try handler com.android.wm.shell.transition.DefaultTransitionHandler@4afc378
06-17 12:29:39.344 V/WindowManagerShell(  889): start default transition animation, info = {id=20 t=OPEN f=0x0 trk=0 r=[0@Point(0, 0)] c=[{WCT{android.window.IWindowContainerToken$Stub$Proxy@853f76d} m=OPEN f=NONE leash=Surface(name=Task=291)/@0xe923816 sb=Rect(0, 0 - 1080, 2400) eb=Rect(0, 0 - 1080, 2400) d=0 taskParent=-1},{WCT{android.window.IWindowContainerToken$Stub$Proxy@c71bfa2} m=TO_BACK f=SHOW_WALLPAPER leash=Surface(name=Task=285)/@0x85cc597 sb=Rect(0, 0 - 1080, 2400) eb=Rect(0, 0 - 1080, 2400) d=0 taskParent=-1}]}
06-17 12:29:39.344 V/WindowManagerShell(  889): loadAnimation: anim=android.view.animation.AnimationSet@44f23f0 animAttr=0x13 type=OPEN isEntrance=false
06-17 12:29:39.344 V/WindowManagerShell(  889): loadAnimation: anim=android.view.animation.AnimationSet@a1a8f1c animAttr=0x12 type=OPEN isEntrance=true
06-17 12:29:39.345 V/WindowManagerShell(  889):  animated by com.android.wm.shell.transition.DefaultTransitionHandler@4afc378
06-17 12:29:39.345 V/WindowManager(  605): Sent Transition (#20) createdAt=06-17 12:29:39.276 via request=TransitionRequestInfo { type = OPEN, triggerTask = TaskInfo{userId=0 taskId=291 displayId=0 isRunning=true baseIntent=Intent { act=android.intent.action.MAIN cat=[android.intent.category.LAUNCHER] flg=0x10200000 cmp=com.example.merchandisecontrolsplitview/.MainActivity } baseActivity=ComponentInfo{com.example.merchandisecontrolsplitview/com.example.merchandisecontrolsplitview.MainActivity} topActivity=ComponentInfo{com.example.merchandisecontrolsplitview/com.example.merchandisecontrolsplitview.MainActivity} origActivity=null realActivity=ComponentInfo{com.example.merchandisecontrolsplitview/com.example.merchandisecontrolsplitview.MainActivity} numActivities=1 lastActiveTime=58757832 supportsMultiWindow=true resizeMode=1 isResizeable=true minWidth=-1 minHeight=-1 defaultMinSize=220 token=WCT{RemoteToken{f411f6b Task{95175 #291 type=standard A=10209:com.example.merchandisecontrolsplitview}}} topActivityType=1 pictureInPictureParams=null shouldDockBigOverlays=false launchIntoPipHostTaskId=-1 lastParentTaskIdBeforePip=-1 displayCutoutSafeInsets=null topActivityInfo=ActivityInfo{e0f2ac8 com.example.merchandisecontrolsplitview.MainActivity} launchCookies=[] positionInParent=Point(0, 0) parentTaskId=-1 isFocused=false isVisible=false isVisibleRequested=false isSleeping=false locusId=null displayAreaFeatureId=1 isTopActivityTransparent=false appCompatTaskInfo=AppCompatTaskInfo { topActivityInSizeCompat=false topActivityEligibleForLetterboxEducation= falseisLetterboxEducationEnabled= true isLetterboxDoubleTapEnabled= false topActivityEligibleForUserAspectRatioButton= false topActivityBoundsLetterboxed= false isFromLetterboxDoubleTap= false topActivityLetterboxVerticalPosition= -1 topActivityLetterboxHorizontalPosition= -1 topActivityLetterboxWidth=1080 topActivityLetterboxHeight=2400 isUserFullscreenOverrideEnabled=false isSystemFullscreenOverrideEnabled=false cameraCompatTaskInfo=CameraCompatTaskInfo { cameraCompatControlState=hidden freeformCameraCompatMode=inactive}}}, pipTask = null, remoteTransition = null, displayChange = null, flags = 0, debugId = 20 }
06-17 12:29:39.345 V/WindowManager(  605):     startWCT=WindowContainerTransaction { changes = {} hops = [] errorCallbackToken=null taskFragmentOrganizer=null }
06-17 12:29:39.345 V/WindowManager(  605):     info={id=20 t=OPEN f=0x0 trk=0 r=[0@Point(0, 0)] c=[
06-17 12:29:39.345 V/WindowManager(  605):         {WCT{RemoteToken{f411f6b Task{95175 #291 type=standard A=10209:com.example.merchandisecontrolsplitview}}} m=OPEN f=NONE leash=Surface(name=Task=291)/@0x6d281e5 sb=Rect(0, 0 - 1080, 2400) eb=Rect(0, 0 - 1080, 2400) d=0 taskParent=-1},
06-17 12:29:39.345 V/WindowManager(  605):         {WCT{RemoteToken{9df7f1d Task{429cdd5 #285 type=home}}} m=TO_BACK f=SHOW_WALLPAPER leash=Surface(name=Task=285)/@0x9930bfb sb=Rect(0, 0 - 1080, 2400) eb=Rect(0, 0 - 1080, 2400) d=0 taskParent=-1}
06-17 12:29:39.345 V/WindowManager(  605):     ]}
06-17 12:29:39.354 D/SsBaseTemplateCard( 1200): No text view can be set up
06-17 12:29:39.354 D/SsBaseTemplateCard( 1200): Passed-in item info is null
06-17 12:29:39.354 D/SsBaseTemplateCard( 1200): Passed-in item info is null
06-17 12:29:39.354 D/SsBaseTemplateCard( 1200): Passed-in item info is null
06-17 12:29:39.354 I/SsBaseTemplateCard( 1200): Secondary card pane is null
06-17 12:29:39.354 D/SsBaseTemplateCard( 1200): No text view can be set up
06-17 12:29:39.354 D/SsBaseTemplateCard( 1200): Passed-in item info is null
06-17 12:29:39.354 D/SsBaseTemplateCard( 1200): Passed-in item info is null
06-17 12:29:39.354 D/SsBaseTemplateCard( 1200): Passed-in item info is null
06-17 12:29:39.354 I/SsBaseTemplateCard( 1200): Secondary card pane is null
06-17 12:29:39.357 D/SsMediaDataProvider(  889): Forwarding Smartspace updates []
06-17 12:29:39.357 W/UserManagerService(  605): Requested status bar icon for non-badged user 0
06-17 12:29:39.359 D/EGL_emulation(  889): app_time_stats: avg=27999.05ms min=27999.05ms max=27999.05ms count=1
06-17 12:29:39.362 D/ApplicationLoaders( 7635): Returning zygote-cached class loader: /system_ext/framework/androidx.window.extensions.jar
06-17 12:29:39.362 D/ApplicationLoaders( 7635): Returning zygote-cached class loader: /system_ext/framework/androidx.window.sidecar.jar
06-17 12:29:39.389 D/EGL_emulation( 1200): app_time_stats: avg=547.59ms min=4.51ms max=10117.36ms count=19
06-17 12:29:39.425 D/HWUI    (  605): --- Failed to create image decoder with message 'unimplemented'
06-17 12:29:39.425 W/WindowManager(  605): Failed to load bitmap: /data/system_ce/0/snapshots/283_reduced.jpg
06-17 12:29:39.425 W/ActivityTaskManager(  605): takeTaskSnapshot: taskId=283 not found or not visible
06-17 12:29:39.598 D/nativeloader( 7635): Configuring clns-7 for other apk /data/app/~~ri6eXpppUD08zMEgVgRm6A==/com.example.merchandisecontrolsplitview-K22SmhKVlx8uqWJroyrDQA==/base.apk. target_sdk_version=36, uses_libraries=, library_path=/data/app/~~ri6eXpppUD08zMEgVgRm6A==/com.example.merchandisecontrolsplitview-K22SmhKVlx8uqWJroyrDQA==/lib/arm64:/data/app/~~ri6eXpppUD08zMEgVgRm6A==/com.example.merchandisecontrolsplitview-K22SmhKVlx8uqWJroyrDQA==/base.apk!/lib/arm64-v8a, permitted_path=/data:/mnt/expand:/data/user/0/com.example.merchandisecontrolsplitview
06-17 12:29:39.603 V/GraphicsEnvironment( 7635): Currently set values for:
06-17 12:29:39.603 V/GraphicsEnvironment( 7635):   angle_gl_driver_selection_pkgs=[]
06-17 12:29:39.603 V/GraphicsEnvironment( 7635):   angle_gl_driver_selection_values=[]
06-17 12:29:39.603 V/GraphicsEnvironment( 7635): Global.Settings values are invalid: number of packages: 0, number of values: 0
06-17 12:29:39.603 V/GraphicsEnvironment( 7635): Neither updatable production driver nor prerelease driver is supported.
06-17 12:29:39.616 D/ActivityManager(  605): freezing 13100 com.android.vending:background
06-17 12:29:39.617 D/ActivityManager(  605): freezing 13077 com.android.vending
06-17 12:29:39.631 D/WM-WrkMgrInitializer( 7635): Initializing WorkManager with default configuration.
06-17 12:29:39.637 V/WindowManagerShell(  889): Transition animation finished (aborted=false), notifying core (#20) android.os.BinderProxy@3a764a7@0
06-17 12:29:39.649 D/VRI[NexusLauncherActivity]( 1200): visibilityChanged oldVisibility=true newVisibility=false
06-17 12:29:39.649 V/WindowManagerShell(  889): Track 0 became idle
06-17 12:29:39.649 V/WindowManager(  605): Finish Transition (#20): created at 06-17 12:29:39.276 collect-started=0.02ms request-sent=5.647ms started=17.713ms ready=65.766ms sent=67.474ms finished=372.227ms
06-17 12:29:39.649 V/WindowManagerShell(  889): All active transition animations finished
06-17 12:29:39.650 D/NexusLauncherModelDelegate( 1200): notifySmartspaceEvent: SmartspaceTargetEvent{mSmartspaceTarget=null, mSmartspaceActionId='null', mEventType=7}
06-17 12:29:39.661 D/WM-PackageManagerHelper( 7635): Skipping component enablement for androidx.work.impl.background.systemjob.SystemJobService
06-17 12:29:39.661 D/WM-Schedulers( 7635): Created SystemJobScheduler and enabled SystemJobService
06-17 12:29:39.665 D/WM-ForceStopRunnable( 7635): The default process name was not specified.
06-17 12:29:39.665 D/WM-ForceStopRunnable( 7635): Performing cleanup operations.
06-17 12:29:39.668 W/UserManagerService(  605): Requested status bar icon for non-badged user 0
06-17 12:29:39.677 W/UserManagerService(  605): Requested status bar icon for non-badged user 0
06-17 12:29:39.695 D/InetDiagMessage(  605): Destroyed 0 sockets, proto=IPPROTO_TCP, family=AF_INET, states=14
06-17 12:29:39.698 D/InetDiagMessage(  605): Destroyed 2 sockets, proto=IPPROTO_TCP, family=AF_INET6, states=14
06-17 12:29:39.699 D/InetDiagMessage(  605): Destroyed live tcp sockets for uids={10141} in 5ms
06-17 12:29:39.723 I/Supabase-Core( 7635): SupabaseClient created! Please report any bugs you find.
06-17 12:29:39.810 D/WM-SystemJobScheduler( 7635): Reconciling jobs
06-17 12:29:39.839 I/adbd    (  465): adbd service requested 'jdwp:7635'
06-17 12:29:39.853 D/WM-ForceStopRunnable( 7635): Found unfinished work, scheduling it.
06-17 12:29:39.858 W/System.err( 7635): SLF4J(W): No SLF4J providers were found.
06-17 12:29:39.858 W/System.err( 7635): SLF4J(W): Defaulting to no-operation (NOP) logger implementation
06-17 12:29:39.858 W/System.err( 7635): SLF4J(W): See https://www.slf4j.org/codes.html#noProviders for further details.
06-17 12:29:39.928 D/WM-PackageManagerHelper( 7635): Skipping component enablement for androidx.work.impl.background.systemalarm.RescheduleReceiver
06-17 12:29:40.032 I/Supabase-Auth( 7635): Loading session from storage...
06-17 12:29:40.040 I/HistorySessionSyncV2( 7635): cycle=push outcome=skip reason=skipped_signed_out
06-17 12:29:40.040 I/CatalogCloudSync( 7635): cycle=catalog_auto outcome=skip reason=signed_out
06-17 12:29:40.041 D/ConnectivityService(  605): requestNetwork for uid/pid:10209/7635 activeRequest: null callbackRequest: 5945 [NetworkRequest [ REQUEST id=5946, [ Capabilities: INTERNET&NOT_RESTRICTED&TRUSTED&NOT_VCN_MANAGED&NOT_BANDWIDTH_CONSTRAINED Uid: 10209 RequestorUid: 10209 RequestorPkg: com.example.merchandisecontrolsplitview UnderlyingNetworks: Null] ]] callback flags: 0 order: 2147483647 isUidTracked: false declaredMethods: AVAIL|LOST|UNAVAIL|NC
06-17 12:29:40.042 D/ConnectivityService(  605): NetReassign [5946 : null → 100] [c 0] [a 1] [i 0]
06-17 12:29:40.042 D/WifiNetworkFactory(  605): got request NetworkRequest [ REQUEST id=5946, [ Capabilities: INTERNET&NOT_RESTRICTED&TRUSTED&NOT_VCN_MANAGED&NOT_BANDWIDTH_CONSTRAINED Uid: 10209 RequestorUid: 10209 RequestorPkg: com.example.merchandisecontrolsplitview UnderlyingNetworks: Null] ]
06-17 12:29:40.042 D/UntrustedWifiNetworkFactory(  605): got request NetworkRequest [ REQUEST id=5946, [ Capabilities: INTERNET&NOT_RESTRICTED&TRUSTED&NOT_VCN_MANAGED&NOT_BANDWIDTH_CONSTRAINED Uid: 10209 RequestorUid: 10209 RequestorPkg: com.example.merchandisecontrolsplitview UnderlyingNetworks: Null] ]
06-17 12:29:40.042 D/OemPaidWifiNetworkFactory(  605): got request NetworkRequest [ REQUEST id=5946, [ Capabilities: INTERNET&NOT_RESTRICTED&TRUSTED&NOT_VCN_MANAGED&NOT_BANDWIDTH_CONSTRAINED Uid: 10209 RequestorUid: 10209 RequestorPkg: com.example.merchandisecontrolsplitview UnderlyingNetworks: Null] ]
06-17 12:29:40.042 D/MultiInternetWifiNetworkFactory(  605): got request NetworkRequest [ REQUEST id=5946, [ Capabilities: INTERNET&NOT_RESTRICTED&TRUSTED&NOT_VCN_MANAGED&NOT_BANDWIDTH_CONSTRAINED Uid: 10209 RequestorUid: 10209 RequestorPkg: com.example.merchandisecontrolsplitview UnderlyingNetworks: Null] ]
06-17 12:29:40.043 D/SupabaseAuth( 7635): restoreSession: waiting for session status (timeout 10000ms)
06-17 12:29:40.044 I/MerchandiseApp( 7635): Network: internet validato disponibile, pianifico sync cloud pending
06-17 12:29:40.044 W/OptProp (  605): Cannot read opt property android.window.PROPERTY_COMPAT_ENABLE_FAKE_FOCUS
06-17 12:29:40.045 D/MerchandiseApp( 7635): Auth: verifica sessione in corso
06-17 12:29:40.080 W/HWUI    ( 7635): Unknown dataspace 0
06-17 12:29:40.086 D/CoreBackPreview(  605): Window{6ad1309 u0 com.example.merchandisecontrolsplitview/com.example.merchandisecontrolsplitview.MainActivity}: Setting back callback OnBackInvokedCallbackInfo{mCallback=android.window.IOnBackInvokedCallback$Stub$Proxy@bfe4f2f, mPriority=-1, mIsAnimationCallback=false}
06-17 12:29:40.122 D/SupabaseAuth( 7635): restoreSession: got status=Authenticated
06-17 12:29:40.122 I/SupabaseAuth( 7635): Sessione ripristinata
06-17 12:29:40.130 I/ontrolsplitview( 7635): hiddenapi: Accessing hidden method Landroid/os/SystemProperties;->addChangeCallback(Ljava/lang/Runnable;)V (runtime_flags=0, domain=platform, api=unsupported) from Landroidx/compose/ui/platform/AndroidComposeView$Companion; (domain=app, TargetSdkVersion=36) using reflection: allowed
06-17 12:29:40.153 D/WM-SystemJobScheduler( 7635): Scheduling work ID 78d78c64-8677-41fb-9764-e727986d3eefJob ID 153
06-17 12:29:40.154 D/WM-GreedyScheduler( 7635): Starting work for 78d78c64-8677-41fb-9764-e727986d3eef
06-17 12:29:40.175 D/WM-Processor( 7635): Processor: processing WorkGenerationalId(workSpecId=78d78c64-8677-41fb-9764-e727986d3eef, generation=0)
06-17 12:29:40.217 D/WM-PackageManagerHelper( 7635): androidx.work.impl.background.systemalarm.RescheduleReceiver enabled
06-17 12:29:40.228 I/EGL_emulation( 7635): Opening libGLESv1_CM_emulation.so
06-17 12:29:40.228 I/EGL_emulation( 7635): Opening libGLESv2_emulation.so
06-17 12:29:40.230 W/HWUI    ( 7635): Failed to choose config with EGL_SWAP_BEHAVIOR_PRESERVED, retrying without...
06-17 12:29:40.230 W/HWUI    ( 7635): Failed to initialize 101010-2 format, error = EGL_SUCCESS
06-17 12:29:40.242 I/hwservicemanager(  127): getTransport: Cannot find entry android.hardware.graphics.mapper@4.0::IMapper/default in either framework or device VINTF manifest.
06-17 12:29:40.242 I/Gralloc4( 7635): mapper 4.x is not supported
06-17 12:29:40.276 I/ActivityTaskManager(  605): Displayed com.example.merchandisecontrolsplitview/.MainActivity for user 0: +1s1ms
06-17 12:29:40.324 I/MerchandiseApp( 7635): Auth: sessione attiva
06-17 12:29:40.386 D/WM-WorkerWrapper( 7635): Starting work for com.example.merchandisecontrolsplitview.data.PriceBackfillWorker
06-17 12:29:40.404 I/ImeTracker(  605): com.example.merchandisecontrolsplitview:63be7e68: onRequestHide at ORIGIN_SERVER reason HIDE_UNSPECIFIED_WINDOW fromUser false
06-17 12:29:40.404 I/ImeTracker(  605): com.example.merchandisecontrolsplitview:63be7e68: onCancelled at PHASE_SERVER_SHOULD_HIDE
06-17 12:29:40.405 D/WM-SystemJobService( 7635): onStartJob for WorkGenerationalId(workSpecId=78d78c64-8677-41fb-9764-e727986d3eef, generation=0)
06-17 12:29:40.410 I/GoogleInputMethodService( 1349): GoogleInputMethodService.onFinishInput():2259 
06-17 12:29:40.411 D/BaseDepthController( 1200): setSurface:
06-17 12:29:40.411 D/BaseDepthController( 1200): 	mWaitingOnSurfaceValidity: false
06-17 12:29:40.411 D/BaseDepthController( 1200): 	mSurface: null
06-17 12:29:40.411 D/BaseDepthController( 1200): mSurface is null and mCurrentBlur is: 0
06-17 12:29:40.411 D/StateManager( 1200): goToState - fromState: Normal, toState: Normal, partial trace:
06-17 12:29:40.411 D/StateManager( 1200): 	at com.android.launcher3.statemanager.StateManager.moveToRestState(go/retraceme 2855a437b73635ce9cad76b9289087e631bbb67fc90008a0da13d343a00e5041:4)
06-17 12:29:40.411 D/StateManager( 1200): 	at com.android.launcher3.statemanager.StateManager.moveToRestState(go/retraceme 2855a437b73635ce9cad76b9289087e631bbb67fc90008a0da13d343a00e5041:1)
06-17 12:29:40.411 D/StateManager( 1200): 	at com.android.launcher3.statemanager.StatefulActivity.onStop(go/retraceme 2855a437b73635ce9cad76b9289087e631bbb67fc90008a0da13d343a00e5041:34)
06-17 12:29:40.411 D/StatsLog( 1200): LAUNCHER_ONSTOP
06-17 12:29:40.411 D/StatsLog( 1200): LAUNCHER_GOOGLE_SEARCH_RESTORE_LIST_SIZE_AFTER_ACTIVITY_RESTART
06-17 12:29:40.417 I/Module  ( 1349): DeviceLockedStatusModuleProvider$Module.updateDeviceLockedStatusInternal():127 repeatCheckTimes = 0, locked = false
06-17 12:29:40.417 I/GoogleInputMethodService( 1349): GoogleInputMethodService.onStartInput():1446 onStartInput(EditorInfo{EditorInfo{packageName=com.example.merchandisecontrolsplitview, inputType=0, inputTypeString=NULL, enableLearning=false, autoCorrection=false, autoComplete=false, imeOptions=0, privateImeOptions=null, actionName=UNSPECIFIED, actionLabel=null, initialSelStart=-1, initialSelEnd=-1, initialCapsMode=0, label=null, fieldId=0, fieldName=null, extras=null, hintText=null, hintLocales=[]}}, false)
06-17 12:29:40.418 W/AndroidIME( 1349): LatinIMEBase.updateInputViewCoverNavigation():326 Null input view, cannot update padding!
06-17 12:29:40.419 I/Module  ( 1349): DeviceLockedStatusModuleProvider$Module.updateDeviceLockedStatusInternal():127 repeatCheckTimes = 1, locked = false
06-17 12:29:40.419 W/PackageConfigPersister(  605): App-specific configuration not found for packageName: com.example.merchandisecontrolsplitview and userId: 0
06-17 12:29:40.420 W/IPCThreadState(  488): Sending oneway calls to frozen process.
06-17 12:29:40.422 D/OneSearchSuggestProvider( 1200): Shut down the binder channel
06-17 12:29:40.425 I/IPCThreadState( 1200): oneway function results for code 2 on binder at 0xb40000750ad92d50 will be dropped but finished with status UNKNOWN_TRANSACTION
06-17 12:29:40.426 D/WM-Processor( 7635): Work WorkGenerationalId(workSpecId=78d78c64-8677-41fb-9764-e727986d3eef, generation=0) is already enqueued for processing
06-17 12:29:40.455 I/WM-WorkerWrapper( 7635): Worker result SUCCESS for Work [ id=78d78c64-8677-41fb-9764-e727986d3eef, tags={ com.example.merchandisecontrolsplitview.data.PriceBackfillWorker } ]
06-17 12:29:40.456 D/WM-Processor( 7635): Processor 78d78c64-8677-41fb-9764-e727986d3eef executed; reschedule = false
06-17 12:29:40.456 D/WM-SystemJobService( 7635): 78d78c64-8677-41fb-9764-e727986d3eef executed on JobScheduler
06-17 12:29:40.457 D/WM-GreedyScheduler( 7635): Cancelling work ID 78d78c64-8677-41fb-9764-e727986d3eef
06-17 12:29:40.462 D/WM-PackageManagerHelper( 7635): androidx.work.impl.background.systemalarm.RescheduleReceiver disabled
06-17 12:29:40.578 I/CatalogCloudSync( 7635): cycle=catalog_push outcome=skip reason=automatic_push_safety_guard originalReason=foreground policy=non_local_trigger debounceMs=500
06-17 12:29:40.579 I/CatalogCloudSync( 7635): tracker busy=true stage=SYNC_EVENTS_DRAIN status=RUNNING
06-17 12:29:40.585 I/FontLog ( 1144): (REDACTED) Received query %s, URI %s
06-17 12:29:40.585 I/FontLog ( 1144): (REDACTED) Query [%s] resolved to %s
06-17 12:29:40.587 I/FontLog ( 1144): (REDACTED) Fetch %s end status %s
06-17 12:29:40.590 I/FontLog ( 1144): (REDACTED) Pulling font file for id = %d, cache size = %d
06-17 12:29:40.591 I/FontLog ( 1144): (REDACTED) Pulling font file for id = %d, cache size = %d
06-17 12:29:40.629 I/HistorySessionSyncV2( 7635): cycle=session_flight outcome=acquired owner=auto_push waiters=0
06-17 12:29:40.637 W/InputManager-JNI(  605): Input channel object '60e7d6 Splash Screen com.example.merchandisecontrolsplitview (client)' was disposed without first being removed with the input manager!
06-17 12:29:40.677 I/CatalogCloudSync( 7635): cycle=catalog_bootstrap outcome=skip reason=sync_busy
06-17 12:29:40.694 W/IPCThreadState(  488): Sending oneway calls to frozen process.
06-17 12:29:40.822 D/EGL_emulation(  889): app_time_stats: avg=132.99ms min=11.12ms max=1303.42ms count=11
06-17 12:29:40.823 D/InetDiagMessage(  605): Destroyed 0 sockets, proto=IPPROTO_TCP, family=AF_INET, states=14
06-17 12:29:40.823 D/InetDiagMessage(  605): Destroyed 0 sockets, proto=IPPROTO_TCP, family=AF_INET6, states=14
06-17 12:29:40.824 D/InetDiagMessage(  605): Destroyed live tcp sockets for uids={10143} in 2ms
06-17 12:29:40.824 D/InetDiagMessage(  605): Destroyed 0 sockets, proto=IPPROTO_TCP, family=AF_INET, states=14
06-17 12:29:40.824 D/InetDiagMessage(  605): Destroyed 0 sockets, proto=IPPROTO_TCP, family=AF_INET6, states=14
06-17 12:29:40.824 D/InetDiagMessage(  605): Destroyed live tcp sockets for uids={20143} in 0ms
06-17 12:29:40.924 I/ontrolsplitview( 7635): Compiler allocated 5176KB to compile void android.view.ViewRootImpl.performTraversals()
06-17 12:29:41.222 D/CarrierSvcBindHelper( 1049): onPackageModified: com.example.merchandisecontrolsplitview
06-17 12:29:41.229 D/CarrierSvcBindHelper( 1049): No carrier app for: 0
06-17 12:29:41.232 I/PermissionControllerServiceImpl( 1095): Updating user sensitive for uid 10209
06-17 12:29:41.244 E/CellBroadcastUtils( 1049): getDefaultCellBroadcastReceiverPackageName: no package found
06-17 12:29:41.244 W/AppOpService(  605): Ignored setUidMode call for runtime permission app op: uid = 1001, code = READ_SMS, mode = allow, callingUid = 1001, oldMode = allow
06-17 12:29:41.244 W/AppOpService(  605): Ignored setUidMode call for runtime permission app op: uid = 1001, code = RECEIVE_SMS, mode = allow, callingUid = 1001, oldMode = allow
06-17 12:29:41.244 W/AppOpService(  605): Ignored setUidMode call for runtime permission app op: uid = 1001, code = RECEIVE_WAP_PUSH, mode = allow, callingUid = 1001, oldMode = allow
06-17 12:29:41.244 W/AppOpService(  605): Ignored setUidMode call for runtime permission app op: uid = 1001, code = SEND_SMS, mode = allow, callingUid = 1001, oldMode = allow
06-17 12:29:41.244 W/AppOpService(  605): Ignored setUidMode call for runtime permission app op: uid = 1001, code = READ_CELL_BROADCASTS, mode = allow, callingUid = 1001, oldMode = allow
06-17 12:29:41.245 D/ImsResolver( 1049): maybeAddedImsService, packageName: com.example.merchandisecontrolsplitview
06-17 12:29:41.247 D/ShortcutService(  605): received package broadcast intent: Intent { act=android.intent.action.PACKAGE_CHANGED dat=package: flg=0x45000010 (has extras) }
06-17 12:29:41.247 D/ShortcutService(  605): changing package: com.example.merchandisecontrolsplitview userId0
06-17 12:29:41.247 D/ShortcutService(  605): handlePackageChanged: com.example.merchandisecontrolsplitview user=0
06-17 12:29:41.247 D/ShortcutService(  605): rescanPackageIfNeeded 0@com.example.merchandisecontrolsplitview, forceRescan=true , isNewApp=true
06-17 12:29:41.247 D/ShortcutService(  605): Package com.example.merchandisecontrolsplitview has 0 manifest shortcut(s), and 0 share target(s)
06-17 12:29:41.256 I/AiAiEcho( 1403): AppFetcherImpl onPackageChanged com.example.merchandisecontrolsplitview.
06-17 12:29:41.256 I/AiAiEcho( 1403): AppIndexer Package:[com.example.merchandisecontrolsplitview] UserProfile:[0] Enabled:[true].
06-17 12:29:41.256 I/AiAiEcho( 1403): AppFetcherImplV2 updateApps package:[com.example.merchandisecontrolsplitview], userId:[0], reason:[package is updated.].
06-17 12:29:41.262 D/PackageUpdatedTask( 1200): Package updated: mOp=UPDATE packages=[com.example.merchandisecontrolsplitview]
06-17 12:29:41.264 W/MagnificationConnectionManager(  605): requestConnection duplicated request: connect=false, mConnectionState=DISCONNECTED
06-17 12:29:41.270 W/IPCThreadState(  605): Sending oneway calls to frozen process.
06-17 12:29:41.270 W/IPCThreadState(  605): Sending oneway calls to frozen process.
06-17 12:29:41.270 W/IPCThreadState(  605): Sending oneway calls to frozen process.
06-17 12:29:41.270 W/IPCThreadState(  605): Sending oneway calls to frozen process.
06-17 12:29:41.276 D/StatsLog( 1200): LAUNCHER_ALLAPPS_COUNT
06-17 12:29:41.290 E/FeatureFlagsImplExport( 7635): android.os.flagging.AconfigStorageReadException: ERROR_PACKAGE_NOT_FOUND: package com.android.libcore cannot be found on the device
06-17 12:29:41.291 E/FeatureFlagsImplExport( 7635): android.os.flagging.AconfigStorageReadException: ERROR_PACKAGE_NOT_FOUND: package com.android.libcore cannot be found on the device
06-17 12:29:41.291 E/FeatureFlagsImplExport( 7635): android.os.flagging.AconfigStorageReadException: ERROR_PACKAGE_NOT_FOUND: package com.android.libcore cannot be found on the device
06-17 12:29:41.335 D/EGL_emulation( 7635): app_time_stats: avg=10.63ms min=0.54ms max=214.39ms count=47
06-17 12:29:41.347 W/IPCThreadState(  605): Sending oneway calls to frozen process.
06-17 12:29:41.353 I/wpa_supplicant(  851): wlan0: CTRL-EVENT-BEACON-LOSS 
06-17 12:29:41.364 I/NearbyMediums( 1144): No BLE Fast/GATT advertisements found in the latest cycle.
06-17 12:29:41.364 I/NearbyMediums( 1144): Current Tracked Scanning Clients are : {NearbyConnections.EnvironmentMonitor, NearbySharing, NearbyConnections.TxAdvertisement}
06-17 12:29:41.429 I/CatalogCloudSync( 7635): cycle=catalog_bootstrap outcome=skip reason=sync_busy
06-17 12:29:41.729 D/ControlsListingControllerImpl(  889): ServiceConfig reloaded, count: 0
06-17 12:29:41.746 I/FraudProtectUtils( 7354): Not in testing population, skipping local test bank apps. [CONTEXT service_id=469 ]
06-17 12:29:41.746 I/FraudProtectUtils( 7354): (REDACTED) Latest bank app list size: %d, %s isBankApp: false
06-17 12:29:41.746 W/ComponentChangedIO( 7354): No package name in intent data or package is not a bank app [CONTEXT service_id=469 ]
06-17 12:29:41.954 I/CatalogCloudSync( 7635): sync_event_outbox_retry_summary pendingBefore=0 pendingAfter=0 retryLoaded=0 retryEligible=0 retrySkippedMaxAttempts=0 retrySucceeded=0 retryFailed=0 retryDeletedOnSuccess=0
06-17 12:29:42.067 I/HalDevMgr(  605): bestIfaceCreationProposal is null, requestIface=STA, existingIface=[name=wlan0 type=STA]
06-17 12:29:42.182 I/CatalogCloudSync( 7635): cycle=catalog_bootstrap outcome=skip reason=sync_busy
06-17 12:29:42.298 I/Supabase-Realtime( 7635): Connected to realtime websocket!
06-17 12:29:42.337 D/EGL_emulation( 7635): app_time_stats: avg=2.50ms min=0.76ms max=12.10ms count=60
06-17 12:29:42.405 I/CatalogCloudSync( 7635): sync_events_apply domain=catalog remoteSuppliers=1 remoteCategories=1 remoteProducts=0 applied=2
06-17 12:29:42.476 I/SyncEventsRealtime( 7635): sync_events realtime subscribed
06-17 12:29:42.476 I/SupabaseRealtime( 7635): Supabase Realtime subscribed su public.shared_sheet_sessions
06-17 12:29:42.478 I/ontrolsplitview( 7635): Background concurrent mark compact GC freed 20MB AllocSpace bytes, 68(5656KB) LOS objects, 49% free, 15MB/30MB, paused 476us,921us total 201.866ms
06-17 12:29:42.542 I/CatalogCloudSync( 7635): sync_events_apply domain=catalog remoteSuppliers=1 remoteCategories=0 remoteProducts=0 applied=1
06-17 12:29:42.612 I/HistorySessionSyncV2( 7635): cycle=pull_apply outcome=ok inserted=35 updated=0 skipped=52 dirtyLocalSkips=52 failed=0 source=bootstrap
06-17 12:29:42.613 I/HistorySessionSyncV2( 7635): cycle=session_flight outcome=released owner=auto_push pendingRetry=false
06-17 12:29:42.613 I/HistorySessionSyncV2( 7635): cycle=push outcome=ok reason=login_fresh_tick sessionsAttempted=0 sessionsUploaded=0 skippedDirtyLocal=0 coalesced=false dirtySetMode=full_reconcile owner=auto_push bootstrapInserted=35 bootstrapUpdated=0 bootstrapSkipped=52 bootstrapFailed=0 bootstrapUnsupported=0
06-17 12:29:42.782 E/TaskPersister(  605): File error accessing recents directory (directory doesn't exist?).
06-17 12:29:42.811 I/CatalogCloudSync( 7635): sync_events_apply domain=catalog remoteSuppliers=0 remoteCategories=0 remoteProducts=0 applied=0
06-17 12:29:42.915 I/CatalogCloudSync( 7635): sync_events_apply domain=catalog_prices remoteProductIds=3 remotePrices=0 pricesPulled=0 pricesSkippedNoProductRef=0
06-17 12:29:42.936 I/CatalogCloudSync( 7635): cycle=catalog_bootstrap outcome=skip reason=sync_busy
06-17 12:29:43.004 I/CatalogCloudSync( 7635): sync_events_apply domain=catalog remoteSuppliers=0 remoteCategories=0 remoteProducts=0 applied=0
06-17 12:29:43.088 I/CatalogCloudSync( 7635): sync_events_apply domain=catalog_prices remoteProductIds=1 remotePrices=0 pricesPulled=0 pricesSkippedNoProductRef=0
06-17 12:29:43.340 D/EGL_emulation( 7635): app_time_stats: avg=2.37ms min=0.59ms max=6.61ms count=60
06-17 12:29:43.386 I/CatalogCloudSync( 7635): sync_events_apply domain=catalog remoteSuppliers=0 remoteCategories=0 remoteProducts=0 applied=0
06-17 12:29:43.497 I/CatalogCloudSync( 7635): sync_events_apply domain=catalog_prices remoteProductIds=3 remotePrices=0 pricesPulled=0 pricesSkippedNoProductRef=0
06-17 12:29:43.581 I/CatalogCloudSync( 7635): sync_events_apply domain=catalog remoteSuppliers=0 remoteCategories=0 remoteProducts=0 applied=0
06-17 12:29:43.679 I/CatalogCloudSync( 7635): sync_events_apply domain=catalog_prices remoteProductIds=1 remotePrices=0 pricesPulled=0 pricesSkippedNoProductRef=0
06-17 12:29:43.690 I/CatalogCloudSync( 7635): cycle=catalog_bootstrap outcome=skip reason=sync_busy
06-17 12:29:43.762 I/CatalogCloudSync( 7635): sync_events_apply domain=catalog remoteSuppliers=0 remoteCategories=0 remoteProducts=0 applied=0
06-17 12:29:43.863 I/CatalogCloudSync( 7635): sync_events_apply domain=catalog_prices remoteProductIds=1 remotePrices=0 pricesPulled=0 pricesSkippedNoProductRef=0
06-17 12:29:44.122 I/CatalogCloudSync( 7635): sync_events_apply domain=catalog remoteSuppliers=0 remoteCategories=0 remoteProducts=0 applied=0
06-17 12:29:44.211 I/CatalogCloudSync( 7635): sync_events_apply domain=catalog_prices remoteProductIds=3 remotePrices=0 pricesPulled=0 pricesSkippedNoProductRef=0
06-17 12:29:44.291 I/CatalogCloudSync( 7635): sync_events_apply domain=catalog remoteSuppliers=0 remoteCategories=0 remoteProducts=0 applied=0
06-17 12:29:44.353 D/EGL_emulation( 7635): app_time_stats: avg=3.16ms min=0.62ms max=8.87ms count=61
06-17 12:29:44.373 I/CatalogCloudSync( 7635): sync_events_apply domain=catalog_prices remoteProductIds=1 remotePrices=0 pricesPulled=0 pricesSkippedNoProductRef=0
06-17 12:29:44.443 I/CatalogCloudSync( 7635): cycle=catalog_bootstrap outcome=skip reason=sync_busy
06-17 12:29:44.460 I/CatalogCloudSync( 7635): sync_events_apply domain=catalog remoteSuppliers=0 remoteCategories=0 remoteProducts=0 applied=0
06-17 12:29:44.543 I/CatalogCloudSync( 7635): sync_events_apply domain=catalog_prices remoteProductIds=1 remotePrices=0 pricesPulled=0 pricesSkippedNoProductRef=0
06-17 12:29:44.637 I/CatalogCloudSync( 7635): sync_events_apply domain=prices remotePrices=0 pricesPulled=0 pricesSkippedNoProductRef=0
06-17 12:29:44.914 I/CatalogCloudSync( 7635): sync_events_apply domain=catalog remoteSuppliers=0 remoteCategories=0 remoteProducts=0 applied=0
