06-17 12:47:06.474   727  3904 I artd    : GetBestInfo: vdex next to the dex file (/data/app/~~RBqLWa4IHxAvM1EDn2acWA==/com.google.android.gms--6rwsmYaGwERs-rlQ1V3rA==/oat/arm64/split_CronetDynamite_installtime.vdex) is kOatUpToDate with filter 'verify' executable 'false'
06-17 12:47:06.474   727   733 I artd    : GetBestInfo: dm (/data/app/~~RBqLWa4IHxAvM1EDn2acWA==/com.google.android.gms--6rwsmYaGwERs-rlQ1V3rA==/split_DynamiteLoader_installtime.dm) is kOatUpToDate with filter 'verify' executable 'false'
06-17 12:47:06.474   727  3904 I artd    : GetBestInfo: dm (/data/app/~~RBqLWa4IHxAvM1EDn2acWA==/com.google.android.gms--6rwsmYaGwERs-rlQ1V3rA==/split_DynamiteModulesA_installtime.dm) is kOatUpToDate with filter 'verify' executable 'false'
06-17 12:47:06.475   727   733 I artd    : GetBestInfo: dm (/data/app/~~RBqLWa4IHxAvM1EDn2acWA==/com.google.android.gms--6rwsmYaGwERs-rlQ1V3rA==/split_DynamiteModulesC_installtime.dm) is kOatUpToDate with filter 'verify' executable 'false'
06-17 12:47:06.475   727  3904 I artd    : GetBestInfo: dm (/data/app/~~RBqLWa4IHxAvM1EDn2acWA==/com.google.android.gms--6rwsmYaGwERs-rlQ1V3rA==/split_GoogleCertificates_installtime.dm) is kOatUpToDate with filter 'verify' executable 'false'
06-17 12:47:06.476   727   733 I artd    : GetBestInfo: dm (/data/app/~~RBqLWa4IHxAvM1EDn2acWA==/com.google.android.gms--6rwsmYaGwERs-rlQ1V3rA==/split_MapsDynamite_installtime.dm) is kOatUpToDate with filter 'verify' executable 'false'
06-17 12:47:06.476   727  3904 I artd    : GetBestInfo: dm (/data/app/~~RBqLWa4IHxAvM1EDn2acWA==/com.google.android.gms--6rwsmYaGwERs-rlQ1V3rA==/split_MeasurementDynamite_installtime.dm) is kOatUpToDate with filter 'verify' executable 'false'
06-17 12:47:06.476   727   733 I artd    : GetBestInfo: /data/user_de/0/com.google.android.gms/app_chimera/m/0000002a/dl-MlkitBarcodeUi.optional_261733100400.apk has no usable artifacts
06-17 12:47:06.476   727   733 I artd    : GetBestInfo: /data/user_de/0/com.google.android.gms/app_chimera/m/00000035/dl-VisionOcr.optional_261933100000.apk has no usable artifacts
06-17 12:47:06.476   727   733 I artd    : GetBestInfo: /data/user_de/0/com.google.android.gms/app_chimera/m/00000001/CronetDynamite.uncompressed.apk has no usable artifacts
06-17 12:47:06.476   727   733 I artd    : GetBestInfo: /data/user_de/0/com.google.android.gms/app_chimera/m/00000047/dl-PlayCloudSearch.optional_262333100000.apk has no usable artifacts
06-17 12:47:06.477   727  3904 I artd    : GetBestInfo: /data/user_de/0/com.google.android.gms/app_chimera/m/00000016/dl-IdentityCredentialsPlatform.optional_261464100400.apk has no usable artifacts
06-17 12:47:06.477   727  3904 I artd    : GetBestInfo: /data/user_de/0/com.google.android.gms/app_chimera/m/00000046/dl-MlkitOcrCommon.optional_262333100400.apk has no usable artifacts
06-17 12:47:06.477   727   733 I artd    : GetBestInfo: /data/user_de/0/com.google.android.gms/app_chimera/m/00000014/dl-VisionOcr.optional_261464100000.apk has no usable artifacts
06-17 12:47:06.477   727   733 I artd    : GetBestInfo: /data/user_de/0/com.google.android.gms/app_chimera/m/00000017/dl-Appsearch.optional_261464100400.apk has no usable artifacts
06-17 12:47:06.477   727   733 I artd    : GetBestInfo: /data/user_de/0/com.google.android.gms/app_chimera/m/0000004b/dl-MlkitBarcodeUi.optional_262333100400.apk has no usable artifacts
06-17 12:47:06.478   727  3904 I artd    : GetBestInfo: /data/user/0/com.google.android.gms/app_dg_cache/87E7746227FF4E457A2EB56043B95E41006DE49F/the.apk has no usable artifacts
06-17 12:47:06.478   727  3904 I artd    : GetBestInfo: /data/user_de/0/com.google.android.gms/app_chimera/m/00000048/dl-IdentityCredentialsPlatform.optional_262333100400.apk has no usable artifacts
06-17 12:47:06.479   727   733 I artd    : GetBestInfo: /data/user_de/0/com.google.android.gms/app_chimera/m/0000000a/dl-MlkitBarcodeUi.optional_242335100400.apk has no usable artifacts
06-17 12:47:06.479   727  3904 I artd    : GetBestInfo: /data/user_de/0/com.google.android.gms/app_chimera/m/00000029/dl-MlkitOcrCommon.optional_261733100400.apk has no usable artifacts
06-17 12:47:06.479   727  3904 I artd    : GetBestInfo: /data/user_de/0/com.google.android.gms/app_chimera/m/00000002/DynamiteLoader.uncompressed.apk has no usable artifacts
06-17 12:47:06.479   727  3904 I artd    : GetBestInfo: /data/user_de/0/com.google.android.gms/app_chimera/m/0000002e/dl-Appsearch.optional_261733100400.apk has no usable artifacts
06-17 12:47:06.479   727  3904 I artd    : GetBestInfo: /data/user_de/0/com.google.android.gms/app_chimera/m/00000030/dl-MlkitOcrCommon.optional_261933100400.apk has no usable artifacts
06-17 12:47:06.479   727   751 I artd    : GetBestInfo: /data/user_de/0/com.google.android.gms/app_chimera/m/00000015/dl-PlayCloudSearch.optional_261464100000.apk has no usable artifacts
06-17 12:47:06.479   727  3904 I artd    : GetBestInfo: /data/user_de/0/com.google.android.gms/app_chimera/m/0000001e/dl-Appsearch.optional_261631100400.apk has no usable artifacts
06-17 12:47:06.479   727   733 I artd    : GetBestInfo: /data/user_de/0/com.google.android.gms/app_chimera/m/00000013/dl-MlkitOcrCommon.optional_261464100400.apk has no usable artifacts
06-17 12:47:06.479   727   751 I artd    : GetBestInfo: /data/user_de/0/com.google.android.gms/app_chimera/m/00000032/dl-MlkitBarcodeUi.optional_261933100400.apk has no usable artifacts
06-17 12:47:06.479   727   733 I artd    : GetBestInfo: /data/user/0/com.google.android.gms/app_dg_cache/754BEC187BC4F26BBC31300F93DBF9B7506C1861/the.apk has no usable artifacts
06-17 12:47:06.479   727   751 I artd    : GetBestInfo: /data/user_de/0/com.google.android.gms/app_chimera/m/00000007/MeasurementDynamite.apk has no usable artifacts
06-17 12:47:06.479   727   733 I artd    : GetBestInfo: /data/user_de/0/com.google.android.gms/app_chimera/m/0000002c/dl-IdentityCredentialsPlatform.optional_261733100400.apk has no usable artifacts
06-17 12:47:06.479   727   751 I artd    : GetBestInfo: /data/user_de/0/com.google.android.gms/app_chimera/m/0000002b/dl-PlayCloudSearch.optional_261733100000.apk has no usable artifacts
06-17 12:47:06.479   727   733 I artd    : GetBestInfo: /data/user_de/0/com.google.android.gms/app_chimera/m/00000033/dl-PlayCloudSearch.optional_261933100000.apk has no usable artifacts
06-17 12:47:06.479   727   751 I artd    : GetBestInfo: /data/user_de/0/com.google.android.gms/app_chimera/m/0000001c/dl-VisionOcr.optional_261631100000.apk has no usable artifacts
06-17 12:47:06.479   727   733 I artd    : GetBestInfo: /data/user_de/0/com.google.android.gms/app_chimera/m/00000011/dl-MlkitBarcodeUi.optional_261464100400.apk has no usable artifacts
06-17 12:47:06.479   727   751 I artd    : GetBestInfo: /data/user_de/0/com.google.android.gms/app_chimera/m/00000049/dl-VisionOcr.optional_262333100000.apk has no usable artifacts
06-17 12:47:06.479   727   733 I artd    : GetBestInfo: /data/user_de/0/com.google.android.gms/app_chimera/m/00000005/GoogleCertificates.apk has no usable artifacts
06-17 12:47:06.480   727   733 I artd    : GetBestInfo: /data/user_de/0/com.google.android.gms/app_chimera/m/00000010/dl-TfliteDynamiteDynamite.integ_260580502100400.apk has no usable artifacts
06-17 12:47:06.480   727   751 I artd    : GetBestInfo: /data/user/0/com.google.android.gms/app_dg_cache/9D5BCED7935D64431BF672B8BBD597199833CA19/the.apk has no usable artifacts
06-17 12:47:06.480   727   733 I artd    : GetBestInfo: /data/user_de/0/com.google.android.gms/app_chimera/m/00000009/dl-TfliteDynamiteDynamite.integ_252130102100400.apk has no usable artifacts
06-17 12:47:06.480   727   733 I artd    : GetBestInfo: vdex next to the dex file (/data/user/0/com.google.android.gms/app_dg_cache/5833371D1ACC412507A92815B074897510CCCEDD/oat/arm64/the.vdex) is kOatUpToDate with filter 'verify' executable 'false'
06-17 12:47:06.480   727  3904 I artd    : GetBestInfo: /data/user_de/0/com.google.android.gms/app_chimera/m/0000001b/dl-PlayCloudSearch.optional_261631100000.apk has no usable artifacts
06-17 12:47:06.480   727   732 I artd    : GetBestInfo: /data/user_de/0/com.google.android.gms/app_chimera/m/00000027/dl-IdentityCredentialsPlatform.optional_261631100400.apk has no usable artifacts
06-17 12:47:06.480   727 11563 I artd    : GetBestInfo: /data/user/0/com.google.android.gms/app_dg_cache/86153AA318A3F208A8C511836585279D8C7E8D94/the.apk has no usable artifacts
06-17 12:47:06.480   727  3900 I artd    : GetBestInfo: /data/user_de/0/com.google.android.gms/app_chimera/m/0000001d/dl-IdentityCredentialsPlatform.optional_261631100400.apk has no usable artifacts
06-17 12:47:06.480   727 11563 I artd    : GetBestInfo: /data/user_de/0/com.google.android.gms/app_chimera/m/0000002d/dl-VisionOcr.optional_261733100000.apk has no usable artifacts
06-17 12:47:06.481   727   732 I artd    : GetBestInfo: /data/user_de/0/com.google.android.gms/app_chimera/m/0000000e/dl-PlayCloudSearch.optional_242335100000.apk has no usable artifacts
06-17 12:47:06.481   727 11563 I artd    : GetBestInfo: /data/user_de/0/com.google.android.gms/app_chimera/m/0000004a/dl-Appsearch.optional_262333100400.apk has no usable artifacts
06-17 12:47:06.481   727 11563 I artd    : GetBestInfo: /data/user_de/0/com.google.android.gms/app_chimera/m/0000001a/dl-MlkitBarcodeUi.optional_261631100400.apk has no usable artifacts
06-17 12:47:06.482   727   733 I artd    : GetBestInfo: vdex next to the dex file (/data/user/0/com.google.android.gms/app_dg_cache/10FF5D5C646CC9E2F04BD9D73A072BD012EF1A7A/oat/arm64/the.vdex) is kOatUpToDate with filter 'verify' executable 'false'
06-17 12:47:06.482   727   732 I artd    : GetBestInfo: /data/user_de/0/com.google.android.gms/app_chimera/m/00000036/dl-Appsearch.optional_261933100400.apk has no usable artifacts
06-17 12:47:06.482   727   732 I artd    : GetBestInfo: /data/user/0/com.google.android.gms/app_dg_cache/21A90BF1C1C388089206DCE215FB60D7882BFA18/the.apk has no usable artifacts
06-17 12:47:06.482   727   732 I artd    : GetBestInfo: /data/user_de/0/com.google.android.gms/app_chimera/m/0000001f/dl-IdentityCredentialsPlacebo.optional_261631100400.apk has no usable artifacts
06-17 12:47:06.482   727   732 I artd    : GetBestInfo: /data/user_de/0/com.google.android.gms/app_chimera/m/00000034/dl-IdentityCredentialsPlatform.optional_261933100400.apk has no usable artifacts
06-17 12:47:06.482   727   732 I artd    : GetBestInfo: /data/user_de/0/com.google.android.gms/app_chimera/m/00000019/dl-MlkitOcrCommon.optional_261631100400.apk has no usable artifacts
06-17 12:47:06.482   727   732 I artd    : GetBestInfo: /data/user/0/com.google.android.gms/app_dg_cache/A8F89F306FD1BA172E06F6F2B9F79826D0309BB6/the.apk has no usable artifacts
06-17 12:47:06.482   727 11563 I artd    : GetBestInfo: /data/user/0/com.google.android.gms/app_dg_cache/707FFD883BF2A7896692338F9625CA52336E933B/the.apk has no usable artifacts
06-17 12:47:06.577  8823  8850 D EGL_emulation: app_time_stats: avg=132.33ms min=1.81ms max=2192.47ms count=17
06-17 12:47:07.370   851   851 I wpa_supplicant: wlan0: CTRL-EVENT-BEACON-LOSS 
06-17 12:47:08.597   605   772 I HalDevMgr: bestIfaceCreationProposal is null, requestIface=STA, existingIface=[name=wlan0 type=STA]
06-17 12:47:09.799   465   465 I adbd    : adbd service requested 'shell,v2,TERM=dumb,raw:pidof -s com.example.merchandisecontrolsplitview'
06-17 12:47:11.545  1144  8964 I NearbyMediums: No BLE Fast/GATT advertisements found in the latest cycle.
06-17 12:47:11.545  1144  8964 I NearbyMediums: Current Tracked Scanning Clients are : {NearbyConnections.EnvironmentMonitor, NearbySharing, NearbyConnections.TxAdvertisement}
06-17 12:47:11.603   605   772 I HalDevMgr: bestIfaceCreationProposal is null, requestIface=STA, existingIface=[name=wlan0 type=STA]
06-17 12:47:11.611   605   778 W IPCThreadState: Sending oneway calls to frozen process.
06-17 12:47:11.611   605   778 W IPCThreadState: Sending oneway calls to frozen process.
06-17 12:47:11.611   605   778 W IPCThreadState: Sending oneway calls to frozen process.
06-17 12:47:11.611   605   778 W IPCThreadState: Sending oneway calls to frozen process.
06-17 12:47:11.611   605   778 W IPCThreadState: Sending oneway calls to frozen process.
06-17 12:47:11.611   605   778 W IPCThreadState: Sending oneway calls to frozen process.
06-17 12:47:11.611   605   778 W IPCThreadState: Sending oneway calls to frozen process.
06-17 12:47:11.611   605   778 W IPCThreadState: Sending oneway calls to frozen process.
06-17 12:47:11.611   605   778 W IPCThreadState: Sending oneway calls to frozen process.
06-17 12:47:11.613   605   778 D ConnectivityService: NetReassign [no changes] [c 0] [a 1] [i 0]
06-17 12:47:11.615  1144  1460 I NullBinder: NullBinder for android.net.action.RECOMMEND_NETWORKS triggering remote TransactionTooLargeException due to Service without Chimera impl, calling uid: 1000, calling pid: 0
06-17 12:47:11.615  1144  1460 W .gms.persistent: Large reply transaction of 1056768 bytes, interface descriptor , code 1
06-17 12:47:11.615  1144  1144 I MagicTether: (REDACTED) [ActiveNetworkTracker] setActiveNetwork: %s
06-17 12:47:11.615  1144  1144 I MagicTether: (REDACTED) [TetherService] onActiveNetworkChanged: network=%s isLost=%s
06-17 12:47:11.615  1144  8962 I MagicTether: [WifiConnectionHandler] Ignoring getWifiConfigurationByNetworkId when checking connected state [CONTEXT service_id=276 ]
06-17 12:47:11.615  1144  8962 I MagicTether: [WifiConnectionHandler] No networkId set, can't be connected. [CONTEXT service_id=276 ]
06-17 12:47:11.616  1144  8962 I MagicTether: (REDACTED) [TetherService] TRANSPORT_CELLULAR [%s], TRANSPORT_ETHERNET [%s], TRANSPORT_WIFI [%s]
06-17 12:47:11.616  1144  8962 I MagicTether: (REDACTED) [TetherService] setRoles hasActiveNetworkConnection=%s canActiveNetworkBeTethered=%s isConnectedToInstantTether=%s isWifiEnabled=%s isHosting=%s
06-17 12:47:11.617  1144  1144 I MagicTether: (REDACTED) [LaunchUtils] Instant Wifi for status account: name: %s | type: %s | isLaunched: %s
06-17 12:47:11.617  1144  1144 I MagicTether: (REDACTED) [TidepoolFeatureStatusManager] isInstantHotspotEnabled=%s
06-17 12:47:11.617  1144  1144 I MagicTether: (REDACTED) [TidepoolFeatureStatusManager] isInstantWifiEnabled=%s
06-17 12:47:11.617  1144  1144 I MagicTether: (REDACTED) [TetherService] startNearbyHostRole: start: %s isInstantHotspotEnabled: %s isInstantWifiEnabled: %s
06-17 12:47:11.617  1144  1144 I MagicTether: [HostTetherRole] Nearby host role already stopped [CONTEXT service_id=276 ]
06-17 12:47:11.617  1144  8909 I NearbyMediums: Wifi changed new SSID: "AndroidWifi"
06-17 12:47:11.618  1144  8909 I NearbyMediums: WifiLanConnectivityInfo is not changed, skip notify.
06-17 12:47:11.619  1144  1144 I MagicTether: (REDACTED) [NotificationPresenter] cancelNotification: %d
06-17 12:47:11.620  1144  1144 I MagicTether: [AutoDisconnectIntentOperation] Canceling task. [CONTEXT service_id=276 ]
06-17 12:47:11.621  1144  1144 I MagicTether: (REDACTED) [LaunchUtils] Instant Wifi for status account: name: %s | type: %s | isLaunched: %s
06-17 12:47:11.621  1144  1144 I MagicTether: (REDACTED) [TidepoolFeatureStatusManager] isInstantHotspotEnabled=%s
06-17 12:47:11.621  1144  1144 I MagicTether: (REDACTED) [TidepoolFeatureStatusManager] isInstantWifiEnabled=%s
06-17 12:47:11.621  1144  1144 I MagicTether: (REDACTED) [TetherService] startNearbyClientRole: start: %s isInstantHotspotEnabled: %s isInstantWifiEnabled: %s
06-17 12:47:11.621  1144  1144 I MagicTether: [TetherService] Stopping Nearby client role [CONTEXT service_id=276 ]
06-17 12:47:11.621  1144  1144 I MagicTether: [ClientTetherRole] Client role already stopped [CONTEXT service_id=276 ]
06-17 12:47:11.624  1144  8917 I MagicTether: [AutoDisconnectIntentOperation] Canceling task. [CONTEXT service_id=276 ]
06-17 12:47:11.625  1144  8917 I MagicTether: (REDACTED) [NotificationPresenter] cancelNotification: %d
06-17 12:47:11.626  1144  8698 I MagicTether: [AutoDisconnectIntentOperation] Canceling task. [CONTEXT service_id=276 ]
06-17 12:47:11.626  1144  8698 I MagicTether: (REDACTED) [NotificationPresenter] cancelNotification: %d
06-17 12:47:11.862   605  2836 W IPCThreadState: Sending oneway calls to frozen process.
06-17 12:47:12.113  1144  8964 I NearbySharing: Network state changed: NetworkState(isRestricted=false, isOnline=true, isCongested=false, isMetered=false, isWifiConnected=true)
06-17 12:47:12.113  1144  8909 I NearbySharing: Network state changed: NetworkState(isRestricted=false, isOnline=true, isCongested=false, isMetered=false, isWifiConnected=true)
06-17 12:47:14.609   605   772 I HalDevMgr: bestIfaceCreationProposal is null, requestIface=STA, existingIface=[name=wlan0 type=STA]
06-17 12:47:15.310   851   851 I wpa_supplicant: wlan0: CTRL-EVENT-BEACON-LOSS 
06-17 12:47:16.419   465   465 I adbd    : adbd service requested 'shell,v2,raw:dumpsys package com.google.android.gms'
06-17 12:47:16.460   727   733 I artd    : GetBestInfo: odex next to the dex file (/data/app/~~RBqLWa4IHxAvM1EDn2acWA==/com.google.android.gms--6rwsmYaGwERs-rlQ1V3rA==/oat/arm64/base.odex) is kOatBootImageOutOfDate with filter 'speed-profile' executable 'false': Image checksum mismatch, expected i;28/6d8ebc32 to start with i;28/fd0aebae
06-17 12:47:16.460   727   733 I artd    : GetBestInfo: vdex next to the dex file (/data/app/~~RBqLWa4IHxAvM1EDn2acWA==/com.google.android.gms--6rwsmYaGwERs-rlQ1V3rA==/oat/arm64/base.vdex) is kOatUpToDate with filter 'verify' executable 'false'
06-17 12:47:16.461   727   732 I artd    : GetBestInfo: dm (/data/app/~~RBqLWa4IHxAvM1EDn2acWA==/com.google.android.gms--6rwsmYaGwERs-rlQ1V3rA==/split_AdsDynamite_installtime.dm) is kOatUpToDate with filter 'verify' executable 'false'
06-17 12:47:16.461   727   732 I artd    : GetBestInfo: odex next to the dex file (/data/app/~~RBqLWa4IHxAvM1EDn2acWA==/com.google.android.gms--6rwsmYaGwERs-rlQ1V3rA==/oat/arm64/split_CronetDynamite_installtime.odex) is kOatBootImageOutOfDate with filter 'speed-profile' executable 'false': Image checksum mismatch, expected i;28/6d8ebc32 to start with i;28/fd0aebae
06-17 12:47:16.461   727   732 I artd    : GetBestInfo: vdex next to the dex file (/data/app/~~RBqLWa4IHxAvM1EDn2acWA==/com.google.android.gms--6rwsmYaGwERs-rlQ1V3rA==/oat/arm64/split_CronetDynamite_installtime.vdex) is kOatUpToDate with filter 'verify' executable 'false'
06-17 12:47:16.462   727   733 I artd    : GetBestInfo: dm (/data/app/~~RBqLWa4IHxAvM1EDn2acWA==/com.google.android.gms--6rwsmYaGwERs-rlQ1V3rA==/split_DynamiteLoader_installtime.dm) is kOatUpToDate with filter 'verify' executable 'false'
06-17 12:47:16.462   727   732 I artd    : GetBestInfo: dm (/data/app/~~RBqLWa4IHxAvM1EDn2acWA==/com.google.android.gms--6rwsmYaGwERs-rlQ1V3rA==/split_DynamiteModulesA_installtime.dm) is kOatUpToDate with filter 'verify' executable 'false'
06-17 12:47:16.463   727   733 I artd    : GetBestInfo: dm (/data/app/~~RBqLWa4IHxAvM1EDn2acWA==/com.google.android.gms--6rwsmYaGwERs-rlQ1V3rA==/split_DynamiteModulesC_installtime.dm) is kOatUpToDate with filter 'verify' executable 'false'
06-17 12:47:16.463   727   732 I artd    : GetBestInfo: dm (/data/app/~~RBqLWa4IHxAvM1EDn2acWA==/com.google.android.gms--6rwsmYaGwERs-rlQ1V3rA==/split_GoogleCertificates_installtime.dm) is kOatUpToDate with filter 'verify' executable 'false'
06-17 12:47:16.464   727   733 I artd    : GetBestInfo: dm (/data/app/~~RBqLWa4IHxAvM1EDn2acWA==/com.google.android.gms--6rwsmYaGwERs-rlQ1V3rA==/split_MapsDynamite_installtime.dm) is kOatUpToDate with filter 'verify' executable 'false'
06-17 12:47:16.464   727   732 I artd    : GetBestInfo: dm (/data/app/~~RBqLWa4IHxAvM1EDn2acWA==/com.google.android.gms--6rwsmYaGwERs-rlQ1V3rA==/split_MeasurementDynamite_installtime.dm) is kOatUpToDate with filter 'verify' executable 'false'
06-17 12:47:16.464   727   733 I artd    : GetBestInfo: /data/user_de/0/com.google.android.gms/app_chimera/m/0000002a/dl-MlkitBarcodeUi.optional_261733100400.apk has no usable artifacts
06-17 12:47:16.464   727   733 I artd    : GetBestInfo: /data/user_de/0/com.google.android.gms/app_chimera/m/00000035/dl-VisionOcr.optional_261933100000.apk has no usable artifacts
06-17 12:47:16.464   727   732 I artd    : GetBestInfo: /data/user_de/0/com.google.android.gms/app_chimera/m/00000001/CronetDynamite.uncompressed.apk has no usable artifacts
06-17 12:47:16.465   727   733 I artd    : GetBestInfo: /data/user_de/0/com.google.android.gms/app_chimera/m/00000047/dl-PlayCloudSearch.optional_262333100000.apk has no usable artifacts
06-17 12:47:16.465   727   732 I artd    : GetBestInfo: /data/user_de/0/com.google.android.gms/app_chimera/m/00000016/dl-IdentityCredentialsPlatform.optional_261464100400.apk has no usable artifacts
06-17 12:47:16.465   727 11563 I artd    : GetBestInfo: /data/user_de/0/com.google.android.gms/app_chimera/m/00000046/dl-MlkitOcrCommon.optional_262333100400.apk has no usable artifacts
06-17 12:47:16.465   727   733 I artd    : GetBestInfo: /data/user_de/0/com.google.android.gms/app_chimera/m/00000014/dl-VisionOcr.optional_261464100000.apk has no usable artifacts
06-17 12:47:16.465   727   733 I artd    : GetBestInfo: /data/user_de/0/com.google.android.gms/app_chimera/m/00000017/dl-Appsearch.optional_261464100400.apk has no usable artifacts
06-17 12:47:16.466   727   733 I artd    : GetBestInfo: /data/user_de/0/com.google.android.gms/app_chimera/m/0000004b/dl-MlkitBarcodeUi.optional_262333100400.apk has no usable artifacts
06-17 12:47:16.466   727 11563 I artd    : GetBestInfo: /data/user/0/com.google.android.gms/app_dg_cache/87E7746227FF4E457A2EB56043B95E41006DE49F/the.apk has no usable artifacts
06-17 12:47:16.466   727 11563 I artd    : GetBestInfo: /data/user_de/0/com.google.android.gms/app_chimera/m/00000048/dl-IdentityCredentialsPlatform.optional_262333100400.apk has no usable artifacts
06-17 12:47:16.467   727   733 I artd    : GetBestInfo: /data/user_de/0/com.google.android.gms/app_chimera/m/0000000a/dl-MlkitBarcodeUi.optional_242335100400.apk has no usable artifacts
06-17 12:47:16.467   727 11563 I artd    : GetBestInfo: /data/user_de/0/com.google.android.gms/app_chimera/m/00000029/dl-MlkitOcrCommon.optional_261733100400.apk has no usable artifacts
06-17 12:47:16.467   727 11563 I artd    : GetBestInfo: /data/user_de/0/com.google.android.gms/app_chimera/m/00000002/DynamiteLoader.uncompressed.apk has no usable artifacts
06-17 12:47:16.467   727 11563 I artd    : GetBestInfo: /data/user_de/0/com.google.android.gms/app_chimera/m/0000002e/dl-Appsearch.optional_261733100400.apk has no usable artifacts
06-17 12:47:16.467   727 11563 I artd    : GetBestInfo: /data/user_de/0/com.google.android.gms/app_chimera/m/00000030/dl-MlkitOcrCommon.optional_261933100400.apk has no usable artifacts
06-17 12:47:16.467   727 11563 I artd    : GetBestInfo: /data/user_de/0/com.google.android.gms/app_chimera/m/00000015/dl-PlayCloudSearch.optional_261464100000.apk has no usable artifacts
06-17 12:47:16.467   727 11563 I artd    : GetBestInfo: /data/user_de/0/com.google.android.gms/app_chimera/m/0000001e/dl-Appsearch.optional_261631100400.apk has no usable artifacts
06-17 12:47:16.467   727 11563 I artd    : GetBestInfo: /data/user_de/0/com.google.android.gms/app_chimera/m/00000013/dl-MlkitOcrCommon.optional_261464100400.apk has no usable artifacts
06-17 12:47:16.467   727 11563 I artd    : GetBestInfo: /data/user_de/0/com.google.android.gms/app_chimera/m/00000032/dl-MlkitBarcodeUi.optional_261933100400.apk has no usable artifacts
06-17 12:47:16.467   727 11563 I artd    : GetBestInfo: /data/user/0/com.google.android.gms/app_dg_cache/754BEC187BC4F26BBC31300F93DBF9B7506C1861/the.apk has no usable artifacts
06-17 12:47:16.467   727 11563 I artd    : GetBestInfo: /data/user_de/0/com.google.android.gms/app_chimera/m/00000007/MeasurementDynamite.apk has no usable artifacts
06-17 12:47:16.467   727 11563 I artd    : GetBestInfo: /data/user_de/0/com.google.android.gms/app_chimera/m/0000002c/dl-IdentityCredentialsPlatform.optional_261733100400.apk has no usable artifacts
06-17 12:47:16.467   727 11563 I artd    : GetBestInfo: /data/user_de/0/com.google.android.gms/app_chimera/m/0000002b/dl-PlayCloudSearch.optional_261733100000.apk has no usable artifacts
06-17 12:47:16.467   727 11563 I artd    : GetBestInfo: /data/user_de/0/com.google.android.gms/app_chimera/m/00000033/dl-PlayCloudSearch.optional_261933100000.apk has no usable artifacts
06-17 12:47:16.467   727   732 I artd    : GetBestInfo: /data/user_de/0/com.google.android.gms/app_chimera/m/0000001c/dl-VisionOcr.optional_261631100000.apk has no usable artifacts
06-17 12:47:16.467   727   732 I artd    : GetBestInfo: /data/user_de/0/com.google.android.gms/app_chimera/m/00000011/dl-MlkitBarcodeUi.optional_261464100400.apk has no usable artifacts
06-17 12:47:16.467   727 11563 I artd    : GetBestInfo: /data/user_de/0/com.google.android.gms/app_chimera/m/00000049/dl-VisionOcr.optional_262333100000.apk has no usable artifacts
06-17 12:47:16.467   727   733 I artd    : GetBestInfo: /data/user_de/0/com.google.android.gms/app_chimera/m/00000005/GoogleCertificates.apk has no usable artifacts
06-17 12:47:16.468   727   733 I artd    : GetBestInfo: /data/user_de/0/com.google.android.gms/app_chimera/m/00000010/dl-TfliteDynamiteDynamite.integ_260580502100400.apk has no usable artifacts
06-17 12:47:16.468   727 11563 I artd    : GetBestInfo: /data/user/0/com.google.android.gms/app_dg_cache/9D5BCED7935D64431BF672B8BBD597199833CA19/the.apk has no usable artifacts
06-17 12:47:16.468   727 11563 I artd    : GetBestInfo: /data/user_de/0/com.google.android.gms/app_chimera/m/00000009/dl-TfliteDynamiteDynamite.integ_252130102100400.apk has no usable artifacts
06-17 12:47:16.468   727 11563 I artd    : GetBestInfo: vdex next to the dex file (/data/user/0/com.google.android.gms/app_dg_cache/5833371D1ACC412507A92815B074897510CCCEDD/oat/arm64/the.vdex) is kOatUpToDate with filter 'verify' executable 'false'
06-17 12:47:16.468   727   733 I artd    : GetBestInfo: /data/user_de/0/com.google.android.gms/app_chimera/m/0000001b/dl-PlayCloudSearch.optional_261631100000.apk has no usable artifacts
06-17 12:47:16.469   727   733 I artd    : GetBestInfo: /data/user_de/0/com.google.android.gms/app_chimera/m/00000027/dl-IdentityCredentialsPlatform.optional_261631100400.apk has no usable artifacts
06-17 12:47:16.469   727   733 I artd    : GetBestInfo: /data/user/0/com.google.android.gms/app_dg_cache/86153AA318A3F208A8C511836585279D8C7E8D94/the.apk has no usable artifacts
06-17 12:47:16.469   727   733 I artd    : GetBestInfo: /data/user_de/0/com.google.android.gms/app_chimera/m/0000001d/dl-IdentityCredentialsPlatform.optional_261631100400.apk has no usable artifacts
06-17 12:47:16.469   727   733 I artd    : GetBestInfo: /data/user_de/0/com.google.android.gms/app_chimera/m/0000002d/dl-VisionOcr.optional_261733100000.apk has no usable artifacts
06-17 12:47:16.469   727   733 I artd    : GetBestInfo: /data/user_de/0/com.google.android.gms/app_chimera/m/0000000e/dl-PlayCloudSearch.optional_242335100000.apk has no usable artifacts
06-17 12:47:16.470   727 11563 I artd    : GetBestInfo: /data/user_de/0/com.google.android.gms/app_chimera/m/0000004a/dl-Appsearch.optional_262333100400.apk has no usable artifacts
06-17 12:47:16.470   727   733 I artd    : GetBestInfo: /data/user_de/0/com.google.android.gms/app_chimera/m/0000001a/dl-MlkitBarcodeUi.optional_261631100400.apk has no usable artifacts
06-17 12:47:16.470   727   733 I artd    : GetBestInfo: vdex next to the dex file (/data/user/0/com.google.android.gms/app_dg_cache/10FF5D5C646CC9E2F04BD9D73A072BD012EF1A7A/oat/arm64/the.vdex) is kOatUpToDate with filter 'verify' executable 'false'
06-17 12:47:16.470   727 11563 I artd    : GetBestInfo: /data/user_de/0/com.google.android.gms/app_chimera/m/00000036/dl-Appsearch.optional_261933100400.apk has no usable artifacts
06-17 12:47:16.470   727   733 I artd    : GetBestInfo: /data/user/0/com.google.android.gms/app_dg_cache/21A90BF1C1C388089206DCE215FB60D7882BFA18/the.apk has no usable artifacts
06-17 12:47:16.470   727 11563 I artd    : GetBestInfo: /data/user_de/0/com.google.android.gms/app_chimera/m/0000001f/dl-IdentityCredentialsPlacebo.optional_261631100400.apk has no usable artifacts
06-17 12:47:16.470   727 11563 I artd    : GetBestInfo: /data/user_de/0/com.google.android.gms/app_chimera/m/00000034/dl-IdentityCredentialsPlatform.optional_261933100400.apk has no usable artifacts
06-17 12:47:16.470   727 11563 I artd    : GetBestInfo: /data/user_de/0/com.google.android.gms/app_chimera/m/00000019/dl-MlkitOcrCommon.optional_261631100400.apk has no usable artifacts
06-17 12:47:16.470   727 11563 I artd    : GetBestInfo: /data/user/0/com.google.android.gms/app_dg_cache/A8F89F306FD1BA172E06F6F2B9F79826D0309BB6/the.apk has no usable artifacts
06-17 12:47:16.470   727 11563 I artd    : GetBestInfo: /data/user/0/com.google.android.gms/app_dg_cache/707FFD883BF2A7896692338F9625CA52336E933B/the.apk has no usable artifacts
06-17 12:47:17.617   605   772 I HalDevMgr: bestIfaceCreationProposal is null, requestIface=STA, existingIface=[name=wlan0 type=STA]
06-17 12:47:17.626   605   778 W IPCThreadState: Sending oneway calls to frozen process.
06-17 12:47:17.626   605   778 W IPCThreadState: Sending oneway calls to frozen process.
06-17 12:47:17.626   605   778 W IPCThreadState: Sending oneway calls to frozen process.
06-17 12:47:17.626   605   778 W IPCThreadState: Sending oneway calls to frozen process.
06-17 12:47:17.627   605   778 W IPCThreadState: Sending oneway calls to frozen process.
06-17 12:47:17.627   605   778 W IPCThreadState: Sending oneway calls to frozen process.
06-17 12:47:17.627   605   778 W IPCThreadState: Sending oneway calls to frozen process.
06-17 12:47:17.627   605   778 W IPCThreadState: Sending oneway calls to frozen process.
06-17 12:47:17.627   605   778 W IPCThreadState: Sending oneway calls to frozen process.
06-17 12:47:17.629   605   778 D ConnectivityService: NetReassign [no changes] [c 0] [a 1] [i 1]
06-17 12:47:17.630  1144  1144 I MagicTether: (REDACTED) [ActiveNetworkTracker] setActiveNetwork: %s
06-17 12:47:17.630  1144  1144 I MagicTether: (REDACTED) [TetherService] onActiveNetworkChanged: network=%s isLost=%s
06-17 12:47:17.630  1144  8962 I MagicTether: [WifiConnectionHandler] Ignoring getWifiConfigurationByNetworkId when checking connected state [CONTEXT service_id=276 ]
06-17 12:47:17.630  1144  8962 I MagicTether: [WifiConnectionHandler] No networkId set, can't be connected. [CONTEXT service_id=276 ]
06-17 12:47:17.630  1144  8962 I MagicTether: (REDACTED) [TetherService] TRANSPORT_CELLULAR [%s], TRANSPORT_ETHERNET [%s], TRANSPORT_WIFI [%s]
06-17 12:47:17.630  1144  8962 I MagicTether: (REDACTED) [TetherService] setRoles hasActiveNetworkConnection=%s canActiveNetworkBeTethered=%s isConnectedToInstantTether=%s isWifiEnabled=%s isHosting=%s
06-17 12:47:17.631  1144  8973 I NearbyMediums: Wifi changed new SSID: "AndroidWifi"
06-17 12:47:17.632  1144  8973 I NearbyMediums: WifiLanConnectivityInfo is not changed, skip notify.
06-17 12:47:17.633  1144  1460 I NullBinder: NullBinder for android.net.action.RECOMMEND_NETWORKS triggering remote TransactionTooLargeException due to Service without Chimera impl, calling uid: 1000, calling pid: 0
06-17 12:47:17.633  1144  1460 W .gms.persistent: Large reply transaction of 1056768 bytes, interface descriptor , code 1
06-17 12:47:17.634  1144  1144 I MagicTether: (REDACTED) [LaunchUtils] Instant Wifi for status account: name: %s | type: %s | isLaunched: %s
06-17 12:47:17.634  1144  1144 I MagicTether: (REDACTED) [TidepoolFeatureStatusManager] isInstantHotspotEnabled=%s
06-17 12:47:17.634  1144  1144 I MagicTether: (REDACTED) [TidepoolFeatureStatusManager] isInstantWifiEnabled=%s
06-17 12:47:17.634  1144  1144 I MagicTether: (REDACTED) [TetherService] startNearbyHostRole: start: %s isInstantHotspotEnabled: %s isInstantWifiEnabled: %s
06-17 12:47:17.634  1144  1144 I MagicTether: [HostTetherRole] Nearby host role already stopped [CONTEXT service_id=276 ]
06-17 12:47:17.635  1144  1144 I MagicTether: (REDACTED) [LaunchUtils] Instant Wifi for status account: name: %s | type: %s | isLaunched: %s
06-17 12:47:17.635  1144  1144 I MagicTether: (REDACTED) [TidepoolFeatureStatusManager] isInstantHotspotEnabled=%s
06-17 12:47:17.635  1144  1144 I MagicTether: (REDACTED) [TidepoolFeatureStatusManager] isInstantWifiEnabled=%s
06-17 12:47:17.635  1144  1144 I MagicTether: (REDACTED) [TetherService] startNearbyClientRole: start: %s isInstantHotspotEnabled: %s isInstantWifiEnabled: %s
06-17 12:47:17.635  1144  1144 I MagicTether: [TetherService] Stopping Nearby client role [CONTEXT service_id=276 ]
06-17 12:47:17.635  1144  1144 I MagicTether: [ClientTetherRole] Client role already stopped [CONTEXT service_id=276 ]
06-17 12:47:17.637  1144  1144 I MagicTether: (REDACTED) [NotificationPresenter] cancelNotification: %d
06-17 12:47:17.637  1144  1144 I MagicTether: [AutoDisconnectIntentOperation] Canceling task. [CONTEXT service_id=276 ]
06-17 12:47:17.639  1144  8917 I MagicTether: [AutoDisconnectIntentOperation] Canceling task. [CONTEXT service_id=276 ]
06-17 12:47:17.639  1144  8917 I MagicTether: (REDACTED) [NotificationPresenter] cancelNotification: %d
06-17 12:47:17.640  1144  8698 I MagicTether: [AutoDisconnectIntentOperation] Canceling task. [CONTEXT service_id=276 ]
06-17 12:47:17.640  1144  8698 I MagicTether: (REDACTED) [NotificationPresenter] cancelNotification: %d
06-17 12:47:18.128  1144  8973 I NearbySharing: Network state changed: NetworkState(isRestricted=false, isOnline=true, isCongested=false, isMetered=false, isWifiConnected=true)
06-17 12:47:18.129  1144  8973 I NearbySharing: Network state changed: NetworkState(isRestricted=false, isOnline=true, isCongested=false, isMetered=false, isWifiConnected=true)
06-17 12:47:19.053  8823  8845 I CatalogCloudSync: tracker busy=true stage=SYNC_EVENTS_DRAIN status=RUNNING
06-17 12:47:19.146  8823  8850 D EGL_emulation: app_time_stats: avg=837.91ms min=9.97ms max=12339.25ms count=15
06-17 12:47:19.361  8823  8845 I CatalogCloudSync: sync_event_outbox_retry_summary pendingBefore=0 pendingAfter=0 retryLoaded=0 retryEligible=0 retrySkippedMaxAttempts=0 retrySucceeded=0 retryFailed=0 retryDeletedOnSuccess=0
06-17 12:47:19.475  8823  8845 I CatalogCloudSync: sync_events_summary phase=drain syncEventsAvailable=true recordSyncEventAvailable=true realtimeSyncEventsAvailable=true syncEventOutboxPending=0 syncEventOutboxPendingBefore=0 syncEventOutboxPendingAfter=0 syncEventOutboxRetried=0 syncEventOutboxRetryLoaded=0 syncEventOutboxRetryEligible=0 syncEventOutboxRetrySkippedMaxAttempts=0 syncEventOutboxRetrySucceeded=0 syncEventOutboxRetryFailed=0 syncEventOutboxRetryDeletedOnSuccess=0 syncEventOutboxInserted=0 catalogEventEmitted=false priceEventEmitted=false catalogEventOutcome=no_op priceEventOutcome=no_op syncEventsFetched=0 syncEventsProcessed=0 syncEventsSkippedSelf=0 syncEventsSkippedDirtyLocal=0 syncEventsSkippedProtectedLocalCommit=0 syncEventsWatermarkBefore=3035 syncEventsWatermarkAfter=3035 syncEventsTooLarge=false syncEventsGapDetected=false manualFullSyncRequired=false targetedProductsFetched=0 targetedPricesFetched=0 fullCatalogFetch=false fullPriceFetch=false
06-17 12:47:19.475  8823  8845 I CatalogCloudSync: cycle=sync_events_drain outcome=ok reason=foreground_interval durationMs=422 eventsFetched=0 eventsProcessed=0 skippedSelf=0 outboxPending=0 manualFullSyncRequired=false syncEventsGapDetected=false syncEventsTooLarge=false syncEventOutboxRetried=0 targetedProductsFetched=0 targetedPricesFetched=0 targetedHistoryFetched=0 remoteHistoryUpdatesApplied=0 fullCatalogFetch=false fullPriceFetch=false
06-17 12:47:19.475  8823  8845 I CatalogCloudSync: tracker busy=false stage=COMPLETED status=COMPLETED
06-17 12:47:19.704  1144  1144 D BoundBrokerSvc: onUnbind: Intent { act=com.google.android.gms.auth.aang.events.services.START dat=chimera-action:/... cmp=com.google.android.gms/.chimera.PersistentApiService }
06-17 12:47:20.627   605   772 I HalDevMgr: bestIfaceCreationProposal is null, requestIface=STA, existingIface=[name=wlan0 type=STA]
06-17 12:47:20.642   996  1124 D IpClient/wlan0: interfaceLinkStateChanged: ifindex 16 up
06-17 12:47:20.643   605   778 W IPCThreadState: Sending oneway calls to frozen process.
06-17 12:47:20.643   605   778 W IPCThreadState: Sending oneway calls to frozen process.
06-17 12:47:20.644   605   778 W IPCThreadState: Sending oneway calls to frozen process.
06-17 12:47:20.644   605   778 W IPCThreadState: Sending oneway calls to frozen process.
06-17 12:47:20.644   605   778 W IPCThreadState: Sending oneway calls to frozen process.
06-17 12:47:20.644   605   778 W IPCThreadState: Sending oneway calls to frozen process.
06-17 12:47:20.644   605   778 W IPCThreadState: Sending oneway calls to frozen process.
06-17 12:47:20.644   605   778 W IPCThreadState: Sending oneway calls to frozen process.
06-17 12:47:20.644   605   778 W IPCThreadState: Sending oneway calls to frozen process.
06-17 12:47:20.645   996  1124 D IpClient/wlan0: interfaceLinkStateChanged: ifindex 16 up
06-17 12:47:20.645  1144  1144 I MagicTether: (REDACTED) [ActiveNetworkTracker] setActiveNetwork: %s
06-17 12:47:20.645  1144  1144 I MagicTether: (REDACTED) [TetherService] onActiveNetworkChanged: network=%s isLost=%s
06-17 12:47:20.648   605   778 D ConnectivityService: NetReassign [no changes] [c 0] [a 1] [i 0]
06-17 12:47:20.649  1144  1335 I NullBinder: NullBinder for android.net.action.RECOMMEND_NETWORKS triggering remote TransactionTooLargeException due to Service without Chimera impl, calling uid: 1000, calling pid: 0
06-17 12:47:20.650  1144  8973 I NearbyMediums: Wifi changed new SSID: "AndroidWifi"
06-17 12:47:20.650  1144  8973 I NearbyMediums: WifiLanConnectivityInfo is not changed, skip notify.
06-17 12:47:20.653  1144  1335 W .gms.persistent: Large reply transaction of 1056768 bytes, interface descriptor , code 1
06-17 12:47:20.653  1144  8962 I MagicTether: [WifiConnectionHandler] Ignoring getWifiConfigurationByNetworkId when checking connected state [CONTEXT service_id=276 ]
06-17 12:47:20.653  1144  8962 I MagicTether: [WifiConnectionHandler] No networkId set, can't be connected. [CONTEXT service_id=276 ]
06-17 12:47:20.653  1144  8962 I MagicTether: (REDACTED) [TetherService] TRANSPORT_CELLULAR [%s], TRANSPORT_ETHERNET [%s], TRANSPORT_WIFI [%s]
06-17 12:47:20.653  1144  8962 I MagicTether: (REDACTED) [TetherService] setRoles hasActiveNetworkConnection=%s canActiveNetworkBeTethered=%s isConnectedToInstantTether=%s isWifiEnabled=%s isHosting=%s
06-17 12:47:20.654  1144  1144 I MagicTether: (REDACTED) [LaunchUtils] Instant Wifi for status account: name: %s | type: %s | isLaunched: %s
06-17 12:47:20.654  1144  1144 I MagicTether: (REDACTED) [TidepoolFeatureStatusManager] isInstantHotspotEnabled=%s
06-17 12:47:20.654  1144  1144 I MagicTether: (REDACTED) [TidepoolFeatureStatusManager] isInstantWifiEnabled=%s
06-17 12:47:20.654  1144  1144 I MagicTether: (REDACTED) [TetherService] startNearbyHostRole: start: %s isInstantHotspotEnabled: %s isInstantWifiEnabled: %s
06-17 12:47:20.654  1144  1144 I MagicTether: [HostTetherRole] Nearby host role already stopped [CONTEXT service_id=276 ]
06-17 12:47:20.654  1144  1144 I MagicTether: (REDACTED) [LaunchUtils] Instant Wifi for status account: name: %s | type: %s | isLaunched: %s
06-17 12:47:20.654  1144  1144 I MagicTether: (REDACTED) [TidepoolFeatureStatusManager] isInstantHotspotEnabled=%s
06-17 12:47:20.654  1144  1144 I MagicTether: (REDACTED) [TidepoolFeatureStatusManager] isInstantWifiEnabled=%s
06-17 12:47:20.654  1144  1144 I MagicTether: (REDACTED) [TetherService] startNearbyClientRole: start: %s isInstantHotspotEnabled: %s isInstantWifiEnabled: %s
06-17 12:47:20.654  1144  1144 I MagicTether: [TetherService] Stopping Nearby client role [CONTEXT service_id=276 ]
06-17 12:47:20.654  1144  1144 I MagicTether: [ClientTetherRole] Client role already stopped [CONTEXT service_id=276 ]
06-17 12:47:20.655  1144  1144 I MagicTether: (REDACTED) [NotificationPresenter] cancelNotification: %d
06-17 12:47:20.656  1144  1144 I MagicTether: [AutoDisconnectIntentOperation] Canceling task. [CONTEXT service_id=276 ]
06-17 12:47:20.657  1144  8698 I MagicTether: [AutoDisconnectIntentOperation] Canceling task. [CONTEXT service_id=276 ]
06-17 12:47:20.657  1144  8698 I MagicTether: (REDACTED) [NotificationPresenter] cancelNotification: %d
06-17 12:47:20.658  1144  8698 I MagicTether: [AutoDisconnectIntentOperation] Canceling task. [CONTEXT service_id=276 ]
06-17 12:47:20.658  1144  8698 I MagicTether: (REDACTED) [NotificationPresenter] cancelNotification: %d
06-17 12:47:21.138  1144  8973 I NearbySharing: Network state changed: NetworkState(isRestricted=false, isOnline=true, isCongested=false, isMetered=false, isWifiConnected=true)
06-17 12:47:21.139  1144  8909 I NearbySharing: Network state changed: NetworkState(isRestricted=false, isOnline=true, isCongested=false, isMetered=false, isWifiConnected=true)
06-17 12:47:21.546  1144  8909 I NearbyMediums: No BLE Fast/GATT advertisements found in the latest cycle.
06-17 12:47:21.547  1144  8909 I NearbyMediums: Current Tracked Scanning Clients are : {NearbyConnections.EnvironmentMonitor, NearbySharing, NearbyConnections.TxAdvertisement}
06-17 12:47:21.740  8823  8850 D EGL_emulation: app_time_stats: avg=95.61ms min=1.09ms max=2223.09ms count=24
06-17 12:47:21.865   605  1874 W IPCThreadState: Sending oneway calls to frozen process.
06-17 12:47:23.499   851   851 I wpa_supplicant: wlan0: CTRL-EVENT-BEACON-LOSS 
06-17 12:47:23.640   605   772 I HalDevMgr: bestIfaceCreationProposal is null, requestIface=STA, existingIface=[name=wlan0 type=STA]
06-17 12:47:23.651   605   778 W IPCThreadState: Sending oneway calls to frozen process.
06-17 12:47:23.651   605   778 W IPCThreadState: Sending oneway calls to frozen process.
06-17 12:47:23.651   605   778 W IPCThreadState: Sending oneway calls to frozen process.
06-17 12:47:23.651   605   778 W IPCThreadState: Sending oneway calls to frozen process.
06-17 12:47:23.651   605   778 W IPCThreadState: Sending oneway calls to frozen process.
06-17 12:47:23.651   605   778 W IPCThreadState: Sending oneway calls to frozen process.
06-17 12:47:23.651   605   778 W IPCThreadState: Sending oneway calls to frozen process.
06-17 12:47:23.651   605   778 W IPCThreadState: Sending oneway calls to frozen process.
06-17 12:47:23.651   605   778 W IPCThreadState: Sending oneway calls to frozen process.
06-17 12:47:23.654  1144  1460 I NullBinder: NullBinder for android.net.action.RECOMMEND_NETWORKS triggering remote TransactionTooLargeException due to Service without Chimera impl, calling uid: 1000, calling pid: 0
06-17 12:47:23.656   605   778 D ConnectivityService: NetReassign [no changes] [c 1] [a 0] [i 1]
06-17 12:47:23.656  1144  1460 W .gms.persistent: Large reply transaction of 1056768 bytes, interface descriptor , code 1
06-17 12:47:23.657  1144  1144 I MagicTether: (REDACTED) [ActiveNetworkTracker] setActiveNetwork: %s
06-17 12:47:23.657  1144  1144 I MagicTether: (REDACTED) [TetherService] onActiveNetworkChanged: network=%s isLost=%s
06-17 12:47:23.658  1144  8978 I MagicTether: [WifiConnectionHandler] Ignoring getWifiConfigurationByNetworkId when checking connected state [CONTEXT service_id=276 ]
06-17 12:47:23.659  1144  8978 I MagicTether: [WifiConnectionHandler] No networkId set, can't be connected. [CONTEXT service_id=276 ]
06-17 12:47:23.660  1144  8964 I NearbyMediums: Wifi changed new SSID: "AndroidWifi"
06-17 12:47:23.660  1144  8964 I NearbyMediums: WifiLanConnectivityInfo is not changed, skip notify.
06-17 12:47:23.660  1144  8978 I MagicTether: (REDACTED) [TetherService] TRANSPORT_CELLULAR [%s], TRANSPORT_ETHERNET [%s], TRANSPORT_WIFI [%s]
06-17 12:47:23.660  1144  8978 I MagicTether: (REDACTED) [TetherService] setRoles hasActiveNetworkConnection=%s canActiveNetworkBeTethered=%s isConnectedToInstantTether=%s isWifiEnabled=%s isHosting=%s
06-17 12:47:23.661  1144  1144 I MagicTether: (REDACTED) [LaunchUtils] Instant Wifi for status account: name: %s | type: %s | isLaunched: %s
06-17 12:47:23.661  1144  1144 I MagicTether: (REDACTED) [TidepoolFeatureStatusManager] isInstantHotspotEnabled=%s
06-17 12:47:23.661  1144  1144 I MagicTether: (REDACTED) [TidepoolFeatureStatusManager] isInstantWifiEnabled=%s
06-17 12:47:23.661  1144  1144 I MagicTether: (REDACTED) [TetherService] startNearbyHostRole: start: %s isInstantHotspotEnabled: %s isInstantWifiEnabled: %s
06-17 12:47:23.661  1144  1144 I MagicTether: [HostTetherRole] Nearby host role already stopped [CONTEXT service_id=276 ]
06-17 12:47:23.664  1144  1144 I MagicTether: (REDACTED) [NotificationPresenter] cancelNotification: %d
06-17 12:47:23.664  1144  1144 I MagicTether: [AutoDisconnectIntentOperation] Canceling task. [CONTEXT service_id=276 ]
06-17 12:47:23.665  1144  1144 I MagicTether: (REDACTED) [LaunchUtils] Instant Wifi for status account: name: %s | type: %s | isLaunched: %s
06-17 12:47:23.666  1144  1144 I MagicTether: (REDACTED) [TidepoolFeatureStatusManager] isInstantHotspotEnabled=%s
06-17 12:47:23.666  1144  1144 I MagicTether: (REDACTED) [TidepoolFeatureStatusManager] isInstantWifiEnabled=%s
06-17 12:47:23.666  1144  1144 I MagicTether: (REDACTED) [TetherService] startNearbyClientRole: start: %s isInstantHotspotEnabled: %s isInstantWifiEnabled: %s
06-17 12:47:23.666  1144  1144 I MagicTether: [TetherService] Stopping Nearby client role [CONTEXT service_id=276 ]
06-17 12:47:23.666  1144  1144 I MagicTether: [ClientTetherRole] Client role already stopped [CONTEXT service_id=276 ]
06-17 12:47:23.667  1144  8698 I MagicTether: [AutoDisconnectIntentOperation] Canceling task. [CONTEXT service_id=276 ]
06-17 12:47:23.668  1144  8698 I MagicTether: (REDACTED) [NotificationPresenter] cancelNotification: %d
06-17 12:47:23.669  1144  8698 I MagicTether: [AutoDisconnectIntentOperation] Canceling task. [CONTEXT service_id=276 ]
06-17 12:47:23.669  1144  8698 I MagicTether: (REDACTED) [NotificationPresenter] cancelNotification: %d
06-17 12:47:24.152  1144  8964 I NearbySharing: Network state changed: NetworkState(isRestricted=false, isOnline=true, isCongested=false, isMetered=false, isWifiConnected=true)
06-17 12:47:24.153  1144  8973 I NearbySharing: Network state changed: NetworkState(isRestricted=false, isOnline=true, isCongested=false, isMetered=false, isWifiConnected=true)
06-17 12:47:26.428   465   465 I adbd    : adbd service requested 'shell,v2,raw:dumpsys package com.google.android.gms'
06-17 12:47:26.474   727   733 I artd    : GetBestInfo: odex next to the dex file (/data/app/~~RBqLWa4IHxAvM1EDn2acWA==/com.google.android.gms--6rwsmYaGwERs-rlQ1V3rA==/oat/arm64/base.odex) is kOatBootImageOutOfDate with filter 'speed-profile' executable 'false': Image checksum mismatch, expected i;28/6d8ebc32 to start with i;28/fd0aebae
06-17 12:47:26.474   727   733 I artd    : GetBestInfo: vdex next to the dex file (/data/app/~~RBqLWa4IHxAvM1EDn2acWA==/com.google.android.gms--6rwsmYaGwERs-rlQ1V3rA==/oat/arm64/base.vdex) is kOatUpToDate with filter 'verify' executable 'false'
06-17 12:47:26.475   727   733 I artd    : GetBestInfo: dm (/data/app/~~RBqLWa4IHxAvM1EDn2acWA==/com.google.android.gms--6rwsmYaGwERs-rlQ1V3rA==/split_AdsDynamite_installtime.dm) is kOatUpToDate with filter 'verify' executable 'false'
06-17 12:47:26.475   727   732 I artd    : GetBestInfo: odex next to the dex file (/data/app/~~RBqLWa4IHxAvM1EDn2acWA==/com.google.android.gms--6rwsmYaGwERs-rlQ1V3rA==/oat/arm64/split_CronetDynamite_installtime.odex) is kOatBootImageOutOfDate with filter 'speed-profile' executable 'false': Image checksum mismatch, expected i;28/6d8ebc32 to start with i;28/fd0aebae
06-17 12:47:26.475   727   732 I artd    : GetBestInfo: vdex next to the dex file (/data/app/~~RBqLWa4IHxAvM1EDn2acWA==/com.google.android.gms--6rwsmYaGwERs-rlQ1V3rA==/oat/arm64/split_CronetDynamite_installtime.vdex) is kOatUpToDate with filter 'verify' executable 'false'
06-17 12:47:26.476   727   733 I artd    : GetBestInfo: dm (/data/app/~~RBqLWa4IHxAvM1EDn2acWA==/com.google.android.gms--6rwsmYaGwERs-rlQ1V3rA==/split_DynamiteLoader_installtime.dm) is kOatUpToDate with filter 'verify' executable 'false'
06-17 12:47:26.476   727   732 I artd    : GetBestInfo: dm (/data/app/~~RBqLWa4IHxAvM1EDn2acWA==/com.google.android.gms--6rwsmYaGwERs-rlQ1V3rA==/split_DynamiteModulesA_installtime.dm) is kOatUpToDate with filter 'verify' executable 'false'
06-17 12:47:26.477   727   733 I artd    : GetBestInfo: dm (/data/app/~~RBqLWa4IHxAvM1EDn2acWA==/com.google.android.gms--6rwsmYaGwERs-rlQ1V3rA==/split_DynamiteModulesC_installtime.dm) is kOatUpToDate with filter 'verify' executable 'false'
06-17 12:47:26.477   727   732 I artd    : GetBestInfo: dm (/data/app/~~RBqLWa4IHxAvM1EDn2acWA==/com.google.android.gms--6rwsmYaGwERs-rlQ1V3rA==/split_GoogleCertificates_installtime.dm) is kOatUpToDate with filter 'verify' executable 'false'
06-17 12:47:26.478   727   733 I artd    : GetBestInfo: dm (/data/app/~~RBqLWa4IHxAvM1EDn2acWA==/com.google.android.gms--6rwsmYaGwERs-rlQ1V3rA==/split_MapsDynamite_installtime.dm) is kOatUpToDate with filter 'verify' executable 'false'
06-17 12:47:26.478   727   732 I artd    : GetBestInfo: dm (/data/app/~~RBqLWa4IHxAvM1EDn2acWA==/com.google.android.gms--6rwsmYaGwERs-rlQ1V3rA==/split_MeasurementDynamite_installtime.dm) is kOatUpToDate with filter 'verify' executable 'false'
06-17 12:47:26.478   727   733 I artd    : GetBestInfo: /data/user_de/0/com.google.android.gms/app_chimera/m/0000002a/dl-MlkitBarcodeUi.optional_261733100400.apk has no usable artifacts
06-17 12:47:26.478   727   733 I artd    : GetBestInfo: /data/user_de/0/com.google.android.gms/app_chimera/m/00000035/dl-VisionOcr.optional_261933100000.apk has no usable artifacts
