06-17 12:30:30.219 I/MagicTether( 1144): [AutoDisconnectIntentOperation] Canceling task. [CONTEXT service_id=276 ]
06-17 12:30:30.222 I/MagicTether( 1144): [AutoDisconnectIntentOperation] Canceling task. [CONTEXT service_id=276 ]
06-17 12:30:30.222 I/MagicTether( 1144): (REDACTED) [NotificationPresenter] cancelNotification: %d
06-17 12:30:30.223 I/NearbyMediums( 1144): Wifi changed new SSID: "AndroidWifi"
06-17 12:30:30.223 I/MagicTether( 1144): [AutoDisconnectIntentOperation] Canceling task. [CONTEXT service_id=276 ]
06-17 12:30:30.223 I/MagicTether( 1144): (REDACTED) [NotificationPresenter] cancelNotification: %d
06-17 12:30:30.223 I/NearbyMediums( 1144): WifiLanConnectivityInfo is not changed, skip notify.
06-17 12:30:30.309 I/CatalogCloudSync( 7635): sync_events_apply domain=history remoteSessions=0 applied=0 skipped=0 failed=0 unsupported=0
06-17 12:30:30.491 I/CatalogCloudSync( 7635): cycle=catalog_bootstrap outcome=skip reason=sync_busy
06-17 12:30:30.505 I/wpa_supplicant(  851): wlan0: CTRL-EVENT-BEACON-LOSS 
06-17 12:30:30.565 I/CatalogCloudSync( 7635): sync_events_apply domain=catalog remoteSuppliers=0 remoteCategories=0 remoteProducts=0 applied=0
06-17 12:30:30.656 I/CatalogCloudSync( 7635): sync_events_apply domain=catalog_prices remoteProductIds=3 remotePrices=0 pricesPulled=0 pricesSkippedNoProductRef=0
06-17 12:30:30.710 I/NearbySharing( 1144): Network state changed: NetworkState(isRestricted=false, isOnline=true, isCongested=false, isMetered=false, isWifiConnected=true)
06-17 12:30:30.714 I/NearbySharing( 1144): Network state changed: NetworkState(isRestricted=false, isOnline=true, isCongested=false, isMetered=false, isWifiConnected=true)
06-17 12:30:30.722 D/EGL_emulation( 7635): app_time_stats: avg=2.81ms min=0.78ms max=9.72ms count=61
06-17 12:30:30.753 I/CatalogCloudSync( 7635): sync_events_apply domain=prices remotePrices=0 pricesPulled=0 pricesSkippedNoProductRef=0
06-17 12:30:30.838 I/CatalogCloudSync( 7635): sync_events_apply domain=catalog remoteSuppliers=0 remoteCategories=0 remoteProducts=0 applied=0
06-17 12:30:30.923 I/CatalogCloudSync( 7635): sync_events_apply domain=catalog_prices remoteProductIds=1 remotePrices=0 pricesPulled=0 pricesSkippedNoProductRef=0
06-17 12:30:31.009 I/CatalogCloudSync( 7635): sync_events_apply domain=prices remotePrices=0 pricesPulled=0 pricesSkippedNoProductRef=0
06-17 12:30:31.095 I/CatalogCloudSync( 7635): sync_events_apply domain=catalog remoteSuppliers=0 remoteCategories=0 remoteProducts=0 applied=0
06-17 12:30:31.180 I/CatalogCloudSync( 7635): sync_events_apply domain=catalog_prices remoteProductIds=1 remotePrices=0 pricesPulled=0 pricesSkippedNoProductRef=0
06-17 12:30:31.247 I/CatalogCloudSync( 7635): cycle=catalog_bootstrap outcome=skip reason=sync_busy
06-17 12:30:31.369 I/NearbyMediums( 1144): No BLE Fast/GATT advertisements found in the latest cycle.
06-17 12:30:31.369 I/NearbyMediums( 1144): Current Tracked Scanning Clients are : {NearbyConnections.EnvironmentMonitor, NearbySharing, NearbyConnections.TxAdvertisement}
06-17 12:30:31.385 W/IPCThreadState(  605): Sending oneway calls to frozen process.
06-17 12:30:31.441 I/CatalogCloudSync( 7635): sync_events_apply domain=catalog remoteSuppliers=0 remoteCategories=0 remoteProducts=0 applied=0
06-17 12:30:31.525 I/CatalogCloudSync( 7635): sync_events_apply domain=catalog_prices remoteProductIds=3 remotePrices=0 pricesPulled=0 pricesSkippedNoProductRef=0
06-17 12:30:31.609 I/CatalogCloudSync( 7635): sync_events_apply domain=prices remotePrices=0 pricesPulled=0 pricesSkippedNoProductRef=0
06-17 12:30:31.688 I/CatalogCloudSync( 7635): sync_events_apply domain=catalog remoteSuppliers=0 remoteCategories=0 remoteProducts=0 applied=0
06-17 12:30:31.738 D/EGL_emulation( 7635): app_time_stats: avg=3.09ms min=0.76ms max=15.48ms count=61
06-17 12:30:31.843 I/CatalogCloudSync( 7635): sync_events_apply domain=catalog_prices remoteProductIds=1 remotePrices=0 pricesPulled=0 pricesSkippedNoProductRef=0
06-17 12:30:31.940 I/CatalogCloudSync( 7635): sync_events_apply domain=prices remotePrices=0 pricesPulled=0 pricesSkippedNoProductRef=0
06-17 12:30:32.008 I/CatalogCloudSync( 7635): cycle=catalog_bootstrap outcome=skip reason=sync_busy
06-17 12:30:32.028 I/CatalogCloudSync( 7635): sync_events_apply domain=catalog remoteSuppliers=0 remoteCategories=0 remoteProducts=0 applied=0
06-17 12:30:32.111 I/CatalogCloudSync( 7635): sync_events_apply domain=catalog_prices remoteProductIds=1 remotePrices=0 pricesPulled=0 pricesSkippedNoProductRef=0
06-17 12:30:32.213 I/CatalogCloudSync( 7635): sync_events_apply domain=history remoteSessions=0 applied=0 skipped=0 failed=0 unsupported=0
06-17 12:30:32.305 I/CatalogCloudSync( 7635): sync_events_apply domain=history remoteSessions=0 applied=0 skipped=0 failed=0 unsupported=0
06-17 12:30:32.392 I/CatalogCloudSync( 7635): sync_events_apply domain=history remoteSessions=0 applied=0 skipped=0 failed=0 unsupported=0
06-17 12:30:32.515 I/CatalogCloudSync( 7635): sync_events_apply domain=history remoteSessions=11 applied=0 skipped=11 failed=0 unsupported=0
06-17 12:30:32.623 I/CatalogCloudSync( 7635): sync_events_apply domain=history remoteSessions=11 applied=0 skipped=11 failed=0 unsupported=0
06-17 12:30:32.725 I/CatalogCloudSync( 7635): sync_events_apply domain=history remoteSessions=11 applied=0 skipped=11 failed=0 unsupported=0
06-17 12:30:32.751 D/EGL_emulation( 7635): app_time_stats: avg=2.48ms min=0.89ms max=5.56ms count=61
06-17 12:30:32.759 I/CatalogCloudSync( 7635): cycle=catalog_bootstrap outcome=skip reason=sync_busy
06-17 12:30:32.824 I/CatalogCloudSync( 7635): sync_events_apply domain=history remoteSessions=11 applied=0 skipped=11 failed=0 unsupported=0
06-17 12:30:33.088 I/CatalogCloudSync( 7635): sync_events_apply domain=catalog remoteSuppliers=0 remoteCategories=0 remoteProducts=0 applied=0
06-17 12:30:33.189 I/CatalogCloudSync( 7635): sync_events_apply domain=catalog_prices remoteProductIds=3 remotePrices=0 pricesPulled=0 pricesSkippedNoProductRef=0
06-17 12:30:33.204 I/HalDevMgr(  605): bestIfaceCreationProposal is null, requestIface=STA, existingIface=[name=wlan0 type=STA]
06-17 12:30:33.274 I/CatalogCloudSync( 7635): sync_events_apply domain=prices remotePrices=0 pricesPulled=0 pricesSkippedNoProductRef=0
06-17 12:30:33.365 I/CatalogCloudSync( 7635): sync_events_apply domain=catalog remoteSuppliers=0 remoteCategories=0 remoteProducts=0 applied=0
06-17 12:30:33.478 I/CatalogCloudSync( 7635): sync_events_apply domain=catalog_prices remoteProductIds=1 remotePrices=0 pricesPulled=0 pricesSkippedNoProductRef=0
06-17 12:30:33.513 I/CatalogCloudSync( 7635): cycle=catalog_bootstrap outcome=skip reason=sync_busy
06-17 12:30:33.563 I/CatalogCloudSync( 7635): sync_events_apply domain=prices remotePrices=0 pricesPulled=0 pricesSkippedNoProductRef=0
06-17 12:30:33.657 I/CatalogCloudSync( 7635): sync_events_apply domain=catalog remoteSuppliers=0 remoteCategories=0 remoteProducts=0 applied=0
06-17 12:30:33.745 I/CatalogCloudSync( 7635): sync_events_apply domain=catalog_prices remoteProductIds=1 remotePrices=0 pricesPulled=0 pricesSkippedNoProductRef=0
06-17 12:30:33.753 D/EGL_emulation( 7635): app_time_stats: avg=2.36ms min=0.78ms max=6.27ms count=60
06-17 12:30:34.031 I/CatalogCloudSync( 7635): sync_events_apply domain=catalog remoteSuppliers=0 remoteCategories=0 remoteProducts=0 applied=0
06-17 12:30:34.146 I/CatalogCloudSync( 7635): sync_events_apply domain=catalog_prices remoteProductIds=3 remotePrices=0 pricesPulled=0 pricesSkippedNoProductRef=0
06-17 12:30:34.230 I/CatalogCloudSync( 7635): sync_events_apply domain=prices remotePrices=0 pricesPulled=0 pricesSkippedNoProductRef=0
06-17 12:30:34.265 I/CatalogCloudSync( 7635): cycle=catalog_bootstrap outcome=skip reason=sync_busy
06-17 12:30:34.315 I/CatalogCloudSync( 7635): sync_events_apply domain=catalog remoteSuppliers=0 remoteCategories=0 remoteProducts=0 applied=0
06-17 12:30:34.405 I/CatalogCloudSync( 7635): sync_events_apply domain=catalog_prices remoteProductIds=1 remotePrices=0 pricesPulled=0 pricesSkippedNoProductRef=0
06-17 12:30:34.510 I/CatalogCloudSync( 7635): sync_events_apply domain=prices remotePrices=0 pricesPulled=0 pricesSkippedNoProductRef=0
06-17 12:30:34.598 I/CatalogCloudSync( 7635): sync_events_apply domain=catalog remoteSuppliers=0 remoteCategories=0 remoteProducts=0 applied=0
06-17 12:30:34.691 I/CatalogCloudSync( 7635): sync_events_apply domain=catalog_prices remoteProductIds=1 remotePrices=0 pricesPulled=0 pricesSkippedNoProductRef=0
06-17 12:30:34.774 D/EGL_emulation( 7635): app_time_stats: avg=2.47ms min=1.08ms max=5.91ms count=61
06-17 12:30:34.780 I/CatalogCloudSync( 7635): sync_events_apply domain=history remoteSessions=0 applied=0 skipped=0 failed=0 unsupported=0
06-17 12:30:34.873 I/CatalogCloudSync( 7635): sync_events_apply domain=history remoteSessions=0 applied=0 skipped=0 failed=0 unsupported=0
06-17 12:30:34.964 I/CatalogCloudSync( 7635): sync_events_apply domain=history remoteSessions=0 applied=0 skipped=0 failed=0 unsupported=0
06-17 12:30:35.022 I/CatalogCloudSync( 7635): cycle=catalog_bootstrap outcome=skip reason=sync_busy
06-17 12:30:35.229 I/CatalogCloudSync( 7635): sync_events_apply domain=catalog remoteSuppliers=0 remoteCategories=0 remoteProducts=0 applied=0
06-17 12:30:35.323 I/CatalogCloudSync( 7635): sync_events_apply domain=catalog_prices remoteProductIds=3 remotePrices=0 pricesPulled=0 pricesSkippedNoProductRef=0
06-17 12:30:35.410 I/CatalogCloudSync( 7635): sync_events_apply domain=prices remotePrices=0 pricesPulled=0 pricesSkippedNoProductRef=0
06-17 12:30:35.496 I/CatalogCloudSync( 7635): sync_events_apply domain=catalog remoteSuppliers=0 remoteCategories=0 remoteProducts=0 applied=0
06-17 12:30:35.580 I/CatalogCloudSync( 7635): sync_events_apply domain=catalog_prices remoteProductIds=1 remotePrices=0 pricesPulled=0 pricesSkippedNoProductRef=0
06-17 12:30:35.678 I/CatalogCloudSync( 7635): sync_events_apply domain=prices remotePrices=0 pricesPulled=0 pricesSkippedNoProductRef=0
06-17 12:30:35.771 I/CatalogCloudSync( 7635): sync_events_apply domain=catalog remoteSuppliers=0 remoteCategories=0 remoteProducts=0 applied=0
06-17 12:30:35.774 I/CatalogCloudSync( 7635): cycle=catalog_bootstrap outcome=skip reason=sync_busy
06-17 12:30:35.786 D/EGL_emulation( 7635): app_time_stats: avg=2.40ms min=1.04ms max=5.64ms count=61
06-17 12:30:35.858 I/CatalogCloudSync( 7635): sync_events_apply domain=catalog_prices remoteProductIds=1 remotePrices=0 pricesPulled=0 pricesSkippedNoProductRef=0
06-17 12:30:35.991 I/CatalogCloudSync( 7635): sync_events_apply domain=history remoteSessions=11 applied=0 skipped=11 failed=0 unsupported=0
06-17 12:30:36.206 I/HalDevMgr(  605): bestIfaceCreationProposal is null, requestIface=STA, existingIface=[name=wlan0 type=STA]
06-17 12:30:36.208 D/IpClient/wlan0(  996): interfaceLinkStateChanged: ifindex 16 up
06-17 12:30:36.211 D/IpClient/wlan0(  996): interfaceLinkStateChanged: ifindex 16 up
06-17 12:30:36.241 I/CatalogCloudSync( 7635): sync_events_apply domain=catalog remoteSuppliers=0 remoteCategories=0 remoteProducts=0 applied=0
06-17 12:30:36.323 I/CatalogCloudSync( 7635): sync_events_apply domain=catalog_prices remoteProductIds=3 remotePrices=0 pricesPulled=0 pricesSkippedNoProductRef=0
06-17 12:30:36.411 I/adbd    (  465): adbd service requested 'shell,v2,raw:dumpsys package com.google.android.gms'
06-17 12:30:36.415 I/CatalogCloudSync( 7635): sync_events_apply domain=prices remotePrices=0 pricesPulled=0 pricesSkippedNoProductRef=0
06-17 12:30:36.478 I/artd    (  727): GetBestInfo: odex next to the dex file (/data/app/~~RBqLWa4IHxAvM1EDn2acWA==/com.google.android.gms--6rwsmYaGwERs-rlQ1V3rA==/oat/arm64/base.odex) is kOatBootImageOutOfDate with filter 'speed-profile' executable 'false': Image checksum mismatch, expected i;28/6d8ebc32 to start with i;28/fd0aebae
06-17 12:30:36.481 I/artd    (  727): GetBestInfo: vdex next to the dex file (/data/app/~~RBqLWa4IHxAvM1EDn2acWA==/com.google.android.gms--6rwsmYaGwERs-rlQ1V3rA==/oat/arm64/base.vdex) is kOatUpToDate with filter 'verify' executable 'false'
06-17 12:30:36.482 I/artd    (  727): GetBestInfo: dm (/data/app/~~RBqLWa4IHxAvM1EDn2acWA==/com.google.android.gms--6rwsmYaGwERs-rlQ1V3rA==/split_AdsDynamite_installtime.dm) is kOatUpToDate with filter 'verify' executable 'false'
06-17 12:30:36.482 I/artd    (  727): GetBestInfo: odex next to the dex file (/data/app/~~RBqLWa4IHxAvM1EDn2acWA==/com.google.android.gms--6rwsmYaGwERs-rlQ1V3rA==/oat/arm64/split_CronetDynamite_installtime.odex) is kOatBootImageOutOfDate with filter 'speed-profile' executable 'false': Image checksum mismatch, expected i;28/6d8ebc32 to start with i;28/fd0aebae
06-17 12:30:36.482 I/artd    (  727): GetBestInfo: vdex next to the dex file (/data/app/~~RBqLWa4IHxAvM1EDn2acWA==/com.google.android.gms--6rwsmYaGwERs-rlQ1V3rA==/oat/arm64/split_CronetDynamite_installtime.vdex) is kOatUpToDate with filter 'verify' executable 'false'
06-17 12:30:36.483 I/artd    (  727): GetBestInfo: dm (/data/app/~~RBqLWa4IHxAvM1EDn2acWA==/com.google.android.gms--6rwsmYaGwERs-rlQ1V3rA==/split_DynamiteLoader_installtime.dm) is kOatUpToDate with filter 'verify' executable 'false'
06-17 12:30:36.485 I/artd    (  727): GetBestInfo: dm (/data/app/~~RBqLWa4IHxAvM1EDn2acWA==/com.google.android.gms--6rwsmYaGwERs-rlQ1V3rA==/split_DynamiteModulesA_installtime.dm) is kOatUpToDate with filter 'verify' executable 'false'
06-17 12:30:36.490 I/artd    (  727): GetBestInfo: dm (/data/app/~~RBqLWa4IHxAvM1EDn2acWA==/com.google.android.gms--6rwsmYaGwERs-rlQ1V3rA==/split_DynamiteModulesC_installtime.dm) is kOatUpToDate with filter 'verify' executable 'false'
06-17 12:30:36.491 I/artd    (  727): GetBestInfo: dm (/data/app/~~RBqLWa4IHxAvM1EDn2acWA==/com.google.android.gms--6rwsmYaGwERs-rlQ1V3rA==/split_GoogleCertificates_installtime.dm) is kOatUpToDate with filter 'verify' executable 'false'
06-17 12:30:36.491 I/artd    (  727): GetBestInfo: dm (/data/app/~~RBqLWa4IHxAvM1EDn2acWA==/com.google.android.gms--6rwsmYaGwERs-rlQ1V3rA==/split_MapsDynamite_installtime.dm) is kOatUpToDate with filter 'verify' executable 'false'
06-17 12:30:36.493 I/artd    (  727): GetBestInfo: dm (/data/app/~~RBqLWa4IHxAvM1EDn2acWA==/com.google.android.gms--6rwsmYaGwERs-rlQ1V3rA==/split_MeasurementDynamite_installtime.dm) is kOatUpToDate with filter 'verify' executable 'false'
06-17 12:30:36.493 I/artd    (  727): GetBestInfo: /data/user_de/0/com.google.android.gms/app_chimera/m/0000002a/dl-MlkitBarcodeUi.optional_261733100400.apk has no usable artifacts
06-17 12:30:36.493 I/artd    (  727): GetBestInfo: /data/user_de/0/com.google.android.gms/app_chimera/m/00000035/dl-VisionOcr.optional_261933100000.apk has no usable artifacts
06-17 12:30:36.496 I/artd    (  727): GetBestInfo: /data/user_de/0/com.google.android.gms/app_chimera/m/00000001/CronetDynamite.uncompressed.apk has no usable artifacts
06-17 12:30:36.496 I/artd    (  727): GetBestInfo: /data/user_de/0/com.google.android.gms/app_chimera/m/00000047/dl-PlayCloudSearch.optional_262333100000.apk has no usable artifacts
06-17 12:30:36.496 I/artd    (  727): GetBestInfo: /data/user_de/0/com.google.android.gms/app_chimera/m/00000016/dl-IdentityCredentialsPlatform.optional_261464100400.apk has no usable artifacts
06-17 12:30:36.497 I/artd    (  727): GetBestInfo: /data/user_de/0/com.google.android.gms/app_chimera/m/00000046/dl-MlkitOcrCommon.optional_262333100400.apk has no usable artifacts
06-17 12:30:36.497 I/artd    (  727): GetBestInfo: /data/user_de/0/com.google.android.gms/app_chimera/m/00000014/dl-VisionOcr.optional_261464100000.apk has no usable artifacts
06-17 12:30:36.497 I/artd    (  727): GetBestInfo: /data/user_de/0/com.google.android.gms/app_chimera/m/00000017/dl-Appsearch.optional_261464100400.apk has no usable artifacts
06-17 12:30:36.497 I/artd    (  727): GetBestInfo: /data/user_de/0/com.google.android.gms/app_chimera/m/0000004b/dl-MlkitBarcodeUi.optional_262333100400.apk has no usable artifacts
06-17 12:30:36.497 I/artd    (  727): GetBestInfo: /data/user/0/com.google.android.gms/app_dg_cache/87E7746227FF4E457A2EB56043B95E41006DE49F/the.apk has no usable artifacts
06-17 12:30:36.498 I/artd    (  727): GetBestInfo: /data/user_de/0/com.google.android.gms/app_chimera/m/00000048/dl-IdentityCredentialsPlatform.optional_262333100400.apk has no usable artifacts
06-17 12:30:36.499 I/artd    (  727): GetBestInfo: /data/user_de/0/com.google.android.gms/app_chimera/m/0000000a/dl-MlkitBarcodeUi.optional_242335100400.apk has no usable artifacts
06-17 12:30:36.499 I/artd    (  727): GetBestInfo: /data/user_de/0/com.google.android.gms/app_chimera/m/00000029/dl-MlkitOcrCommon.optional_261733100400.apk has no usable artifacts
06-17 12:30:36.499 I/artd    (  727): GetBestInfo: /data/user_de/0/com.google.android.gms/app_chimera/m/00000002/DynamiteLoader.uncompressed.apk has no usable artifacts
06-17 12:30:36.499 I/artd    (  727): GetBestInfo: /data/user_de/0/com.google.android.gms/app_chimera/m/0000002e/dl-Appsearch.optional_261733100400.apk has no usable artifacts
06-17 12:30:36.499 I/artd    (  727): GetBestInfo: /data/user_de/0/com.google.android.gms/app_chimera/m/00000030/dl-MlkitOcrCommon.optional_261933100400.apk has no usable artifacts
06-17 12:30:36.499 I/artd    (  727): GetBestInfo: /data/user_de/0/com.google.android.gms/app_chimera/m/00000015/dl-PlayCloudSearch.optional_261464100000.apk has no usable artifacts
06-17 12:30:36.499 I/artd    (  727): GetBestInfo: /data/user_de/0/com.google.android.gms/app_chimera/m/0000001e/dl-Appsearch.optional_261631100400.apk has no usable artifacts
06-17 12:30:36.499 I/artd    (  727): GetBestInfo: /data/user_de/0/com.google.android.gms/app_chimera/m/00000013/dl-MlkitOcrCommon.optional_261464100400.apk has no usable artifacts
06-17 12:30:36.499 I/artd    (  727): GetBestInfo: /data/user_de/0/com.google.android.gms/app_chimera/m/00000032/dl-MlkitBarcodeUi.optional_261933100400.apk has no usable artifacts
06-17 12:30:36.499 I/artd    (  727): GetBestInfo: /data/user/0/com.google.android.gms/app_dg_cache/754BEC187BC4F26BBC31300F93DBF9B7506C1861/the.apk has no usable artifacts
06-17 12:30:36.499 I/artd    (  727): GetBestInfo: /data/user_de/0/com.google.android.gms/app_chimera/m/00000007/MeasurementDynamite.apk has no usable artifacts
06-17 12:30:36.499 I/artd    (  727): GetBestInfo: /data/user_de/0/com.google.android.gms/app_chimera/m/0000002c/dl-IdentityCredentialsPlatform.optional_261733100400.apk has no usable artifacts
06-17 12:30:36.499 I/artd    (  727): GetBestInfo: /data/user_de/0/com.google.android.gms/app_chimera/m/0000002b/dl-PlayCloudSearch.optional_261733100000.apk has no usable artifacts
06-17 12:30:36.499 I/artd    (  727): GetBestInfo: /data/user_de/0/com.google.android.gms/app_chimera/m/00000033/dl-PlayCloudSearch.optional_261933100000.apk has no usable artifacts
06-17 12:30:36.502 I/artd    (  727): GetBestInfo: /data/user_de/0/com.google.android.gms/app_chimera/m/0000001c/dl-VisionOcr.optional_261631100000.apk has no usable artifacts
06-17 12:30:36.502 I/artd    (  727): GetBestInfo: /data/user_de/0/com.google.android.gms/app_chimera/m/00000011/dl-MlkitBarcodeUi.optional_261464100400.apk has no usable artifacts
06-17 12:30:36.503 I/artd    (  727): GetBestInfo: /data/user_de/0/com.google.android.gms/app_chimera/m/00000049/dl-VisionOcr.optional_262333100000.apk has no usable artifacts
06-17 12:30:36.503 I/artd    (  727): GetBestInfo: /data/user_de/0/com.google.android.gms/app_chimera/m/00000005/GoogleCertificates.apk has no usable artifacts
06-17 12:30:36.503 I/artd    (  727): GetBestInfo: /data/user_de/0/com.google.android.gms/app_chimera/m/00000010/dl-TfliteDynamiteDynamite.integ_260580502100400.apk has no usable artifacts
06-17 12:30:36.504 I/artd    (  727): GetBestInfo: /data/user/0/com.google.android.gms/app_dg_cache/9D5BCED7935D64431BF672B8BBD597199833CA19/the.apk has no usable artifacts
06-17 12:30:36.504 I/artd    (  727): GetBestInfo: /data/user_de/0/com.google.android.gms/app_chimera/m/00000009/dl-TfliteDynamiteDynamite.integ_252130102100400.apk has no usable artifacts
06-17 12:30:36.504 I/artd    (  727): GetBestInfo: vdex next to the dex file (/data/user/0/com.google.android.gms/app_dg_cache/5833371D1ACC412507A92815B074897510CCCEDD/oat/arm64/the.vdex) is kOatUpToDate with filter 'verify' executable 'false'
06-17 12:30:36.505 I/artd    (  727): GetBestInfo: /data/user_de/0/com.google.android.gms/app_chimera/m/0000001b/dl-PlayCloudSearch.optional_261631100000.apk has no usable artifacts
06-17 12:30:36.505 I/artd    (  727): GetBestInfo: /data/user_de/0/com.google.android.gms/app_chimera/m/00000027/dl-IdentityCredentialsPlatform.optional_261631100400.apk has no usable artifacts
06-17 12:30:36.505 I/artd    (  727): GetBestInfo: /data/user/0/com.google.android.gms/app_dg_cache/86153AA318A3F208A8C511836585279D8C7E8D94/the.apk has no usable artifacts
06-17 12:30:36.505 I/artd    (  727): GetBestInfo: /data/user_de/0/com.google.android.gms/app_chimera/m/0000001d/dl-IdentityCredentialsPlatform.optional_261631100400.apk has no usable artifacts
06-17 12:30:36.505 I/artd    (  727): GetBestInfo: /data/user_de/0/com.google.android.gms/app_chimera/m/0000002d/dl-VisionOcr.optional_261733100000.apk has no usable artifacts
06-17 12:30:36.505 I/artd    (  727): GetBestInfo: /data/user_de/0/com.google.android.gms/app_chimera/m/0000000e/dl-PlayCloudSearch.optional_242335100000.apk has no usable artifacts
06-17 12:30:36.506 I/artd    (  727): GetBestInfo: /data/user_de/0/com.google.android.gms/app_chimera/m/0000004a/dl-Appsearch.optional_262333100400.apk has no usable artifacts
06-17 12:30:36.506 I/artd    (  727): GetBestInfo: /data/user_de/0/com.google.android.gms/app_chimera/m/0000001a/dl-MlkitBarcodeUi.optional_261631100400.apk has no usable artifacts
06-17 12:30:36.506 I/artd    (  727): GetBestInfo: vdex next to the dex file (/data/user/0/com.google.android.gms/app_dg_cache/10FF5D5C646CC9E2F04BD9D73A072BD012EF1A7A/oat/arm64/the.vdex) is kOatUpToDate with filter 'verify' executable 'false'
06-17 12:30:36.507 I/CatalogCloudSync( 7635): sync_events_apply domain=catalog remoteSuppliers=0 remoteCategories=0 remoteProducts=0 applied=0
06-17 12:30:36.507 I/artd    (  727): GetBestInfo: /data/user_de/0/com.google.android.gms/app_chimera/m/00000036/dl-Appsearch.optional_261933100400.apk has no usable artifacts
06-17 12:30:36.507 I/artd    (  727): GetBestInfo: /data/user/0/com.google.android.gms/app_dg_cache/21A90BF1C1C388089206DCE215FB60D7882BFA18/the.apk has no usable artifacts
06-17 12:30:36.507 I/artd    (  727): GetBestInfo: /data/user_de/0/com.google.android.gms/app_chimera/m/0000001f/dl-IdentityCredentialsPlacebo.optional_261631100400.apk has no usable artifacts
06-17 12:30:36.507 I/artd    (  727): GetBestInfo: /data/user_de/0/com.google.android.gms/app_chimera/m/00000034/dl-IdentityCredentialsPlatform.optional_261933100400.apk has no usable artifacts
06-17 12:30:36.507 I/artd    (  727): GetBestInfo: /data/user_de/0/com.google.android.gms/app_chimera/m/00000019/dl-MlkitOcrCommon.optional_261631100400.apk has no usable artifacts
06-17 12:30:36.508 I/artd    (  727): GetBestInfo: /data/user/0/com.google.android.gms/app_dg_cache/A8F89F306FD1BA172E06F6F2B9F79826D0309BB6/the.apk has no usable artifacts
06-17 12:30:36.508 I/artd    (  727): GetBestInfo: /data/user/0/com.google.android.gms/app_dg_cache/707FFD883BF2A7896692338F9625CA52336E933B/the.apk has no usable artifacts
06-17 12:30:36.530 I/CatalogCloudSync( 7635): cycle=catalog_bootstrap outcome=skip reason=sync_busy
06-17 12:30:36.587 I/CatalogCloudSync( 7635): sync_events_apply domain=catalog_prices remoteProductIds=1 remotePrices=0 pricesPulled=0 pricesSkippedNoProductRef=0
06-17 12:30:36.667 I/CatalogCloudSync( 7635): sync_events_apply domain=prices remotePrices=0 pricesPulled=0 pricesSkippedNoProductRef=0
06-17 12:30:36.754 I/CatalogCloudSync( 7635): sync_events_apply domain=catalog remoteSuppliers=0 remoteCategories=0 remoteProducts=0 applied=0
06-17 12:30:36.803 D/EGL_emulation( 7635): app_time_stats: avg=2.07ms min=0.72ms max=6.70ms count=61
06-17 12:30:36.840 I/CatalogCloudSync( 7635): sync_events_apply domain=catalog_prices remoteProductIds=1 remotePrices=0 pricesPulled=0 pricesSkippedNoProductRef=0
06-17 12:30:36.924 I/CatalogCloudSync( 7635): sync_events_apply domain=history remoteSessions=0 applied=0 skipped=0 failed=0 unsupported=0
06-17 12:30:37.007 I/CatalogCloudSync( 7635): sync_events_apply domain=history remoteSessions=0 applied=0 skipped=0 failed=0 unsupported=0
06-17 12:30:37.241 I/CatalogCloudSync( 7635): sync_events_apply domain=history remoteSessions=0 applied=0 skipped=0 failed=0 unsupported=0
06-17 12:30:37.285 I/CatalogCloudSync( 7635): cycle=catalog_bootstrap outcome=skip reason=sync_busy
06-17 12:30:37.372 I/CatalogCloudSync( 7635): sync_events_apply domain=history remoteSessions=11 applied=0 skipped=11 failed=0 unsupported=0
06-17 12:30:37.625 I/CatalogCloudSync( 7635): sync_events_apply domain=catalog remoteSuppliers=0 remoteCategories=0 remoteProducts=0 applied=0
06-17 12:30:37.803 D/EGL_emulation( 7635): app_time_stats: avg=2.37ms min=1.03ms max=6.30ms count=60
06-17 12:30:37.832 I/CatalogCloudSync( 7635): sync_events_apply domain=catalog_prices remoteProductIds=1 remotePrices=0 pricesPulled=0 pricesSkippedNoProductRef=0
06-17 12:30:38.037 I/CatalogCloudSync( 7635): cycle=catalog_bootstrap outcome=skip reason=sync_busy
06-17 12:30:38.091 I/CatalogCloudSync( 7635): sync_events_apply domain=catalog remoteSuppliers=0 remoteCategories=0 remoteProducts=0 applied=0
06-17 12:30:38.174 I/CatalogCloudSync( 7635): sync_events_apply domain=catalog_prices remoteProductIds=1 remotePrices=0 pricesPulled=0 pricesSkippedNoProductRef=0
06-17 12:30:38.435 I/CatalogCloudSync( 7635): sync_events_apply domain=catalog remoteSuppliers=0 remoteCategories=0 remoteProducts=0 applied=0
06-17 12:30:38.441 I/wpa_supplicant(  851): wlan0: CTRL-EVENT-BEACON-LOSS 
06-17 12:30:38.523 I/CatalogCloudSync( 7635): sync_events_apply domain=catalog_prices remoteProductIds=3 remotePrices=0 pricesPulled=0 pricesSkippedNoProductRef=0
06-17 12:30:38.648 I/CatalogCloudSync( 7635): sync_events_apply domain=prices remotePrices=0 pricesPulled=0 pricesSkippedNoProductRef=0
06-17 12:30:38.789 I/CatalogCloudSync( 7635): cycle=catalog_bootstrap outcome=skip reason=sync_busy
06-17 12:30:38.805 D/EGL_emulation( 7635): app_time_stats: avg=2.95ms min=0.89ms max=8.49ms count=60
06-17 12:30:38.940 I/CatalogCloudSync( 7635): sync_events_apply domain=catalog remoteSuppliers=0 remoteCategories=0 remoteProducts=0 applied=0
06-17 12:30:39.025 I/CatalogCloudSync( 7635): sync_events_apply domain=catalog_prices remoteProductIds=2 remotePrices=0 pricesPulled=0 pricesSkippedNoProductRef=0
06-17 12:30:39.111 I/CatalogCloudSync( 7635): sync_events_apply domain=prices remotePrices=0 pricesPulled=0 pricesSkippedNoProductRef=0
06-17 12:30:39.199 I/CatalogCloudSync( 7635): sync_events_apply domain=history remoteSessions=0 applied=0 skipped=0 failed=0 unsupported=0
06-17 12:30:39.212 I/HalDevMgr(  605): bestIfaceCreationProposal is null, requestIface=STA, existingIface=[name=wlan0 type=STA]
06-17 12:30:39.219 I/MagicTether( 1144): (REDACTED) [ActiveNetworkTracker] setActiveNetwork: %s
06-17 12:30:39.221 I/MagicTether( 1144): (REDACTED) [TetherService] onActiveNetworkChanged: network=%s isLost=%s
06-17 12:30:39.222 W/IPCThreadState(  605): Sending oneway calls to frozen process.
06-17 12:30:39.222 W/IPCThreadState(  605): Sending oneway calls to frozen process.
06-17 12:30:39.222 W/IPCThreadState(  605): Sending oneway calls to frozen process.
06-17 12:30:39.222 W/IPCThreadState(  605): Sending oneway calls to frozen process.
06-17 12:30:39.222 W/IPCThreadState(  605): Sending oneway calls to frozen process.
06-17 12:30:39.222 W/IPCThreadState(  605): Sending oneway calls to frozen process.
06-17 12:30:39.222 W/IPCThreadState(  605): Sending oneway calls to frozen process.
06-17 12:30:39.222 W/IPCThreadState(  605): Sending oneway calls to frozen process.
06-17 12:30:39.222 W/IPCThreadState(  605): Sending oneway calls to frozen process.
06-17 12:30:39.222 W/IPCThreadState(  605): Sending oneway calls to frozen process.
06-17 12:30:39.224 D/ConnectivityService(  605): NetReassign [no changes] [c 0] [a 0] [i 1]
06-17 12:30:39.224 I/MagicTether( 1144): [WifiConnectionHandler] Ignoring getWifiConfigurationByNetworkId when checking connected state [CONTEXT service_id=276 ]
06-17 12:30:39.224 I/NearbyMediums( 1144): Wifi changed new SSID: "AndroidWifi"
06-17 12:30:39.224 I/MagicTether( 1144): [WifiConnectionHandler] No networkId set, can't be connected. [CONTEXT service_id=276 ]
06-17 12:30:39.224 I/MagicTether( 1144): (REDACTED) [TetherService] TRANSPORT_CELLULAR [%s], TRANSPORT_ETHERNET [%s], TRANSPORT_WIFI [%s]
06-17 12:30:39.224 I/MagicTether( 1144): (REDACTED) [TetherService] setRoles hasActiveNetworkConnection=%s canActiveNetworkBeTethered=%s isConnectedToInstantTether=%s isWifiEnabled=%s isHosting=%s
06-17 12:30:39.225 I/NearbyMediums( 1144): WifiLanConnectivityInfo is not changed, skip notify.
06-17 12:30:39.225 I/NullBinder( 1144): NullBinder for android.net.action.RECOMMEND_NETWORKS triggering remote TransactionTooLargeException due to Service without Chimera impl, calling uid: 1000, calling pid: 0
06-17 12:30:39.225 W/.gms.persistent( 1144): Large reply transaction of 1056768 bytes, interface descriptor , code 1
06-17 12:30:39.226 I/MagicTether( 1144): (REDACTED) [LaunchUtils] Instant Wifi for status account: name: %s | type: %s | isLaunched: %s
06-17 12:30:39.226 I/MagicTether( 1144): (REDACTED) [TidepoolFeatureStatusManager] isInstantHotspotEnabled=%s
06-17 12:30:39.226 I/MagicTether( 1144): (REDACTED) [TidepoolFeatureStatusManager] isInstantWifiEnabled=%s
06-17 12:30:39.226 I/MagicTether( 1144): (REDACTED) [TetherService] startNearbyHostRole: start: %s isInstantHotspotEnabled: %s isInstantWifiEnabled: %s
06-17 12:30:39.226 I/MagicTether( 1144): [HostTetherRole] Nearby host role already stopped [CONTEXT service_id=276 ]
06-17 12:30:39.228 I/MagicTether( 1144): (REDACTED) [NotificationPresenter] cancelNotification: %d
06-17 12:30:39.228 I/MagicTether( 1144): [AutoDisconnectIntentOperation] Canceling task. [CONTEXT service_id=276 ]
06-17 12:30:39.229 I/MagicTether( 1144): (REDACTED) [LaunchUtils] Instant Wifi for status account: name: %s | type: %s | isLaunched: %s
06-17 12:30:39.229 I/MagicTether( 1144): (REDACTED) [TidepoolFeatureStatusManager] isInstantHotspotEnabled=%s
06-17 12:30:39.229 I/MagicTether( 1144): (REDACTED) [TidepoolFeatureStatusManager] isInstantWifiEnabled=%s
06-17 12:30:39.229 I/MagicTether( 1144): (REDACTED) [TetherService] startNearbyClientRole: start: %s isInstantHotspotEnabled: %s isInstantWifiEnabled: %s
06-17 12:30:39.229 I/MagicTether( 1144): [TetherService] Stopping Nearby client role [CONTEXT service_id=276 ]
06-17 12:30:39.229 I/MagicTether( 1144): [ClientTetherRole] Client role already stopped [CONTEXT service_id=276 ]
06-17 12:30:39.231 I/MagicTether( 1144): [AutoDisconnectIntentOperation] Canceling task. [CONTEXT service_id=276 ]
06-17 12:30:39.231 I/MagicTether( 1144): (REDACTED) [NotificationPresenter] cancelNotification: %d
06-17 12:30:39.231 I/MagicTether( 1144): [AutoDisconnectIntentOperation] Canceling task. [CONTEXT service_id=276 ]
06-17 12:30:39.231 I/MagicTether( 1144): (REDACTED) [NotificationPresenter] cancelNotification: %d
06-17 12:30:39.307 I/CatalogCloudSync( 7635): sync_events_apply domain=history remoteSessions=0 applied=0 skipped=0 failed=0 unsupported=0
06-17 12:30:39.391 I/CatalogCloudSync( 7635): sync_events_apply domain=catalog remoteSuppliers=0 remoteCategories=0 remoteProducts=0 applied=0
06-17 12:30:39.475 I/CatalogCloudSync( 7635): sync_events_apply domain=catalog_prices remoteProductIds=3 remotePrices=0 pricesPulled=0 pricesSkippedNoProductRef=0
06-17 12:30:39.542 I/CatalogCloudSync( 7635): cycle=catalog_bootstrap outcome=skip reason=sync_busy
06-17 12:30:39.720 I/NearbySharing( 1144): Network state changed: NetworkState(isRestricted=false, isOnline=true, isCongested=false, isMetered=false, isWifiConnected=true)
06-17 12:30:39.720 I/NearbySharing( 1144): Network state changed: NetworkState(isRestricted=false, isOnline=true, isCongested=false, isMetered=false, isWifiConnected=true)
06-17 12:30:39.738 I/CatalogCloudSync( 7635): sync_events_apply domain=prices remotePrices=0 pricesPulled=0 pricesSkippedNoProductRef=0
06-17 12:30:39.821 D/EGL_emulation( 7635): app_time_stats: avg=2.53ms min=1.01ms max=6.37ms count=61
06-17 12:30:40.006 I/CatalogCloudSync( 7635): sync_events_apply domain=catalog remoteSuppliers=0 remoteCategories=0 remoteProducts=0 applied=0
06-17 12:30:40.092 I/CatalogCloudSync( 7635): sync_events_apply domain=catalog_prices remoteProductIds=1 remotePrices=0 pricesPulled=0 pricesSkippedNoProductRef=0
06-17 12:30:40.295 I/CatalogCloudSync( 7635): cycle=catalog_bootstrap outcome=skip reason=sync_busy
06-17 12:30:40.476 I/CatalogCloudSync( 7635): sync_events_apply domain=catalog remoteSuppliers=0 remoteCategories=0 remoteProducts=0 applied=0
06-17 12:30:40.563 I/CatalogCloudSync( 7635): sync_events_apply domain=catalog_prices remoteProductIds=1 remotePrices=0 pricesPulled=0 pricesSkippedNoProductRef=0
06-17 12:30:40.826 D/EGL_emulation( 7635): app_time_stats: avg=2.66ms min=1.12ms max=5.83ms count=60
06-17 12:30:40.830 I/CatalogCloudSync( 7635): sync_events_apply domain=catalog remoteSuppliers=0 remoteCategories=0 remoteProducts=0 applied=0
06-17 12:30:40.924 I/CatalogCloudSync( 7635): sync_events_apply domain=catalog_prices remoteProductIds=3 remotePrices=0 pricesPulled=0 pricesSkippedNoProductRef=0
06-17 12:30:40.969 I/UsageStatsService(  605): User[0] Flushing usage stats to disk
06-17 12:30:41.005 I/CatalogCloudSync( 7635): sync_events_apply domain=prices remotePrices=0 pricesPulled=0 pricesSkippedNoProductRef=0
06-17 12:30:41.049 I/CatalogCloudSync( 7635): cycle=catalog_bootstrap outcome=skip reason=sync_busy
06-17 12:30:41.260 I/CatalogCloudSync( 7635): sync_events_apply domain=catalog remoteSuppliers=0 remoteCategories=0 remoteProducts=0 applied=0
06-17 12:30:41.341 I/CatalogCloudSync( 7635): sync_events_apply domain=catalog_prices remoteProductIds=2 remotePrices=0 pricesPulled=0 pricesSkippedNoProductRef=0
06-17 12:30:41.369 I/NearbyMediums( 1144): No BLE Fast/GATT advertisements found in the latest cycle.
06-17 12:30:41.369 I/NearbyMediums( 1144): Current Tracked Scanning Clients are : {NearbyConnections.EnvironmentMonitor, NearbySharing, NearbyConnections.TxAdvertisement}
06-17 12:30:41.389 W/IPCThreadState(  605): Sending oneway calls to frozen process.
06-17 12:30:41.438 I/CatalogCloudSync( 7635): sync_events_apply domain=prices remotePrices=0 pricesPulled=0 pricesSkippedNoProductRef=0
06-17 12:30:41.528 I/CatalogCloudSync( 7635): sync_events_apply domain=history remoteSessions=0 applied=0 skipped=0 failed=0 unsupported=0
06-17 12:30:41.614 I/CatalogCloudSync( 7635): sync_events_apply domain=history remoteSessions=0 applied=0 skipped=0 failed=0 unsupported=0
06-17 12:30:41.708 I/CatalogCloudSync( 7635): sync_events_apply domain=catalog remoteSuppliers=0 remoteCategories=0 remoteProducts=0 applied=0
06-17 12:30:41.793 I/CatalogCloudSync( 7635): sync_events_apply domain=catalog_prices remoteProductIds=3 remotePrices=0 pricesPulled=0 pricesSkippedNoProductRef=0
06-17 12:30:41.805 I/CatalogCloudSync( 7635): cycle=catalog_bootstrap outcome=skip reason=sync_busy
06-17 12:30:41.837 D/EGL_emulation( 7635): app_time_stats: avg=2.14ms min=1.05ms max=4.88ms count=61
06-17 12:30:41.877 I/CatalogCloudSync( 7635): sync_events_apply domain=prices remotePrices=0 pricesPulled=0 pricesSkippedNoProductRef=0
06-17 12:30:42.123 I/CatalogCloudSync( 7635): sync_events_apply domain=catalog remoteSuppliers=0 remoteCategories=0 remoteProducts=0 applied=0
06-17 12:30:42.206 I/CatalogCloudSync( 7635): sync_events_apply domain=catalog_prices remoteProductIds=1 remotePrices=0 pricesPulled=0 pricesSkippedNoProductRef=0
06-17 12:30:42.225 I/HalDevMgr(  605): bestIfaceCreationProposal is null, requestIface=STA, existingIface=[name=wlan0 type=STA]
06-17 12:30:42.230 D/IpClient/wlan0(  996): interfaceLinkStateChanged: ifindex 16 up
06-17 12:30:42.231 W/IPCThreadState(  605): Sending oneway calls to frozen process.
06-17 12:30:42.231 W/IPCThreadState(  605): Sending oneway calls to frozen process.
06-17 12:30:42.231 W/IPCThreadState(  605): Sending oneway calls to frozen process.
06-17 12:30:42.231 W/IPCThreadState(  605): Sending oneway calls to frozen process.
06-17 12:30:42.231 W/IPCThreadState(  605): Sending oneway calls to frozen process.
06-17 12:30:42.232 W/IPCThreadState(  605): Sending oneway calls to frozen process.
06-17 12:30:42.232 W/IPCThreadState(  605): Sending oneway calls to frozen process.
06-17 12:30:42.232 W/IPCThreadState(  605): Sending oneway calls to frozen process.
06-17 12:30:42.232 W/IPCThreadState(  605): Sending oneway calls to frozen process.
06-17 12:30:42.232 W/IPCThreadState(  605): Sending oneway calls to frozen process.
06-17 12:30:42.235 D/ConnectivityService(  605): NetReassign [no changes] [c 0] [a 3] [i 0]
06-17 12:30:42.237 D/IpClient/wlan0(  996): interfaceLinkStateChanged: ifindex 16 up
06-17 12:30:42.237 I/MagicTether( 1144): (REDACTED) [ActiveNetworkTracker] setActiveNetwork: %s
06-17 12:30:42.237 I/MagicTether( 1144): (REDACTED) [TetherService] onActiveNetworkChanged: network=%s isLost=%s
06-17 12:30:42.238 I/MagicTether( 1144): [WifiConnectionHandler] Ignoring getWifiConfigurationByNetworkId when checking connected state [CONTEXT service_id=276 ]
06-17 12:30:42.239 I/MagicTether( 1144): [WifiConnectionHandler] No networkId set, can't be connected. [CONTEXT service_id=276 ]
06-17 12:30:42.240 I/NullBinder( 1144): NullBinder for android.net.action.RECOMMEND_NETWORKS triggering remote TransactionTooLargeException due to Service without Chimera impl, calling uid: 1000, calling pid: 0
06-17 12:30:42.240 W/.gms.persistent( 1144): Large reply transaction of 1056768 bytes, interface descriptor , code 1
06-17 12:30:42.240 I/NearbyMediums( 1144): Wifi changed new SSID: "AndroidWifi"
06-17 12:30:42.240 I/NearbyMediums( 1144): WifiLanConnectivityInfo is not changed, skip notify.
06-17 12:30:42.241 I/MagicTether( 1144): (REDACTED) [TetherService] TRANSPORT_CELLULAR [%s], TRANSPORT_ETHERNET [%s], TRANSPORT_WIFI [%s]
06-17 12:30:42.241 I/MagicTether( 1144): (REDACTED) [TetherService] setRoles hasActiveNetworkConnection=%s canActiveNetworkBeTethered=%s isConnectedToInstantTether=%s isWifiEnabled=%s isHosting=%s
06-17 12:30:42.241 I/MagicTether( 1144): (REDACTED) [LaunchUtils] Instant Wifi for status account: name: %s | type: %s | isLaunched: %s
06-17 12:30:42.241 I/MagicTether( 1144): (REDACTED) [TidepoolFeatureStatusManager] isInstantHotspotEnabled=%s
06-17 12:30:42.241 I/MagicTether( 1144): (REDACTED) [TidepoolFeatureStatusManager] isInstantWifiEnabled=%s
06-17 12:30:42.241 I/MagicTether( 1144): (REDACTED) [TetherService] startNearbyHostRole: start: %s isInstantHotspotEnabled: %s isInstantWifiEnabled: %s
06-17 12:30:42.241 I/MagicTether( 1144): [HostTetherRole] Nearby host role already stopped [CONTEXT service_id=276 ]
06-17 12:30:42.243 I/MagicTether( 1144): (REDACTED) [NotificationPresenter] cancelNotification: %d
06-17 12:30:42.243 I/MagicTether( 1144): [AutoDisconnectIntentOperation] Canceling task. [CONTEXT service_id=276 ]
06-17 12:30:42.244 I/MagicTether( 1144): (REDACTED) [LaunchUtils] Instant Wifi for status account: name: %s | type: %s | isLaunched: %s
06-17 12:30:42.244 I/MagicTether( 1144): (REDACTED) [TidepoolFeatureStatusManager] isInstantHotspotEnabled=%s
06-17 12:30:42.244 I/MagicTether( 1144): (REDACTED) [TidepoolFeatureStatusManager] isInstantWifiEnabled=%s
06-17 12:30:42.244 I/MagicTether( 1144): (REDACTED) [TetherService] startNearbyClientRole: start: %s isInstantHotspotEnabled: %s isInstantWifiEnabled: %s
06-17 12:30:42.244 I/MagicTether( 1144): [TetherService] Stopping Nearby client role [CONTEXT service_id=276 ]
06-17 12:30:42.244 I/MagicTether( 1144): [ClientTetherRole] Client role already stopped [CONTEXT service_id=276 ]
06-17 12:30:42.245 I/MagicTether( 1144): [AutoDisconnectIntentOperation] Canceling task. [CONTEXT service_id=276 ]
06-17 12:30:42.245 I/MagicTether( 1144): (REDACTED) [NotificationPresenter] cancelNotification: %d
06-17 12:30:42.246 I/MagicTether( 1144): [AutoDisconnectIntentOperation] Canceling task. [CONTEXT service_id=276 ]
06-17 12:30:42.246 I/MagicTether( 1144): (REDACTED) [NotificationPresenter] cancelNotification: %d
06-17 12:30:42.454 I/CatalogCloudSync( 7635): sync_events_apply domain=catalog remoteSuppliers=0 remoteCategories=0 remoteProducts=0 applied=0
06-17 12:30:42.539 I/CatalogCloudSync( 7635): sync_events_apply domain=catalog_prices remoteProductIds=1 remotePrices=0 pricesPulled=0 pricesSkippedNoProductRef=0
06-17 12:30:42.558 I/CatalogCloudSync( 7635): cycle=catalog_bootstrap outcome=skip reason=sync_busy
06-17 12:30:42.730 I/NearbySharing( 1144): Network state changed: NetworkState(isRestricted=false, isOnline=true, isCongested=false, isMetered=false, isWifiConnected=true)
06-17 12:30:42.730 I/NearbySharing( 1144): Network state changed: NetworkState(isRestricted=false, isOnline=true, isCongested=false, isMetered=false, isWifiConnected=true)
06-17 12:30:42.798 I/CatalogCloudSync( 7635): sync_events_apply domain=catalog remoteSuppliers=0 remoteCategories=0 remoteProducts=0 applied=0
06-17 12:30:42.853 D/EGL_emulation( 7635): app_time_stats: avg=2.27ms min=0.68ms max=6.12ms count=61
06-17 12:30:42.894 I/CatalogCloudSync( 7635): sync_events_apply domain=catalog_prices remoteProductIds=3 remotePrices=0 pricesPulled=0 pricesSkippedNoProductRef=0
06-17 12:30:42.979 I/CatalogCloudSync( 7635): sync_events_apply domain=prices remotePrices=0 pricesPulled=0 pricesSkippedNoProductRef=0
06-17 12:30:43.112 I/CatalogCloudSync( 7635): sync_events_apply domain=history remoteSessions=11 applied=0 skipped=11 failed=0 unsupported=0
06-17 12:30:43.312 I/CatalogCloudSync( 7635): cycle=catalog_bootstrap outcome=skip reason=sync_busy
06-17 12:30:43.406 I/CatalogCloudSync( 7635): sync_events_apply domain=catalog remoteSuppliers=0 remoteCategories=0 remoteProducts=0 applied=0
06-17 12:30:43.525 I/CatalogCloudSync( 7635): sync_events_apply domain=catalog_prices remoteProductIds=2 remotePrices=0 pricesPulled=0 pricesSkippedNoProductRef=0
06-17 12:30:43.610 I/CatalogCloudSync( 7635): sync_events_apply domain=prices remotePrices=0 pricesPulled=0 pricesSkippedNoProductRef=0
06-17 12:30:43.692 I/CatalogCloudSync( 7635): sync_events_apply domain=history remoteSessions=0 applied=0 skipped=0 failed=0 unsupported=0
06-17 12:30:43.777 I/CatalogCloudSync( 7635): sync_events_apply domain=history remoteSessions=0 applied=0 skipped=0 failed=0 unsupported=0
06-17 12:30:43.853 D/EGL_emulation( 7635): app_time_stats: avg=2.15ms min=0.93ms max=5.94ms count=60
06-17 12:30:43.890 I/CatalogCloudSync( 7635): sync_events_apply domain=catalog remoteSuppliers=0 remoteCategories=0 remoteProducts=0 applied=0
06-17 12:30:43.976 I/CatalogCloudSync( 7635): sync_events_apply domain=catalog_prices remoteProductIds=3 remotePrices=0 pricesPulled=0 pricesSkippedNoProductRef=0
06-17 12:30:44.062 I/CatalogCloudSync( 7635): sync_events_apply domain=prices remotePrices=0 pricesPulled=0 pricesSkippedNoProductRef=0
06-17 12:30:44.065 I/CatalogCloudSync( 7635): cycle=catalog_bootstrap outcome=skip reason=sync_busy
06-17 12:30:44.341 I/CatalogCloudSync( 7635): sync_events_apply domain=catalog remoteSuppliers=0 remoteCategories=0 remoteProducts=0 applied=0
06-17 12:30:44.423 I/CatalogCloudSync( 7635): sync_events_apply domain=catalog_prices remoteProductIds=3 remotePrices=0 pricesPulled=0 pricesSkippedNoProductRef=0
06-17 12:30:44.508 I/CatalogCloudSync( 7635): sync_events_apply domain=prices remotePrices=0 pricesPulled=0 pricesSkippedNoProductRef=0
06-17 12:30:44.595 I/CatalogCloudSync( 7635): sync_events_apply domain=catalog remoteSuppliers=0 remoteCategories=0 remoteProducts=0 applied=0
06-17 12:30:44.679 I/CatalogCloudSync( 7635): sync_events_apply domain=catalog_prices remoteProductIds=1 remotePrices=0 pricesPulled=0 pricesSkippedNoProductRef=0
06-17 12:30:44.758 I/CatalogCloudSync( 7635): sync_events_apply domain=prices remotePrices=0 pricesPulled=0 pricesSkippedNoProductRef=0
06-17 12:30:44.823 I/CatalogCloudSync( 7635): cycle=catalog_bootstrap outcome=skip reason=sync_busy
06-17 12:30:44.842 I/CatalogCloudSync( 7635): sync_events_apply domain=catalog remoteSuppliers=0 remoteCategories=0 remoteProducts=0 applied=0
06-17 12:30:44.854 D/EGL_emulation( 7635): app_time_stats: avg=2.65ms min=1.02ms max=7.08ms count=60
06-17 12:30:44.925 I/CatalogCloudSync( 7635): sync_events_apply domain=catalog_prices remoteProductIds=1 remotePrices=0 pricesPulled=0 pricesSkippedNoProductRef=0
06-17 12:30:45.197 I/CatalogCloudSync( 7635): sync_events_apply domain=catalog remoteSuppliers=0 remoteCategories=0 remoteProducts=0 applied=0
06-17 12:30:45.241 I/HalDevMgr(  605): bestIfaceCreationProposal is null, requestIface=STA, existingIface=[name=wlan0 type=STA]
06-17 12:30:45.243 I/MagicTether( 1144): (REDACTED) [ActiveNetworkTracker] setActiveNetwork: %s
06-17 12:30:45.243 I/MagicTether( 1144): (REDACTED) [TetherService] onActiveNetworkChanged: network=%s isLost=%s
06-17 12:30:45.243 W/IPCThreadState(  605): Sending oneway calls to frozen process.
06-17 12:30:45.243 W/IPCThreadState(  605): Sending oneway calls to frozen process.
06-17 12:30:45.243 W/IPCThreadState(  605): Sending oneway calls to frozen process.
06-17 12:30:45.244 W/IPCThreadState(  605): Sending oneway calls to frozen process.
06-17 12:30:45.244 W/IPCThreadState(  605): Sending oneway calls to frozen process.
06-17 12:30:45.244 W/IPCThreadState(  605): Sending oneway calls to frozen process.
06-17 12:30:45.244 W/IPCThreadState(  605): Sending oneway calls to frozen process.
06-17 12:30:45.244 W/IPCThreadState(  605): Sending oneway calls to frozen process.
06-17 12:30:45.244 W/IPCThreadState(  605): Sending oneway calls to frozen process.
06-17 12:30:45.244 W/IPCThreadState(  605): Sending oneway calls to frozen process.
06-17 12:30:45.245 D/ConnectivityService(  605): NetReassign [no changes] [c 0] [a 1] [i 0]
06-17 12:30:45.245 I/MagicTether( 1144): [WifiConnectionHandler] Ignoring getWifiConfigurationByNetworkId when checking connected state [CONTEXT service_id=276 ]
06-17 12:30:45.246 I/MagicTether( 1144): [WifiConnectionHandler] No networkId set, can't be connected. [CONTEXT service_id=276 ]
06-17 12:30:45.246 I/MagicTether( 1144): (REDACTED) [TetherService] TRANSPORT_CELLULAR [%s], TRANSPORT_ETHERNET [%s], TRANSPORT_WIFI [%s]
06-17 12:30:45.246 I/MagicTether( 1144): (REDACTED) [TetherService] setRoles hasActiveNetworkConnection=%s canActiveNetworkBeTethered=%s isConnectedToInstantTether=%s isWifiEnabled=%s isHosting=%s
06-17 12:30:45.247 I/NullBinder( 1144): NullBinder for android.net.action.RECOMMEND_NETWORKS triggering remote TransactionTooLargeException due to Service without Chimera impl, calling uid: 1000, calling pid: 0
06-17 12:30:45.247 I/MagicTether( 1144): (REDACTED) [LaunchUtils] Instant Wifi for status account: name: %s | type: %s | isLaunched: %s
06-17 12:30:45.247 I/MagicTether( 1144): (REDACTED) [TidepoolFeatureStatusManager] isInstantHotspotEnabled=%s
06-17 12:30:45.247 I/MagicTether( 1144): (REDACTED) [TidepoolFeatureStatusManager] isInstantWifiEnabled=%s
06-17 12:30:45.247 I/MagicTether( 1144): (REDACTED) [TetherService] startNearbyHostRole: start: %s isInstantHotspotEnabled: %s isInstantWifiEnabled: %s
06-17 12:30:45.247 I/MagicTether( 1144): [HostTetherRole] Nearby host role already stopped [CONTEXT service_id=276 ]
06-17 12:30:45.248 W/.gms.persistent( 1144): Large reply transaction of 1056768 bytes, interface descriptor , code 1
06-17 12:30:45.249 I/NearbyMediums( 1144): Wifi changed new SSID: "AndroidWifi"
06-17 12:30:45.249 I/MagicTether( 1144): (REDACTED) [NotificationPresenter] cancelNotification: %d
06-17 12:30:45.251 I/MagicTether( 1144): [AutoDisconnectIntentOperation] Canceling task. [CONTEXT service_id=276 ]
06-17 12:30:45.253 I/MagicTether( 1144): (REDACTED) [LaunchUtils] Instant Wifi for status account: name: %s | type: %s | isLaunched: %s
06-17 12:30:45.253 I/MagicTether( 1144): (REDACTED) [TidepoolFeatureStatusManager] isInstantHotspotEnabled=%s
06-17 12:30:45.253 I/NearbyMediums( 1144): WifiLanConnectivityInfo is not changed, skip notify.
06-17 12:30:45.253 I/MagicTether( 1144): (REDACTED) [TidepoolFeatureStatusManager] isInstantWifiEnabled=%s
06-17 12:30:45.253 I/MagicTether( 1144): (REDACTED) [TetherService] startNearbyClientRole: start: %s isInstantHotspotEnabled: %s isInstantWifiEnabled: %s
06-17 12:30:45.253 I/MagicTether( 1144): [TetherService] Stopping Nearby client role [CONTEXT service_id=276 ]
06-17 12:30:45.253 I/MagicTether( 1144): [ClientTetherRole] Client role already stopped [CONTEXT service_id=276 ]
06-17 12:30:45.255 I/MagicTether( 1144): [AutoDisconnectIntentOperation] Canceling task. [CONTEXT service_id=276 ]
06-17 12:30:45.256 I/MagicTether( 1144): (REDACTED) [NotificationPresenter] cancelNotification: %d
06-17 12:30:45.256 I/MagicTether( 1144): [AutoDisconnectIntentOperation] Canceling task. [CONTEXT service_id=276 ]
06-17 12:30:45.256 I/MagicTether( 1144): (REDACTED) [NotificationPresenter] cancelNotification: %d
06-17 12:30:45.413 I/CatalogCloudSync( 7635): sync_events_apply domain=catalog_prices remoteProductIds=3 remotePrices=0 pricesPulled=0 pricesSkippedNoProductRef=0
06-17 12:30:45.506 I/CatalogCloudSync( 7635): sync_events_apply domain=prices remotePrices=0 pricesPulled=0 pricesSkippedNoProductRef=0
06-17 12:30:45.576 I/CatalogCloudSync( 7635): cycle=catalog_bootstrap outcome=skip reason=sync_busy
06-17 12:30:45.596 I/CatalogCloudSync( 7635): sync_events_apply domain=catalog remoteSuppliers=0 remoteCategories=0 remoteProducts=0 applied=0
