06-17 12:46:09.071  8823  8838 I CatalogCloudSync: cycle=sync_events_drain outcome=ok reason=foreground durationMs=50026 eventsFetched=199 eventsProcessed=199 skippedSelf=0 outboxPending=0 manualFullSyncRequired=false syncEventsGapDetected=false syncEventsTooLarge=false syncEventOutboxRetried=0 targetedProductsFetched=0 targetedPricesFetched=0 targetedHistoryFetched=820 remoteHistoryUpdatesApplied=0 fullCatalogFetch=false fullPriceFetch=false
06-17 12:46:09.071  8823  8838 I CatalogCloudSync: tracker busy=false stage=COMPLETED status=COMPLETED
06-17 12:46:09.575  8823  8838 I CatalogCloudSync: tracker busy=true stage=SYNC_EVENTS_DRAIN status=RUNNING
06-17 12:46:09.610  8823  8850 D EGL_emulation: app_time_stats: avg=11.21ms min=0.79ms max=493.54ms count=52
06-17 12:46:09.709  8823  8845 I CatalogCloudSync: sync_event_outbox_retry_summary pendingBefore=0 pendingAfter=0 retryLoaded=0 retryEligible=0 retrySkippedMaxAttempts=0 retrySucceeded=0 retryFailed=0 retryDeletedOnSuccess=0
06-17 12:46:09.804  8823  8844 I CatalogCloudSync: sync_events_summary phase=drain syncEventsAvailable=true recordSyncEventAvailable=true realtimeSyncEventsAvailable=true syncEventOutboxPending=0 syncEventOutboxPendingBefore=0 syncEventOutboxPendingAfter=0 syncEventOutboxRetried=0 syncEventOutboxRetryLoaded=0 syncEventOutboxRetryEligible=0 syncEventOutboxRetrySkippedMaxAttempts=0 syncEventOutboxRetrySucceeded=0 syncEventOutboxRetryFailed=0 syncEventOutboxRetryDeletedOnSuccess=0 syncEventOutboxInserted=0 catalogEventEmitted=false priceEventEmitted=false catalogEventOutcome=no_op priceEventOutcome=no_op syncEventsFetched=0 syncEventsProcessed=0 syncEventsSkippedSelf=0 syncEventsSkippedDirtyLocal=0 syncEventsSkippedProtectedLocalCommit=0 syncEventsWatermarkBefore=3035 syncEventsWatermarkAfter=3035 syncEventsTooLarge=false syncEventsGapDetected=false manualFullSyncRequired=false targetedProductsFetched=0 targetedPricesFetched=0 fullCatalogFetch=false fullPriceFetch=false
06-17 12:46:09.804  8823  8844 I CatalogCloudSync: cycle=sync_events_drain outcome=ok reason=foreground_interval durationMs=229 eventsFetched=0 eventsProcessed=0 skippedSelf=0 outboxPending=0 manualFullSyncRequired=false syncEventsGapDetected=false syncEventsTooLarge=false syncEventOutboxRetried=0 targetedProductsFetched=0 targetedPricesFetched=0 targetedHistoryFetched=0 remoteHistoryUpdatesApplied=0 fullCatalogFetch=false fullPriceFetch=false
06-17 12:46:09.804  8823  8844 I CatalogCloudSync: tracker busy=false stage=COMPLETED status=COMPLETED
06-17 12:46:10.640  1144  2017 W Settings: Setting airplane_mode_on has moved from android.provider.Settings.System to android.provider.Settings.Global, returning read-only value.
06-17 12:46:10.644  1144  8912 W SystemServiceRegistry: No service published for: wifirtt
06-17 12:46:11.202   605  2836 W AppOps  : Noting op not finished: uid 10144 pkg com.google.android.gms code 113 startTime of in progress event=1781655870770
06-17 12:46:11.209   605  1874 W AppOps  : Noting op not finished: uid 10144 pkg com.google.android.gms code 113 startTime of in progress event=1781655870770
06-17 12:46:11.218   605  1874 W AppOps  : Noting op not finished: uid 10144 pkg com.google.android.gms code 79 startTime of in progress event=1781655870770
06-17 12:46:11.221   605   620 W AppOps  : Noting op not finished: uid 10144 pkg com.google.android.gms code 113 startTime of in progress event=1781655870770
06-17 12:46:11.224   605   620 W AppOps  : Noting op not finished: uid 10144 pkg com.google.android.gms code 113 startTime of in progress event=1781655870770
06-17 12:46:11.228   605  2836 W AppOps  : Noting op not finished: uid 10144 pkg com.google.android.gms code 113 startTime of in progress event=1781655870770
06-17 12:46:11.231   605  2836 W AppOps  : Noting op not finished: uid 10144 pkg com.google.android.gms code 113 startTime of in progress event=1781655870770
06-17 12:46:11.234  1144  1144 D BoundBrokerSvc: onRebind: Intent { act=com.google.android.gms.auth.aang.events.services.START dat=chimera-action:/... cmp=com.google.android.gms/.chimera.PersistentApiService }
06-17 12:46:11.235  1144  2017 I ActivityScheduler: nextTriggerTime: 59987886, in 238100ms, detectorType: 39, FULL_TYPE alarmWindowMillis: 80000
06-17 12:46:11.235  1144  2017 W AlarmManager: alarm window unlikely to be respected [CONTEXT service_id=231 ]
06-17 12:46:11.235  1144  2017 W AlarmManager: java.lang.IllegalArgumentException: alarm "NetworkLocationActivityDetection" has short window length
06-17 12:46:11.235  1144  2017 W AlarmManager: 	at dayx.c(:com.google.android.gms@262333035@26.23.33 (260400-930780430):38)
06-17 12:46:11.235  1144  2017 W AlarmManager: 	at dayw.c(:com.google.android.gms@262333035@26.23.33 (260400-930780430):18)
06-17 12:46:11.235  1144  2017 W AlarmManager: 	at gxwr.b(:com.google.android.gms@262333035@26.23.33 (260400-930780430):132)
06-17 12:46:11.235  1144  2017 W AlarmManager: 	at gvvy.v(:com.google.android.gms@262333035@26.23.33 (260400-930780430):61)
06-17 12:46:11.235  1144  2017 W AlarmManager: 	at gvxq.q(:com.google.android.gms@262333035@26.23.33 (260400-930780430):136)
06-17 12:46:11.235  1144  2017 W AlarmManager: 	at gvxq.u(:com.google.android.gms@262333035@26.23.33 (260400-930780430):107)
06-17 12:46:11.235  1144  2017 W AlarmManager: 	at gvxw.L(:com.google.android.gms@262333035@26.23.33 (260400-930780430):74)
06-17 12:46:11.235  1144  2017 W AlarmManager: 	at gvxb.q(:com.google.android.gms@262333035@26.23.33 (260400-930780430):17)
06-17 12:46:11.235  1144  2017 W AlarmManager: 	at gvwr.b(:com.google.android.gms@262333035@26.23.33 (260400-930780430):28)
06-17 12:46:11.235  1144  2017 W AlarmManager: 	at gvvu.m(:com.google.android.gms@262333035@26.23.33 (260400-930780430):191)
06-17 12:46:11.235  1144  2017 W AlarmManager: 	at gvvs.k(:com.google.android.gms@262333035@26.23.33 (260400-930780430):56)
06-17 12:46:11.235  1144  2017 W AlarmManager: 	at gwng.run(:com.google.android.gms@262333035@26.23.33 (260400-930780430):7)
06-17 12:46:11.235  1144  2017 W AlarmManager: 	at android.os.Handler.handleCallback(Handler.java:959)
06-17 12:46:11.235  1144  2017 W AlarmManager: 	at android.os.Handler.dispatchMessage(Handler.java:100)
06-17 12:46:11.235  1144  2017 W AlarmManager: 	at dcus.mF(:com.google.android.gms@262333035@26.23.33 (260400-930780430):1)
06-17 12:46:11.235  1144  2017 W AlarmManager: 	at dcus.dispatchMessage(:com.google.android.gms@262333035@26.23.33 (260400-930780430):148)
06-17 12:46:11.235  1144  2017 W AlarmManager: 	at android.os.Looper.loopOnce(Looper.java:232)
06-17 12:46:11.235  1144  2017 W AlarmManager: 	at android.os.Looper.loop(Looper.java:317)
06-17 12:46:11.235  1144  2017 W AlarmManager: 	at android.os.HandlerThread.run(HandlerThread.java:85)
06-17 12:46:11.440   605  1873 D WifiNl80211Manager: Scan result ready event
06-17 12:46:11.442   605  1873 D WifiNative: Scan result ready event
06-17 12:46:11.443  1144  1335 I WifiScanner: onFullResults
06-17 12:46:11.444  1144  1460 I WifiScanner: onFullResults
06-17 12:46:11.444  1144  1335 I WifiScanner: onFullResults
06-17 12:46:11.445   605   772 I HalDevMgr: bestIfaceCreationProposal is null, requestIface=STA, existingIface=[name=wlan0 type=STA]
06-17 12:46:11.449   605   772 I HalDevMgr: bestIfaceCreationProposal is null, requestIface=STA, existingIface=[name=wlan0 type=STA]
06-17 12:46:11.454  1144  2017 I ActivityScheduler: nextTriggerTime: 59987886, in 237881ms, detectorType: 39, FULL_TYPE alarmWindowMillis: 80000
06-17 12:46:11.457  1144  8912 I FrewleTileCacheManagerV: (REDACTED) Fetched %d AP models from cache
06-17 12:46:11.458  1144  8912 I FrewleTileCacheManagerV: (REDACTED) Fetched %d AP models from cache
06-17 12:46:11.458  1144  8912 I FrewleTileCacheManagerV: (REDACTED) Fetched %d AP models from cache
06-17 12:46:11.459  1144  8912 I FrewleTileCacheManagerV: (REDACTED) Fetched %d AP models from cache
06-17 12:46:11.459  1144  8912 I FrewleTileCacheManagerV: (REDACTED) Fetched %d AP models from cache
06-17 12:46:11.475   605  1874 D ActivityManager: sync unfroze 7354 com.google.android.gms for 6
06-17 12:46:11.482   605  1874 W ProcessStats: Tracking association SourceState{fe07d6e com.google.android.gms.persistent/10144 BFgs #35706} whose proc state 4 is better than process ProcessState{679c1e1 com.google.android.gms/10144 pkg=com.google.android.gms} proc state 14 (0 skipped)
06-17 12:46:11.494  7354  7354 D BoundBrokerSvc: onBind: Intent { act=com.google.android.gms.auth.service.START pkg=com.google.android.gms }
06-17 12:46:11.494  7354  7354 D BoundBrokerSvc: Loading bound service for intent: Intent { act=com.google.android.gms.auth.service.START pkg=com.google.android.gms }
06-17 12:46:11.505  1144  1335 W GLSUser : [DeviceKeyStore] Cannot load key: Device key file not found.
06-17 12:46:11.507   605  2836 D ActivityManager: sync unfroze 4400 com.google.android.gms.unstable for 6
06-17 12:46:11.528  4400  4400 W binder:4400_1: type=1400 audit(0.0:292): avc:  denied  { read } for  name="u:object_r:system_adbd_prop:s0" dev="tmpfs" ino=305 scontext=u:r:gmscore_app:s0:c512,c768 tcontext=u:object_r:system_adbd_prop:s0 tclass=file permissive=0 app=com.google.android.gms
06-17 12:46:11.532  4400  4408 W libc    : Access denied finding property "persist.adb.tls_server.enable"
06-17 12:46:11.528  4400  4400 W binder:4400_1: type=1400 audit(0.0:293): avc:  denied  { read } for  name="u:object_r:adbd_prop:s0" dev="tmpfs" ino=50 scontext=u:r:gmscore_app:s0:c512,c768 tcontext=u:object_r:adbd_prop:s0 tclass=file permissive=0 app=com.google.android.gms
06-17 12:46:11.532  4400  4408 W libc    : Access denied finding property "service.adb.tls.port"
06-17 12:46:11.533  1144  8748 I NearbyMediums: No BLE Fast/GATT advertisements found in the latest cycle.
06-17 12:46:11.533  1144  8748 I NearbyMediums: Current Tracked Scanning Clients are : {NearbyConnections.EnvironmentMonitor, NearbySharing, NearbyConnections.TxAdvertisement}
06-17 12:46:11.533   605  1874 D FileUtils: Rounded bytes from 8324956160 to 16000000000
06-17 12:46:11.541  1144  1335 W GmsUrlRequestImpl: [https://android.googleapis.com/auth/devicekey] Content-Type header is overwritten.
06-17 12:46:11.824   605  2836 W IPCThreadState: Sending oneway calls to frozen process.
06-17 12:46:12.073  8823  8850 D EGL_emulation: app_time_stats: avg=141.47ms min=1.23ms max=2222.81ms count=16
06-17 12:46:13.211  1144  1335 W GLSUser : [AppCertManager] Exception while requesting key: 
06-17 12:46:13.211  1144  1335 W GLSUser : java.util.concurrent.ExecutionException: dcoy: Parsing Exception
06-17 12:46:13.211  1144  1335 W GLSUser : 	at hpdd.j(:com.google.android.gms@262333035@26.23.33 (260400-930780430):21)
06-17 12:46:13.211  1144  1335 W GLSUser : 	at hpdm.t(:com.google.android.gms@262333035@26.23.33 (260400-930780430):73)
06-17 12:46:13.211  1144  1335 W GLSUser : 	at angj.b(:com.google.android.gms@262333035@26.23.33 (260400-930780430):435)
06-17 12:46:13.211  1144  1335 W GLSUser : 	at angh.a(:com.google.android.gms@262333035@26.23.33 (260400-930780430):67)
06-17 12:46:13.211  1144  1335 W GLSUser : 	at angh.dispatchTransaction(:com.google.android.gms@262333035@26.23.33 (260400-930780430):16)
06-17 12:46:13.211  1144  1335 W GLSUser : 	at cdkv.a(:com.google.android.gms@262333035@26.23.33 (260400-930780430):64)
06-17 12:46:13.211  1144  1335 W GLSUser : 	at aahi.onTransact(:com.google.android.gms@262333035@26.23.33 (260400-930780430):23)
06-17 12:46:13.211  1144  1335 W GLSUser : 	at android.os.Binder.transact(Binder.java:1345)
06-17 12:46:13.211  1144  1335 W GLSUser : 	at cryc.onTransact(:com.google.android.gms@262333035@26.23.33 (260400-930780430):12)
06-17 12:46:13.211  1144  1335 W GLSUser : 	at android.os.Binder.transact(Binder.java:1345)
06-17 12:46:13.211  1144  1335 W GLSUser : 	at cdlj.onTransact(:com.google.android.gms@262333035@26.23.33 (260400-930780430):169)
06-17 12:46:13.211  1144  1335 W GLSUser : 	at android.os.Binder.execTransactInternal(Binder.java:1500)
06-17 12:46:13.211  1144  1335 W GLSUser : 	at android.os.Binder.execTransact(Binder.java:1444)
06-17 12:46:13.211  1144  1335 W GLSUser : Caused by: dcoy: Parsing Exception
06-17 12:46:13.211  1144  1335 W GLSUser : 	at dcqc.kj(:com.google.android.gms@262333035@26.23.33 (260400-930780430):15)
06-17 12:46:13.211  1144  1335 W GLSUser : 	at hpfw.run(:com.google.android.gms@262333035@26.23.33 (260400-930780430):56)
06-17 12:46:13.211  1144  1335 W GLSUser : 	at blkd.c(:com.google.android.gms@262333035@26.23.33 (260400-930780430):50)
06-17 12:46:13.211  1144  1335 W GLSUser : 	at blkd.run(:com.google.android.gms@262333035@26.23.33 (260400-930780430):85)
06-17 12:46:13.211  1144  1335 W GLSUser : 	at java.util.concurrent.ThreadPoolExecutor.runWorker(ThreadPoolExecutor.java:1100)
06-17 12:46:13.211  1144  1335 W GLSUser : 	at java.util.concurrent.ThreadPoolExecutor$Worker.run(ThreadPoolExecutor.java:624)
06-17 12:46:13.211  1144  1335 W GLSUser : 	at blpw.run(:com.google.android.gms@262333035@26.23.33 (260400-930780430):8)
06-17 12:46:13.211  1144  1335 W GLSUser : 	at java.lang.Thread.run(Thread.java:1572)
06-17 12:46:13.211  1144  1335 W GLSUser : Caused by: jdtq: Protocol message end-group tag did not match expected tag.
06-17 12:46:13.211  1144  1335 W GLSUser : 	at jdvi.a(:com.google.android.gms@262333035@26.23.33 (260400-930780430):57)
06-17 12:46:13.211  1144  1335 W GLSUser : 	at jdug.l(:com.google.android.gms@262333035@26.23.33 (260400-930780430):60)
06-17 12:46:13.211  1144  1335 W GLSUser : 	at jdsm.s(:com.google.android.gms@262333035@26.23.33 (260400-930780430):26)
06-17 12:46:13.211  1144  1335 W GLSUser : 	at jdqj.f(:com.google.android.gms@262333035@26.23.33 (260400-930780430):7)
06-17 12:46:13.211  1144  1335 W GLSUser : 	at jdqj.c(:com.google.android.gms@262333035@26.23.33 (260400-930780430):1)
06-17 12:46:13.211  1144  1335 W GLSUser : 	at jdqj.o(:com.google.android.gms@262333035@26.23.33 (260400-930780430):1)
06-17 12:46:13.211  1144  1335 W GLSUser : 	at dcqb.a(:com.google.android.gms@262333035@26.23.33 (260400-930780430):15)
06-17 12:46:13.211  1144  1335 W GLSUser : 	at dcqg.call(:com.google.android.gms@262333035@26.23.33 (260400-930780430):8)
06-17 12:46:13.211  1144  1335 W GLSUser : 	at java.util.concurrent.FutureTask.run(FutureTask.java:328)
06-17 12:46:13.211  1144  1335 W GLSUser : 	at blkd.c(:com.google.android.gms@262333035@26.23.33 (260400-930780430):50)
06-17 12:46:13.211  1144  1335 W GLSUser : 	at blkd.run(:com.google.android.gms@262333035@26.23.33 (260400-930780430):66)
06-17 12:46:13.211  1144  1335 W GLSUser : 	... 4 more
06-17 12:46:13.212  1144  1335 W GLSUser : [DeviceKeyStore] Cannot load key: Device key file not found.
06-17 12:46:14.059  1144  3600 I cn_CronetUrlRequestContext: destroyNativeStreamLocked org.chromium.net.impl.CronetBidirectionalStream@33603b4
06-17 12:46:14.063  1144  8912 W GlsClientGrpc: Voilatile gRPC failure INVALID_ARGUMENT: Application credential header not valid. Please fix the client to pass a valid application credential header. [CONTEXT service_id=6 ]
06-17 12:46:14.063  1144  8912 W GlsClientGrpc: kavc: INVALID_ARGUMENT: Application credential header not valid. Please fix the client to pass a valid application credential header.
06-17 12:46:14.063  1144  8912 W GlsClientGrpc: 	at gwdl.b(:com.google.android.gms@262333035@26.23.33 (260400-930780430):51)
06-17 12:46:14.063  1144  8912 W GlsClientGrpc: 	at gxwh.call(:com.google.android.gms@262333035@26.23.33 (260400-930780430):1001)
06-17 12:46:14.063  1144  8912 W GlsClientGrpc: 	at java.util.concurrent.FutureTask.run(FutureTask.java:328)
06-17 12:46:14.063  1144  8912 W GlsClientGrpc: 	at blkd.c(:com.google.android.gms@262333035@26.23.33 (260400-930780430):50)
06-17 12:46:14.063  1144  8912 W GlsClientGrpc: 	at blkd.run(:com.google.android.gms@262333035@26.23.33 (260400-930780430):66)
06-17 12:46:14.063  1144  8912 W GlsClientGrpc: 	at java.util.concurrent.ThreadPoolExecutor.runWorker(ThreadPoolExecutor.java:1100)
06-17 12:46:14.063  1144  8912 W GlsClientGrpc: 	at java.util.concurrent.ThreadPoolExecutor$Worker.run(ThreadPoolExecutor.java:624)
06-17 12:46:14.063  1144  8912 W GlsClientGrpc: 	at blpw.run(:com.google.android.gms@262333035@26.23.33 (260400-930780430):8)
06-17 12:46:14.063  1144  8912 W GlsClientGrpc: 	at java.lang.Thread.run(Thread.java:1572)
06-17 12:46:14.066  1144  8912 I FrewleTileCacheManagerV: (REDACTED) Fetched %d AP models from cache
06-17 12:46:14.066  1144  8912 I FrewleTileCacheManagerV: (REDACTED) Fetched %d AP models from cache
06-17 12:46:14.067  1144  8912 I FrewleTileCacheManagerV: (REDACTED) Fetched %d AP models from cache
06-17 12:46:14.068  1144  8912 I FrewleTileCacheManagerV: (REDACTED) Fetched %d AP models from cache
06-17 12:46:14.068  1144  8912 I FrewleTileCacheManagerV: (REDACTED) Fetched %d AP models from cache
06-17 12:46:14.453   605   772 I HalDevMgr: bestIfaceCreationProposal is null, requestIface=STA, existingIface=[name=wlan0 type=STA]
06-17 12:46:14.457   996  1124 D IpClient/wlan0: interfaceLinkStateChanged: ifindex 16 up
06-17 12:46:14.462   996  1124 D IpClient/wlan0: interfaceLinkStateChanged: ifindex 16 up
06-17 12:46:16.427   465   465 I adbd    : adbd service requested 'shell,v2,raw:dumpsys package com.google.android.gms'
06-17 12:46:16.473   727  3904 I artd    : GetBestInfo: odex next to the dex file (/data/app/~~RBqLWa4IHxAvM1EDn2acWA==/com.google.android.gms--6rwsmYaGwERs-rlQ1V3rA==/oat/arm64/base.odex) is kOatBootImageOutOfDate with filter 'speed-profile' executable 'false': Image checksum mismatch, expected i;28/6d8ebc32 to start with i;28/fd0aebae
06-17 12:46:16.473   727  3904 I artd    : GetBestInfo: vdex next to the dex file (/data/app/~~RBqLWa4IHxAvM1EDn2acWA==/com.google.android.gms--6rwsmYaGwERs-rlQ1V3rA==/oat/arm64/base.vdex) is kOatUpToDate with filter 'verify' executable 'false'
06-17 12:46:16.474   727   751 I artd    : GetBestInfo: dm (/data/app/~~RBqLWa4IHxAvM1EDn2acWA==/com.google.android.gms--6rwsmYaGwERs-rlQ1V3rA==/split_AdsDynamite_installtime.dm) is kOatUpToDate with filter 'verify' executable 'false'
06-17 12:46:16.474   727  3904 I artd    : GetBestInfo: odex next to the dex file (/data/app/~~RBqLWa4IHxAvM1EDn2acWA==/com.google.android.gms--6rwsmYaGwERs-rlQ1V3rA==/oat/arm64/split_CronetDynamite_installtime.odex) is kOatBootImageOutOfDate with filter 'speed-profile' executable 'false': Image checksum mismatch, expected i;28/6d8ebc32 to start with i;28/fd0aebae
06-17 12:46:16.474   727  3904 I artd    : GetBestInfo: vdex next to the dex file (/data/app/~~RBqLWa4IHxAvM1EDn2acWA==/com.google.android.gms--6rwsmYaGwERs-rlQ1V3rA==/oat/arm64/split_CronetDynamite_installtime.vdex) is kOatUpToDate with filter 'verify' executable 'false'
06-17 12:46:16.475   727   751 I artd    : GetBestInfo: dm (/data/app/~~RBqLWa4IHxAvM1EDn2acWA==/com.google.android.gms--6rwsmYaGwERs-rlQ1V3rA==/split_DynamiteLoader_installtime.dm) is kOatUpToDate with filter 'verify' executable 'false'
06-17 12:46:16.475   727  3904 I artd    : GetBestInfo: dm (/data/app/~~RBqLWa4IHxAvM1EDn2acWA==/com.google.android.gms--6rwsmYaGwERs-rlQ1V3rA==/split_DynamiteModulesA_installtime.dm) is kOatUpToDate with filter 'verify' executable 'false'
06-17 12:46:16.476   727   751 I artd    : GetBestInfo: dm (/data/app/~~RBqLWa4IHxAvM1EDn2acWA==/com.google.android.gms--6rwsmYaGwERs-rlQ1V3rA==/split_DynamiteModulesC_installtime.dm) is kOatUpToDate with filter 'verify' executable 'false'
06-17 12:46:16.476   727  3904 I artd    : GetBestInfo: dm (/data/app/~~RBqLWa4IHxAvM1EDn2acWA==/com.google.android.gms--6rwsmYaGwERs-rlQ1V3rA==/split_GoogleCertificates_installtime.dm) is kOatUpToDate with filter 'verify' executable 'false'
06-17 12:46:16.476   727   751 I artd    : GetBestInfo: dm (/data/app/~~RBqLWa4IHxAvM1EDn2acWA==/com.google.android.gms--6rwsmYaGwERs-rlQ1V3rA==/split_MapsDynamite_installtime.dm) is kOatUpToDate with filter 'verify' executable 'false'
06-17 12:46:16.477   727  3904 I artd    : GetBestInfo: dm (/data/app/~~RBqLWa4IHxAvM1EDn2acWA==/com.google.android.gms--6rwsmYaGwERs-rlQ1V3rA==/split_MeasurementDynamite_installtime.dm) is kOatUpToDate with filter 'verify' executable 'false'
06-17 12:46:16.477   727   751 I artd    : GetBestInfo: /data/user_de/0/com.google.android.gms/app_chimera/m/0000002a/dl-MlkitBarcodeUi.optional_261733100400.apk has no usable artifacts
06-17 12:46:16.477   727   751 I artd    : GetBestInfo: /data/user_de/0/com.google.android.gms/app_chimera/m/00000035/dl-VisionOcr.optional_261933100000.apk has no usable artifacts
06-17 12:46:16.477   727   751 I artd    : GetBestInfo: /data/user_de/0/com.google.android.gms/app_chimera/m/00000001/CronetDynamite.uncompressed.apk has no usable artifacts
06-17 12:46:16.477   727   751 I artd    : GetBestInfo: /data/user_de/0/com.google.android.gms/app_chimera/m/00000047/dl-PlayCloudSearch.optional_262333100000.apk has no usable artifacts
06-17 12:46:16.477   727  3904 I artd    : GetBestInfo: /data/user_de/0/com.google.android.gms/app_chimera/m/00000016/dl-IdentityCredentialsPlatform.optional_261464100400.apk has no usable artifacts
06-17 12:46:16.478   727  3904 I artd    : GetBestInfo: /data/user_de/0/com.google.android.gms/app_chimera/m/00000046/dl-MlkitOcrCommon.optional_262333100400.apk has no usable artifacts
06-17 12:46:16.478   727   751 I artd    : GetBestInfo: /data/user_de/0/com.google.android.gms/app_chimera/m/00000014/dl-VisionOcr.optional_261464100000.apk has no usable artifacts
06-17 12:46:16.478   727   751 I artd    : GetBestInfo: /data/user_de/0/com.google.android.gms/app_chimera/m/00000017/dl-Appsearch.optional_261464100400.apk has no usable artifacts
06-17 12:46:16.478   727   751 I artd    : GetBestInfo: /data/user_de/0/com.google.android.gms/app_chimera/m/0000004b/dl-MlkitBarcodeUi.optional_262333100400.apk has no usable artifacts
06-17 12:46:16.478   727  3904 I artd    : GetBestInfo: /data/user/0/com.google.android.gms/app_dg_cache/87E7746227FF4E457A2EB56043B95E41006DE49F/the.apk has no usable artifacts
06-17 12:46:16.479   727  3904 I artd    : GetBestInfo: /data/user_de/0/com.google.android.gms/app_chimera/m/00000048/dl-IdentityCredentialsPlatform.optional_262333100400.apk has no usable artifacts
06-17 12:46:16.479   727   751 I artd    : GetBestInfo: /data/user_de/0/com.google.android.gms/app_chimera/m/0000000a/dl-MlkitBarcodeUi.optional_242335100400.apk has no usable artifacts
06-17 12:46:16.479   727  3904 I artd    : GetBestInfo: /data/user_de/0/com.google.android.gms/app_chimera/m/00000029/dl-MlkitOcrCommon.optional_261733100400.apk has no usable artifacts
06-17 12:46:16.479   727  3904 I artd    : GetBestInfo: /data/user_de/0/com.google.android.gms/app_chimera/m/00000002/DynamiteLoader.uncompressed.apk has no usable artifacts
06-17 12:46:16.479   727  3904 I artd    : GetBestInfo: /data/user_de/0/com.google.android.gms/app_chimera/m/0000002e/dl-Appsearch.optional_261733100400.apk has no usable artifacts
06-17 12:46:16.479   727  3904 I artd    : GetBestInfo: /data/user_de/0/com.google.android.gms/app_chimera/m/00000030/dl-MlkitOcrCommon.optional_261933100400.apk has no usable artifacts
06-17 12:46:16.479   727  3904 I artd    : GetBestInfo: /data/user_de/0/com.google.android.gms/app_chimera/m/00000015/dl-PlayCloudSearch.optional_261464100000.apk has no usable artifacts
06-17 12:46:16.479   727  3904 I artd    : GetBestInfo: /data/user_de/0/com.google.android.gms/app_chimera/m/0000001e/dl-Appsearch.optional_261631100400.apk has no usable artifacts
06-17 12:46:16.479   727  3904 I artd    : GetBestInfo: /data/user_de/0/com.google.android.gms/app_chimera/m/00000013/dl-MlkitOcrCommon.optional_261464100400.apk has no usable artifacts
06-17 12:46:16.480   727  3904 I artd    : GetBestInfo: /data/user_de/0/com.google.android.gms/app_chimera/m/00000032/dl-MlkitBarcodeUi.optional_261933100400.apk has no usable artifacts
06-17 12:46:16.480   727  3904 I artd    : GetBestInfo: /data/user/0/com.google.android.gms/app_dg_cache/754BEC187BC4F26BBC31300F93DBF9B7506C1861/the.apk has no usable artifacts
06-17 12:46:16.480   727 11563 I artd    : GetBestInfo: /data/user_de/0/com.google.android.gms/app_chimera/m/00000007/MeasurementDynamite.apk has no usable artifacts
06-17 12:46:16.480   727   751 I artd    : GetBestInfo: /data/user_de/0/com.google.android.gms/app_chimera/m/0000002c/dl-IdentityCredentialsPlatform.optional_261733100400.apk has no usable artifacts
06-17 12:46:16.480   727 11563 I artd    : GetBestInfo: /data/user_de/0/com.google.android.gms/app_chimera/m/0000002b/dl-PlayCloudSearch.optional_261733100000.apk has no usable artifacts
06-17 12:46:16.480   727   751 I artd    : GetBestInfo: /data/user_de/0/com.google.android.gms/app_chimera/m/00000033/dl-PlayCloudSearch.optional_261933100000.apk has no usable artifacts
06-17 12:46:16.480   727 11563 I artd    : GetBestInfo: /data/user_de/0/com.google.android.gms/app_chimera/m/0000001c/dl-VisionOcr.optional_261631100000.apk has no usable artifacts
06-17 12:46:16.480   727   751 I artd    : GetBestInfo: /data/user_de/0/com.google.android.gms/app_chimera/m/00000011/dl-MlkitBarcodeUi.optional_261464100400.apk has no usable artifacts
06-17 12:46:16.480   727 11563 I artd    : GetBestInfo: /data/user_de/0/com.google.android.gms/app_chimera/m/00000049/dl-VisionOcr.optional_262333100000.apk has no usable artifacts
06-17 12:46:16.480   727   751 I artd    : GetBestInfo: /data/user_de/0/com.google.android.gms/app_chimera/m/00000005/GoogleCertificates.apk has no usable artifacts
06-17 12:46:16.481   727 11563 I artd    : GetBestInfo: /data/user_de/0/com.google.android.gms/app_chimera/m/00000010/dl-TfliteDynamiteDynamite.integ_260580502100400.apk has no usable artifacts
06-17 12:46:16.481   727   751 I artd    : GetBestInfo: /data/user/0/com.google.android.gms/app_dg_cache/9D5BCED7935D64431BF672B8BBD597199833CA19/the.apk has no usable artifacts
06-17 12:46:16.481   727   751 I artd    : GetBestInfo: /data/user_de/0/com.google.android.gms/app_chimera/m/00000009/dl-TfliteDynamiteDynamite.integ_252130102100400.apk has no usable artifacts
06-17 12:46:16.481   727   751 I artd    : GetBestInfo: vdex next to the dex file (/data/user/0/com.google.android.gms/app_dg_cache/5833371D1ACC412507A92815B074897510CCCEDD/oat/arm64/the.vdex) is kOatUpToDate with filter 'verify' executable 'false'
06-17 12:46:16.482   727 11563 I artd    : GetBestInfo: /data/user_de/0/com.google.android.gms/app_chimera/m/0000001b/dl-PlayCloudSearch.optional_261631100000.apk has no usable artifacts
06-17 12:46:16.482   727 11563 I artd    : GetBestInfo: /data/user_de/0/com.google.android.gms/app_chimera/m/00000027/dl-IdentityCredentialsPlatform.optional_261631100400.apk has no usable artifacts
06-17 12:46:16.482   727 11563 I artd    : GetBestInfo: /data/user/0/com.google.android.gms/app_dg_cache/86153AA318A3F208A8C511836585279D8C7E8D94/the.apk has no usable artifacts
06-17 12:46:16.482   727 11563 I artd    : GetBestInfo: /data/user_de/0/com.google.android.gms/app_chimera/m/0000001d/dl-IdentityCredentialsPlatform.optional_261631100400.apk has no usable artifacts
06-17 12:46:16.482   727 11563 I artd    : GetBestInfo: /data/user_de/0/com.google.android.gms/app_chimera/m/0000002d/dl-VisionOcr.optional_261733100000.apk has no usable artifacts
06-17 12:46:16.482   727 11563 I artd    : GetBestInfo: /data/user_de/0/com.google.android.gms/app_chimera/m/0000000e/dl-PlayCloudSearch.optional_242335100000.apk has no usable artifacts
06-17 12:46:16.482   727   751 I artd    : GetBestInfo: /data/user_de/0/com.google.android.gms/app_chimera/m/0000004a/dl-Appsearch.optional_262333100400.apk has no usable artifacts
06-17 12:46:16.482   727 11563 I artd    : GetBestInfo: /data/user_de/0/com.google.android.gms/app_chimera/m/0000001a/dl-MlkitBarcodeUi.optional_261631100400.apk has no usable artifacts
06-17 12:46:16.483   727 11563 I artd    : GetBestInfo: vdex next to the dex file (/data/user/0/com.google.android.gms/app_dg_cache/10FF5D5C646CC9E2F04BD9D73A072BD012EF1A7A/oat/arm64/the.vdex) is kOatUpToDate with filter 'verify' executable 'false'
06-17 12:46:16.483   727   751 I artd    : GetBestInfo: /data/user_de/0/com.google.android.gms/app_chimera/m/00000036/dl-Appsearch.optional_261933100400.apk has no usable artifacts
06-17 12:46:16.483   727   751 I artd    : GetBestInfo: /data/user/0/com.google.android.gms/app_dg_cache/21A90BF1C1C388089206DCE215FB60D7882BFA18/the.apk has no usable artifacts
06-17 12:46:16.483   727 11563 I artd    : GetBestInfo: /data/user_de/0/com.google.android.gms/app_chimera/m/0000001f/dl-IdentityCredentialsPlacebo.optional_261631100400.apk has no usable artifacts
06-17 12:46:16.483   727   751 I artd    : GetBestInfo: /data/user_de/0/com.google.android.gms/app_chimera/m/00000034/dl-IdentityCredentialsPlatform.optional_261933100400.apk has no usable artifacts
06-17 12:46:16.483   727   751 I artd    : GetBestInfo: /data/user_de/0/com.google.android.gms/app_chimera/m/00000019/dl-MlkitOcrCommon.optional_261631100400.apk has no usable artifacts
06-17 12:46:16.483   727   751 I artd    : GetBestInfo: /data/user/0/com.google.android.gms/app_dg_cache/A8F89F306FD1BA172E06F6F2B9F79826D0309BB6/the.apk has no usable artifacts
06-17 12:46:16.483   727   751 I artd    : GetBestInfo: /data/user/0/com.google.android.gms/app_dg_cache/707FFD883BF2A7896692338F9625CA52336E933B/the.apk has no usable artifacts
06-17 12:46:16.893  1027  1158 E bluetooth: system/gd/hci/le_advertising_manager.cc:1742 on_set_advertising_set_random_address_complete: Got a command complete with status COMMAND_DISALLOWED(0x0c)
06-17 12:46:17.460   605   772 I HalDevMgr: bestIfaceCreationProposal is null, requestIface=STA, existingIface=[name=wlan0 type=STA]
06-17 12:46:19.046  8823  8845 I CatalogCloudSync: tracker busy=true stage=SYNC_EVENTS_DRAIN status=RUNNING
06-17 12:46:19.108  8823  8850 D EGL_emulation: app_time_stats: avg=456.96ms min=2.12ms max=6806.08ms count=15
06-17 12:46:19.157  8823  8845 I CatalogCloudSync: sync_event_outbox_retry_summary pendingBefore=0 pendingAfter=0 retryLoaded=0 retryEligible=0 retrySkippedMaxAttempts=0 retrySucceeded=0 retryFailed=0 retryDeletedOnSuccess=0
06-17 12:46:19.240  8823  8844 I CatalogCloudSync: sync_events_summary phase=drain syncEventsAvailable=true recordSyncEventAvailable=true realtimeSyncEventsAvailable=true syncEventOutboxPending=0 syncEventOutboxPendingBefore=0 syncEventOutboxPendingAfter=0 syncEventOutboxRetried=0 syncEventOutboxRetryLoaded=0 syncEventOutboxRetryEligible=0 syncEventOutboxRetrySkippedMaxAttempts=0 syncEventOutboxRetrySucceeded=0 syncEventOutboxRetryFailed=0 syncEventOutboxRetryDeletedOnSuccess=0 syncEventOutboxInserted=0 catalogEventEmitted=false priceEventEmitted=false catalogEventOutcome=no_op priceEventOutcome=no_op syncEventsFetched=0 syncEventsProcessed=0 syncEventsSkippedSelf=0 syncEventsSkippedDirtyLocal=0 syncEventsSkippedProtectedLocalCommit=0 syncEventsWatermarkBefore=3035 syncEventsWatermarkAfter=3035 syncEventsTooLarge=false syncEventsGapDetected=false manualFullSyncRequired=false targetedProductsFetched=0 targetedPricesFetched=0 fullCatalogFetch=false fullPriceFetch=false
06-17 12:46:19.240  8823  8844 I CatalogCloudSync: cycle=sync_events_drain outcome=ok reason=foreground_interval durationMs=192 eventsFetched=0 eventsProcessed=0 skippedSelf=0 outboxPending=0 manualFullSyncRequired=false syncEventsGapDetected=false syncEventsTooLarge=false syncEventOutboxRetried=0 targetedProductsFetched=0 targetedPricesFetched=0 targetedHistoryFetched=0 remoteHistoryUpdatesApplied=0 fullCatalogFetch=false fullPriceFetch=false
06-17 12:46:19.240  8823  8844 I CatalogCloudSync: tracker busy=false stage=COMPLETED status=COMPLETED
06-17 12:46:19.499   851   851 I wpa_supplicant: wlan0: CTRL-EVENT-BEACON-LOSS 
06-17 12:46:20.467   605   772 I HalDevMgr: bestIfaceCreationProposal is null, requestIface=STA, existingIface=[name=wlan0 type=STA]
06-17 12:46:20.471   996  1124 D IpClient/wlan0: interfaceLinkStateChanged: ifindex 16 up
06-17 12:46:20.475   996  1124 D IpClient/wlan0: interfaceLinkStateChanged: ifindex 16 up
06-17 12:46:21.523  8823  8850 D EGL_emulation: app_time_stats: avg=174.58ms min=2.17ms max=2222.11ms count=13
06-17 12:46:21.537  1144  8909 I NearbyMediums: No BLE Fast/GATT advertisements found in the latest cycle.
06-17 12:46:21.537  1144  8909 I NearbyMediums: Current Tracked Scanning Clients are : {NearbyConnections.EnvironmentMonitor, NearbySharing, NearbyConnections.TxAdvertisement}
06-17 12:46:21.832   605  1874 W IPCThreadState: Sending oneway calls to frozen process.
06-17 12:46:23.454  1144  1144 D BoundBrokerSvc: onUnbind: Intent { act=com.google.android.gms.scheduler.ACTION_PROXY_SCHEDULE_SINGLE_USER dat=chimera-action:/... cmp=com.google.android.gms/.chimera.PersistentSingleUserInternalApiService }
06-17 12:46:23.456   605  1874 W ProcessStats: Tracking association SourceState{fe07d6e com.google.android.gms.persistent/10144 BFgs #35719} whose proc state 4 is better than process ProcessState{679c1e1 com.google.android.gms/10144 pkg=com.google.android.gms} proc state 14 (15 skipped)
06-17 12:46:23.475   605   772 I HalDevMgr: bestIfaceCreationProposal is null, requestIface=STA, existingIface=[name=wlan0 type=STA]
06-17 12:46:26.259  1144  1144 D BoundBrokerSvc: onUnbind: Intent { act=com.google.android.gms.auth.aang.events.services.START dat=chimera-action:/... cmp=com.google.android.gms/.chimera.PersistentApiService }
06-17 12:46:26.429   465   465 I adbd    : adbd service requested 'shell,v2,raw:dumpsys package com.google.android.gms'
06-17 12:46:26.472   727 11563 I artd    : GetBestInfo: odex next to the dex file (/data/app/~~RBqLWa4IHxAvM1EDn2acWA==/com.google.android.gms--6rwsmYaGwERs-rlQ1V3rA==/oat/arm64/base.odex) is kOatBootImageOutOfDate with filter 'speed-profile' executable 'false': Image checksum mismatch, expected i;28/6d8ebc32 to start with i;28/fd0aebae
06-17 12:46:26.473   727 11563 I artd    : GetBestInfo: vdex next to the dex file (/data/app/~~RBqLWa4IHxAvM1EDn2acWA==/com.google.android.gms--6rwsmYaGwERs-rlQ1V3rA==/oat/arm64/base.vdex) is kOatUpToDate with filter 'verify' executable 'false'
06-17 12:46:26.473   727 11563 I artd    : GetBestInfo: dm (/data/app/~~RBqLWa4IHxAvM1EDn2acWA==/com.google.android.gms--6rwsmYaGwERs-rlQ1V3rA==/split_AdsDynamite_installtime.dm) is kOatUpToDate with filter 'verify' executable 'false'
06-17 12:46:26.474   727   751 I artd    : GetBestInfo: odex next to the dex file (/data/app/~~RBqLWa4IHxAvM1EDn2acWA==/com.google.android.gms--6rwsmYaGwERs-rlQ1V3rA==/oat/arm64/split_CronetDynamite_installtime.odex) is kOatBootImageOutOfDate with filter 'speed-profile' executable 'false': Image checksum mismatch, expected i;28/6d8ebc32 to start with i;28/fd0aebae
06-17 12:46:26.474   727   751 I artd    : GetBestInfo: vdex next to the dex file (/data/app/~~RBqLWa4IHxAvM1EDn2acWA==/com.google.android.gms--6rwsmYaGwERs-rlQ1V3rA==/oat/arm64/split_CronetDynamite_installtime.vdex) is kOatUpToDate with filter 'verify' executable 'false'
06-17 12:46:26.474   727 11563 I artd    : GetBestInfo: dm (/data/app/~~RBqLWa4IHxAvM1EDn2acWA==/com.google.android.gms--6rwsmYaGwERs-rlQ1V3rA==/split_DynamiteLoader_installtime.dm) is kOatUpToDate with filter 'verify' executable 'false'
06-17 12:46:26.475   727   751 I artd    : GetBestInfo: dm (/data/app/~~RBqLWa4IHxAvM1EDn2acWA==/com.google.android.gms--6rwsmYaGwERs-rlQ1V3rA==/split_DynamiteModulesA_installtime.dm) is kOatUpToDate with filter 'verify' executable 'false'
06-17 12:46:26.475   727 11563 I artd    : GetBestInfo: dm (/data/app/~~RBqLWa4IHxAvM1EDn2acWA==/com.google.android.gms--6rwsmYaGwERs-rlQ1V3rA==/split_DynamiteModulesC_installtime.dm) is kOatUpToDate with filter 'verify' executable 'false'
06-17 12:46:26.475   727   751 I artd    : GetBestInfo: dm (/data/app/~~RBqLWa4IHxAvM1EDn2acWA==/com.google.android.gms--6rwsmYaGwERs-rlQ1V3rA==/split_GoogleCertificates_installtime.dm) is kOatUpToDate with filter 'verify' executable 'false'
06-17 12:46:26.476   727 11563 I artd    : GetBestInfo: dm (/data/app/~~RBqLWa4IHxAvM1EDn2acWA==/com.google.android.gms--6rwsmYaGwERs-rlQ1V3rA==/split_MapsDynamite_installtime.dm) is kOatUpToDate with filter 'verify' executable 'false'
06-17 12:46:26.476   727   751 I artd    : GetBestInfo: dm (/data/app/~~RBqLWa4IHxAvM1EDn2acWA==/com.google.android.gms--6rwsmYaGwERs-rlQ1V3rA==/split_MeasurementDynamite_installtime.dm) is kOatUpToDate with filter 'verify' executable 'false'
06-17 12:46:26.476   727 11563 I artd    : GetBestInfo: /data/user_de/0/com.google.android.gms/app_chimera/m/0000002a/dl-MlkitBarcodeUi.optional_261733100400.apk has no usable artifacts
06-17 12:46:26.476   727 11563 I artd    : GetBestInfo: /data/user_de/0/com.google.android.gms/app_chimera/m/00000035/dl-VisionOcr.optional_261933100000.apk has no usable artifacts
06-17 12:46:26.476   727 11563 I artd    : GetBestInfo: /data/user_de/0/com.google.android.gms/app_chimera/m/00000001/CronetDynamite.uncompressed.apk has no usable artifacts
06-17 12:46:26.477   727 11563 I artd    : GetBestInfo: /data/user_de/0/com.google.android.gms/app_chimera/m/00000047/dl-PlayCloudSearch.optional_262333100000.apk has no usable artifacts
06-17 12:46:26.477   727   751 I artd    : GetBestInfo: /data/user_de/0/com.google.android.gms/app_chimera/m/00000016/dl-IdentityCredentialsPlatform.optional_261464100400.apk has no usable artifacts
06-17 12:46:26.477   727  3904 I artd    : GetBestInfo: /data/user_de/0/com.google.android.gms/app_chimera/m/00000046/dl-MlkitOcrCommon.optional_262333100400.apk has no usable artifacts
06-17 12:46:26.478   727 11563 I artd    : GetBestInfo: /data/user_de/0/com.google.android.gms/app_chimera/m/00000014/dl-VisionOcr.optional_261464100000.apk has no usable artifacts
06-17 12:46:26.478   727 11563 I artd    : GetBestInfo: /data/user_de/0/com.google.android.gms/app_chimera/m/00000017/dl-Appsearch.optional_261464100400.apk has no usable artifacts
06-17 12:46:26.478   727 11563 I artd    : GetBestInfo: /data/user_de/0/com.google.android.gms/app_chimera/m/0000004b/dl-MlkitBarcodeUi.optional_262333100400.apk has no usable artifacts
06-17 12:46:26.478   727   751 I artd    : GetBestInfo: /data/user/0/com.google.android.gms/app_dg_cache/87E7746227FF4E457A2EB56043B95E41006DE49F/the.apk has no usable artifacts
06-17 12:46:26.479   727   751 I artd    : GetBestInfo: /data/user_de/0/com.google.android.gms/app_chimera/m/00000048/dl-IdentityCredentialsPlatform.optional_262333100400.apk has no usable artifacts
06-17 12:46:26.479   605   772 I HalDevMgr: bestIfaceCreationProposal is null, requestIface=STA, existingIface=[name=wlan0 type=STA]
06-17 12:46:26.480   996  1124 D IpClient/wlan0: interfaceLinkStateChanged: ifindex 16 up
06-17 12:46:26.480   727 11563 I artd    : GetBestInfo: /data/user_de/0/com.google.android.gms/app_chimera/m/0000000a/dl-MlkitBarcodeUi.optional_242335100400.apk has no usable artifacts
06-17 12:46:26.480   727   751 I artd    : GetBestInfo: /data/user_de/0/com.google.android.gms/app_chimera/m/00000029/dl-MlkitOcrCommon.optional_261733100400.apk has no usable artifacts
06-17 12:46:26.480   727   751 I artd    : GetBestInfo: /data/user_de/0/com.google.android.gms/app_chimera/m/00000002/DynamiteLoader.uncompressed.apk has no usable artifacts
06-17 12:46:26.480   727   751 I artd    : GetBestInfo: /data/user_de/0/com.google.android.gms/app_chimera/m/0000002e/dl-Appsearch.optional_261733100400.apk has no usable artifacts
06-17 12:46:26.481   727 11563 I artd    : GetBestInfo: /data/user_de/0/com.google.android.gms/app_chimera/m/00000030/dl-MlkitOcrCommon.optional_261933100400.apk has no usable artifacts
06-17 12:46:26.481   727   751 I artd    : GetBestInfo: /data/user_de/0/com.google.android.gms/app_chimera/m/00000015/dl-PlayCloudSearch.optional_261464100000.apk has no usable artifacts
06-17 12:46:26.481   727   751 I artd    : GetBestInfo: /data/user_de/0/com.google.android.gms/app_chimera/m/0000001e/dl-Appsearch.optional_261631100400.apk has no usable artifacts
06-17 12:46:26.481   727   751 I artd    : GetBestInfo: /data/user_de/0/com.google.android.gms/app_chimera/m/00000013/dl-MlkitOcrCommon.optional_261464100400.apk has no usable artifacts
06-17 12:46:26.481   727   751 I artd    : GetBestInfo: /data/user_de/0/com.google.android.gms/app_chimera/m/00000032/dl-MlkitBarcodeUi.optional_261933100400.apk has no usable artifacts
06-17 12:46:26.482   727   751 I artd    : GetBestInfo: /data/user/0/com.google.android.gms/app_dg_cache/754BEC187BC4F26BBC31300F93DBF9B7506C1861/the.apk has no usable artifacts
06-17 12:46:26.482   727   751 I artd    : GetBestInfo: /data/user_de/0/com.google.android.gms/app_chimera/m/00000007/MeasurementDynamite.apk has no usable artifacts
06-17 12:46:26.482   727   751 I artd    : GetBestInfo: /data/user_de/0/com.google.android.gms/app_chimera/m/0000002c/dl-IdentityCredentialsPlatform.optional_261733100400.apk has no usable artifacts
06-17 12:46:26.482   727   751 I artd    : GetBestInfo: /data/user_de/0/com.google.android.gms/app_chimera/m/0000002b/dl-PlayCloudSearch.optional_261733100000.apk has no usable artifacts
06-17 12:46:26.482   996  1124 D IpClient/wlan0: interfaceLinkStateChanged: ifindex 16 up
06-17 12:46:26.482   727   751 I artd    : GetBestInfo: /data/user_de/0/com.google.android.gms/app_chimera/m/00000033/dl-PlayCloudSearch.optional_261933100000.apk has no usable artifacts
06-17 12:46:26.482   727   751 I artd    : GetBestInfo: /data/user_de/0/com.google.android.gms/app_chimera/m/0000001c/dl-VisionOcr.optional_261631100000.apk has no usable artifacts
06-17 12:46:26.482   727   751 I artd    : GetBestInfo: /data/user_de/0/com.google.android.gms/app_chimera/m/00000011/dl-MlkitBarcodeUi.optional_261464100400.apk has no usable artifacts
06-17 12:46:26.482   727 11563 I artd    : GetBestInfo: /data/user_de/0/com.google.android.gms/app_chimera/m/00000049/dl-VisionOcr.optional_262333100000.apk has no usable artifacts
06-17 12:46:26.482   727   751 I artd    : GetBestInfo: /data/user_de/0/com.google.android.gms/app_chimera/m/00000005/GoogleCertificates.apk has no usable artifacts
06-17 12:46:26.483   727 11563 I artd    : GetBestInfo: /data/user_de/0/com.google.android.gms/app_chimera/m/00000010/dl-TfliteDynamiteDynamite.integ_260580502100400.apk has no usable artifacts
06-17 12:46:26.483   727   751 I artd    : GetBestInfo: /data/user/0/com.google.android.gms/app_dg_cache/9D5BCED7935D64431BF672B8BBD597199833CA19/the.apk has no usable artifacts
06-17 12:46:26.483   727 11563 I artd    : GetBestInfo: /data/user_de/0/com.google.android.gms/app_chimera/m/00000009/dl-TfliteDynamiteDynamite.integ_252130102100400.apk has no usable artifacts
06-17 12:46:26.483   727   751 I artd    : GetBestInfo: vdex next to the dex file (/data/user/0/com.google.android.gms/app_dg_cache/5833371D1ACC412507A92815B074897510CCCEDD/oat/arm64/the.vdex) is kOatUpToDate with filter 'verify' executable 'false'
06-17 12:46:26.483   727 11563 I artd    : GetBestInfo: /data/user_de/0/com.google.android.gms/app_chimera/m/0000001b/dl-PlayCloudSearch.optional_261631100000.apk has no usable artifacts
06-17 12:46:26.483   727 11563 I artd    : GetBestInfo: /data/user_de/0/com.google.android.gms/app_chimera/m/00000027/dl-IdentityCredentialsPlatform.optional_261631100400.apk has no usable artifacts
06-17 12:46:26.483   727   751 I artd    : GetBestInfo: /data/user/0/com.google.android.gms/app_dg_cache/86153AA318A3F208A8C511836585279D8C7E8D94/the.apk has no usable artifacts
06-17 12:46:26.483   727 11563 I artd    : GetBestInfo: /data/user_de/0/com.google.android.gms/app_chimera/m/0000001d/dl-IdentityCredentialsPlatform.optional_261631100400.apk has no usable artifacts
06-17 12:46:26.483   727 11563 I artd    : GetBestInfo: /data/user_de/0/com.google.android.gms/app_chimera/m/0000002d/dl-VisionOcr.optional_261733100000.apk has no usable artifacts
06-17 12:46:26.484   727 11563 I artd    : GetBestInfo: /data/user_de/0/com.google.android.gms/app_chimera/m/0000000e/dl-PlayCloudSearch.optional_242335100000.apk has no usable artifacts
06-17 12:46:26.484   727   751 I artd    : GetBestInfo: /data/user_de/0/com.google.android.gms/app_chimera/m/0000004a/dl-Appsearch.optional_262333100400.apk has no usable artifacts
06-17 12:46:26.484   727 11563 I artd    : GetBestInfo: /data/user_de/0/com.google.android.gms/app_chimera/m/0000001a/dl-MlkitBarcodeUi.optional_261631100400.apk has no usable artifacts
06-17 12:46:26.485   727 11563 I artd    : GetBestInfo: vdex next to the dex file (/data/user/0/com.google.android.gms/app_dg_cache/10FF5D5C646CC9E2F04BD9D73A072BD012EF1A7A/oat/arm64/the.vdex) is kOatUpToDate with filter 'verify' executable 'false'
06-17 12:46:26.485   727   751 I artd    : GetBestInfo: /data/user_de/0/com.google.android.gms/app_chimera/m/00000036/dl-Appsearch.optional_261933100400.apk has no usable artifacts
06-17 12:46:26.485   727   751 I artd    : GetBestInfo: /data/user/0/com.google.android.gms/app_dg_cache/21A90BF1C1C388089206DCE215FB60D7882BFA18/the.apk has no usable artifacts
06-17 12:46:26.485   727   751 I artd    : GetBestInfo: /data/user_de/0/com.google.android.gms/app_chimera/m/0000001f/dl-IdentityCredentialsPlacebo.optional_261631100400.apk has no usable artifacts
06-17 12:46:26.485   727   751 I artd    : GetBestInfo: /data/user_de/0/com.google.android.gms/app_chimera/m/00000034/dl-IdentityCredentialsPlatform.optional_261933100400.apk has no usable artifacts
06-17 12:46:26.485   727   751 I artd    : GetBestInfo: /data/user_de/0/com.google.android.gms/app_chimera/m/00000019/dl-MlkitOcrCommon.optional_261631100400.apk has no usable artifacts
06-17 12:46:26.485   727   751 I artd    : GetBestInfo: /data/user/0/com.google.android.gms/app_dg_cache/A8F89F306FD1BA172E06F6F2B9F79826D0309BB6/the.apk has no usable artifacts
06-17 12:46:26.485   727   751 I artd    : GetBestInfo: /data/user/0/com.google.android.gms/app_dg_cache/707FFD883BF2A7896692338F9625CA52336E933B/the.apk has no usable artifacts
06-17 12:46:26.507  7354  7354 D BoundBrokerSvc: onUnbind: Intent { act=com.google.android.gms.auth.service.START pkg=com.google.android.gms }
06-17 12:46:26.550   605   696 D ActivityManager: freezing 4400 com.google.android.gms.unstable
06-17 12:46:27.434   851   851 I wpa_supplicant: wlan0: CTRL-EVENT-BEACON-LOSS 
06-17 12:46:29.485   605   772 I HalDevMgr: bestIfaceCreationProposal is null, requestIface=STA, existingIface=[name=wlan0 type=STA]
06-17 12:46:31.539  1144  8909 I NearbyMediums: No BLE Fast/GATT advertisements found in the latest cycle.
06-17 12:46:31.539  1144  8909 I NearbyMediums: Current Tracked Scanning Clients are : {NearbyConnections.EnvironmentMonitor, NearbySharing, NearbyConnections.TxAdvertisement}
06-17 12:46:31.841   605  1874 W IPCThreadState: Sending oneway calls to frozen process.
06-17 12:46:31.892   889  1015 D EGL_emulation: app_time_stats: avg=31850.90ms min=31850.90ms max=31850.90ms count=1
06-17 12:46:32.492   605   772 I HalDevMgr: bestIfaceCreationProposal is null, requestIface=STA, existingIface=[name=wlan0 type=STA]
06-17 12:46:32.495   996  1124 D IpClient/wlan0: interfaceLinkStateChanged: ifindex 16 up
06-17 12:46:32.502   996  1124 D IpClient/wlan0: interfaceLinkStateChanged: ifindex 16 up
06-17 12:46:34.053  8823  8846 I CatalogCloudSync: tracker busy=true stage=SYNC_EVENTS_DRAIN status=RUNNING
06-17 12:46:34.129  8823  8850 D EGL_emulation: app_time_stats: avg=828.89ms min=2.14ms max=12375.07ms count=15
06-17 12:46:34.162  8823  8845 I CatalogCloudSync: sync_event_outbox_retry_summary pendingBefore=0 pendingAfter=0 retryLoaded=0 retryEligible=0 retrySkippedMaxAttempts=0 retrySucceeded=0 retryFailed=0 retryDeletedOnSuccess=0
06-17 12:46:34.257  8823  8840 I CatalogCloudSync: sync_events_summary phase=drain syncEventsAvailable=true recordSyncEventAvailable=true realtimeSyncEventsAvailable=true syncEventOutboxPending=0 syncEventOutboxPendingBefore=0 syncEventOutboxPendingAfter=0 syncEventOutboxRetried=0 syncEventOutboxRetryLoaded=0 syncEventOutboxRetryEligible=0 syncEventOutboxRetrySkippedMaxAttempts=0 syncEventOutboxRetrySucceeded=0 syncEventOutboxRetryFailed=0 syncEventOutboxRetryDeletedOnSuccess=0 syncEventOutboxInserted=0 catalogEventEmitted=false priceEventEmitted=false catalogEventOutcome=no_op priceEventOutcome=no_op syncEventsFetched=0 syncEventsProcessed=0 syncEventsSkippedSelf=0 syncEventsSkippedDirtyLocal=0 syncEventsSkippedProtectedLocalCommit=0 syncEventsWatermarkBefore=3035 syncEventsWatermarkAfter=3035 syncEventsTooLarge=false syncEventsGapDetected=false manualFullSyncRequired=false targetedProductsFetched=0 targetedPricesFetched=0 fullCatalogFetch=false fullPriceFetch=false
06-17 12:46:34.257  8823  8840 I CatalogCloudSync: cycle=sync_events_drain outcome=ok reason=foreground_interval durationMs=202 eventsFetched=0 eventsProcessed=0 skippedSelf=0 outboxPending=0 manualFullSyncRequired=false syncEventsGapDetected=false syncEventsTooLarge=false syncEventOutboxRetried=0 targetedProductsFetched=0 targetedPricesFetched=0 targetedHistoryFetched=0 remoteHistoryUpdatesApplied=0 fullCatalogFetch=false fullPriceFetch=false
06-17 12:46:34.257  8823  8840 I CatalogCloudSync: tracker busy=false stage=COMPLETED status=COMPLETED
06-17 12:46:35.370   851   851 I wpa_supplicant: wlan0: CTRL-EVENT-BEACON-LOSS 
06-17 12:46:35.498   605   772 I HalDevMgr: bestIfaceCreationProposal is null, requestIface=STA, existingIface=[name=wlan0 type=STA]
06-17 12:46:36.427   465   465 I adbd    : adbd service requested 'shell,v2,raw:dumpsys package com.google.android.gms'
06-17 12:46:36.475   727 11563 I artd    : GetBestInfo: odex next to the dex file (/data/app/~~RBqLWa4IHxAvM1EDn2acWA==/com.google.android.gms--6rwsmYaGwERs-rlQ1V3rA==/oat/arm64/base.odex) is kOatBootImageOutOfDate with filter 'speed-profile' executable 'false': Image checksum mismatch, expected i;28/6d8ebc32 to start with i;28/fd0aebae
