06-17 12:25:46.454 I/artd    (  727): GetBestInfo: /data/user_de/0/com.google.android.gms/app_chimera/m/00000015/dl-PlayCloudSearch.optional_261464100000.apk has no usable artifacts
06-17 12:25:46.454 I/artd    (  727): GetBestInfo: /data/user_de/0/com.google.android.gms/app_chimera/m/0000001e/dl-Appsearch.optional_261631100400.apk has no usable artifacts
06-17 12:25:46.455 I/artd    (  727): GetBestInfo: /data/user_de/0/com.google.android.gms/app_chimera/m/00000013/dl-MlkitOcrCommon.optional_261464100400.apk has no usable artifacts
06-17 12:25:46.455 I/artd    (  727): GetBestInfo: /data/user_de/0/com.google.android.gms/app_chimera/m/00000032/dl-MlkitBarcodeUi.optional_261933100400.apk has no usable artifacts
06-17 12:25:46.455 I/artd    (  727): GetBestInfo: /data/user/0/com.google.android.gms/app_dg_cache/754BEC187BC4F26BBC31300F93DBF9B7506C1861/the.apk has no usable artifacts
06-17 12:25:46.455 I/artd    (  727): GetBestInfo: /data/user_de/0/com.google.android.gms/app_chimera/m/00000007/MeasurementDynamite.apk has no usable artifacts
06-17 12:25:46.455 I/artd    (  727): GetBestInfo: /data/user_de/0/com.google.android.gms/app_chimera/m/0000002c/dl-IdentityCredentialsPlatform.optional_261733100400.apk has no usable artifacts
06-17 12:25:46.455 I/artd    (  727): GetBestInfo: /data/user_de/0/com.google.android.gms/app_chimera/m/0000002b/dl-PlayCloudSearch.optional_261733100000.apk has no usable artifacts
06-17 12:25:46.455 I/artd    (  727): GetBestInfo: /data/user_de/0/com.google.android.gms/app_chimera/m/00000033/dl-PlayCloudSearch.optional_261933100000.apk has no usable artifacts
06-17 12:25:46.455 I/artd    (  727): GetBestInfo: /data/user_de/0/com.google.android.gms/app_chimera/m/0000001c/dl-VisionOcr.optional_261631100000.apk has no usable artifacts
06-17 12:25:46.455 I/artd    (  727): GetBestInfo: /data/user_de/0/com.google.android.gms/app_chimera/m/00000011/dl-MlkitBarcodeUi.optional_261464100400.apk has no usable artifacts
06-17 12:25:46.455 I/artd    (  727): GetBestInfo: /data/user_de/0/com.google.android.gms/app_chimera/m/00000049/dl-VisionOcr.optional_262333100000.apk has no usable artifacts
06-17 12:25:46.455 I/artd    (  727): GetBestInfo: /data/user_de/0/com.google.android.gms/app_chimera/m/00000005/GoogleCertificates.apk has no usable artifacts
06-17 12:25:46.456 I/artd    (  727): GetBestInfo: /data/user_de/0/com.google.android.gms/app_chimera/m/00000010/dl-TfliteDynamiteDynamite.integ_260580502100400.apk has no usable artifacts
06-17 12:25:46.456 I/artd    (  727): GetBestInfo: /data/user/0/com.google.android.gms/app_dg_cache/9D5BCED7935D64431BF672B8BBD597199833CA19/the.apk has no usable artifacts
06-17 12:25:46.456 I/artd    (  727): GetBestInfo: /data/user_de/0/com.google.android.gms/app_chimera/m/00000009/dl-TfliteDynamiteDynamite.integ_252130102100400.apk has no usable artifacts
06-17 12:25:46.456 I/artd    (  727): GetBestInfo: vdex next to the dex file (/data/user/0/com.google.android.gms/app_dg_cache/5833371D1ACC412507A92815B074897510CCCEDD/oat/arm64/the.vdex) is kOatUpToDate with filter 'verify' executable 'false'
06-17 12:25:46.456 I/artd    (  727): GetBestInfo: /data/user_de/0/com.google.android.gms/app_chimera/m/0000001b/dl-PlayCloudSearch.optional_261631100000.apk has no usable artifacts
06-17 12:25:46.456 I/artd    (  727): GetBestInfo: /data/user_de/0/com.google.android.gms/app_chimera/m/00000027/dl-IdentityCredentialsPlatform.optional_261631100400.apk has no usable artifacts
06-17 12:25:46.456 I/artd    (  727): GetBestInfo: /data/user/0/com.google.android.gms/app_dg_cache/86153AA318A3F208A8C511836585279D8C7E8D94/the.apk has no usable artifacts
06-17 12:25:46.456 I/artd    (  727): GetBestInfo: /data/user_de/0/com.google.android.gms/app_chimera/m/0000001d/dl-IdentityCredentialsPlatform.optional_261631100400.apk has no usable artifacts
06-17 12:25:46.456 I/artd    (  727): GetBestInfo: /data/user_de/0/com.google.android.gms/app_chimera/m/0000002d/dl-VisionOcr.optional_261733100000.apk has no usable artifacts
06-17 12:25:46.457 I/artd    (  727): GetBestInfo: /data/user_de/0/com.google.android.gms/app_chimera/m/0000000e/dl-PlayCloudSearch.optional_242335100000.apk has no usable artifacts
06-17 12:25:46.457 I/artd    (  727): GetBestInfo: /data/user_de/0/com.google.android.gms/app_chimera/m/0000004a/dl-Appsearch.optional_262333100400.apk has no usable artifacts
06-17 12:25:46.458 I/artd    (  727): GetBestInfo: /data/user_de/0/com.google.android.gms/app_chimera/m/0000001a/dl-MlkitBarcodeUi.optional_261631100400.apk has no usable artifacts
06-17 12:25:46.458 I/artd    (  727): GetBestInfo: vdex next to the dex file (/data/user/0/com.google.android.gms/app_dg_cache/10FF5D5C646CC9E2F04BD9D73A072BD012EF1A7A/oat/arm64/the.vdex) is kOatUpToDate with filter 'verify' executable 'false'
06-17 12:25:46.458 I/artd    (  727): GetBestInfo: /data/user_de/0/com.google.android.gms/app_chimera/m/00000036/dl-Appsearch.optional_261933100400.apk has no usable artifacts
06-17 12:25:46.458 I/artd    (  727): GetBestInfo: /data/user/0/com.google.android.gms/app_dg_cache/21A90BF1C1C388089206DCE215FB60D7882BFA18/the.apk has no usable artifacts
06-17 12:25:46.458 I/artd    (  727): GetBestInfo: /data/user_de/0/com.google.android.gms/app_chimera/m/0000001f/dl-IdentityCredentialsPlacebo.optional_261631100400.apk has no usable artifacts
06-17 12:25:46.458 I/artd    (  727): GetBestInfo: /data/user_de/0/com.google.android.gms/app_chimera/m/00000034/dl-IdentityCredentialsPlatform.optional_261933100400.apk has no usable artifacts
06-17 12:25:46.458 I/artd    (  727): GetBestInfo: /data/user_de/0/com.google.android.gms/app_chimera/m/00000019/dl-MlkitOcrCommon.optional_261631100400.apk has no usable artifacts
06-17 12:25:46.458 I/artd    (  727): GetBestInfo: /data/user/0/com.google.android.gms/app_dg_cache/A8F89F306FD1BA172E06F6F2B9F79826D0309BB6/the.apk has no usable artifacts
06-17 12:25:46.458 I/artd    (  727): GetBestInfo: /data/user/0/com.google.android.gms/app_dg_cache/707FFD883BF2A7896692338F9625CA52336E933B/the.apk has no usable artifacts
06-17 12:25:46.469 I/CatalogCloudSync( 7132): sync_events_apply domain=catalog remoteSuppliers=0 remoteCategories=0 remoteProducts=0 applied=0
06-17 12:25:46.545 I/CatalogCloudSync( 7132): sync_events_apply domain=catalog_prices remoteProductIds=3 remotePrices=0 pricesPulled=0 pricesSkippedNoProductRef=0
06-17 12:25:46.585 D/EGL_emulation( 7132): app_time_stats: avg=2.49ms min=0.84ms max=7.05ms count=61
06-17 12:25:46.628 I/CatalogCloudSync( 7132): sync_events_apply domain=prices remotePrices=0 pricesPulled=0 pricesSkippedNoProductRef=0
06-17 12:25:46.709 I/CatalogCloudSync( 7132): sync_events_apply domain=catalog remoteSuppliers=0 remoteCategories=0 remoteProducts=0 applied=0
06-17 12:25:46.793 I/CatalogCloudSync( 7132): sync_events_apply domain=catalog_prices remoteProductIds=1 remotePrices=0 pricesPulled=0 pricesSkippedNoProductRef=0
06-17 12:25:46.909 I/CatalogCloudSync( 7132): sync_events_apply domain=prices remotePrices=0 pricesPulled=0 pricesSkippedNoProductRef=0
06-17 12:25:46.992 I/CatalogCloudSync( 7132): sync_events_apply domain=catalog remoteSuppliers=0 remoteCategories=0 remoteProducts=0 applied=0
06-17 12:25:47.074 I/adbd    (  465): adbd service requested 'exec:run-as 'com.example.merchandisecontrolsplitview' 'cat' 'databases/app_database''
06-17 12:25:47.081 I/CatalogCloudSync( 7132): sync_events_apply domain=catalog_prices remoteProductIds=1 remotePrices=0 pricesPulled=0 pricesSkippedNoProductRef=0
06-17 12:25:47.437 I/CatalogCloudSync( 7132): sync_events_apply domain=history remoteSessions=0 applied=0 skipped=0 failed=0 unsupported=0
06-17 12:25:47.550 I/HalDevMgr(  605): bestIfaceCreationProposal is null, requestIface=STA, existingIface=[name=wlan0 type=STA]
06-17 12:25:47.557 I/MagicTether( 1144): (REDACTED) [ActiveNetworkTracker] setActiveNetwork: %s
06-17 12:25:47.557 W/IPCThreadState(  605): Sending oneway calls to frozen process.
06-17 12:25:47.557 W/IPCThreadState(  605): Sending oneway calls to frozen process.
06-17 12:25:47.557 W/IPCThreadState(  605): Sending oneway calls to frozen process.
06-17 12:25:47.557 W/IPCThreadState(  605): Sending oneway calls to frozen process.
06-17 12:25:47.557 W/IPCThreadState(  605): Sending oneway calls to frozen process.
06-17 12:25:47.557 W/IPCThreadState(  605): Sending oneway calls to frozen process.
06-17 12:25:47.557 W/IPCThreadState(  605): Sending oneway calls to frozen process.
06-17 12:25:47.557 W/IPCThreadState(  605): Sending oneway calls to frozen process.
06-17 12:25:47.557 W/IPCThreadState(  605): Sending oneway calls to frozen process.
06-17 12:25:47.557 W/IPCThreadState(  605): Sending oneway calls to frozen process.
06-17 12:25:47.557 I/MagicTether( 1144): (REDACTED) [TetherService] onActiveNetworkChanged: network=%s isLost=%s
06-17 12:25:47.558 I/MagicTether( 1144): [WifiConnectionHandler] Ignoring getWifiConfigurationByNetworkId when checking connected state [CONTEXT service_id=276 ]
06-17 12:25:47.558 I/MagicTether( 1144): [WifiConnectionHandler] No networkId set, can't be connected. [CONTEXT service_id=276 ]
06-17 12:25:47.558 I/MagicTether( 1144): (REDACTED) [TetherService] TRANSPORT_CELLULAR [%s], TRANSPORT_ETHERNET [%s], TRANSPORT_WIFI [%s]
06-17 12:25:47.559 I/MagicTether( 1144): (REDACTED) [TetherService] setRoles hasActiveNetworkConnection=%s canActiveNetworkBeTethered=%s isConnectedToInstantTether=%s isWifiEnabled=%s isHosting=%s
06-17 12:25:47.560 I/CatalogCloudSync( 7132): sync_events_apply domain=history remoteSessions=0 applied=0 skipped=0 failed=0 unsupported=0
06-17 12:25:47.561 D/ConnectivityService(  605): NetReassign [no changes] [c 0] [a 2] [i 0]
06-17 12:25:47.561 I/MagicTether( 1144): (REDACTED) [LaunchUtils] Instant Wifi for status account: name: %s | type: %s | isLaunched: %s
06-17 12:25:47.562 I/MagicTether( 1144): (REDACTED) [TidepoolFeatureStatusManager] isInstantHotspotEnabled=%s
06-17 12:25:47.562 I/MagicTether( 1144): (REDACTED) [TidepoolFeatureStatusManager] isInstantWifiEnabled=%s
06-17 12:25:47.562 I/MagicTether( 1144): (REDACTED) [TetherService] startNearbyHostRole: start: %s isInstantHotspotEnabled: %s isInstantWifiEnabled: %s
06-17 12:25:47.562 I/MagicTether( 1144): [HostTetherRole] Nearby host role already stopped [CONTEXT service_id=276 ]
06-17 12:25:47.563 I/MagicTether( 1144): (REDACTED) [LaunchUtils] Instant Wifi for status account: name: %s | type: %s | isLaunched: %s
06-17 12:25:47.563 I/MagicTether( 1144): (REDACTED) [TidepoolFeatureStatusManager] isInstantHotspotEnabled=%s
06-17 12:25:47.563 I/MagicTether( 1144): (REDACTED) [TidepoolFeatureStatusManager] isInstantWifiEnabled=%s
06-17 12:25:47.563 I/MagicTether( 1144): (REDACTED) [TetherService] startNearbyClientRole: start: %s isInstantHotspotEnabled: %s isInstantWifiEnabled: %s
06-17 12:25:47.563 I/MagicTether( 1144): [TetherService] Stopping Nearby client role [CONTEXT service_id=276 ]
06-17 12:25:47.564 I/MagicTether( 1144): [ClientTetherRole] Client role already stopped [CONTEXT service_id=276 ]
06-17 12:25:47.570 I/MagicTether( 1144): (REDACTED) [NotificationPresenter] cancelNotification: %d
06-17 12:25:47.570 I/MagicTether( 1144): [AutoDisconnectIntentOperation] Canceling task. [CONTEXT service_id=276 ]
06-17 12:25:47.572 I/NearbyMediums( 1144): Wifi changed new SSID: "AndroidWifi"
06-17 12:25:47.573 I/NearbyMediums( 1144): WifiLanConnectivityInfo is not changed, skip notify.
06-17 12:25:47.576 I/NullBinder( 1144): NullBinder for android.net.action.RECOMMEND_NETWORKS triggering remote TransactionTooLargeException due to Service without Chimera impl, calling uid: 1000, calling pid: 0
06-17 12:25:47.576 W/.gms.persistent( 1144): Large reply transaction of 1056768 bytes, interface descriptor , code 1
06-17 12:25:47.578 I/MagicTether( 1144): [AutoDisconnectIntentOperation] Canceling task. [CONTEXT service_id=276 ]
06-17 12:25:47.578 I/MagicTether( 1144): (REDACTED) [NotificationPresenter] cancelNotification: %d
06-17 12:25:47.578 I/MagicTether( 1144): [AutoDisconnectIntentOperation] Canceling task. [CONTEXT service_id=276 ]
06-17 12:25:47.579 I/MagicTether( 1144): (REDACTED) [NotificationPresenter] cancelNotification: %d
06-17 12:25:47.586 D/EGL_emulation( 7132): app_time_stats: avg=2.81ms min=0.83ms max=7.91ms count=60
06-17 12:25:47.648 I/CatalogCloudSync( 7132): sync_events_apply domain=history remoteSessions=0 applied=0 skipped=0 failed=0 unsupported=0
06-17 12:25:48.040 I/CatalogCloudSync( 7132): sync_events_apply domain=history remoteSessions=49 applied=0 skipped=49 failed=0 unsupported=0
06-17 12:25:48.056 I/NearbySharing( 1144): Network state changed: NetworkState(isRestricted=false, isOnline=true, isCongested=false, isMetered=false, isWifiConnected=true)
06-17 12:25:48.056 I/NearbySharing( 1144): Network state changed: NetworkState(isRestricted=false, isOnline=true, isCongested=false, isMetered=false, isWifiConnected=true)
06-17 12:25:48.313 I/CatalogCloudSync( 7132): sync_events_apply domain=catalog remoteSuppliers=0 remoteCategories=0 remoteProducts=0 applied=0
06-17 12:25:48.481 I/CatalogCloudSync( 7132): sync_events_apply domain=catalog_prices remoteProductIds=3 remotePrices=0 pricesPulled=0 pricesSkippedNoProductRef=0
06-17 12:25:48.578 I/CatalogCloudSync( 7132): sync_events_apply domain=prices remotePrices=0 pricesPulled=0 pricesSkippedNoProductRef=0
06-17 12:25:48.588 D/EGL_emulation( 7132): app_time_stats: avg=2.33ms min=0.73ms max=6.16ms count=60
06-17 12:25:48.663 I/CatalogCloudSync( 7132): sync_events_apply domain=catalog remoteSuppliers=0 remoteCategories=0 remoteProducts=0 applied=0
06-17 12:25:48.760 I/CatalogCloudSync( 7132): sync_events_apply domain=catalog_prices remoteProductIds=1 remotePrices=0 pricesPulled=0 pricesSkippedNoProductRef=0
06-17 12:25:48.848 I/CatalogCloudSync( 7132): sync_events_apply domain=prices remotePrices=0 pricesPulled=0 pricesSkippedNoProductRef=0
06-17 12:25:49.009 I/CatalogCloudSync( 7132): sync_events_apply domain=catalog remoteSuppliers=0 remoteCategories=0 remoteProducts=0 applied=0
06-17 12:25:49.094 I/CatalogCloudSync( 7132): sync_events_apply domain=catalog_prices remoteProductIds=1 remotePrices=0 pricesPulled=0 pricesSkippedNoProductRef=0
06-17 12:25:49.389 I/CatalogCloudSync( 7132): sync_events_apply domain=history remoteSessions=49 applied=0 skipped=49 failed=0 unsupported=0
06-17 12:25:49.417 I/wpa_supplicant(  851): wlan0: CTRL-EVENT-BEACON-LOSS 
06-17 12:25:49.603 D/EGL_emulation( 7132): app_time_stats: avg=2.55ms min=0.93ms max=5.24ms count=61
06-17 12:25:49.705 I/CatalogCloudSync( 7132): sync_events_apply domain=catalog remoteSuppliers=0 remoteCategories=0 remoteProducts=0 applied=0
06-17 12:25:49.797 I/CatalogCloudSync( 7132): sync_events_apply domain=catalog_prices remoteProductIds=3 remotePrices=0 pricesPulled=0 pricesSkippedNoProductRef=0
06-17 12:25:49.890 I/CatalogCloudSync( 7132): sync_events_apply domain=prices remotePrices=0 pricesPulled=0 pricesSkippedNoProductRef=0
06-17 12:25:50.058 I/CatalogCloudSync( 7132): sync_events_apply domain=catalog remoteSuppliers=0 remoteCategories=0 remoteProducts=0 applied=0
06-17 12:25:50.147 I/CatalogCloudSync( 7132): sync_events_apply domain=catalog_prices remoteProductIds=1 remotePrices=0 pricesPulled=0 pricesSkippedNoProductRef=0
06-17 12:25:50.232 I/CatalogCloudSync( 7132): sync_events_apply domain=prices remotePrices=0 pricesPulled=0 pricesSkippedNoProductRef=0
06-17 12:25:50.326 I/CatalogCloudSync( 7132): sync_events_apply domain=catalog remoteSuppliers=0 remoteCategories=0 remoteProducts=0 applied=0
06-17 12:25:50.411 I/CatalogCloudSync( 7132): sync_events_apply domain=catalog_prices remoteProductIds=1 remotePrices=0 pricesPulled=0 pricesSkippedNoProductRef=0
06-17 12:25:50.559 I/HalDevMgr(  605): bestIfaceCreationProposal is null, requestIface=STA, existingIface=[name=wlan0 type=STA]
06-17 12:25:50.562 W/IPCThreadState(  605): Sending oneway calls to frozen process.
06-17 12:25:50.562 W/IPCThreadState(  605): Sending oneway calls to frozen process.
06-17 12:25:50.562 W/IPCThreadState(  605): Sending oneway calls to frozen process.
06-17 12:25:50.562 W/IPCThreadState(  605): Sending oneway calls to frozen process.
06-17 12:25:50.562 W/IPCThreadState(  605): Sending oneway calls to frozen process.
06-17 12:25:50.562 W/IPCThreadState(  605): Sending oneway calls to frozen process.
06-17 12:25:50.562 W/IPCThreadState(  605): Sending oneway calls to frozen process.
06-17 12:25:50.562 W/IPCThreadState(  605): Sending oneway calls to frozen process.
06-17 12:25:50.562 W/IPCThreadState(  605): Sending oneway calls to frozen process.
06-17 12:25:50.562 W/IPCThreadState(  605): Sending oneway calls to frozen process.
06-17 12:25:50.563 D/ConnectivityService(  605): NetReassign [no changes] [c 0] [a 0] [i 0]
06-17 12:25:50.564 I/NullBinder( 1144): NullBinder for android.net.action.RECOMMEND_NETWORKS triggering remote TransactionTooLargeException due to Service without Chimera impl, calling uid: 1000, calling pid: 0
06-17 12:25:50.564 I/MagicTether( 1144): (REDACTED) [ActiveNetworkTracker] setActiveNetwork: %s
06-17 12:25:50.564 I/MagicTether( 1144): (REDACTED) [TetherService] onActiveNetworkChanged: network=%s isLost=%s
06-17 12:25:50.564 I/MagicTether( 1144): [WifiConnectionHandler] Ignoring getWifiConfigurationByNetworkId when checking connected state [CONTEXT service_id=276 ]
06-17 12:25:50.564 W/.gms.persistent( 1144): Large reply transaction of 1056768 bytes, interface descriptor , code 1
06-17 12:25:50.564 I/MagicTether( 1144): [WifiConnectionHandler] No networkId set, can't be connected. [CONTEXT service_id=276 ]
06-17 12:25:50.564 I/MagicTether( 1144): (REDACTED) [TetherService] TRANSPORT_CELLULAR [%s], TRANSPORT_ETHERNET [%s], TRANSPORT_WIFI [%s]
06-17 12:25:50.564 I/MagicTether( 1144): (REDACTED) [TetherService] setRoles hasActiveNetworkConnection=%s canActiveNetworkBeTethered=%s isConnectedToInstantTether=%s isWifiEnabled=%s isHosting=%s
06-17 12:25:50.564 I/NearbyMediums( 1144): Wifi changed new SSID: "AndroidWifi"
06-17 12:25:50.564 I/NearbyMediums( 1144): WifiLanConnectivityInfo is not changed, skip notify.
06-17 12:25:50.565 I/MagicTether( 1144): (REDACTED) [LaunchUtils] Instant Wifi for status account: name: %s | type: %s | isLaunched: %s
06-17 12:25:50.565 I/MagicTether( 1144): (REDACTED) [TidepoolFeatureStatusManager] isInstantHotspotEnabled=%s
06-17 12:25:50.565 I/MagicTether( 1144): (REDACTED) [TidepoolFeatureStatusManager] isInstantWifiEnabled=%s
06-17 12:25:50.565 I/MagicTether( 1144): (REDACTED) [TetherService] startNearbyHostRole: start: %s isInstantHotspotEnabled: %s isInstantWifiEnabled: %s
06-17 12:25:50.565 I/MagicTether( 1144): [HostTetherRole] Nearby host role already stopped [CONTEXT service_id=276 ]
06-17 12:25:50.565 I/MagicTether( 1144): (REDACTED) [NotificationPresenter] cancelNotification: %d
06-17 12:25:50.566 I/MagicTether( 1144): [AutoDisconnectIntentOperation] Canceling task. [CONTEXT service_id=276 ]
06-17 12:25:50.568 I/MagicTether( 1144): (REDACTED) [LaunchUtils] Instant Wifi for status account: name: %s | type: %s | isLaunched: %s
06-17 12:25:50.568 I/MagicTether( 1144): (REDACTED) [TidepoolFeatureStatusManager] isInstantHotspotEnabled=%s
06-17 12:25:50.568 I/MagicTether( 1144): (REDACTED) [TidepoolFeatureStatusManager] isInstantWifiEnabled=%s
06-17 12:25:50.568 I/MagicTether( 1144): (REDACTED) [TetherService] startNearbyClientRole: start: %s isInstantHotspotEnabled: %s isInstantWifiEnabled: %s
06-17 12:25:50.568 I/MagicTether( 1144): [TetherService] Stopping Nearby client role [CONTEXT service_id=276 ]
06-17 12:25:50.568 I/MagicTether( 1144): [ClientTetherRole] Client role already stopped [CONTEXT service_id=276 ]
06-17 12:25:50.569 I/MagicTether( 1144): [AutoDisconnectIntentOperation] Canceling task. [CONTEXT service_id=276 ]
06-17 12:25:50.569 I/MagicTether( 1144): (REDACTED) [NotificationPresenter] cancelNotification: %d
06-17 12:25:50.570 I/MagicTether( 1144): [AutoDisconnectIntentOperation] Canceling task. [CONTEXT service_id=276 ]
06-17 12:25:50.570 I/MagicTether( 1144): (REDACTED) [NotificationPresenter] cancelNotification: %d
06-17 12:25:50.574 I/CatalogCloudSync( 7132): sync_events_apply domain=history remoteSessions=0 applied=0 skipped=0 failed=0 unsupported=0
06-17 12:25:50.621 D/EGL_emulation( 7132): app_time_stats: avg=3.03ms min=0.91ms max=21.04ms count=61
06-17 12:25:50.663 I/CatalogCloudSync( 7132): sync_events_apply domain=history remoteSessions=0 applied=0 skipped=0 failed=0 unsupported=0
06-17 12:25:50.758 I/CatalogCloudSync( 7132): sync_events_apply domain=history remoteSessions=0 applied=0 skipped=0 failed=0 unsupported=0
06-17 12:25:51.024 I/CatalogCloudSync( 7132): sync_events_apply domain=history remoteSessions=49 applied=0 skipped=49 failed=0 unsupported=0
06-17 12:25:51.063 I/NearbySharing( 1144): Network state changed: NetworkState(isRestricted=false, isOnline=true, isCongested=false, isMetered=false, isWifiConnected=true)
06-17 12:25:51.063 I/NearbySharing( 1144): Network state changed: NetworkState(isRestricted=false, isOnline=true, isCongested=false, isMetered=false, isWifiConnected=true)
06-17 12:25:51.325 I/NearbyMediums( 1144): No BLE Fast/GATT advertisements found in the latest cycle.
06-17 12:25:51.325 I/NearbyMediums( 1144): Current Tracked Scanning Clients are : {NearbyConnections.EnvironmentMonitor, NearbySharing, NearbyConnections.TxAdvertisement}
06-17 12:25:51.336 I/CatalogCloudSync( 7132): sync_events_apply domain=catalog remoteSuppliers=0 remoteCategories=0 remoteProducts=0 applied=0
06-17 12:25:51.421 I/CatalogCloudSync( 7132): sync_events_apply domain=catalog_prices remoteProductIds=3 remotePrices=0 pricesPulled=0 pricesSkippedNoProductRef=0
06-17 12:25:51.508 I/CatalogCloudSync( 7132): sync_events_apply domain=prices remotePrices=0 pricesPulled=0 pricesSkippedNoProductRef=0
06-17 12:25:51.627 I/CatalogCloudSync( 7132): sync_events_apply domain=catalog remoteSuppliers=0 remoteCategories=0 remoteProducts=0 applied=0
06-17 12:25:51.635 D/EGL_emulation( 7132): app_time_stats: avg=2.35ms min=0.88ms max=4.96ms count=61
06-17 12:25:51.704 I/CatalogCloudSync( 7132): sync_events_apply domain=catalog_prices remoteProductIds=1 remotePrices=0 pricesPulled=0 pricesSkippedNoProductRef=0
06-17 12:25:51.782 I/CatalogCloudSync( 7132): sync_events_apply domain=prices remotePrices=0 pricesPulled=0 pricesSkippedNoProductRef=0
06-17 12:25:51.864 I/CatalogCloudSync( 7132): sync_events_apply domain=catalog remoteSuppliers=0 remoteCategories=0 remoteProducts=0 applied=0
06-17 12:25:51.947 I/CatalogCloudSync( 7132): sync_events_apply domain=catalog_prices remoteProductIds=1 remotePrices=0 pricesPulled=0 pricesSkippedNoProductRef=0
06-17 12:25:52.349 I/CatalogCloudSync( 7132): sync_events_apply domain=catalog remoteSuppliers=0 remoteCategories=0 remoteProducts=0 applied=0
06-17 12:25:52.442 I/CatalogCloudSync( 7132): sync_events_apply domain=catalog_prices remoteProductIds=3 remotePrices=0 pricesPulled=0 pricesSkippedNoProductRef=0
06-17 12:25:52.638 D/EGL_emulation( 7132): app_time_stats: avg=3.02ms min=0.88ms max=19.00ms count=60
06-17 12:25:52.787 I/CatalogCloudSync( 7132): sync_events_apply domain=history remoteSessions=49 applied=0 skipped=49 failed=0 unsupported=0
06-17 12:25:52.870 I/CatalogCloudSync( 7132): sync_events_apply domain=prices remotePrices=0 pricesPulled=0 pricesSkippedNoProductRef=0
06-17 12:25:52.956 I/CatalogCloudSync( 7132): sync_events_apply domain=catalog remoteSuppliers=0 remoteCategories=0 remoteProducts=0 applied=0
06-17 12:25:53.042 I/CatalogCloudSync( 7132): sync_events_apply domain=catalog_prices remoteProductIds=1 remotePrices=0 pricesPulled=0 pricesSkippedNoProductRef=0
06-17 12:25:53.197 I/CatalogCloudSync( 7132): sync_events_apply domain=prices remotePrices=0 pricesPulled=0 pricesSkippedNoProductRef=0
06-17 12:25:53.290 I/CatalogCloudSync( 7132): sync_events_apply domain=catalog remoteSuppliers=0 remoteCategories=0 remoteProducts=0 applied=0
06-17 12:25:53.391 I/CatalogCloudSync( 7132): sync_events_apply domain=catalog_prices remoteProductIds=1 remotePrices=0 pricesPulled=0 pricesSkippedNoProductRef=0
06-17 12:25:53.479 I/CatalogCloudSync( 7132): sync_events_apply domain=history remoteSessions=0 applied=0 skipped=0 failed=0 unsupported=0
06-17 12:25:53.562 I/HalDevMgr(  605): bestIfaceCreationProposal is null, requestIface=STA, existingIface=[name=wlan0 type=STA]
06-17 12:25:53.574 I/CatalogCloudSync( 7132): sync_events_apply domain=history remoteSessions=0 applied=0 skipped=0 failed=0 unsupported=0
06-17 12:25:53.639 D/EGL_emulation( 7132): app_time_stats: avg=2.58ms min=0.82ms max=6.96ms count=60
06-17 12:25:53.807 I/CatalogCloudSync( 7132): sync_events_apply domain=history remoteSessions=0 applied=0 skipped=0 failed=0 unsupported=0
06-17 12:25:54.092 I/CatalogCloudSync( 7132): sync_events_apply domain=history remoteSessions=49 applied=0 skipped=49 failed=0 unsupported=0
06-17 12:25:54.422 I/CatalogCloudSync( 7132): sync_events_apply domain=catalog remoteSuppliers=0 remoteCategories=0 remoteProducts=0 applied=0
06-17 12:25:54.508 I/CatalogCloudSync( 7132): sync_events_apply domain=catalog_prices remoteProductIds=3 remotePrices=0 pricesPulled=0 pricesSkippedNoProductRef=0
06-17 12:25:54.610 I/CatalogCloudSync( 7132): sync_events_apply domain=prices remotePrices=0 pricesPulled=0 pricesSkippedNoProductRef=0
06-17 12:25:54.652 D/EGL_emulation( 7132): app_time_stats: avg=2.41ms min=0.79ms max=5.55ms count=61
06-17 12:25:54.772 I/CatalogCloudSync( 7132): sync_events_apply domain=catalog remoteSuppliers=0 remoteCategories=0 remoteProducts=0 applied=0
06-17 12:25:54.861 I/CatalogCloudSync( 7132): sync_events_apply domain=catalog_prices remoteProductIds=1 remotePrices=0 pricesPulled=0 pricesSkippedNoProductRef=0
06-17 12:25:54.942 I/CatalogCloudSync( 7132): sync_events_apply domain=prices remotePrices=0 pricesPulled=0 pricesSkippedNoProductRef=0
06-17 12:25:55.029 I/CatalogCloudSync( 7132): sync_events_apply domain=catalog remoteSuppliers=0 remoteCategories=0 remoteProducts=0 applied=0
06-17 12:25:55.113 I/CatalogCloudSync( 7132): sync_events_apply domain=catalog_prices remoteProductIds=1 remotePrices=0 pricesPulled=0 pricesSkippedNoProductRef=0
06-17 12:25:55.415 I/CatalogCloudSync( 7132): sync_events_apply domain=history remoteSessions=49 applied=0 skipped=49 failed=0 unsupported=0
06-17 12:25:55.653 D/EGL_emulation( 7132): app_time_stats: avg=2.26ms min=0.86ms max=6.10ms count=60
06-17 12:25:55.672 I/CatalogCloudSync( 7132): sync_events_apply domain=catalog remoteSuppliers=0 remoteCategories=0 remoteProducts=0 applied=0
06-17 12:25:55.826 I/CatalogCloudSync( 7132): sync_events_apply domain=catalog_prices remoteProductIds=3 remotePrices=0 pricesPulled=0 pricesSkippedNoProductRef=0
06-17 12:25:55.914 I/CatalogCloudSync( 7132): sync_events_apply domain=prices remotePrices=0 pricesPulled=0 pricesSkippedNoProductRef=0
06-17 12:25:56.008 I/CatalogCloudSync( 7132): sync_events_apply domain=catalog remoteSuppliers=0 remoteCategories=0 remoteProducts=0 applied=0
06-17 12:25:56.093 I/CatalogCloudSync( 7132): sync_events_apply domain=catalog_prices remoteProductIds=1 remotePrices=0 pricesPulled=0 pricesSkippedNoProductRef=0
06-17 12:25:56.175 I/CatalogCloudSync( 7132): sync_events_apply domain=prices remotePrices=0 pricesPulled=0 pricesSkippedNoProductRef=0
06-17 12:25:56.358 I/CatalogCloudSync( 7132): sync_events_apply domain=catalog remoteSuppliers=0 remoteCategories=0 remoteProducts=0 applied=0
06-17 12:25:56.410 I/adbd    (  465): adbd service requested 'shell,v2,raw:dumpsys package com.google.android.gms'
06-17 12:25:56.447 I/CatalogCloudSync( 7132): sync_events_apply domain=catalog_prices remoteProductIds=1 remotePrices=0 pricesPulled=0 pricesSkippedNoProductRef=0
06-17 12:25:56.462 I/artd    (  727): GetBestInfo: odex next to the dex file (/data/app/~~RBqLWa4IHxAvM1EDn2acWA==/com.google.android.gms--6rwsmYaGwERs-rlQ1V3rA==/oat/arm64/base.odex) is kOatBootImageOutOfDate with filter 'speed-profile' executable 'false': Image checksum mismatch, expected i;28/6d8ebc32 to start with i;28/fd0aebae
06-17 12:25:56.462 I/artd    (  727): GetBestInfo: vdex next to the dex file (/data/app/~~RBqLWa4IHxAvM1EDn2acWA==/com.google.android.gms--6rwsmYaGwERs-rlQ1V3rA==/oat/arm64/base.vdex) is kOatUpToDate with filter 'verify' executable 'false'
06-17 12:25:56.463 I/artd    (  727): GetBestInfo: dm (/data/app/~~RBqLWa4IHxAvM1EDn2acWA==/com.google.android.gms--6rwsmYaGwERs-rlQ1V3rA==/split_AdsDynamite_installtime.dm) is kOatUpToDate with filter 'verify' executable 'false'
06-17 12:25:56.463 I/artd    (  727): GetBestInfo: odex next to the dex file (/data/app/~~RBqLWa4IHxAvM1EDn2acWA==/com.google.android.gms--6rwsmYaGwERs-rlQ1V3rA==/oat/arm64/split_CronetDynamite_installtime.odex) is kOatBootImageOutOfDate with filter 'speed-profile' executable 'false': Image checksum mismatch, expected i;28/6d8ebc32 to start with i;28/fd0aebae
06-17 12:25:56.464 I/artd    (  727): GetBestInfo: vdex next to the dex file (/data/app/~~RBqLWa4IHxAvM1EDn2acWA==/com.google.android.gms--6rwsmYaGwERs-rlQ1V3rA==/oat/arm64/split_CronetDynamite_installtime.vdex) is kOatUpToDate with filter 'verify' executable 'false'
06-17 12:25:56.464 I/artd    (  727): GetBestInfo: dm (/data/app/~~RBqLWa4IHxAvM1EDn2acWA==/com.google.android.gms--6rwsmYaGwERs-rlQ1V3rA==/split_DynamiteLoader_installtime.dm) is kOatUpToDate with filter 'verify' executable 'false'
06-17 12:25:56.464 I/artd    (  727): GetBestInfo: dm (/data/app/~~RBqLWa4IHxAvM1EDn2acWA==/com.google.android.gms--6rwsmYaGwERs-rlQ1V3rA==/split_DynamiteModulesA_installtime.dm) is kOatUpToDate with filter 'verify' executable 'false'
06-17 12:25:56.465 I/artd    (  727): GetBestInfo: dm (/data/app/~~RBqLWa4IHxAvM1EDn2acWA==/com.google.android.gms--6rwsmYaGwERs-rlQ1V3rA==/split_DynamiteModulesC_installtime.dm) is kOatUpToDate with filter 'verify' executable 'false'
06-17 12:25:56.465 I/artd    (  727): GetBestInfo: dm (/data/app/~~RBqLWa4IHxAvM1EDn2acWA==/com.google.android.gms--6rwsmYaGwERs-rlQ1V3rA==/split_GoogleCertificates_installtime.dm) is kOatUpToDate with filter 'verify' executable 'false'
06-17 12:25:56.465 I/artd    (  727): GetBestInfo: dm (/data/app/~~RBqLWa4IHxAvM1EDn2acWA==/com.google.android.gms--6rwsmYaGwERs-rlQ1V3rA==/split_MapsDynamite_installtime.dm) is kOatUpToDate with filter 'verify' executable 'false'
06-17 12:25:56.467 I/artd    (  727): GetBestInfo: dm (/data/app/~~RBqLWa4IHxAvM1EDn2acWA==/com.google.android.gms--6rwsmYaGwERs-rlQ1V3rA==/split_MeasurementDynamite_installtime.dm) is kOatUpToDate with filter 'verify' executable 'false'
06-17 12:25:56.467 I/artd    (  727): GetBestInfo: /data/user_de/0/com.google.android.gms/app_chimera/m/0000002a/dl-MlkitBarcodeUi.optional_261733100400.apk has no usable artifacts
06-17 12:25:56.467 I/artd    (  727): GetBestInfo: /data/user_de/0/com.google.android.gms/app_chimera/m/00000035/dl-VisionOcr.optional_261933100000.apk has no usable artifacts
06-17 12:25:56.467 I/artd    (  727): GetBestInfo: /data/user_de/0/com.google.android.gms/app_chimera/m/00000001/CronetDynamite.uncompressed.apk has no usable artifacts
06-17 12:25:56.468 I/artd    (  727): GetBestInfo: /data/user_de/0/com.google.android.gms/app_chimera/m/00000047/dl-PlayCloudSearch.optional_262333100000.apk has no usable artifacts
06-17 12:25:56.468 I/artd    (  727): GetBestInfo: /data/user_de/0/com.google.android.gms/app_chimera/m/00000016/dl-IdentityCredentialsPlatform.optional_261464100400.apk has no usable artifacts
06-17 12:25:56.470 I/artd    (  727): GetBestInfo: /data/user_de/0/com.google.android.gms/app_chimera/m/00000046/dl-MlkitOcrCommon.optional_262333100400.apk has no usable artifacts
06-17 12:25:56.470 I/artd    (  727): GetBestInfo: /data/user_de/0/com.google.android.gms/app_chimera/m/00000014/dl-VisionOcr.optional_261464100000.apk has no usable artifacts
06-17 12:25:56.470 I/artd    (  727): GetBestInfo: /data/user_de/0/com.google.android.gms/app_chimera/m/00000017/dl-Appsearch.optional_261464100400.apk has no usable artifacts
06-17 12:25:56.470 I/artd    (  727): GetBestInfo: /data/user_de/0/com.google.android.gms/app_chimera/m/0000004b/dl-MlkitBarcodeUi.optional_262333100400.apk has no usable artifacts
06-17 12:25:56.470 I/artd    (  727): GetBestInfo: /data/user/0/com.google.android.gms/app_dg_cache/87E7746227FF4E457A2EB56043B95E41006DE49F/the.apk has no usable artifacts
06-17 12:25:56.471 I/artd    (  727): GetBestInfo: /data/user_de/0/com.google.android.gms/app_chimera/m/00000048/dl-IdentityCredentialsPlatform.optional_262333100400.apk has no usable artifacts
06-17 12:25:56.471 I/artd    (  727): GetBestInfo: /data/user_de/0/com.google.android.gms/app_chimera/m/0000000a/dl-MlkitBarcodeUi.optional_242335100400.apk has no usable artifacts
06-17 12:25:56.471 I/artd    (  727): GetBestInfo: /data/user_de/0/com.google.android.gms/app_chimera/m/00000029/dl-MlkitOcrCommon.optional_261733100400.apk has no usable artifacts
06-17 12:25:56.471 I/artd    (  727): GetBestInfo: /data/user_de/0/com.google.android.gms/app_chimera/m/00000002/DynamiteLoader.uncompressed.apk has no usable artifacts
06-17 12:25:56.471 I/artd    (  727): GetBestInfo: /data/user_de/0/com.google.android.gms/app_chimera/m/0000002e/dl-Appsearch.optional_261733100400.apk has no usable artifacts
06-17 12:25:56.471 I/artd    (  727): GetBestInfo: /data/user_de/0/com.google.android.gms/app_chimera/m/00000030/dl-MlkitOcrCommon.optional_261933100400.apk has no usable artifacts
06-17 12:25:56.471 I/artd    (  727): GetBestInfo: /data/user_de/0/com.google.android.gms/app_chimera/m/00000015/dl-PlayCloudSearch.optional_261464100000.apk has no usable artifacts
06-17 12:25:56.471 I/artd    (  727): GetBestInfo: /data/user_de/0/com.google.android.gms/app_chimera/m/0000001e/dl-Appsearch.optional_261631100400.apk has no usable artifacts
06-17 12:25:56.471 I/artd    (  727): GetBestInfo: /data/user_de/0/com.google.android.gms/app_chimera/m/00000013/dl-MlkitOcrCommon.optional_261464100400.apk has no usable artifacts
06-17 12:25:56.471 I/artd    (  727): GetBestInfo: /data/user_de/0/com.google.android.gms/app_chimera/m/00000032/dl-MlkitBarcodeUi.optional_261933100400.apk has no usable artifacts
06-17 12:25:56.471 I/artd    (  727): GetBestInfo: /data/user/0/com.google.android.gms/app_dg_cache/754BEC187BC4F26BBC31300F93DBF9B7506C1861/the.apk has no usable artifacts
06-17 12:25:56.471 I/artd    (  727): GetBestInfo: /data/user_de/0/com.google.android.gms/app_chimera/m/00000007/MeasurementDynamite.apk has no usable artifacts
06-17 12:25:56.471 I/artd    (  727): GetBestInfo: /data/user_de/0/com.google.android.gms/app_chimera/m/0000002c/dl-IdentityCredentialsPlatform.optional_261733100400.apk has no usable artifacts
06-17 12:25:56.471 I/artd    (  727): GetBestInfo: /data/user_de/0/com.google.android.gms/app_chimera/m/0000002b/dl-PlayCloudSearch.optional_261733100000.apk has no usable artifacts
06-17 12:25:56.472 I/artd    (  727): GetBestInfo: /data/user_de/0/com.google.android.gms/app_chimera/m/00000033/dl-PlayCloudSearch.optional_261933100000.apk has no usable artifacts
06-17 12:25:56.472 I/artd    (  727): GetBestInfo: /data/user_de/0/com.google.android.gms/app_chimera/m/0000001c/dl-VisionOcr.optional_261631100000.apk has no usable artifacts
06-17 12:25:56.472 I/artd    (  727): GetBestInfo: /data/user_de/0/com.google.android.gms/app_chimera/m/00000011/dl-MlkitBarcodeUi.optional_261464100400.apk has no usable artifacts
06-17 12:25:56.472 I/artd    (  727): GetBestInfo: /data/user_de/0/com.google.android.gms/app_chimera/m/00000049/dl-VisionOcr.optional_262333100000.apk has no usable artifacts
06-17 12:25:56.472 I/artd    (  727): GetBestInfo: /data/user_de/0/com.google.android.gms/app_chimera/m/00000005/GoogleCertificates.apk has no usable artifacts
06-17 12:25:56.472 I/artd    (  727): GetBestInfo: /data/user_de/0/com.google.android.gms/app_chimera/m/00000010/dl-TfliteDynamiteDynamite.integ_260580502100400.apk has no usable artifacts
06-17 12:25:56.472 I/artd    (  727): GetBestInfo: /data/user/0/com.google.android.gms/app_dg_cache/9D5BCED7935D64431BF672B8BBD597199833CA19/the.apk has no usable artifacts
06-17 12:25:56.472 I/artd    (  727): GetBestInfo: /data/user_de/0/com.google.android.gms/app_chimera/m/00000009/dl-TfliteDynamiteDynamite.integ_252130102100400.apk has no usable artifacts
06-17 12:25:56.473 I/artd    (  727): GetBestInfo: vdex next to the dex file (/data/user/0/com.google.android.gms/app_dg_cache/5833371D1ACC412507A92815B074897510CCCEDD/oat/arm64/the.vdex) is kOatUpToDate with filter 'verify' executable 'false'
06-17 12:25:56.473 I/artd    (  727): GetBestInfo: /data/user_de/0/com.google.android.gms/app_chimera/m/0000001b/dl-PlayCloudSearch.optional_261631100000.apk has no usable artifacts
06-17 12:25:56.473 I/artd    (  727): GetBestInfo: /data/user_de/0/com.google.android.gms/app_chimera/m/00000027/dl-IdentityCredentialsPlatform.optional_261631100400.apk has no usable artifacts
06-17 12:25:56.473 I/artd    (  727): GetBestInfo: /data/user/0/com.google.android.gms/app_dg_cache/86153AA318A3F208A8C511836585279D8C7E8D94/the.apk has no usable artifacts
06-17 12:25:56.473 I/artd    (  727): GetBestInfo: /data/user_de/0/com.google.android.gms/app_chimera/m/0000001d/dl-IdentityCredentialsPlatform.optional_261631100400.apk has no usable artifacts
06-17 12:25:56.473 I/artd    (  727): GetBestInfo: /data/user_de/0/com.google.android.gms/app_chimera/m/0000002d/dl-VisionOcr.optional_261733100000.apk has no usable artifacts
06-17 12:25:56.474 I/artd    (  727): GetBestInfo: /data/user_de/0/com.google.android.gms/app_chimera/m/0000000e/dl-PlayCloudSearch.optional_242335100000.apk has no usable artifacts
06-17 12:25:56.474 I/artd    (  727): GetBestInfo: /data/user_de/0/com.google.android.gms/app_chimera/m/0000004a/dl-Appsearch.optional_262333100400.apk has no usable artifacts
06-17 12:25:56.474 I/artd    (  727): GetBestInfo: /data/user_de/0/com.google.android.gms/app_chimera/m/0000001a/dl-MlkitBarcodeUi.optional_261631100400.apk has no usable artifacts
06-17 12:25:56.474 I/artd    (  727): GetBestInfo: vdex next to the dex file (/data/user/0/com.google.android.gms/app_dg_cache/10FF5D5C646CC9E2F04BD9D73A072BD012EF1A7A/oat/arm64/the.vdex) is kOatUpToDate with filter 'verify' executable 'false'
06-17 12:25:56.474 I/artd    (  727): GetBestInfo: /data/user_de/0/com.google.android.gms/app_chimera/m/00000036/dl-Appsearch.optional_261933100400.apk has no usable artifacts
06-17 12:25:56.474 I/artd    (  727): GetBestInfo: /data/user/0/com.google.android.gms/app_dg_cache/21A90BF1C1C388089206DCE215FB60D7882BFA18/the.apk has no usable artifacts
06-17 12:25:56.474 I/artd    (  727): GetBestInfo: /data/user_de/0/com.google.android.gms/app_chimera/m/0000001f/dl-IdentityCredentialsPlacebo.optional_261631100400.apk has no usable artifacts
06-17 12:25:56.474 I/artd    (  727): GetBestInfo: /data/user_de/0/com.google.android.gms/app_chimera/m/00000034/dl-IdentityCredentialsPlatform.optional_261933100400.apk has no usable artifacts
06-17 12:25:56.474 I/artd    (  727): GetBestInfo: /data/user_de/0/com.google.android.gms/app_chimera/m/00000019/dl-MlkitOcrCommon.optional_261631100400.apk has no usable artifacts
06-17 12:25:56.475 I/artd    (  727): GetBestInfo: /data/user/0/com.google.android.gms/app_dg_cache/A8F89F306FD1BA172E06F6F2B9F79826D0309BB6/the.apk has no usable artifacts
06-17 12:25:56.475 I/artd    (  727): GetBestInfo: /data/user/0/com.google.android.gms/app_dg_cache/707FFD883BF2A7896692338F9625CA52336E933B/the.apk has no usable artifacts
06-17 12:25:56.536 I/CatalogCloudSync( 7132): sync_events_apply domain=history remoteSessions=0 applied=0 skipped=0 failed=0 unsupported=0
06-17 12:25:56.573 I/HalDevMgr(  605): bestIfaceCreationProposal is null, requestIface=STA, existingIface=[name=wlan0 type=STA]
06-17 12:25:56.575 W/IPCThreadState(  605): Sending oneway calls to frozen process.
06-17 12:25:56.575 W/IPCThreadState(  605): Sending oneway calls to frozen process.
06-17 12:25:56.575 W/IPCThreadState(  605): Sending oneway calls to frozen process.
06-17 12:25:56.575 W/IPCThreadState(  605): Sending oneway calls to frozen process.
06-17 12:25:56.575 W/IPCThreadState(  605): Sending oneway calls to frozen process.
06-17 12:25:56.575 W/IPCThreadState(  605): Sending oneway calls to frozen process.
06-17 12:25:56.575 W/IPCThreadState(  605): Sending oneway calls to frozen process.
06-17 12:25:56.575 W/IPCThreadState(  605): Sending oneway calls to frozen process.
06-17 12:25:56.575 W/IPCThreadState(  605): Sending oneway calls to frozen process.
06-17 12:25:56.575 W/IPCThreadState(  605): Sending oneway calls to frozen process.
06-17 12:25:56.576 D/ConnectivityService(  605): NetReassign [no changes] [c 0] [a 1] [i 0]
06-17 12:25:56.576 I/MagicTether( 1144): (REDACTED) [ActiveNetworkTracker] setActiveNetwork: %s
06-17 12:25:56.576 I/MagicTether( 1144): (REDACTED) [TetherService] onActiveNetworkChanged: network=%s isLost=%s
06-17 12:25:56.576 I/MagicTether( 1144): [WifiConnectionHandler] Ignoring getWifiConfigurationByNetworkId when checking connected state [CONTEXT service_id=276 ]
06-17 12:25:56.576 I/MagicTether( 1144): [WifiConnectionHandler] No networkId set, can't be connected. [CONTEXT service_id=276 ]
06-17 12:25:56.576 I/MagicTether( 1144): (REDACTED) [TetherService] TRANSPORT_CELLULAR [%s], TRANSPORT_ETHERNET [%s], TRANSPORT_WIFI [%s]
06-17 12:25:56.576 I/MagicTether( 1144): (REDACTED) [TetherService] setRoles hasActiveNetworkConnection=%s canActiveNetworkBeTethered=%s isConnectedToInstantTether=%s isWifiEnabled=%s isHosting=%s
06-17 12:25:56.577 I/NearbyMediums( 1144): Wifi changed new SSID: "AndroidWifi"
06-17 12:25:56.577 I/MagicTether( 1144): (REDACTED) [LaunchUtils] Instant Wifi for status account: name: %s | type: %s | isLaunched: %s
06-17 12:25:56.577 I/MagicTether( 1144): (REDACTED) [TidepoolFeatureStatusManager] isInstantHotspotEnabled=%s
06-17 12:25:56.577 I/MagicTether( 1144): (REDACTED) [TidepoolFeatureStatusManager] isInstantWifiEnabled=%s
06-17 12:25:56.577 I/MagicTether( 1144): (REDACTED) [TetherService] startNearbyHostRole: start: %s isInstantHotspotEnabled: %s isInstantWifiEnabled: %s
06-17 12:25:56.577 I/MagicTether( 1144): [HostTetherRole] Nearby host role already stopped [CONTEXT service_id=276 ]
06-17 12:25:56.577 I/NearbyMediums( 1144): WifiLanConnectivityInfo is not changed, skip notify.
06-17 12:25:56.577 I/MagicTether( 1144): (REDACTED) [LaunchUtils] Instant Wifi for status account: name: %s | type: %s | isLaunched: %s
06-17 12:25:56.577 I/MagicTether( 1144): (REDACTED) [TidepoolFeatureStatusManager] isInstantHotspotEnabled=%s
06-17 12:25:56.577 I/MagicTether( 1144): (REDACTED) [TidepoolFeatureStatusManager] isInstantWifiEnabled=%s
06-17 12:25:56.577 I/MagicTether( 1144): (REDACTED) [TetherService] startNearbyClientRole: start: %s isInstantHotspotEnabled: %s isInstantWifiEnabled: %s
06-17 12:25:56.577 I/MagicTether( 1144): [TetherService] Stopping Nearby client role [CONTEXT service_id=276 ]
06-17 12:25:56.577 I/MagicTether( 1144): [ClientTetherRole] Client role already stopped [CONTEXT service_id=276 ]
06-17 12:25:56.578 I/NullBinder( 1144): NullBinder for android.net.action.RECOMMEND_NETWORKS triggering remote TransactionTooLargeException due to Service without Chimera impl, calling uid: 1000, calling pid: 0
06-17 12:25:56.578 I/MagicTether( 1144): (REDACTED) [NotificationPresenter] cancelNotification: %d
06-17 12:25:56.578 I/MagicTether( 1144): [AutoDisconnectIntentOperation] Canceling task. [CONTEXT service_id=276 ]
06-17 12:25:56.578 W/.gms.persistent( 1144): Large reply transaction of 1056768 bytes, interface descriptor , code 1
06-17 12:25:56.579 I/MagicTether( 1144): [AutoDisconnectIntentOperation] Canceling task. [CONTEXT service_id=276 ]
06-17 12:25:56.579 I/MagicTether( 1144): (REDACTED) [NotificationPresenter] cancelNotification: %d
06-17 12:25:56.580 I/MagicTether( 1144): [AutoDisconnectIntentOperation] Canceling task. [CONTEXT service_id=276 ]
06-17 12:25:56.580 I/MagicTether( 1144): (REDACTED) [NotificationPresenter] cancelNotification: %d
06-17 12:25:56.624 D/IpClient/wlan0(  996): addressUpdated: fec0::6589:bf07:5a2e:3be2/64 on ifindex 16 flags 0x00000900 scope 200 deprecationTime 72935175 expirationTime 144935175
06-17 12:25:56.624 D/IpClient/wlan0(  996): addressUpdated: fec0::3c83:aa68:40b7:5a62/64 on ifindex 16 flags 0x00000001 scope 200 deprecationTime 72935175 expirationTime 144935175
06-17 12:25:56.624 W/AlarmManager(  996): Unrecognized alarm listener com.android.networkstack.android.net.ip.IpClientLinkObserver$Dhcp6PdPreferredPrefixAlarmListener@ac7096
06-17 12:25:56.624 D/ApfFilter(  996): (wlan0): Adding RA fe80::2 -> ff02::1 1800s fec0::/64 86400s/14400s 
06-17 12:25:56.627 I/CatalogCloudSync( 7132): sync_events_apply domain=history remoteSessions=0 applied=0 skipped=0 failed=0 unsupported=0
06-17 12:25:56.668 D/EGL_emulation( 7132): app_time_stats: avg=2.77ms min=0.83ms max=7.06ms count=61
06-17 12:25:56.708 I/CatalogCloudSync( 7132): sync_events_apply domain=history remoteSessions=0 applied=0 skipped=0 failed=0 unsupported=0
06-17 12:25:56.994 I/CatalogCloudSync( 7132): sync_events_apply domain=history remoteSessions=49 applied=0 skipped=49 failed=0 unsupported=0
06-17 12:25:57.075 I/NearbySharing( 1144): Network state changed: NetworkState(isRestricted=false, isOnline=true, isCongested=false, isMetered=false, isWifiConnected=true)
06-17 12:25:57.076 I/NearbySharing( 1144): Network state changed: NetworkState(isRestricted=false, isOnline=true, isCongested=false, isMetered=false, isWifiConnected=true)
06-17 12:25:57.256 I/CatalogCloudSync( 7132): sync_events_apply domain=catalog remoteSuppliers=0 remoteCategories=0 remoteProducts=0 applied=0
06-17 12:25:57.353 I/wpa_supplicant(  851): wlan0: CTRL-EVENT-BEACON-LOSS 
06-17 12:25:57.390 I/CatalogCloudSync( 7132): sync_events_apply domain=catalog_prices remoteProductIds=1 remotePrices=0 pricesPulled=0 pricesSkippedNoProductRef=0
06-17 12:25:57.480 I/CatalogCloudSync( 7132): sync_events_apply domain=prices remotePrices=0 pricesPulled=0 pricesSkippedNoProductRef=0
06-17 12:25:57.671 D/EGL_emulation( 7132): app_time_stats: avg=2.23ms min=0.92ms max=4.70ms count=60
06-17 12:25:57.790 I/CatalogCloudSync( 7132): sync_events_apply domain=history remoteSessions=49 applied=0 skipped=49 failed=0 unsupported=0
06-17 12:25:58.123 I/CatalogCloudSync( 7132): sync_events_apply domain=catalog remoteSuppliers=0 remoteCategories=0 remoteProducts=0 applied=0
06-17 12:25:58.213 I/CatalogCloudSync( 7132): sync_events_apply domain=catalog_prices remoteProductIds=1 remotePrices=0 pricesPulled=0 pricesSkippedNoProductRef=0
06-17 12:25:58.238 I/bluetooth( 1027): system/gd/hci/le_address_manager.cc:659 OnCommandComplete: Received command complete with op_code LE_SET_RANDOM_ADDRESS(0x2005)
06-17 12:25:58.238 I/bluetooth( 1027): system/gd/hci/le_address_manager.cc:680 OnCommandComplete: update random address : xx:xx:xx:xx:39:81
06-17 12:25:58.238 I/bluetooth( 1027): system/gd/hci/le_address_manager.cc:347 resume_registered_clients: Resuming registered clients
06-17 12:25:58.310 I/CatalogCloudSync( 7132): sync_events_apply domain=prices remotePrices=0 pricesPulled=0 pricesSkippedNoProductRef=0
06-17 12:25:58.590 I/CatalogCloudSync( 7132): sync_events_apply domain=history remoteSessions=49 applied=0 skipped=49 failed=0 unsupported=0
06-17 12:25:58.686 D/EGL_emulation( 7132): app_time_stats: avg=2.27ms min=0.90ms max=5.30ms count=61
06-17 12:25:58.841 I/CatalogCloudSync( 7132): sync_events_apply domain=catalog remoteSuppliers=0 remoteCategories=0 remoteProducts=0 applied=0
06-17 12:25:58.972 I/CatalogCloudSync( 7132): sync_events_apply domain=catalog_prices remoteProductIds=1 remotePrices=0 pricesPulled=0 pricesSkippedNoProductRef=0
06-17 12:25:59.225 I/CatalogCloudSync( 7132): sync_events_apply domain=catalog remoteSuppliers=0 remoteCategories=0 remoteProducts=0 applied=0
06-17 12:25:59.323 I/CatalogCloudSync( 7132): sync_events_apply domain=catalog_prices remoteProductIds=1 remotePrices=0 pricesPulled=0 pricesSkippedNoProductRef=0
06-17 12:25:59.582 I/HalDevMgr(  605): bestIfaceCreationProposal is null, requestIface=STA, existingIface=[name=wlan0 type=STA]
06-17 12:25:59.586 W/IPCThreadState(  605): Sending oneway calls to frozen process.
06-17 12:25:59.586 W/IPCThreadState(  605): Sending oneway calls to frozen process.
06-17 12:25:59.586 W/IPCThreadState(  605): Sending oneway calls to frozen process.
06-17 12:25:59.586 W/IPCThreadState(  605): Sending oneway calls to frozen process.
06-17 12:25:59.586 W/IPCThreadState(  605): Sending oneway calls to frozen process.
06-17 12:25:59.586 W/IPCThreadState(  605): Sending oneway calls to frozen process.
06-17 12:25:59.586 W/IPCThreadState(  605): Sending oneway calls to frozen process.
06-17 12:25:59.586 W/IPCThreadState(  605): Sending oneway calls to frozen process.
06-17 12:25:59.586 W/IPCThreadState(  605): Sending oneway calls to frozen process.
06-17 12:25:59.586 W/IPCThreadState(  605): Sending oneway calls to frozen process.
06-17 12:25:59.587 I/MagicTether( 1144): (REDACTED) [ActiveNetworkTracker] setActiveNetwork: %s
06-17 12:25:59.587 I/MagicTether( 1144): (REDACTED) [TetherService] onActiveNetworkChanged: network=%s isLost=%s
06-17 12:25:59.589 I/MagicTether( 1144): [WifiConnectionHandler] Ignoring getWifiConfigurationByNetworkId when checking connected state [CONTEXT service_id=276 ]
06-17 12:25:59.589 I/MagicTether( 1144): [WifiConnectionHandler] No networkId set, can't be connected. [CONTEXT service_id=276 ]
06-17 12:25:59.589 I/MagicTether( 1144): (REDACTED) [TetherService] TRANSPORT_CELLULAR [%s], TRANSPORT_ETHERNET [%s], TRANSPORT_WIFI [%s]
06-17 12:25:59.589 I/MagicTether( 1144): (REDACTED) [TetherService] setRoles hasActiveNetworkConnection=%s canActiveNetworkBeTethered=%s isConnectedToInstantTether=%s isWifiEnabled=%s isHosting=%s
