06-17 12:25:16.474 I/artd    (  727): GetBestInfo: /data/user_de/0/com.google.android.gms/app_chimera/m/00000029/dl-MlkitOcrCommon.optional_261733100400.apk has no usable artifacts
06-17 12:25:16.474 I/artd    (  727): GetBestInfo: /data/user_de/0/com.google.android.gms/app_chimera/m/00000002/DynamiteLoader.uncompressed.apk has no usable artifacts
06-17 12:25:16.474 I/artd    (  727): GetBestInfo: /data/user_de/0/com.google.android.gms/app_chimera/m/0000002e/dl-Appsearch.optional_261733100400.apk has no usable artifacts
06-17 12:25:16.474 I/artd    (  727): GetBestInfo: /data/user_de/0/com.google.android.gms/app_chimera/m/00000030/dl-MlkitOcrCommon.optional_261933100400.apk has no usable artifacts
06-17 12:25:16.474 I/artd    (  727): GetBestInfo: /data/user_de/0/com.google.android.gms/app_chimera/m/00000015/dl-PlayCloudSearch.optional_261464100000.apk has no usable artifacts
06-17 12:25:16.474 I/artd    (  727): GetBestInfo: /data/user_de/0/com.google.android.gms/app_chimera/m/0000001e/dl-Appsearch.optional_261631100400.apk has no usable artifacts
06-17 12:25:16.474 I/artd    (  727): GetBestInfo: /data/user_de/0/com.google.android.gms/app_chimera/m/00000013/dl-MlkitOcrCommon.optional_261464100400.apk has no usable artifacts
06-17 12:25:16.474 I/artd    (  727): GetBestInfo: /data/user_de/0/com.google.android.gms/app_chimera/m/00000032/dl-MlkitBarcodeUi.optional_261933100400.apk has no usable artifacts
06-17 12:25:16.474 I/artd    (  727): GetBestInfo: /data/user/0/com.google.android.gms/app_dg_cache/754BEC187BC4F26BBC31300F93DBF9B7506C1861/the.apk has no usable artifacts
06-17 12:25:16.474 I/artd    (  727): GetBestInfo: /data/user_de/0/com.google.android.gms/app_chimera/m/00000007/MeasurementDynamite.apk has no usable artifacts
06-17 12:25:16.474 I/artd    (  727): GetBestInfo: /data/user_de/0/com.google.android.gms/app_chimera/m/0000002c/dl-IdentityCredentialsPlatform.optional_261733100400.apk has no usable artifacts
06-17 12:25:16.474 I/artd    (  727): GetBestInfo: /data/user_de/0/com.google.android.gms/app_chimera/m/0000002b/dl-PlayCloudSearch.optional_261733100000.apk has no usable artifacts
06-17 12:25:16.474 I/artd    (  727): GetBestInfo: /data/user_de/0/com.google.android.gms/app_chimera/m/00000033/dl-PlayCloudSearch.optional_261933100000.apk has no usable artifacts
06-17 12:25:16.474 I/artd    (  727): GetBestInfo: /data/user_de/0/com.google.android.gms/app_chimera/m/0000001c/dl-VisionOcr.optional_261631100000.apk has no usable artifacts
06-17 12:25:16.474 I/artd    (  727): GetBestInfo: /data/user_de/0/com.google.android.gms/app_chimera/m/00000011/dl-MlkitBarcodeUi.optional_261464100400.apk has no usable artifacts
06-17 12:25:16.475 I/artd    (  727): GetBestInfo: /data/user_de/0/com.google.android.gms/app_chimera/m/00000049/dl-VisionOcr.optional_262333100000.apk has no usable artifacts
06-17 12:25:16.475 I/artd    (  727): GetBestInfo: /data/user_de/0/com.google.android.gms/app_chimera/m/00000005/GoogleCertificates.apk has no usable artifacts
06-17 12:25:16.475 I/artd    (  727): GetBestInfo: /data/user_de/0/com.google.android.gms/app_chimera/m/00000010/dl-TfliteDynamiteDynamite.integ_260580502100400.apk has no usable artifacts
06-17 12:25:16.475 I/artd    (  727): GetBestInfo: /data/user/0/com.google.android.gms/app_dg_cache/9D5BCED7935D64431BF672B8BBD597199833CA19/the.apk has no usable artifacts
06-17 12:25:16.475 I/artd    (  727): GetBestInfo: /data/user_de/0/com.google.android.gms/app_chimera/m/00000009/dl-TfliteDynamiteDynamite.integ_252130102100400.apk has no usable artifacts
06-17 12:25:16.476 I/artd    (  727): GetBestInfo: vdex next to the dex file (/data/user/0/com.google.android.gms/app_dg_cache/5833371D1ACC412507A92815B074897510CCCEDD/oat/arm64/the.vdex) is kOatUpToDate with filter 'verify' executable 'false'
06-17 12:25:16.476 I/artd    (  727): GetBestInfo: /data/user_de/0/com.google.android.gms/app_chimera/m/0000001b/dl-PlayCloudSearch.optional_261631100000.apk has no usable artifacts
06-17 12:25:16.476 I/artd    (  727): GetBestInfo: /data/user_de/0/com.google.android.gms/app_chimera/m/00000027/dl-IdentityCredentialsPlatform.optional_261631100400.apk has no usable artifacts
06-17 12:25:16.476 I/artd    (  727): GetBestInfo: /data/user/0/com.google.android.gms/app_dg_cache/86153AA318A3F208A8C511836585279D8C7E8D94/the.apk has no usable artifacts
06-17 12:25:16.476 I/artd    (  727): GetBestInfo: /data/user_de/0/com.google.android.gms/app_chimera/m/0000001d/dl-IdentityCredentialsPlatform.optional_261631100400.apk has no usable artifacts
06-17 12:25:16.476 I/artd    (  727): GetBestInfo: /data/user_de/0/com.google.android.gms/app_chimera/m/0000002d/dl-VisionOcr.optional_261733100000.apk has no usable artifacts
06-17 12:25:16.476 I/artd    (  727): GetBestInfo: /data/user_de/0/com.google.android.gms/app_chimera/m/0000000e/dl-PlayCloudSearch.optional_242335100000.apk has no usable artifacts
06-17 12:25:16.477 I/artd    (  727): GetBestInfo: /data/user_de/0/com.google.android.gms/app_chimera/m/0000004a/dl-Appsearch.optional_262333100400.apk has no usable artifacts
06-17 12:25:16.477 I/artd    (  727): GetBestInfo: /data/user_de/0/com.google.android.gms/app_chimera/m/0000001a/dl-MlkitBarcodeUi.optional_261631100400.apk has no usable artifacts
06-17 12:25:16.477 I/artd    (  727): GetBestInfo: vdex next to the dex file (/data/user/0/com.google.android.gms/app_dg_cache/10FF5D5C646CC9E2F04BD9D73A072BD012EF1A7A/oat/arm64/the.vdex) is kOatUpToDate with filter 'verify' executable 'false'
06-17 12:25:16.477 I/artd    (  727): GetBestInfo: /data/user_de/0/com.google.android.gms/app_chimera/m/00000036/dl-Appsearch.optional_261933100400.apk has no usable artifacts
06-17 12:25:16.477 I/artd    (  727): GetBestInfo: /data/user/0/com.google.android.gms/app_dg_cache/21A90BF1C1C388089206DCE215FB60D7882BFA18/the.apk has no usable artifacts
06-17 12:25:16.477 I/artd    (  727): GetBestInfo: /data/user_de/0/com.google.android.gms/app_chimera/m/0000001f/dl-IdentityCredentialsPlacebo.optional_261631100400.apk has no usable artifacts
06-17 12:25:16.477 I/artd    (  727): GetBestInfo: /data/user_de/0/com.google.android.gms/app_chimera/m/00000034/dl-IdentityCredentialsPlatform.optional_261933100400.apk has no usable artifacts
06-17 12:25:16.477 I/artd    (  727): GetBestInfo: /data/user_de/0/com.google.android.gms/app_chimera/m/00000019/dl-MlkitOcrCommon.optional_261631100400.apk has no usable artifacts
06-17 12:25:16.477 I/artd    (  727): GetBestInfo: /data/user/0/com.google.android.gms/app_dg_cache/A8F89F306FD1BA172E06F6F2B9F79826D0309BB6/the.apk has no usable artifacts
06-17 12:25:16.477 I/artd    (  727): GetBestInfo: /data/user/0/com.google.android.gms/app_dg_cache/707FFD883BF2A7896692338F9625CA52336E933B/the.apk has no usable artifacts
06-17 12:25:16.572 I/CatalogCloudSync( 7132): sync_events_apply domain=history remoteSessions=0 applied=0 skipped=0 failed=0 unsupported=0
06-17 12:25:16.657 I/CatalogCloudSync( 7132): sync_events_apply domain=catalog remoteSuppliers=0 remoteCategories=0 remoteProducts=0 applied=0
06-17 12:25:16.742 I/CatalogCloudSync( 7132): sync_events_apply domain=catalog_prices remoteProductIds=3 remotePrices=0 pricesPulled=0 pricesSkippedNoProductRef=0
06-17 12:25:16.829 I/CatalogCloudSync( 7132): sync_events_apply domain=prices remotePrices=0 pricesPulled=0 pricesSkippedNoProductRef=0
06-17 12:25:16.963 I/CatalogCloudSync( 7132): sync_events_apply domain=history remoteSessions=11 applied=0 skipped=11 failed=0 unsupported=0
06-17 12:25:17.007 I/adbd    (  465): adbd service requested 'exec:run-as 'com.example.merchandisecontrolsplitview' 'cat' 'databases/app_database''
06-17 12:25:17.260 I/CatalogCloudSync( 7132): sync_events_apply domain=catalog remoteSuppliers=0 remoteCategories=0 remoteProducts=0 applied=0
06-17 12:25:17.372 D/EGL_emulation( 7132): app_time_stats: avg=2.44ms min=0.81ms max=5.87ms count=60
06-17 12:25:17.391 I/CatalogCloudSync( 7132): sync_events_apply domain=catalog_prices remoteProductIds=3 remotePrices=0 pricesPulled=0 pricesSkippedNoProductRef=0
06-17 12:25:17.418 I/wpa_supplicant(  851): wlan0: CTRL-EVENT-BEACON-LOSS 
06-17 12:25:17.460 I/HalDevMgr(  605): bestIfaceCreationProposal is null, requestIface=STA, existingIface=[name=wlan0 type=STA]
06-17 12:25:17.470 D/IpClient/wlan0(  996): interfaceLinkStateChanged: ifindex 16 up
06-17 12:25:17.472 I/MagicTether( 1144): (REDACTED) [ActiveNetworkTracker] setActiveNetwork: %s
06-17 12:25:17.472 I/MagicTether( 1144): (REDACTED) [TetherService] onActiveNetworkChanged: network=%s isLost=%s
06-17 12:25:17.472 W/IPCThreadState(  605): Sending oneway calls to frozen process.
06-17 12:25:17.475 W/IPCThreadState(  605): Sending oneway calls to frozen process.
06-17 12:25:17.475 W/IPCThreadState(  605): Sending oneway calls to frozen process.
06-17 12:25:17.475 W/IPCThreadState(  605): Sending oneway calls to frozen process.
06-17 12:25:17.475 W/IPCThreadState(  605): Sending oneway calls to frozen process.
06-17 12:25:17.475 W/IPCThreadState(  605): Sending oneway calls to frozen process.
06-17 12:25:17.475 W/IPCThreadState(  605): Sending oneway calls to frozen process.
06-17 12:25:17.475 W/IPCThreadState(  605): Sending oneway calls to frozen process.
06-17 12:25:17.475 W/IPCThreadState(  605): Sending oneway calls to frozen process.
06-17 12:25:17.475 W/IPCThreadState(  605): Sending oneway calls to frozen process.
06-17 12:25:17.477 D/IpClient/wlan0(  996): interfaceLinkStateChanged: ifindex 16 up
06-17 12:25:17.478 D/ConnectivityService(  605): NetReassign [no changes] [c 0] [a 2] [i 1]
06-17 12:25:17.478 I/NullBinder( 1144): NullBinder for android.net.action.RECOMMEND_NETWORKS triggering remote TransactionTooLargeException due to Service without Chimera impl, calling uid: 1000, calling pid: 0
06-17 12:25:17.478 W/.gms.persistent( 1144): Large reply transaction of 1056768 bytes, interface descriptor , code 1
06-17 12:25:17.479 I/MagicTether( 1144): [WifiConnectionHandler] Ignoring getWifiConfigurationByNetworkId when checking connected state [CONTEXT service_id=276 ]
06-17 12:25:17.479 I/MagicTether( 1144): [WifiConnectionHandler] No networkId set, can't be connected. [CONTEXT service_id=276 ]
06-17 12:25:17.479 I/MagicTether( 1144): (REDACTED) [TetherService] TRANSPORT_CELLULAR [%s], TRANSPORT_ETHERNET [%s], TRANSPORT_WIFI [%s]
06-17 12:25:17.479 I/MagicTether( 1144): (REDACTED) [TetherService] setRoles hasActiveNetworkConnection=%s canActiveNetworkBeTethered=%s isConnectedToInstantTether=%s isWifiEnabled=%s isHosting=%s
06-17 12:25:17.479 I/MagicTether( 1144): (REDACTED) [LaunchUtils] Instant Wifi for status account: name: %s | type: %s | isLaunched: %s
06-17 12:25:17.479 I/MagicTether( 1144): (REDACTED) [TidepoolFeatureStatusManager] isInstantHotspotEnabled=%s
06-17 12:25:17.479 I/MagicTether( 1144): (REDACTED) [TidepoolFeatureStatusManager] isInstantWifiEnabled=%s
06-17 12:25:17.479 I/MagicTether( 1144): (REDACTED) [TetherService] startNearbyHostRole: start: %s isInstantHotspotEnabled: %s isInstantWifiEnabled: %s
06-17 12:25:17.479 I/MagicTether( 1144): [HostTetherRole] Nearby host role already stopped [CONTEXT service_id=276 ]
06-17 12:25:17.482 I/MagicTether( 1144): (REDACTED) [NotificationPresenter] cancelNotification: %d
06-17 12:25:17.482 I/MagicTether( 1144): [AutoDisconnectIntentOperation] Canceling task. [CONTEXT service_id=276 ]
06-17 12:25:17.486 I/MagicTether( 1144): (REDACTED) [LaunchUtils] Instant Wifi for status account: name: %s | type: %s | isLaunched: %s
06-17 12:25:17.486 I/MagicTether( 1144): (REDACTED) [TidepoolFeatureStatusManager] isInstantHotspotEnabled=%s
06-17 12:25:17.486 I/MagicTether( 1144): (REDACTED) [TidepoolFeatureStatusManager] isInstantWifiEnabled=%s
06-17 12:25:17.486 I/MagicTether( 1144): (REDACTED) [TetherService] startNearbyClientRole: start: %s isInstantHotspotEnabled: %s isInstantWifiEnabled: %s
06-17 12:25:17.486 I/MagicTether( 1144): [TetherService] Stopping Nearby client role [CONTEXT service_id=276 ]
06-17 12:25:17.486 I/MagicTether( 1144): [ClientTetherRole] Client role already stopped [CONTEXT service_id=276 ]
06-17 12:25:17.486 I/NearbyMediums( 1144): Wifi changed new SSID: "AndroidWifi"
06-17 12:25:17.486 I/NearbyMediums( 1144): WifiLanConnectivityInfo is not changed, skip notify.
06-17 12:25:17.487 I/MagicTether( 1144): [AutoDisconnectIntentOperation] Canceling task. [CONTEXT service_id=276 ]
06-17 12:25:17.488 I/MagicTether( 1144): (REDACTED) [NotificationPresenter] cancelNotification: %d
06-17 12:25:17.488 I/MagicTether( 1144): [AutoDisconnectIntentOperation] Canceling task. [CONTEXT service_id=276 ]
06-17 12:25:17.489 I/MagicTether( 1144): (REDACTED) [NotificationPresenter] cancelNotification: %d
06-17 12:25:17.548 I/CatalogCloudSync( 7132): sync_events_apply domain=prices remotePrices=0 pricesPulled=0 pricesSkippedNoProductRef=0
06-17 12:25:17.636 I/CatalogCloudSync( 7132): sync_events_apply domain=catalog remoteSuppliers=0 remoteCategories=0 remoteProducts=0 applied=0
06-17 12:25:17.723 I/CatalogCloudSync( 7132): sync_events_apply domain=catalog_prices remoteProductIds=1 remotePrices=0 pricesPulled=0 pricesSkippedNoProductRef=0
06-17 12:25:17.947 I/CatalogCloudSync( 7132): sync_events_apply domain=prices remotePrices=0 pricesPulled=0 pricesSkippedNoProductRef=0
06-17 12:25:17.974 I/NearbySharing( 1144): Network state changed: NetworkState(isRestricted=false, isOnline=true, isCongested=false, isMetered=false, isWifiConnected=true)
06-17 12:25:17.974 I/NearbySharing( 1144): Network state changed: NetworkState(isRestricted=false, isOnline=true, isCongested=false, isMetered=false, isWifiConnected=true)
06-17 12:25:18.077 I/CatalogCloudSync( 7132): sync_events_apply domain=catalog remoteSuppliers=0 remoteCategories=0 remoteProducts=0 applied=0
06-17 12:25:18.160 I/CatalogCloudSync( 7132): sync_events_apply domain=catalog_prices remoteProductIds=1 remotePrices=0 pricesPulled=0 pricesSkippedNoProductRef=0
06-17 12:25:18.372 D/EGL_emulation( 7132): app_time_stats: avg=8.75ms min=0.98ms max=21.36ms count=59
06-17 12:25:18.426 I/CatalogCloudSync( 7132): sync_events_apply domain=catalog remoteSuppliers=0 remoteCategories=0 remoteProducts=0 applied=0
06-17 12:25:18.676 I/CatalogCloudSync( 7132): sync_events_apply domain=catalog_prices remoteProductIds=3 remotePrices=0 pricesPulled=0 pricesSkippedNoProductRef=0
06-17 12:25:18.761 I/CatalogCloudSync( 7132): sync_events_apply domain=prices remotePrices=0 pricesPulled=0 pricesSkippedNoProductRef=0
06-17 12:25:18.845 I/CatalogCloudSync( 7132): sync_events_apply domain=catalog remoteSuppliers=0 remoteCategories=0 remoteProducts=0 applied=0
06-17 12:25:18.945 I/CatalogCloudSync( 7132): sync_events_apply domain=catalog_prices remoteProductIds=1 remotePrices=0 pricesPulled=0 pricesSkippedNoProductRef=0
06-17 12:25:19.028 I/CatalogCloudSync( 7132): sync_events_apply domain=prices remotePrices=0 pricesPulled=0 pricesSkippedNoProductRef=0
06-17 12:25:19.224 I/CatalogCloudSync( 7132): sync_events_apply domain=catalog remoteSuppliers=0 remoteCategories=0 remoteProducts=0 applied=0
06-17 12:25:19.309 I/CatalogCloudSync( 7132): sync_events_apply domain=catalog_prices remoteProductIds=1 remotePrices=0 pricesPulled=0 pricesSkippedNoProductRef=0
06-17 12:25:19.388 D/EGL_emulation( 7132): app_time_stats: avg=16.63ms min=11.95ms max=23.25ms count=61
06-17 12:25:19.392 I/CatalogCloudSync( 7132): sync_events_apply domain=history remoteSessions=0 applied=0 skipped=0 failed=0 unsupported=0
06-17 12:25:19.475 I/CatalogCloudSync( 7132): sync_events_apply domain=history remoteSessions=0 applied=0 skipped=0 failed=0 unsupported=0
06-17 12:25:19.647 I/CatalogCloudSync( 7132): sync_events_apply domain=history remoteSessions=0 applied=0 skipped=0 failed=0 unsupported=0
06-17 12:25:19.910 I/CatalogCloudSync( 7132): sync_events_apply domain=catalog remoteSuppliers=0 remoteCategories=0 remoteProducts=0 applied=0
06-17 12:25:19.990 I/CatalogCloudSync( 7132): sync_events_apply domain=catalog_prices remoteProductIds=1 remotePrices=0 pricesPulled=0 pricesSkippedNoProductRef=0
06-17 12:25:20.326 I/CatalogCloudSync( 7132): sync_events_apply domain=catalog remoteSuppliers=0 remoteCategories=0 remoteProducts=0 applied=0
06-17 12:25:20.389 D/EGL_emulation( 7132): app_time_stats: avg=13.88ms min=0.81ms max=29.98ms count=60
06-17 12:25:20.409 I/CatalogCloudSync( 7132): sync_events_apply domain=catalog_prices remoteProductIds=1 remotePrices=0 pricesPulled=0 pricesSkippedNoProductRef=0
06-17 12:25:20.471 I/HalDevMgr(  605): bestIfaceCreationProposal is null, requestIface=STA, existingIface=[name=wlan0 type=STA]
06-17 12:25:20.714 I/CatalogCloudSync( 7132): sync_events_apply domain=catalog remoteSuppliers=0 remoteCategories=0 remoteProducts=0 applied=0
06-17 12:25:20.803 I/CatalogCloudSync( 7132): sync_events_apply domain=catalog_prices remoteProductIds=3 remotePrices=0 pricesPulled=0 pricesSkippedNoProductRef=0
06-17 12:25:20.890 I/CatalogCloudSync( 7132): sync_events_apply domain=prices remotePrices=0 pricesPulled=0 pricesSkippedNoProductRef=0
06-17 12:25:21.244 I/CatalogCloudSync( 7132): sync_events_apply domain=catalog remoteSuppliers=0 remoteCategories=0 remoteProducts=0 applied=0
06-17 12:25:21.273 D/EGL_emulation(  889): app_time_stats: avg=21235.26ms min=21235.26ms max=21235.26ms count=1
06-17 12:25:21.321 I/NearbyMediums( 1144): No BLE Fast/GATT advertisements found in the latest cycle.
06-17 12:25:21.321 I/NearbyMediums( 1144): Current Tracked Scanning Clients are : {NearbyConnections.EnvironmentMonitor, NearbySharing, NearbyConnections.TxAdvertisement}
06-17 12:25:21.327 I/CatalogCloudSync( 7132): sync_events_apply domain=catalog_prices remoteProductIds=2 remotePrices=0 pricesPulled=0 pricesSkippedNoProductRef=0
06-17 12:25:21.411 D/EGL_emulation( 7132): app_time_stats: avg=4.27ms min=0.65ms max=35.04ms count=60
06-17 12:25:21.413 I/CatalogCloudSync( 7132): sync_events_apply domain=prices remotePrices=0 pricesPulled=0 pricesSkippedNoProductRef=0
06-17 12:25:21.502 I/CatalogCloudSync( 7132): sync_events_apply domain=history remoteSessions=0 applied=0 skipped=0 failed=0 unsupported=0
06-17 12:25:21.592 I/CatalogCloudSync( 7132): sync_events_apply domain=history remoteSessions=0 applied=0 skipped=0 failed=0 unsupported=0
06-17 12:25:21.762 I/CatalogCloudSync( 7132): sync_events_apply domain=catalog remoteSuppliers=0 remoteCategories=0 remoteProducts=0 applied=0
06-17 12:25:21.846 I/CatalogCloudSync( 7132): sync_events_apply domain=catalog_prices remoteProductIds=3 remotePrices=0 pricesPulled=0 pricesSkippedNoProductRef=0
06-17 12:25:21.941 I/CatalogCloudSync( 7132): sync_events_apply domain=prices remotePrices=0 pricesPulled=0 pricesSkippedNoProductRef=0
06-17 12:25:22.213 I/CatalogCloudSync( 7132): sync_events_apply domain=history remoteSessions=22 applied=0 skipped=22 failed=0 unsupported=0
06-17 12:25:22.421 D/EGL_emulation( 7132): app_time_stats: avg=3.01ms min=0.75ms max=16.36ms count=61
06-17 12:25:22.557 I/CatalogCloudSync( 7132): sync_events_apply domain=history remoteSessions=33 applied=0 skipped=33 failed=0 unsupported=0
06-17 12:25:22.908 I/CatalogCloudSync( 7132): sync_events_apply domain=catalog remoteSuppliers=0 remoteCategories=0 remoteProducts=0 applied=0
06-17 12:25:22.991 I/CatalogCloudSync( 7132): sync_events_apply domain=catalog_prices remoteProductIds=3 remotePrices=0 pricesPulled=0 pricesSkippedNoProductRef=0
06-17 12:25:23.076 I/CatalogCloudSync( 7132): sync_events_apply domain=prices remotePrices=0 pricesPulled=0 pricesSkippedNoProductRef=0
06-17 12:25:23.171 I/CatalogCloudSync( 7132): sync_events_apply domain=catalog remoteSuppliers=0 remoteCategories=0 remoteProducts=0 applied=0
06-17 12:25:23.324 I/CatalogCloudSync( 7132): sync_events_apply domain=catalog_prices remoteProductIds=1 remotePrices=0 pricesPulled=0 pricesSkippedNoProductRef=0
06-17 12:25:23.410 I/CatalogCloudSync( 7132): sync_events_apply domain=prices remotePrices=0 pricesPulled=0 pricesSkippedNoProductRef=0
06-17 12:25:23.437 D/EGL_emulation( 7132): app_time_stats: avg=2.45ms min=0.79ms max=4.79ms count=61
06-17 12:25:23.476 I/HalDevMgr(  605): bestIfaceCreationProposal is null, requestIface=STA, existingIface=[name=wlan0 type=STA]
06-17 12:25:23.479 D/IpClient/wlan0(  996): interfaceLinkStateChanged: ifindex 16 up
06-17 12:25:23.479 D/IpClient/wlan0(  996): interfaceLinkStateChanged: ifindex 16 up
06-17 12:25:23.479 W/IPCThreadState(  605): Sending oneway calls to frozen process.
06-17 12:25:23.479 W/IPCThreadState(  605): Sending oneway calls to frozen process.
06-17 12:25:23.479 W/IPCThreadState(  605): Sending oneway calls to frozen process.
06-17 12:25:23.479 W/IPCThreadState(  605): Sending oneway calls to frozen process.
06-17 12:25:23.479 W/IPCThreadState(  605): Sending oneway calls to frozen process.
06-17 12:25:23.479 W/IPCThreadState(  605): Sending oneway calls to frozen process.
06-17 12:25:23.479 W/IPCThreadState(  605): Sending oneway calls to frozen process.
06-17 12:25:23.479 W/IPCThreadState(  605): Sending oneway calls to frozen process.
06-17 12:25:23.479 W/IPCThreadState(  605): Sending oneway calls to frozen process.
06-17 12:25:23.479 W/IPCThreadState(  605): Sending oneway calls to frozen process.
06-17 12:25:23.480 D/ConnectivityService(  605): NetReassign [no changes] [c 0] [a 0] [i 0]
06-17 12:25:23.480 I/MagicTether( 1144): (REDACTED) [ActiveNetworkTracker] setActiveNetwork: %s
06-17 12:25:23.480 I/MagicTether( 1144): (REDACTED) [TetherService] onActiveNetworkChanged: network=%s isLost=%s
06-17 12:25:23.481 I/NullBinder( 1144): NullBinder for android.net.action.RECOMMEND_NETWORKS triggering remote TransactionTooLargeException due to Service without Chimera impl, calling uid: 1000, calling pid: 0
06-17 12:25:23.482 I/MagicTether( 1144): [WifiConnectionHandler] Ignoring getWifiConfigurationByNetworkId when checking connected state [CONTEXT service_id=276 ]
06-17 12:25:23.482 D/IpClient/wlan0(  996): interfaceLinkStateChanged: ifindex 16 up
06-17 12:25:23.482 I/MagicTether( 1144): [WifiConnectionHandler] No networkId set, can't be connected. [CONTEXT service_id=276 ]
06-17 12:25:23.482 I/MagicTether( 1144): (REDACTED) [TetherService] TRANSPORT_CELLULAR [%s], TRANSPORT_ETHERNET [%s], TRANSPORT_WIFI [%s]
06-17 12:25:23.482 W/.gms.persistent( 1144): Large reply transaction of 1056768 bytes, interface descriptor , code 1
06-17 12:25:23.482 I/NearbyMediums( 1144): Wifi changed new SSID: "AndroidWifi"
06-17 12:25:23.482 I/MagicTether( 1144): (REDACTED) [TetherService] setRoles hasActiveNetworkConnection=%s canActiveNetworkBeTethered=%s isConnectedToInstantTether=%s isWifiEnabled=%s isHosting=%s
06-17 12:25:23.482 I/NearbyMediums( 1144): WifiLanConnectivityInfo is not changed, skip notify.
06-17 12:25:23.484 I/MagicTether( 1144): (REDACTED) [LaunchUtils] Instant Wifi for status account: name: %s | type: %s | isLaunched: %s
06-17 12:25:23.484 I/MagicTether( 1144): (REDACTED) [TidepoolFeatureStatusManager] isInstantHotspotEnabled=%s
06-17 12:25:23.484 I/MagicTether( 1144): (REDACTED) [TidepoolFeatureStatusManager] isInstantWifiEnabled=%s
06-17 12:25:23.484 I/MagicTether( 1144): (REDACTED) [TetherService] startNearbyHostRole: start: %s isInstantHotspotEnabled: %s isInstantWifiEnabled: %s
06-17 12:25:23.484 I/MagicTether( 1144): [HostTetherRole] Nearby host role already stopped [CONTEXT service_id=276 ]
06-17 12:25:23.486 I/MagicTether( 1144): (REDACTED) [NotificationPresenter] cancelNotification: %d
06-17 12:25:23.486 I/MagicTether( 1144): [AutoDisconnectIntentOperation] Canceling task. [CONTEXT service_id=276 ]
06-17 12:25:23.487 I/MagicTether( 1144): (REDACTED) [LaunchUtils] Instant Wifi for status account: name: %s | type: %s | isLaunched: %s
06-17 12:25:23.487 I/MagicTether( 1144): (REDACTED) [TidepoolFeatureStatusManager] isInstantHotspotEnabled=%s
06-17 12:25:23.487 I/MagicTether( 1144): (REDACTED) [TidepoolFeatureStatusManager] isInstantWifiEnabled=%s
06-17 12:25:23.487 I/MagicTether( 1144): (REDACTED) [TetherService] startNearbyClientRole: start: %s isInstantHotspotEnabled: %s isInstantWifiEnabled: %s
06-17 12:25:23.487 I/MagicTether( 1144): [TetherService] Stopping Nearby client role [CONTEXT service_id=276 ]
06-17 12:25:23.487 I/MagicTether( 1144): [ClientTetherRole] Client role already stopped [CONTEXT service_id=276 ]
06-17 12:25:23.488 I/MagicTether( 1144): [AutoDisconnectIntentOperation] Canceling task. [CONTEXT service_id=276 ]
06-17 12:25:23.488 I/MagicTether( 1144): (REDACTED) [NotificationPresenter] cancelNotification: %d
06-17 12:25:23.488 I/MagicTether( 1144): [AutoDisconnectIntentOperation] Canceling task. [CONTEXT service_id=276 ]
06-17 12:25:23.489 I/MagicTether( 1144): (REDACTED) [NotificationPresenter] cancelNotification: %d
06-17 12:25:23.492 I/CatalogCloudSync( 7132): sync_events_apply domain=catalog remoteSuppliers=0 remoteCategories=0 remoteProducts=0 applied=0
06-17 12:25:23.576 I/CatalogCloudSync( 7132): sync_events_apply domain=catalog_prices remoteProductIds=1 remotePrices=0 pricesPulled=0 pricesSkippedNoProductRef=0
06-17 12:25:23.928 I/CatalogCloudSync( 7132): sync_events_apply domain=catalog remoteSuppliers=0 remoteCategories=0 remoteProducts=0 applied=0
06-17 12:25:23.980 I/NearbySharing( 1144): Network state changed: NetworkState(isRestricted=false, isOnline=true, isCongested=false, isMetered=false, isWifiConnected=true)
06-17 12:25:23.980 I/NearbySharing( 1144): Network state changed: NetworkState(isRestricted=false, isOnline=true, isCongested=false, isMetered=false, isWifiConnected=true)
06-17 12:25:24.013 I/CatalogCloudSync( 7132): sync_events_apply domain=catalog_prices remoteProductIds=3 remotePrices=0 pricesPulled=0 pricesSkippedNoProductRef=0
06-17 12:25:24.107 I/CatalogCloudSync( 7132): sync_events_apply domain=prices remotePrices=0 pricesPulled=0 pricesSkippedNoProductRef=0
06-17 12:25:24.193 I/CatalogCloudSync( 7132): sync_events_apply domain=catalog remoteSuppliers=0 remoteCategories=0 remoteProducts=0 applied=0
06-17 12:25:24.364 I/CatalogCloudSync( 7132): sync_events_apply domain=catalog_prices remoteProductIds=1 remotePrices=0 pricesPulled=0 pricesSkippedNoProductRef=0
06-17 12:25:24.437 D/EGL_emulation( 7132): app_time_stats: avg=3.18ms min=1.39ms max=6.56ms count=60
06-17 12:25:24.456 I/CatalogCloudSync( 7132): sync_events_apply domain=prices remotePrices=0 pricesPulled=0 pricesSkippedNoProductRef=0
06-17 12:25:24.543 I/CatalogCloudSync( 7132): sync_events_apply domain=catalog remoteSuppliers=0 remoteCategories=0 remoteProducts=0 applied=0
06-17 12:25:24.622 I/CatalogCloudSync( 7132): sync_events_apply domain=catalog_prices remoteProductIds=1 remotePrices=0 pricesPulled=0 pricesSkippedNoProductRef=0
06-17 12:25:24.980 I/CatalogCloudSync( 7132): sync_events_apply domain=history remoteSessions=37 applied=0 skipped=37 failed=0 unsupported=0
06-17 12:25:25.226 I/CatalogCloudSync( 7132): sync_events_apply domain=catalog remoteSuppliers=0 remoteCategories=0 remoteProducts=0 applied=0
06-17 12:25:25.307 I/CatalogCloudSync( 7132): sync_events_apply domain=catalog_prices remoteProductIds=3 remotePrices=0 pricesPulled=0 pricesSkippedNoProductRef=0
06-17 12:25:25.353 I/wpa_supplicant(  851): wlan0: CTRL-EVENT-BEACON-LOSS 
06-17 12:25:25.414 I/CatalogCloudSync( 7132): sync_events_apply domain=prices remotePrices=0 pricesPulled=0 pricesSkippedNoProductRef=0
06-17 12:25:25.454 D/EGL_emulation( 7132): app_time_stats: avg=2.41ms min=0.92ms max=6.01ms count=61
06-17 12:25:25.509 I/CatalogCloudSync( 7132): sync_events_apply domain=catalog remoteSuppliers=0 remoteCategories=0 remoteProducts=0 applied=0
06-17 12:25:25.593 I/CatalogCloudSync( 7132): sync_events_apply domain=catalog_prices remoteProductIds=1 remotePrices=0 pricesPulled=0 pricesSkippedNoProductRef=0
06-17 12:25:25.941 I/CatalogCloudSync( 7132): sync_events_apply domain=prices remotePrices=0 pricesPulled=0 pricesSkippedNoProductRef=0
06-17 12:25:26.064 I/CatalogCloudSync( 7132): sync_events_apply domain=catalog remoteSuppliers=0 remoteCategories=0 remoteProducts=0 applied=0
06-17 12:25:26.159 I/CatalogCloudSync( 7132): sync_events_apply domain=catalog_prices remoteProductIds=1 remotePrices=0 pricesPulled=0 pricesSkippedNoProductRef=0
06-17 12:25:26.408 I/adbd    (  465): adbd service requested 'shell,v2,raw:dumpsys package com.google.android.gms'
06-17 12:25:26.456 D/EGL_emulation( 7132): app_time_stats: avg=2.67ms min=1.04ms max=7.90ms count=60
06-17 12:25:26.463 I/artd    (  727): GetBestInfo: odex next to the dex file (/data/app/~~RBqLWa4IHxAvM1EDn2acWA==/com.google.android.gms--6rwsmYaGwERs-rlQ1V3rA==/oat/arm64/base.odex) is kOatBootImageOutOfDate with filter 'speed-profile' executable 'false': Image checksum mismatch, expected i;28/6d8ebc32 to start with i;28/fd0aebae
06-17 12:25:26.463 I/artd    (  727): GetBestInfo: vdex next to the dex file (/data/app/~~RBqLWa4IHxAvM1EDn2acWA==/com.google.android.gms--6rwsmYaGwERs-rlQ1V3rA==/oat/arm64/base.vdex) is kOatUpToDate with filter 'verify' executable 'false'
06-17 12:25:26.465 I/artd    (  727): GetBestInfo: dm (/data/app/~~RBqLWa4IHxAvM1EDn2acWA==/com.google.android.gms--6rwsmYaGwERs-rlQ1V3rA==/split_AdsDynamite_installtime.dm) is kOatUpToDate with filter 'verify' executable 'false'
06-17 12:25:26.465 I/artd    (  727): GetBestInfo: odex next to the dex file (/data/app/~~RBqLWa4IHxAvM1EDn2acWA==/com.google.android.gms--6rwsmYaGwERs-rlQ1V3rA==/oat/arm64/split_CronetDynamite_installtime.odex) is kOatBootImageOutOfDate with filter 'speed-profile' executable 'false': Image checksum mismatch, expected i;28/6d8ebc32 to start with i;28/fd0aebae
06-17 12:25:26.467 I/artd    (  727): GetBestInfo: vdex next to the dex file (/data/app/~~RBqLWa4IHxAvM1EDn2acWA==/com.google.android.gms--6rwsmYaGwERs-rlQ1V3rA==/oat/arm64/split_CronetDynamite_installtime.vdex) is kOatUpToDate with filter 'verify' executable 'false'
06-17 12:25:26.471 I/artd    (  727): GetBestInfo: dm (/data/app/~~RBqLWa4IHxAvM1EDn2acWA==/com.google.android.gms--6rwsmYaGwERs-rlQ1V3rA==/split_DynamiteLoader_installtime.dm) is kOatUpToDate with filter 'verify' executable 'false'
06-17 12:25:26.472 I/artd    (  727): GetBestInfo: dm (/data/app/~~RBqLWa4IHxAvM1EDn2acWA==/com.google.android.gms--6rwsmYaGwERs-rlQ1V3rA==/split_DynamiteModulesA_installtime.dm) is kOatUpToDate with filter 'verify' executable 'false'
06-17 12:25:26.473 I/artd    (  727): GetBestInfo: dm (/data/app/~~RBqLWa4IHxAvM1EDn2acWA==/com.google.android.gms--6rwsmYaGwERs-rlQ1V3rA==/split_DynamiteModulesC_installtime.dm) is kOatUpToDate with filter 'verify' executable 'false'
06-17 12:25:26.475 I/artd    (  727): GetBestInfo: dm (/data/app/~~RBqLWa4IHxAvM1EDn2acWA==/com.google.android.gms--6rwsmYaGwERs-rlQ1V3rA==/split_GoogleCertificates_installtime.dm) is kOatUpToDate with filter 'verify' executable 'false'
06-17 12:25:26.477 I/artd    (  727): GetBestInfo: dm (/data/app/~~RBqLWa4IHxAvM1EDn2acWA==/com.google.android.gms--6rwsmYaGwERs-rlQ1V3rA==/split_MapsDynamite_installtime.dm) is kOatUpToDate with filter 'verify' executable 'false'
06-17 12:25:26.477 I/artd    (  727): GetBestInfo: dm (/data/app/~~RBqLWa4IHxAvM1EDn2acWA==/com.google.android.gms--6rwsmYaGwERs-rlQ1V3rA==/split_MeasurementDynamite_installtime.dm) is kOatUpToDate with filter 'verify' executable 'false'
06-17 12:25:26.477 I/artd    (  727): GetBestInfo: /data/user_de/0/com.google.android.gms/app_chimera/m/0000002a/dl-MlkitBarcodeUi.optional_261733100400.apk has no usable artifacts
06-17 12:25:26.478 I/artd    (  727): GetBestInfo: /data/user_de/0/com.google.android.gms/app_chimera/m/00000035/dl-VisionOcr.optional_261933100000.apk has no usable artifacts
06-17 12:25:26.478 I/artd    (  727): GetBestInfo: /data/user_de/0/com.google.android.gms/app_chimera/m/00000001/CronetDynamite.uncompressed.apk has no usable artifacts
06-17 12:25:26.478 I/artd    (  727): GetBestInfo: /data/user_de/0/com.google.android.gms/app_chimera/m/00000047/dl-PlayCloudSearch.optional_262333100000.apk has no usable artifacts
06-17 12:25:26.479 I/artd    (  727): GetBestInfo: /data/user_de/0/com.google.android.gms/app_chimera/m/00000016/dl-IdentityCredentialsPlatform.optional_261464100400.apk has no usable artifacts
06-17 12:25:26.479 I/artd    (  727): GetBestInfo: /data/user_de/0/com.google.android.gms/app_chimera/m/00000046/dl-MlkitOcrCommon.optional_262333100400.apk has no usable artifacts
06-17 12:25:26.481 I/artd    (  727): GetBestInfo: /data/user_de/0/com.google.android.gms/app_chimera/m/00000014/dl-VisionOcr.optional_261464100000.apk has no usable artifacts
06-17 12:25:26.481 I/artd    (  727): GetBestInfo: /data/user_de/0/com.google.android.gms/app_chimera/m/00000017/dl-Appsearch.optional_261464100400.apk has no usable artifacts
06-17 12:25:26.481 I/artd    (  727): GetBestInfo: /data/user_de/0/com.google.android.gms/app_chimera/m/0000004b/dl-MlkitBarcodeUi.optional_262333100400.apk has no usable artifacts
06-17 12:25:26.481 I/artd    (  727): GetBestInfo: /data/user/0/com.google.android.gms/app_dg_cache/87E7746227FF4E457A2EB56043B95E41006DE49F/the.apk has no usable artifacts
06-17 12:25:26.483 I/artd    (  727): GetBestInfo: /data/user_de/0/com.google.android.gms/app_chimera/m/00000048/dl-IdentityCredentialsPlatform.optional_262333100400.apk has no usable artifacts
06-17 12:25:26.484 I/artd    (  727): GetBestInfo: /data/user_de/0/com.google.android.gms/app_chimera/m/0000000a/dl-MlkitBarcodeUi.optional_242335100400.apk has no usable artifacts
06-17 12:25:26.485 I/artd    (  727): GetBestInfo: /data/user_de/0/com.google.android.gms/app_chimera/m/00000029/dl-MlkitOcrCommon.optional_261733100400.apk has no usable artifacts
06-17 12:25:26.486 I/artd    (  727): GetBestInfo: /data/user_de/0/com.google.android.gms/app_chimera/m/00000002/DynamiteLoader.uncompressed.apk has no usable artifacts
06-17 12:25:26.486 I/artd    (  727): GetBestInfo: /data/user_de/0/com.google.android.gms/app_chimera/m/0000002e/dl-Appsearch.optional_261733100400.apk has no usable artifacts
06-17 12:25:26.486 I/artd    (  727): GetBestInfo: /data/user_de/0/com.google.android.gms/app_chimera/m/00000030/dl-MlkitOcrCommon.optional_261933100400.apk has no usable artifacts
06-17 12:25:26.486 I/artd    (  727): GetBestInfo: /data/user_de/0/com.google.android.gms/app_chimera/m/00000015/dl-PlayCloudSearch.optional_261464100000.apk has no usable artifacts
06-17 12:25:26.486 I/artd    (  727): GetBestInfo: /data/user_de/0/com.google.android.gms/app_chimera/m/0000001e/dl-Appsearch.optional_261631100400.apk has no usable artifacts
06-17 12:25:26.486 I/artd    (  727): GetBestInfo: /data/user_de/0/com.google.android.gms/app_chimera/m/00000013/dl-MlkitOcrCommon.optional_261464100400.apk has no usable artifacts
06-17 12:25:26.486 I/artd    (  727): GetBestInfo: /data/user_de/0/com.google.android.gms/app_chimera/m/00000032/dl-MlkitBarcodeUi.optional_261933100400.apk has no usable artifacts
06-17 12:25:26.486 I/artd    (  727): GetBestInfo: /data/user/0/com.google.android.gms/app_dg_cache/754BEC187BC4F26BBC31300F93DBF9B7506C1861/the.apk has no usable artifacts
06-17 12:25:26.486 I/artd    (  727): GetBestInfo: /data/user_de/0/com.google.android.gms/app_chimera/m/00000007/MeasurementDynamite.apk has no usable artifacts
06-17 12:25:26.486 I/artd    (  727): GetBestInfo: /data/user_de/0/com.google.android.gms/app_chimera/m/0000002c/dl-IdentityCredentialsPlatform.optional_261733100400.apk has no usable artifacts
06-17 12:25:26.486 I/artd    (  727): GetBestInfo: /data/user_de/0/com.google.android.gms/app_chimera/m/0000002b/dl-PlayCloudSearch.optional_261733100000.apk has no usable artifacts
06-17 12:25:26.486 I/artd    (  727): GetBestInfo: /data/user_de/0/com.google.android.gms/app_chimera/m/00000033/dl-PlayCloudSearch.optional_261933100000.apk has no usable artifacts
06-17 12:25:26.487 I/artd    (  727): GetBestInfo: /data/user_de/0/com.google.android.gms/app_chimera/m/0000001c/dl-VisionOcr.optional_261631100000.apk has no usable artifacts
06-17 12:25:26.488 I/artd    (  727): GetBestInfo: /data/user_de/0/com.google.android.gms/app_chimera/m/00000011/dl-MlkitBarcodeUi.optional_261464100400.apk has no usable artifacts
06-17 12:25:26.488 I/artd    (  727): GetBestInfo: /data/user_de/0/com.google.android.gms/app_chimera/m/00000049/dl-VisionOcr.optional_262333100000.apk has no usable artifacts
06-17 12:25:26.489 I/artd    (  727): GetBestInfo: /data/user_de/0/com.google.android.gms/app_chimera/m/00000005/GoogleCertificates.apk has no usable artifacts
06-17 12:25:26.490 I/artd    (  727): GetBestInfo: /data/user_de/0/com.google.android.gms/app_chimera/m/00000010/dl-TfliteDynamiteDynamite.integ_260580502100400.apk has no usable artifacts
06-17 12:25:26.490 I/artd    (  727): GetBestInfo: /data/user/0/com.google.android.gms/app_dg_cache/9D5BCED7935D64431BF672B8BBD597199833CA19/the.apk has no usable artifacts
06-17 12:25:26.490 I/artd    (  727): GetBestInfo: /data/user_de/0/com.google.android.gms/app_chimera/m/00000009/dl-TfliteDynamiteDynamite.integ_252130102100400.apk has no usable artifacts
06-17 12:25:26.490 I/HalDevMgr(  605): bestIfaceCreationProposal is null, requestIface=STA, existingIface=[name=wlan0 type=STA]
06-17 12:25:26.491 I/artd    (  727): GetBestInfo: vdex next to the dex file (/data/user/0/com.google.android.gms/app_dg_cache/5833371D1ACC412507A92815B074897510CCCEDD/oat/arm64/the.vdex) is kOatUpToDate with filter 'verify' executable 'false'
06-17 12:25:26.491 I/artd    (  727): GetBestInfo: /data/user_de/0/com.google.android.gms/app_chimera/m/0000001b/dl-PlayCloudSearch.optional_261631100000.apk has no usable artifacts
06-17 12:25:26.492 I/artd    (  727): GetBestInfo: /data/user_de/0/com.google.android.gms/app_chimera/m/00000027/dl-IdentityCredentialsPlatform.optional_261631100400.apk has no usable artifacts
06-17 12:25:26.492 I/artd    (  727): GetBestInfo: /data/user/0/com.google.android.gms/app_dg_cache/86153AA318A3F208A8C511836585279D8C7E8D94/the.apk has no usable artifacts
06-17 12:25:26.492 I/artd    (  727): GetBestInfo: /data/user_de/0/com.google.android.gms/app_chimera/m/0000001d/dl-IdentityCredentialsPlatform.optional_261631100400.apk has no usable artifacts
06-17 12:25:26.492 I/artd    (  727): GetBestInfo: /data/user_de/0/com.google.android.gms/app_chimera/m/0000002d/dl-VisionOcr.optional_261733100000.apk has no usable artifacts
06-17 12:25:26.492 I/artd    (  727): GetBestInfo: /data/user_de/0/com.google.android.gms/app_chimera/m/0000000e/dl-PlayCloudSearch.optional_242335100000.apk has no usable artifacts
06-17 12:25:26.493 I/artd    (  727): GetBestInfo: /data/user_de/0/com.google.android.gms/app_chimera/m/0000004a/dl-Appsearch.optional_262333100400.apk has no usable artifacts
06-17 12:25:26.494 I/artd    (  727): GetBestInfo: /data/user_de/0/com.google.android.gms/app_chimera/m/0000001a/dl-MlkitBarcodeUi.optional_261631100400.apk has no usable artifacts
06-17 12:25:26.494 I/artd    (  727): GetBestInfo: vdex next to the dex file (/data/user/0/com.google.android.gms/app_dg_cache/10FF5D5C646CC9E2F04BD9D73A072BD012EF1A7A/oat/arm64/the.vdex) is kOatUpToDate with filter 'verify' executable 'false'
06-17 12:25:26.495 I/artd    (  727): GetBestInfo: /data/user_de/0/com.google.android.gms/app_chimera/m/00000036/dl-Appsearch.optional_261933100400.apk has no usable artifacts
06-17 12:25:26.495 I/artd    (  727): GetBestInfo: /data/user/0/com.google.android.gms/app_dg_cache/21A90BF1C1C388089206DCE215FB60D7882BFA18/the.apk has no usable artifacts
06-17 12:25:26.495 I/artd    (  727): GetBestInfo: /data/user_de/0/com.google.android.gms/app_chimera/m/0000001f/dl-IdentityCredentialsPlacebo.optional_261631100400.apk has no usable artifacts
06-17 12:25:26.495 I/artd    (  727): GetBestInfo: /data/user_de/0/com.google.android.gms/app_chimera/m/00000034/dl-IdentityCredentialsPlatform.optional_261933100400.apk has no usable artifacts
06-17 12:25:26.495 I/artd    (  727): GetBestInfo: /data/user_de/0/com.google.android.gms/app_chimera/m/00000019/dl-MlkitOcrCommon.optional_261631100400.apk has no usable artifacts
06-17 12:25:26.495 I/artd    (  727): GetBestInfo: /data/user/0/com.google.android.gms/app_dg_cache/A8F89F306FD1BA172E06F6F2B9F79826D0309BB6/the.apk has no usable artifacts
06-17 12:25:26.495 I/artd    (  727): GetBestInfo: /data/user/0/com.google.android.gms/app_dg_cache/707FFD883BF2A7896692338F9625CA52336E933B/the.apk has no usable artifacts
06-17 12:25:26.497 W/IPCThreadState(  605): Sending oneway calls to frozen process.
06-17 12:25:26.498 I/MagicTether( 1144): (REDACTED) [ActiveNetworkTracker] setActiveNetwork: %s
06-17 12:25:26.498 I/MagicTether( 1144): (REDACTED) [TetherService] onActiveNetworkChanged: network=%s isLost=%s
06-17 12:25:26.499 W/IPCThreadState(  605): Sending oneway calls to frozen process.
06-17 12:25:26.502 W/IPCThreadState(  605): Sending oneway calls to frozen process.
06-17 12:25:26.502 W/IPCThreadState(  605): Sending oneway calls to frozen process.
06-17 12:25:26.502 W/IPCThreadState(  605): Sending oneway calls to frozen process.
06-17 12:25:26.502 W/IPCThreadState(  605): Sending oneway calls to frozen process.
06-17 12:25:26.502 W/IPCThreadState(  605): Sending oneway calls to frozen process.
06-17 12:25:26.502 W/IPCThreadState(  605): Sending oneway calls to frozen process.
06-17 12:25:26.502 W/IPCThreadState(  605): Sending oneway calls to frozen process.
06-17 12:25:26.503 W/IPCThreadState(  605): Sending oneway calls to frozen process.
06-17 12:25:26.505 I/NullBinder( 1144): NullBinder for android.net.action.RECOMMEND_NETWORKS triggering remote TransactionTooLargeException due to Service without Chimera impl, calling uid: 1000, calling pid: 0
06-17 12:25:26.506 D/ConnectivityService(  605): NetReassign [no changes] [c 0] [a 3] [i 0]
06-17 12:25:26.510 W/.gms.persistent( 1144): Large reply transaction of 1056768 bytes, interface descriptor , code 1
06-17 12:25:26.510 I/NearbyMediums( 1144): Wifi changed new SSID: "AndroidWifi"
06-17 12:25:26.510 I/NearbyMediums( 1144): WifiLanConnectivityInfo is not changed, skip notify.
06-17 12:25:26.510 I/MagicTether( 1144): [WifiConnectionHandler] Ignoring getWifiConfigurationByNetworkId when checking connected state [CONTEXT service_id=276 ]
06-17 12:25:26.510 I/MagicTether( 1144): [WifiConnectionHandler] No networkId set, can't be connected. [CONTEXT service_id=276 ]
06-17 12:25:26.510 I/MagicTether( 1144): (REDACTED) [TetherService] TRANSPORT_CELLULAR [%s], TRANSPORT_ETHERNET [%s], TRANSPORT_WIFI [%s]
06-17 12:25:26.510 I/MagicTether( 1144): (REDACTED) [TetherService] setRoles hasActiveNetworkConnection=%s canActiveNetworkBeTethered=%s isConnectedToInstantTether=%s isWifiEnabled=%s isHosting=%s
06-17 12:25:26.510 I/MagicTether( 1144): (REDACTED) [LaunchUtils] Instant Wifi for status account: name: %s | type: %s | isLaunched: %s
06-17 12:25:26.510 I/MagicTether( 1144): (REDACTED) [TidepoolFeatureStatusManager] isInstantHotspotEnabled=%s
06-17 12:25:26.510 I/MagicTether( 1144): (REDACTED) [TidepoolFeatureStatusManager] isInstantWifiEnabled=%s
06-17 12:25:26.510 I/MagicTether( 1144): (REDACTED) [TetherService] startNearbyHostRole: start: %s isInstantHotspotEnabled: %s isInstantWifiEnabled: %s
06-17 12:25:26.510 I/MagicTether( 1144): [HostTetherRole] Nearby host role already stopped [CONTEXT service_id=276 ]
06-17 12:25:26.510 I/MagicTether( 1144): (REDACTED) [LaunchUtils] Instant Wifi for status account: name: %s | type: %s | isLaunched: %s
06-17 12:25:26.510 I/MagicTether( 1144): (REDACTED) [TidepoolFeatureStatusManager] isInstantHotspotEnabled=%s
06-17 12:25:26.510 I/MagicTether( 1144): (REDACTED) [TidepoolFeatureStatusManager] isInstantWifiEnabled=%s
06-17 12:25:26.510 I/MagicTether( 1144): (REDACTED) [TetherService] startNearbyClientRole: start: %s isInstantHotspotEnabled: %s isInstantWifiEnabled: %s
06-17 12:25:26.510 I/MagicTether( 1144): [TetherService] Stopping Nearby client role [CONTEXT service_id=276 ]
06-17 12:25:26.510 I/MagicTether( 1144): [ClientTetherRole] Client role already stopped [CONTEXT service_id=276 ]
06-17 12:25:26.512 I/MagicTether( 1144): (REDACTED) [NotificationPresenter] cancelNotification: %d
06-17 12:25:26.513 I/MagicTether( 1144): [AutoDisconnectIntentOperation] Canceling task. [CONTEXT service_id=276 ]
06-17 12:25:26.514 I/MagicTether( 1144): [AutoDisconnectIntentOperation] Canceling task. [CONTEXT service_id=276 ]
06-17 12:25:26.514 I/MagicTether( 1144): (REDACTED) [NotificationPresenter] cancelNotification: %d
06-17 12:25:26.514 I/MagicTether( 1144): [AutoDisconnectIntentOperation] Canceling task. [CONTEXT service_id=276 ]
06-17 12:25:26.515 I/MagicTether( 1144): (REDACTED) [NotificationPresenter] cancelNotification: %d
06-17 12:25:26.545 I/CatalogCloudSync( 7132): sync_events_apply domain=catalog remoteSuppliers=0 remoteCategories=0 remoteProducts=0 applied=0
06-17 12:25:26.627 I/CatalogCloudSync( 7132): sync_events_apply domain=catalog_prices remoteProductIds=3 remotePrices=0 pricesPulled=0 pricesSkippedNoProductRef=0
06-17 12:25:26.723 I/CatalogCloudSync( 7132): sync_events_apply domain=prices remotePrices=0 pricesPulled=0 pricesSkippedNoProductRef=0
06-17 12:25:26.807 I/CatalogCloudSync( 7132): sync_events_apply domain=catalog remoteSuppliers=0 remoteCategories=0 remoteProducts=0 applied=0
06-17 12:25:26.894 I/CatalogCloudSync( 7132): sync_events_apply domain=catalog_prices remoteProductIds=1 remotePrices=0 pricesPulled=0 pricesSkippedNoProductRef=0
06-17 12:25:26.996 I/NearbySharing( 1144): Network state changed: NetworkState(isRestricted=false, isOnline=true, isCongested=false, isMetered=false, isWifiConnected=true)
06-17 12:25:27.001 I/NearbySharing( 1144): Network state changed: NetworkState(isRestricted=false, isOnline=true, isCongested=false, isMetered=false, isWifiConnected=true)
06-17 12:25:27.057 I/CatalogCloudSync( 7132): sync_events_apply domain=prices remotePrices=0 pricesPulled=0 pricesSkippedNoProductRef=0
06-17 12:25:27.147 I/CatalogCloudSync( 7132): sync_events_apply domain=catalog remoteSuppliers=0 remoteCategories=0 remoteProducts=0 applied=0
06-17 12:25:27.246 I/CatalogCloudSync( 7132): sync_events_apply domain=catalog_prices remoteProductIds=1 remotePrices=0 pricesPulled=0 pricesSkippedNoProductRef=0
06-17 12:25:27.472 D/EGL_emulation( 7132): app_time_stats: avg=2.66ms min=1.05ms max=7.16ms count=61
06-17 12:25:27.626 I/CatalogCloudSync( 7132): sync_events_apply domain=catalog remoteSuppliers=0 remoteCategories=0 remoteProducts=0 applied=0
06-17 12:25:27.709 I/CatalogCloudSync( 7132): sync_events_apply domain=catalog_prices remoteProductIds=3 remotePrices=0 pricesPulled=0 pricesSkippedNoProductRef=0
06-17 12:25:27.789 I/CatalogCloudSync( 7132): sync_events_apply domain=prices remotePrices=0 pricesPulled=0 pricesSkippedNoProductRef=0
06-17 12:25:27.877 I/CatalogCloudSync( 7132): sync_events_apply domain=catalog remoteSuppliers=0 remoteCategories=0 remoteProducts=0 applied=0
06-17 12:25:28.064 I/CatalogCloudSync( 7132): sync_events_apply domain=catalog_prices remoteProductIds=1 remotePrices=0 pricesPulled=0 pricesSkippedNoProductRef=0
06-17 12:25:28.158 I/CatalogCloudSync( 7132): sync_events_apply domain=prices remotePrices=0 pricesPulled=0 pricesSkippedNoProductRef=0
06-17 12:25:28.246 I/CatalogCloudSync( 7132): sync_events_apply domain=catalog remoteSuppliers=0 remoteCategories=0 remoteProducts=0 applied=0
06-17 12:25:28.339 I/CatalogCloudSync( 7132): sync_events_apply domain=catalog_prices remoteProductIds=1 remotePrices=0 pricesPulled=0 pricesSkippedNoProductRef=0
06-17 12:25:28.427 I/CatalogCloudSync( 7132): sync_events_apply domain=history remoteSessions=2 applied=0 skipped=2 failed=0 unsupported=0
06-17 12:25:28.472 D/EGL_emulation( 7132): app_time_stats: avg=2.87ms min=1.20ms max=6.14ms count=60
06-17 12:25:28.561 I/CatalogCloudSync( 7132): sync_events_apply domain=history remoteSessions=1 applied=0 skipped=1 failed=0 unsupported=0
06-17 12:25:28.647 I/CatalogCloudSync( 7132): sync_events_apply domain=history remoteSessions=0 applied=0 skipped=0 failed=0 unsupported=0
06-17 12:25:28.910 I/CatalogCloudSync( 7132): sync_events_apply domain=catalog remoteSuppliers=0 remoteCategories=0 remoteProducts=0 applied=0
06-17 12:25:29.081 I/CatalogCloudSync( 7132): sync_events_apply domain=catalog_prices remoteProductIds=1 remotePrices=0 pricesPulled=0 pricesSkippedNoProductRef=0
06-17 12:25:29.488 D/EGL_emulation( 7132): app_time_stats: avg=2.95ms min=1.28ms max=7.52ms count=61
06-17 12:25:29.491 I/CatalogCloudSync( 7132): sync_events_apply domain=catalog remoteSuppliers=0 remoteCategories=0 remoteProducts=0 applied=0
06-17 12:25:29.512 I/NullBinder( 1144): NullBinder for android.net.action.RECOMMEND_NETWORKS triggering remote TransactionTooLargeException due to Service without Chimera impl, calling uid: 1000, calling pid: 0
06-17 12:25:29.512 W/.gms.persistent( 1144): Large reply transaction of 1056768 bytes, interface descriptor , code 1
06-17 12:25:29.513 I/HalDevMgr(  605): bestIfaceCreationProposal is null, requestIface=STA, existingIface=[name=wlan0 type=STA]
06-17 12:25:29.514 W/IPCThreadState(  605): Sending oneway calls to frozen process.
06-17 12:25:29.514 W/IPCThreadState(  605): Sending oneway calls to frozen process.
06-17 12:25:29.514 W/IPCThreadState(  605): Sending oneway calls to frozen process.
06-17 12:25:29.515 W/IPCThreadState(  605): Sending oneway calls to frozen process.
06-17 12:25:29.515 W/IPCThreadState(  605): Sending oneway calls to frozen process.
06-17 12:25:29.515 W/IPCThreadState(  605): Sending oneway calls to frozen process.
06-17 12:25:29.515 W/IPCThreadState(  605): Sending oneway calls to frozen process.
06-17 12:25:29.515 W/IPCThreadState(  605): Sending oneway calls to frozen process.
06-17 12:25:29.515 W/IPCThreadState(  605): Sending oneway calls to frozen process.
06-17 12:25:29.515 W/IPCThreadState(  605): Sending oneway calls to frozen process.
06-17 12:25:29.519 D/IpClient/wlan0(  996): interfaceLinkStateChanged: ifindex 16 up
06-17 12:25:29.521 D/ConnectivityService(  605): NetReassign [no changes] [c 0] [a 1] [i 5]
06-17 12:25:29.523 I/MagicTether( 1144): (REDACTED) [ActiveNetworkTracker] setActiveNetwork: %s
