06-17 12:30:16.473 I/artd    (  727): GetBestInfo: /data/user_de/0/com.google.android.gms/app_chimera/m/0000002b/dl-PlayCloudSearch.optional_261733100000.apk has no usable artifacts
06-17 12:30:16.473 I/artd    (  727): GetBestInfo: /data/user_de/0/com.google.android.gms/app_chimera/m/00000033/dl-PlayCloudSearch.optional_261933100000.apk has no usable artifacts
06-17 12:30:16.473 I/artd    (  727): GetBestInfo: /data/user_de/0/com.google.android.gms/app_chimera/m/0000001c/dl-VisionOcr.optional_261631100000.apk has no usable artifacts
06-17 12:30:16.473 I/artd    (  727): GetBestInfo: /data/user_de/0/com.google.android.gms/app_chimera/m/00000011/dl-MlkitBarcodeUi.optional_261464100400.apk has no usable artifacts
06-17 12:30:16.473 I/artd    (  727): GetBestInfo: /data/user_de/0/com.google.android.gms/app_chimera/m/00000049/dl-VisionOcr.optional_262333100000.apk has no usable artifacts
06-17 12:30:16.473 I/artd    (  727): GetBestInfo: /data/user_de/0/com.google.android.gms/app_chimera/m/00000005/GoogleCertificates.apk has no usable artifacts
06-17 12:30:16.474 I/artd    (  727): GetBestInfo: /data/user_de/0/com.google.android.gms/app_chimera/m/00000010/dl-TfliteDynamiteDynamite.integ_260580502100400.apk has no usable artifacts
06-17 12:30:16.474 I/artd    (  727): GetBestInfo: /data/user/0/com.google.android.gms/app_dg_cache/9D5BCED7935D64431BF672B8BBD597199833CA19/the.apk has no usable artifacts
06-17 12:30:16.474 I/artd    (  727): GetBestInfo: /data/user_de/0/com.google.android.gms/app_chimera/m/00000009/dl-TfliteDynamiteDynamite.integ_252130102100400.apk has no usable artifacts
06-17 12:30:16.474 I/artd    (  727): GetBestInfo: vdex next to the dex file (/data/user/0/com.google.android.gms/app_dg_cache/5833371D1ACC412507A92815B074897510CCCEDD/oat/arm64/the.vdex) is kOatUpToDate with filter 'verify' executable 'false'
06-17 12:30:16.474 I/artd    (  727): GetBestInfo: /data/user_de/0/com.google.android.gms/app_chimera/m/0000001b/dl-PlayCloudSearch.optional_261631100000.apk has no usable artifacts
06-17 12:30:16.474 I/artd    (  727): GetBestInfo: /data/user_de/0/com.google.android.gms/app_chimera/m/00000027/dl-IdentityCredentialsPlatform.optional_261631100400.apk has no usable artifacts
06-17 12:30:16.474 I/artd    (  727): GetBestInfo: /data/user/0/com.google.android.gms/app_dg_cache/86153AA318A3F208A8C511836585279D8C7E8D94/the.apk has no usable artifacts
06-17 12:30:16.474 I/artd    (  727): GetBestInfo: /data/user_de/0/com.google.android.gms/app_chimera/m/0000001d/dl-IdentityCredentialsPlatform.optional_261631100400.apk has no usable artifacts
06-17 12:30:16.474 I/artd    (  727): GetBestInfo: /data/user_de/0/com.google.android.gms/app_chimera/m/0000002d/dl-VisionOcr.optional_261733100000.apk has no usable artifacts
06-17 12:30:16.475 I/artd    (  727): GetBestInfo: /data/user_de/0/com.google.android.gms/app_chimera/m/0000000e/dl-PlayCloudSearch.optional_242335100000.apk has no usable artifacts
06-17 12:30:16.475 I/artd    (  727): GetBestInfo: /data/user_de/0/com.google.android.gms/app_chimera/m/0000004a/dl-Appsearch.optional_262333100400.apk has no usable artifacts
06-17 12:30:16.475 I/artd    (  727): GetBestInfo: /data/user_de/0/com.google.android.gms/app_chimera/m/0000001a/dl-MlkitBarcodeUi.optional_261631100400.apk has no usable artifacts
06-17 12:30:16.475 I/artd    (  727): GetBestInfo: vdex next to the dex file (/data/user/0/com.google.android.gms/app_dg_cache/10FF5D5C646CC9E2F04BD9D73A072BD012EF1A7A/oat/arm64/the.vdex) is kOatUpToDate with filter 'verify' executable 'false'
06-17 12:30:16.475 I/artd    (  727): GetBestInfo: /data/user_de/0/com.google.android.gms/app_chimera/m/00000036/dl-Appsearch.optional_261933100400.apk has no usable artifacts
06-17 12:30:16.475 I/artd    (  727): GetBestInfo: /data/user/0/com.google.android.gms/app_dg_cache/21A90BF1C1C388089206DCE215FB60D7882BFA18/the.apk has no usable artifacts
06-17 12:30:16.475 I/artd    (  727): GetBestInfo: /data/user_de/0/com.google.android.gms/app_chimera/m/0000001f/dl-IdentityCredentialsPlacebo.optional_261631100400.apk has no usable artifacts
06-17 12:30:16.475 I/artd    (  727): GetBestInfo: /data/user_de/0/com.google.android.gms/app_chimera/m/00000034/dl-IdentityCredentialsPlatform.optional_261933100400.apk has no usable artifacts
06-17 12:30:16.475 I/artd    (  727): GetBestInfo: /data/user_de/0/com.google.android.gms/app_chimera/m/00000019/dl-MlkitOcrCommon.optional_261631100400.apk has no usable artifacts
06-17 12:30:16.475 I/artd    (  727): GetBestInfo: /data/user/0/com.google.android.gms/app_dg_cache/A8F89F306FD1BA172E06F6F2B9F79826D0309BB6/the.apk has no usable artifacts
06-17 12:30:16.476 I/artd    (  727): GetBestInfo: /data/user/0/com.google.android.gms/app_dg_cache/707FFD883BF2A7896692338F9625CA52336E933B/the.apk has no usable artifacts
06-17 12:30:16.546 I/CatalogCloudSync( 7635): sync_events_apply domain=history remoteSessions=0 applied=0 skipped=0 failed=0 unsupported=0
06-17 12:30:16.602 D/EGL_emulation( 7635): app_time_stats: avg=2.55ms min=0.94ms max=7.61ms count=61
06-17 12:30:16.629 I/CatalogCloudSync( 7635): sync_events_apply domain=history remoteSessions=0 applied=0 skipped=0 failed=0 unsupported=0
06-17 12:30:16.895 I/CatalogCloudSync( 7635): cycle=catalog_bootstrap outcome=skip reason=sync_busy
06-17 12:30:16.896 I/CatalogCloudSync( 7635): sync_events_apply domain=catalog remoteSuppliers=0 remoteCategories=0 remoteProducts=0 applied=0
06-17 12:30:16.990 I/CatalogCloudSync( 7635): sync_events_apply domain=catalog_prices remoteProductIds=3 remotePrices=0 pricesPulled=0 pricesSkippedNoProductRef=0
06-17 12:30:17.078 I/CatalogCloudSync( 7635): sync_events_apply domain=prices remotePrices=0 pricesPulled=0 pricesSkippedNoProductRef=0
06-17 12:30:17.173 I/CatalogCloudSync( 7635): sync_events_apply domain=catalog remoteSuppliers=0 remoteCategories=0 remoteProducts=0 applied=0
06-17 12:30:17.276 I/CatalogCloudSync( 7635): sync_events_apply domain=catalog_prices remoteProductIds=1 remotePrices=0 pricesPulled=0 pricesSkippedNoProductRef=0
06-17 12:30:17.364 I/CatalogCloudSync( 7635): sync_events_apply domain=prices remotePrices=0 pricesPulled=0 pricesSkippedNoProductRef=0
06-17 12:30:17.456 I/CatalogCloudSync( 7635): sync_events_apply domain=catalog remoteSuppliers=0 remoteCategories=0 remoteProducts=0 applied=0
06-17 12:30:17.540 I/CatalogCloudSync( 7635): sync_events_apply domain=catalog_prices remoteProductIds=1 remotePrices=0 pricesPulled=0 pricesSkippedNoProductRef=0
06-17 12:30:17.603 D/EGL_emulation( 7635): app_time_stats: avg=2.21ms min=1.02ms max=8.32ms count=60
06-17 12:30:17.649 I/CatalogCloudSync( 7635): cycle=catalog_bootstrap outcome=skip reason=sync_busy
06-17 12:30:17.796 I/CatalogCloudSync( 7635): sync_events_apply domain=catalog remoteSuppliers=0 remoteCategories=0 remoteProducts=0 applied=0
06-17 12:30:17.888 I/CatalogCloudSync( 7635): sync_events_apply domain=catalog_prices remoteProductIds=3 remotePrices=0 pricesPulled=0 pricesSkippedNoProductRef=0
06-17 12:30:17.981 I/CatalogCloudSync( 7635): sync_events_apply domain=prices remotePrices=0 pricesPulled=0 pricesSkippedNoProductRef=0
06-17 12:30:18.079 I/CatalogCloudSync( 7635): sync_events_apply domain=catalog remoteSuppliers=0 remoteCategories=0 remoteProducts=0 applied=0
06-17 12:30:18.163 I/HalDevMgr(  605): bestIfaceCreationProposal is null, requestIface=STA, existingIface=[name=wlan0 type=STA]
06-17 12:30:18.164 I/CatalogCloudSync( 7635): sync_events_apply domain=catalog_prices remoteProductIds=1 remotePrices=0 pricesPulled=0 pricesSkippedNoProductRef=0
06-17 12:30:18.257 I/CatalogCloudSync( 7635): sync_events_apply domain=prices remotePrices=0 pricesPulled=0 pricesSkippedNoProductRef=0
06-17 12:30:18.343 I/CatalogCloudSync( 7635): sync_events_apply domain=catalog remoteSuppliers=0 remoteCategories=0 remoteProducts=0 applied=0
06-17 12:30:18.407 I/CatalogCloudSync( 7635): cycle=catalog_bootstrap outcome=skip reason=sync_busy
06-17 12:30:18.425 I/CatalogCloudSync( 7635): sync_events_apply domain=catalog_prices remoteProductIds=1 remotePrices=0 pricesPulled=0 pricesSkippedNoProductRef=0
06-17 12:30:18.509 I/CatalogCloudSync( 7635): sync_events_apply domain=history remoteSessions=0 applied=0 skipped=0 failed=0 unsupported=0
06-17 12:30:18.591 I/CatalogCloudSync( 7635): sync_events_apply domain=history remoteSessions=0 applied=0 skipped=0 failed=0 unsupported=0
06-17 12:30:18.603 D/EGL_emulation( 7635): app_time_stats: avg=2.86ms min=0.82ms max=7.39ms count=60
06-17 12:30:18.681 I/CatalogCloudSync( 7635): sync_events_apply domain=history remoteSessions=0 applied=0 skipped=0 failed=0 unsupported=0
06-17 12:30:18.803 I/CatalogCloudSync( 7635): sync_events_apply domain=history remoteSessions=11 applied=0 skipped=11 failed=0 unsupported=0
06-17 12:30:18.907 I/CatalogCloudSync( 7635): sync_events_apply domain=history remoteSessions=11 applied=0 skipped=11 failed=0 unsupported=0
06-17 12:30:19.161 I/CatalogCloudSync( 7635): cycle=catalog_bootstrap outcome=skip reason=sync_busy
06-17 12:30:19.297 I/CatalogCloudSync( 7635): sync_events_apply domain=catalog remoteSuppliers=0 remoteCategories=0 remoteProducts=0 applied=0
06-17 12:30:19.392 I/CatalogCloudSync( 7635): sync_events_apply domain=catalog_prices remoteProductIds=1 remotePrices=0 pricesPulled=0 pricesSkippedNoProductRef=0
06-17 12:30:19.620 D/EGL_emulation( 7635): app_time_stats: avg=2.42ms min=0.90ms max=8.19ms count=61
06-17 12:30:19.664 I/CatalogCloudSync( 7635): sync_events_apply domain=catalog remoteSuppliers=0 remoteCategories=0 remoteProducts=0 applied=0
06-17 12:30:19.755 I/CatalogCloudSync( 7635): sync_events_apply domain=catalog_prices remoteProductIds=1 remotePrices=0 pricesPulled=0 pricesSkippedNoProductRef=0
06-17 12:30:19.924 I/CatalogCloudSync( 7635): cycle=catalog_bootstrap outcome=skip reason=sync_busy
06-17 12:30:20.011 I/CatalogCloudSync( 7635): sync_events_apply domain=catalog remoteSuppliers=0 remoteCategories=0 remoteProducts=0 applied=0
06-17 12:30:20.095 I/CatalogCloudSync( 7635): sync_events_apply domain=catalog_prices remoteProductIds=3 remotePrices=0 pricesPulled=0 pricesSkippedNoProductRef=0
06-17 12:30:20.189 I/CatalogCloudSync( 7635): sync_events_apply domain=prices remotePrices=0 pricesPulled=0 pricesSkippedNoProductRef=0
06-17 12:30:20.447 I/CatalogCloudSync( 7635): sync_events_apply domain=catalog remoteSuppliers=0 remoteCategories=0 remoteProducts=0 applied=0
06-17 12:30:20.539 I/CatalogCloudSync( 7635): sync_events_apply domain=catalog_prices remoteProductIds=1 remotePrices=0 pricesPulled=0 pricesSkippedNoProductRef=0
06-17 12:30:20.625 D/EGL_emulation( 7635): app_time_stats: avg=2.43ms min=0.92ms max=7.74ms count=60
06-17 12:30:20.678 I/CatalogCloudSync( 7635): cycle=catalog_bootstrap outcome=skip reason=sync_busy
06-17 12:30:20.974 I/CatalogCloudSync( 7635): sync_events_apply domain=catalog remoteSuppliers=0 remoteCategories=0 remoteProducts=0 applied=0
06-17 12:30:21.058 I/CatalogCloudSync( 7635): sync_events_apply domain=catalog_prices remoteProductIds=1 remotePrices=0 pricesPulled=0 pricesSkippedNoProductRef=0
06-17 12:30:21.175 I/HalDevMgr(  605): bestIfaceCreationProposal is null, requestIface=STA, existingIface=[name=wlan0 type=STA]
06-17 12:30:21.179 W/IPCThreadState(  605): Sending oneway calls to frozen process.
06-17 12:30:21.179 W/IPCThreadState(  605): Sending oneway calls to frozen process.
06-17 12:30:21.179 W/IPCThreadState(  605): Sending oneway calls to frozen process.
06-17 12:30:21.179 W/IPCThreadState(  605): Sending oneway calls to frozen process.
06-17 12:30:21.179 W/IPCThreadState(  605): Sending oneway calls to frozen process.
06-17 12:30:21.179 W/IPCThreadState(  605): Sending oneway calls to frozen process.
06-17 12:30:21.179 W/IPCThreadState(  605): Sending oneway calls to frozen process.
06-17 12:30:21.179 W/IPCThreadState(  605): Sending oneway calls to frozen process.
06-17 12:30:21.179 W/IPCThreadState(  605): Sending oneway calls to frozen process.
06-17 12:30:21.179 W/IPCThreadState(  605): Sending oneway calls to frozen process.
06-17 12:30:21.181 D/ConnectivityService(  605): NetReassign [no changes] [c 0] [a 1] [i 1]
06-17 12:30:21.182 I/NullBinder( 1144): NullBinder for android.net.action.RECOMMEND_NETWORKS triggering remote TransactionTooLargeException due to Service without Chimera impl, calling uid: 1000, calling pid: 0
06-17 12:30:21.182 I/MagicTether( 1144): (REDACTED) [ActiveNetworkTracker] setActiveNetwork: %s
06-17 12:30:21.182 I/MagicTether( 1144): (REDACTED) [TetherService] onActiveNetworkChanged: network=%s isLost=%s
06-17 12:30:21.182 I/MagicTether( 1144): [WifiConnectionHandler] Ignoring getWifiConfigurationByNetworkId when checking connected state [CONTEXT service_id=276 ]
06-17 12:30:21.182 I/MagicTether( 1144): [WifiConnectionHandler] No networkId set, can't be connected. [CONTEXT service_id=276 ]
06-17 12:30:21.184 W/.gms.persistent( 1144): Large reply transaction of 1056768 bytes, interface descriptor , code 1
06-17 12:30:21.184 I/MagicTether( 1144): (REDACTED) [TetherService] TRANSPORT_CELLULAR [%s], TRANSPORT_ETHERNET [%s], TRANSPORT_WIFI [%s]
06-17 12:30:21.185 I/MagicTether( 1144): (REDACTED) [TetherService] setRoles hasActiveNetworkConnection=%s canActiveNetworkBeTethered=%s isConnectedToInstantTether=%s isWifiEnabled=%s isHosting=%s
06-17 12:30:21.186 I/NearbyMediums( 1144): Wifi changed new SSID: "AndroidWifi"
06-17 12:30:21.186 I/NearbyMediums( 1144): WifiLanConnectivityInfo is not changed, skip notify.
06-17 12:30:21.187 I/MagicTether( 1144): (REDACTED) [LaunchUtils] Instant Wifi for status account: name: %s | type: %s | isLaunched: %s
06-17 12:30:21.187 I/MagicTether( 1144): (REDACTED) [TidepoolFeatureStatusManager] isInstantHotspotEnabled=%s
06-17 12:30:21.187 I/MagicTether( 1144): (REDACTED) [TidepoolFeatureStatusManager] isInstantWifiEnabled=%s
06-17 12:30:21.187 I/MagicTether( 1144): (REDACTED) [TetherService] startNearbyHostRole: start: %s isInstantHotspotEnabled: %s isInstantWifiEnabled: %s
06-17 12:30:21.187 I/MagicTether( 1144): [HostTetherRole] Nearby host role already stopped [CONTEXT service_id=276 ]
06-17 12:30:21.187 I/MagicTether( 1144): (REDACTED) [LaunchUtils] Instant Wifi for status account: name: %s | type: %s | isLaunched: %s
06-17 12:30:21.187 I/MagicTether( 1144): (REDACTED) [TidepoolFeatureStatusManager] isInstantHotspotEnabled=%s
06-17 12:30:21.187 I/MagicTether( 1144): (REDACTED) [TidepoolFeatureStatusManager] isInstantWifiEnabled=%s
06-17 12:30:21.187 I/MagicTether( 1144): (REDACTED) [TetherService] startNearbyClientRole: start: %s isInstantHotspotEnabled: %s isInstantWifiEnabled: %s
06-17 12:30:21.187 I/MagicTether( 1144): [TetherService] Stopping Nearby client role [CONTEXT service_id=276 ]
06-17 12:30:21.187 I/MagicTether( 1144): [ClientTetherRole] Client role already stopped [CONTEXT service_id=276 ]
06-17 12:30:21.191 I/MagicTether( 1144): (REDACTED) [NotificationPresenter] cancelNotification: %d
06-17 12:30:21.191 I/MagicTether( 1144): [AutoDisconnectIntentOperation] Canceling task. [CONTEXT service_id=276 ]
06-17 12:30:21.194 I/MagicTether( 1144): [AutoDisconnectIntentOperation] Canceling task. [CONTEXT service_id=276 ]
06-17 12:30:21.194 I/MagicTether( 1144): (REDACTED) [NotificationPresenter] cancelNotification: %d
06-17 12:30:21.195 I/MagicTether( 1144): [AutoDisconnectIntentOperation] Canceling task. [CONTEXT service_id=276 ]
06-17 12:30:21.195 I/MagicTether( 1144): (REDACTED) [NotificationPresenter] cancelNotification: %d
06-17 12:30:21.308 I/CatalogCloudSync( 7635): sync_events_apply domain=catalog remoteSuppliers=0 remoteCategories=0 remoteProducts=0 applied=0
06-17 12:30:21.368 I/NearbyMediums( 1144): No BLE Fast/GATT advertisements found in the latest cycle.
06-17 12:30:21.368 I/NearbyMediums( 1144): Current Tracked Scanning Clients are : {NearbyConnections.EnvironmentMonitor, NearbySharing, NearbyConnections.TxAdvertisement}
06-17 12:30:21.374 W/IPCThreadState(  605): Sending oneway calls to frozen process.
06-17 12:30:21.390 I/CatalogCloudSync( 7635): sync_events_apply domain=catalog_prices remoteProductIds=3 remotePrices=0 pricesPulled=0 pricesSkippedNoProductRef=0
06-17 12:30:21.432 I/CatalogCloudSync( 7635): cycle=catalog_bootstrap outcome=skip reason=sync_busy
06-17 12:30:21.477 I/CatalogCloudSync( 7635): sync_events_apply domain=prices remotePrices=0 pricesPulled=0 pricesSkippedNoProductRef=0
06-17 12:30:21.637 D/EGL_emulation( 7635): app_time_stats: avg=2.54ms min=0.75ms max=6.41ms count=61
06-17 12:30:21.679 I/NearbySharing( 1144): Network state changed: NetworkState(isRestricted=false, isOnline=true, isCongested=false, isMetered=false, isWifiConnected=true)
06-17 12:30:21.679 I/NearbySharing( 1144): Network state changed: NetworkState(isRestricted=false, isOnline=true, isCongested=false, isMetered=false, isWifiConnected=true)
06-17 12:30:21.756 I/CatalogCloudSync( 7635): sync_events_apply domain=catalog remoteSuppliers=0 remoteCategories=0 remoteProducts=0 applied=0
06-17 12:30:21.975 I/CatalogCloudSync( 7635): sync_events_apply domain=catalog_prices remoteProductIds=1 remotePrices=0 pricesPulled=0 pricesSkippedNoProductRef=0
06-17 12:30:22.058 D/IpClient/wlan0(  996): addressUpdated: fec0::6589:bf07:5a2e:3be2/64 on ifindex 16 flags 0x00000900 scope 200 deprecationTime 73200609 expirationTime 145200609
06-17 12:30:22.060 D/IpClient/wlan0(  996): addressUpdated: fec0::3c83:aa68:40b7:5a62/64 on ifindex 16 flags 0x00000001 scope 200 deprecationTime 73200611 expirationTime 145200611
06-17 12:30:22.061 W/AlarmManager(  996): Unrecognized alarm listener com.android.networkstack.android.net.ip.IpClientLinkObserver$Dhcp6PdPreferredPrefixAlarmListener@ac7096
06-17 12:30:22.061 D/ApfFilter(  996): (wlan0): Ignoring RA RA fe80::2 -> ff02::1 1800s fec0::/64 86400s/14400s  which matches RA fe80::2 -> ff02::1 1800s fec0::/64 86400s/14400s 
06-17 12:30:22.187 I/CatalogCloudSync( 7635): cycle=catalog_bootstrap outcome=skip reason=sync_busy
06-17 12:30:22.239 I/CatalogCloudSync( 7635): sync_events_apply domain=catalog remoteSuppliers=0 remoteCategories=0 remoteProducts=0 applied=0
06-17 12:30:22.314 I/wpa_supplicant(  851): wlan0: CTRL-EVENT-BEACON-LOSS 
06-17 12:30:22.323 I/CatalogCloudSync( 7635): sync_events_apply domain=catalog_prices remoteProductIds=1 remotePrices=0 pricesPulled=0 pricesSkippedNoProductRef=0
06-17 12:30:22.578 I/CatalogCloudSync( 7635): sync_events_apply domain=catalog remoteSuppliers=0 remoteCategories=0 remoteProducts=0 applied=0
06-17 12:30:22.641 D/EGL_emulation( 7635): app_time_stats: avg=2.60ms min=1.11ms max=9.90ms count=60
06-17 12:30:22.663 I/CatalogCloudSync( 7635): sync_events_apply domain=catalog_prices remoteProductIds=3 remotePrices=0 pricesPulled=0 pricesSkippedNoProductRef=0
06-17 12:30:22.759 I/CatalogCloudSync( 7635): sync_events_apply domain=prices remotePrices=0 pricesPulled=0 pricesSkippedNoProductRef=0
06-17 12:30:22.939 I/CatalogCloudSync( 7635): cycle=catalog_bootstrap outcome=skip reason=sync_busy
06-17 12:30:23.028 I/CatalogCloudSync( 7635): sync_events_apply domain=catalog remoteSuppliers=0 remoteCategories=0 remoteProducts=0 applied=0
06-17 12:30:23.155 I/CatalogCloudSync( 7635): sync_events_apply domain=catalog_prices remoteProductIds=2 remotePrices=0 pricesPulled=0 pricesSkippedNoProductRef=0
06-17 12:30:23.238 I/CatalogCloudSync( 7635): sync_events_apply domain=prices remotePrices=0 pricesPulled=0 pricesSkippedNoProductRef=0
06-17 12:30:23.322 I/CatalogCloudSync( 7635): sync_events_apply domain=history remoteSessions=0 applied=0 skipped=0 failed=0 unsupported=0
06-17 12:30:23.439 I/CatalogCloudSync( 7635): sync_events_apply domain=history remoteSessions=0 applied=0 skipped=0 failed=0 unsupported=0
06-17 12:30:23.528 I/CatalogCloudSync( 7635): sync_events_apply domain=catalog remoteSuppliers=0 remoteCategories=0 remoteProducts=0 applied=0
06-17 12:30:23.613 I/CatalogCloudSync( 7635): sync_events_apply domain=catalog_prices remoteProductIds=3 remotePrices=0 pricesPulled=0 pricesSkippedNoProductRef=0
06-17 12:30:23.653 D/EGL_emulation( 7635): app_time_stats: avg=2.59ms min=1.01ms max=10.50ms count=61
06-17 12:30:23.692 I/CatalogCloudSync( 7635): cycle=catalog_bootstrap outcome=skip reason=sync_busy
06-17 12:30:23.706 I/CatalogCloudSync( 7635): sync_events_apply domain=prices remotePrices=0 pricesPulled=0 pricesSkippedNoProductRef=0
06-17 12:30:24.112 I/CatalogCloudSync( 7635): sync_events_apply domain=catalog remoteSuppliers=0 remoteCategories=0 remoteProducts=0 applied=0
06-17 12:30:24.181 I/HalDevMgr(  605): bestIfaceCreationProposal is null, requestIface=STA, existingIface=[name=wlan0 type=STA]
06-17 12:30:24.191 D/IpClient/wlan0(  996): interfaceLinkStateChanged: ifindex 16 up
06-17 12:30:24.194 D/IpClient/wlan0(  996): interfaceLinkStateChanged: ifindex 16 up
06-17 12:30:24.197 I/CatalogCloudSync( 7635): sync_events_apply domain=catalog_prices remoteProductIds=1 remotePrices=0 pricesPulled=0 pricesSkippedNoProductRef=0
06-17 12:30:24.447 I/CatalogCloudSync( 7635): cycle=catalog_bootstrap outcome=skip reason=sync_busy
06-17 12:30:24.464 I/CatalogCloudSync( 7635): sync_events_apply domain=catalog remoteSuppliers=0 remoteCategories=0 remoteProducts=0 applied=0
06-17 12:30:24.563 I/CatalogCloudSync( 7635): sync_events_apply domain=catalog_prices remoteProductIds=1 remotePrices=0 pricesPulled=0 pricesSkippedNoProductRef=0
06-17 12:30:24.654 D/EGL_emulation( 7635): app_time_stats: avg=2.61ms min=1.05ms max=6.54ms count=60
06-17 12:30:24.843 I/CatalogCloudSync( 7635): sync_events_apply domain=catalog remoteSuppliers=0 remoteCategories=0 remoteProducts=0 applied=0
06-17 12:30:24.931 I/CatalogCloudSync( 7635): sync_events_apply domain=catalog_prices remoteProductIds=3 remotePrices=0 pricesPulled=0 pricesSkippedNoProductRef=0
06-17 12:30:25.023 I/CatalogCloudSync( 7635): sync_events_apply domain=prices remotePrices=0 pricesPulled=0 pricesSkippedNoProductRef=0
06-17 12:30:25.209 I/CatalogCloudSync( 7635): cycle=catalog_bootstrap outcome=skip reason=sync_busy
06-17 12:30:25.414 I/CatalogCloudSync( 7635): sync_events_apply domain=catalog remoteSuppliers=0 remoteCategories=0 remoteProducts=0 applied=0
06-17 12:30:25.507 I/CatalogCloudSync( 7635): sync_events_apply domain=catalog_prices remoteProductIds=2 remotePrices=0 pricesPulled=0 pricesSkippedNoProductRef=0
06-17 12:30:25.593 I/CatalogCloudSync( 7635): sync_events_apply domain=prices remotePrices=0 pricesPulled=0 pricesSkippedNoProductRef=0
06-17 12:30:25.655 D/EGL_emulation( 7635): app_time_stats: avg=2.66ms min=1.06ms max=7.38ms count=60
06-17 12:30:25.676 I/CatalogCloudSync( 7635): sync_events_apply domain=history remoteSessions=0 applied=0 skipped=0 failed=0 unsupported=0
06-17 12:30:25.772 I/CatalogCloudSync( 7635): sync_events_apply domain=history remoteSessions=0 applied=0 skipped=0 failed=0 unsupported=0
06-17 12:30:25.875 I/CatalogCloudSync( 7635): sync_events_apply domain=catalog remoteSuppliers=0 remoteCategories=0 remoteProducts=0 applied=0
06-17 12:30:25.961 I/CatalogCloudSync( 7635): cycle=catalog_bootstrap outcome=skip reason=sync_busy
06-17 12:30:25.964 I/CatalogCloudSync( 7635): sync_events_apply domain=catalog_prices remoteProductIds=3 remotePrices=0 pricesPulled=0 pricesSkippedNoProductRef=0
06-17 12:30:26.057 I/CatalogCloudSync( 7635): sync_events_apply domain=prices remotePrices=0 pricesPulled=0 pricesSkippedNoProductRef=0
06-17 12:30:26.234 I/adbd    (  465): adbd service requested 'exec:run-as 'com.example.merchandisecontrolsplitview' 'cat' 'databases/app_database''
06-17 12:30:26.307 I/CatalogCloudSync( 7635): sync_events_apply domain=catalog remoteSuppliers=0 remoteCategories=0 remoteProducts=0 applied=0
06-17 12:30:26.390 I/CatalogCloudSync( 7635): sync_events_apply domain=catalog_prices remoteProductIds=1 remotePrices=0 pricesPulled=0 pricesSkippedNoProductRef=0
06-17 12:30:26.409 I/adbd    (  465): adbd service requested 'shell,v2,raw:dumpsys package com.google.android.gms'
06-17 12:30:26.454 I/artd    (  727): GetBestInfo: odex next to the dex file (/data/app/~~RBqLWa4IHxAvM1EDn2acWA==/com.google.android.gms--6rwsmYaGwERs-rlQ1V3rA==/oat/arm64/base.odex) is kOatBootImageOutOfDate with filter 'speed-profile' executable 'false': Image checksum mismatch, expected i;28/6d8ebc32 to start with i;28/fd0aebae
06-17 12:30:26.454 I/artd    (  727): GetBestInfo: vdex next to the dex file (/data/app/~~RBqLWa4IHxAvM1EDn2acWA==/com.google.android.gms--6rwsmYaGwERs-rlQ1V3rA==/oat/arm64/base.vdex) is kOatUpToDate with filter 'verify' executable 'false'
06-17 12:30:26.455 I/artd    (  727): GetBestInfo: dm (/data/app/~~RBqLWa4IHxAvM1EDn2acWA==/com.google.android.gms--6rwsmYaGwERs-rlQ1V3rA==/split_AdsDynamite_installtime.dm) is kOatUpToDate with filter 'verify' executable 'false'
06-17 12:30:26.455 I/artd    (  727): GetBestInfo: odex next to the dex file (/data/app/~~RBqLWa4IHxAvM1EDn2acWA==/com.google.android.gms--6rwsmYaGwERs-rlQ1V3rA==/oat/arm64/split_CronetDynamite_installtime.odex) is kOatBootImageOutOfDate with filter 'speed-profile' executable 'false': Image checksum mismatch, expected i;28/6d8ebc32 to start with i;28/fd0aebae
06-17 12:30:26.456 I/artd    (  727): GetBestInfo: vdex next to the dex file (/data/app/~~RBqLWa4IHxAvM1EDn2acWA==/com.google.android.gms--6rwsmYaGwERs-rlQ1V3rA==/oat/arm64/split_CronetDynamite_installtime.vdex) is kOatUpToDate with filter 'verify' executable 'false'
06-17 12:30:26.456 I/artd    (  727): GetBestInfo: dm (/data/app/~~RBqLWa4IHxAvM1EDn2acWA==/com.google.android.gms--6rwsmYaGwERs-rlQ1V3rA==/split_DynamiteLoader_installtime.dm) is kOatUpToDate with filter 'verify' executable 'false'
06-17 12:30:26.456 I/artd    (  727): GetBestInfo: dm (/data/app/~~RBqLWa4IHxAvM1EDn2acWA==/com.google.android.gms--6rwsmYaGwERs-rlQ1V3rA==/split_DynamiteModulesA_installtime.dm) is kOatUpToDate with filter 'verify' executable 'false'
06-17 12:30:26.457 I/artd    (  727): GetBestInfo: dm (/data/app/~~RBqLWa4IHxAvM1EDn2acWA==/com.google.android.gms--6rwsmYaGwERs-rlQ1V3rA==/split_DynamiteModulesC_installtime.dm) is kOatUpToDate with filter 'verify' executable 'false'
06-17 12:30:26.457 I/artd    (  727): GetBestInfo: dm (/data/app/~~RBqLWa4IHxAvM1EDn2acWA==/com.google.android.gms--6rwsmYaGwERs-rlQ1V3rA==/split_GoogleCertificates_installtime.dm) is kOatUpToDate with filter 'verify' executable 'false'
06-17 12:30:26.457 I/artd    (  727): GetBestInfo: dm (/data/app/~~RBqLWa4IHxAvM1EDn2acWA==/com.google.android.gms--6rwsmYaGwERs-rlQ1V3rA==/split_MapsDynamite_installtime.dm) is kOatUpToDate with filter 'verify' executable 'false'
06-17 12:30:26.458 I/artd    (  727): GetBestInfo: dm (/data/app/~~RBqLWa4IHxAvM1EDn2acWA==/com.google.android.gms--6rwsmYaGwERs-rlQ1V3rA==/split_MeasurementDynamite_installtime.dm) is kOatUpToDate with filter 'verify' executable 'false'
06-17 12:30:26.458 I/artd    (  727): GetBestInfo: /data/user_de/0/com.google.android.gms/app_chimera/m/0000002a/dl-MlkitBarcodeUi.optional_261733100400.apk has no usable artifacts
06-17 12:30:26.458 I/artd    (  727): GetBestInfo: /data/user_de/0/com.google.android.gms/app_chimera/m/00000035/dl-VisionOcr.optional_261933100000.apk has no usable artifacts
06-17 12:30:26.458 I/artd    (  727): GetBestInfo: /data/user_de/0/com.google.android.gms/app_chimera/m/00000001/CronetDynamite.uncompressed.apk has no usable artifacts
06-17 12:30:26.458 I/artd    (  727): GetBestInfo: /data/user_de/0/com.google.android.gms/app_chimera/m/00000047/dl-PlayCloudSearch.optional_262333100000.apk has no usable artifacts
06-17 12:30:26.458 I/artd    (  727): GetBestInfo: /data/user_de/0/com.google.android.gms/app_chimera/m/00000016/dl-IdentityCredentialsPlatform.optional_261464100400.apk has no usable artifacts
06-17 12:30:26.459 I/artd    (  727): GetBestInfo: /data/user_de/0/com.google.android.gms/app_chimera/m/00000046/dl-MlkitOcrCommon.optional_262333100400.apk has no usable artifacts
06-17 12:30:26.459 I/artd    (  727): GetBestInfo: /data/user_de/0/com.google.android.gms/app_chimera/m/00000014/dl-VisionOcr.optional_261464100000.apk has no usable artifacts
06-17 12:30:26.459 I/artd    (  727): GetBestInfo: /data/user_de/0/com.google.android.gms/app_chimera/m/00000017/dl-Appsearch.optional_261464100400.apk has no usable artifacts
06-17 12:30:26.459 I/artd    (  727): GetBestInfo: /data/user_de/0/com.google.android.gms/app_chimera/m/0000004b/dl-MlkitBarcodeUi.optional_262333100400.apk has no usable artifacts
06-17 12:30:26.459 I/artd    (  727): GetBestInfo: /data/user/0/com.google.android.gms/app_dg_cache/87E7746227FF4E457A2EB56043B95E41006DE49F/the.apk has no usable artifacts
06-17 12:30:26.460 I/artd    (  727): GetBestInfo: /data/user_de/0/com.google.android.gms/app_chimera/m/00000048/dl-IdentityCredentialsPlatform.optional_262333100400.apk has no usable artifacts
06-17 12:30:26.460 I/artd    (  727): GetBestInfo: /data/user_de/0/com.google.android.gms/app_chimera/m/0000000a/dl-MlkitBarcodeUi.optional_242335100400.apk has no usable artifacts
06-17 12:30:26.460 I/artd    (  727): GetBestInfo: /data/user_de/0/com.google.android.gms/app_chimera/m/00000029/dl-MlkitOcrCommon.optional_261733100400.apk has no usable artifacts
06-17 12:30:26.460 I/artd    (  727): GetBestInfo: /data/user_de/0/com.google.android.gms/app_chimera/m/00000002/DynamiteLoader.uncompressed.apk has no usable artifacts
06-17 12:30:26.460 I/artd    (  727): GetBestInfo: /data/user_de/0/com.google.android.gms/app_chimera/m/0000002e/dl-Appsearch.optional_261733100400.apk has no usable artifacts
06-17 12:30:26.460 I/artd    (  727): GetBestInfo: /data/user_de/0/com.google.android.gms/app_chimera/m/00000030/dl-MlkitOcrCommon.optional_261933100400.apk has no usable artifacts
06-17 12:30:26.460 I/artd    (  727): GetBestInfo: /data/user_de/0/com.google.android.gms/app_chimera/m/00000015/dl-PlayCloudSearch.optional_261464100000.apk has no usable artifacts
06-17 12:30:26.460 I/artd    (  727): GetBestInfo: /data/user_de/0/com.google.android.gms/app_chimera/m/0000001e/dl-Appsearch.optional_261631100400.apk has no usable artifacts
06-17 12:30:26.460 I/artd    (  727): GetBestInfo: /data/user_de/0/com.google.android.gms/app_chimera/m/00000013/dl-MlkitOcrCommon.optional_261464100400.apk has no usable artifacts
06-17 12:30:26.460 I/artd    (  727): GetBestInfo: /data/user_de/0/com.google.android.gms/app_chimera/m/00000032/dl-MlkitBarcodeUi.optional_261933100400.apk has no usable artifacts
06-17 12:30:26.460 I/artd    (  727): GetBestInfo: /data/user/0/com.google.android.gms/app_dg_cache/754BEC187BC4F26BBC31300F93DBF9B7506C1861/the.apk has no usable artifacts
06-17 12:30:26.460 I/artd    (  727): GetBestInfo: /data/user_de/0/com.google.android.gms/app_chimera/m/00000007/MeasurementDynamite.apk has no usable artifacts
06-17 12:30:26.460 I/artd    (  727): GetBestInfo: /data/user_de/0/com.google.android.gms/app_chimera/m/0000002c/dl-IdentityCredentialsPlatform.optional_261733100400.apk has no usable artifacts
06-17 12:30:26.460 I/artd    (  727): GetBestInfo: /data/user_de/0/com.google.android.gms/app_chimera/m/0000002b/dl-PlayCloudSearch.optional_261733100000.apk has no usable artifacts
06-17 12:30:26.460 I/artd    (  727): GetBestInfo: /data/user_de/0/com.google.android.gms/app_chimera/m/00000033/dl-PlayCloudSearch.optional_261933100000.apk has no usable artifacts
06-17 12:30:26.460 I/artd    (  727): GetBestInfo: /data/user_de/0/com.google.android.gms/app_chimera/m/0000001c/dl-VisionOcr.optional_261631100000.apk has no usable artifacts
06-17 12:30:26.460 I/artd    (  727): GetBestInfo: /data/user_de/0/com.google.android.gms/app_chimera/m/00000011/dl-MlkitBarcodeUi.optional_261464100400.apk has no usable artifacts
06-17 12:30:26.461 I/artd    (  727): GetBestInfo: /data/user_de/0/com.google.android.gms/app_chimera/m/00000049/dl-VisionOcr.optional_262333100000.apk has no usable artifacts
06-17 12:30:26.461 I/artd    (  727): GetBestInfo: /data/user_de/0/com.google.android.gms/app_chimera/m/00000005/GoogleCertificates.apk has no usable artifacts
06-17 12:30:26.461 I/artd    (  727): GetBestInfo: /data/user_de/0/com.google.android.gms/app_chimera/m/00000010/dl-TfliteDynamiteDynamite.integ_260580502100400.apk has no usable artifacts
06-17 12:30:26.461 I/artd    (  727): GetBestInfo: /data/user/0/com.google.android.gms/app_dg_cache/9D5BCED7935D64431BF672B8BBD597199833CA19/the.apk has no usable artifacts
06-17 12:30:26.461 I/artd    (  727): GetBestInfo: /data/user_de/0/com.google.android.gms/app_chimera/m/00000009/dl-TfliteDynamiteDynamite.integ_252130102100400.apk has no usable artifacts
06-17 12:30:26.462 I/artd    (  727): GetBestInfo: vdex next to the dex file (/data/user/0/com.google.android.gms/app_dg_cache/5833371D1ACC412507A92815B074897510CCCEDD/oat/arm64/the.vdex) is kOatUpToDate with filter 'verify' executable 'false'
06-17 12:30:26.462 I/artd    (  727): GetBestInfo: /data/user_de/0/com.google.android.gms/app_chimera/m/0000001b/dl-PlayCloudSearch.optional_261631100000.apk has no usable artifacts
06-17 12:30:26.462 I/artd    (  727): GetBestInfo: /data/user_de/0/com.google.android.gms/app_chimera/m/00000027/dl-IdentityCredentialsPlatform.optional_261631100400.apk has no usable artifacts
06-17 12:30:26.462 I/artd    (  727): GetBestInfo: /data/user/0/com.google.android.gms/app_dg_cache/86153AA318A3F208A8C511836585279D8C7E8D94/the.apk has no usable artifacts
06-17 12:30:26.462 I/artd    (  727): GetBestInfo: /data/user_de/0/com.google.android.gms/app_chimera/m/0000001d/dl-IdentityCredentialsPlatform.optional_261631100400.apk has no usable artifacts
06-17 12:30:26.462 I/artd    (  727): GetBestInfo: /data/user_de/0/com.google.android.gms/app_chimera/m/0000002d/dl-VisionOcr.optional_261733100000.apk has no usable artifacts
06-17 12:30:26.462 I/artd    (  727): GetBestInfo: /data/user_de/0/com.google.android.gms/app_chimera/m/0000000e/dl-PlayCloudSearch.optional_242335100000.apk has no usable artifacts
06-17 12:30:26.462 I/artd    (  727): GetBestInfo: /data/user_de/0/com.google.android.gms/app_chimera/m/0000004a/dl-Appsearch.optional_262333100400.apk has no usable artifacts
06-17 12:30:26.462 I/artd    (  727): GetBestInfo: /data/user_de/0/com.google.android.gms/app_chimera/m/0000001a/dl-MlkitBarcodeUi.optional_261631100400.apk has no usable artifacts
06-17 12:30:26.463 I/artd    (  727): GetBestInfo: vdex next to the dex file (/data/user/0/com.google.android.gms/app_dg_cache/10FF5D5C646CC9E2F04BD9D73A072BD012EF1A7A/oat/arm64/the.vdex) is kOatUpToDate with filter 'verify' executable 'false'
06-17 12:30:26.463 I/artd    (  727): GetBestInfo: /data/user_de/0/com.google.android.gms/app_chimera/m/00000036/dl-Appsearch.optional_261933100400.apk has no usable artifacts
06-17 12:30:26.463 I/artd    (  727): GetBestInfo: /data/user/0/com.google.android.gms/app_dg_cache/21A90BF1C1C388089206DCE215FB60D7882BFA18/the.apk has no usable artifacts
06-17 12:30:26.463 I/artd    (  727): GetBestInfo: /data/user_de/0/com.google.android.gms/app_chimera/m/0000001f/dl-IdentityCredentialsPlacebo.optional_261631100400.apk has no usable artifacts
06-17 12:30:26.463 I/artd    (  727): GetBestInfo: /data/user_de/0/com.google.android.gms/app_chimera/m/00000034/dl-IdentityCredentialsPlatform.optional_261933100400.apk has no usable artifacts
06-17 12:30:26.463 I/artd    (  727): GetBestInfo: /data/user_de/0/com.google.android.gms/app_chimera/m/00000019/dl-MlkitOcrCommon.optional_261631100400.apk has no usable artifacts
06-17 12:30:26.463 I/artd    (  727): GetBestInfo: /data/user/0/com.google.android.gms/app_dg_cache/A8F89F306FD1BA172E06F6F2B9F79826D0309BB6/the.apk has no usable artifacts
06-17 12:30:26.463 I/artd    (  727): GetBestInfo: /data/user/0/com.google.android.gms/app_dg_cache/707FFD883BF2A7896692338F9625CA52336E933B/the.apk has no usable artifacts
06-17 12:30:26.630 I/CatalogCloudSync( 7635): sync_events_apply domain=catalog remoteSuppliers=0 remoteCategories=0 remoteProducts=0 applied=0
06-17 12:30:26.669 D/EGL_emulation( 7635): app_time_stats: avg=2.28ms min=0.81ms max=7.25ms count=61
06-17 12:30:26.710 I/CatalogCloudSync( 7635): sync_events_apply domain=catalog_prices remoteProductIds=1 remotePrices=0 pricesPulled=0 pricesSkippedNoProductRef=0
06-17 12:30:26.714 I/CatalogCloudSync( 7635): cycle=catalog_bootstrap outcome=skip reason=sync_busy
06-17 12:30:27.079 I/CatalogCloudSync( 7635): sync_events_apply domain=catalog remoteSuppliers=0 remoteCategories=0 remoteProducts=0 applied=0
06-17 12:30:27.162 I/CatalogCloudSync( 7635): sync_events_apply domain=catalog_prices remoteProductIds=3 remotePrices=0 pricesPulled=0 pricesSkippedNoProductRef=0
06-17 12:30:27.190 I/HalDevMgr(  605): bestIfaceCreationProposal is null, requestIface=STA, existingIface=[name=wlan0 type=STA]
06-17 12:30:27.193 I/MagicTether( 1144): (REDACTED) [ActiveNetworkTracker] setActiveNetwork: %s
06-17 12:30:27.193 I/MagicTether( 1144): (REDACTED) [TetherService] onActiveNetworkChanged: network=%s isLost=%s
06-17 12:30:27.194 W/IPCThreadState(  605): Sending oneway calls to frozen process.
06-17 12:30:27.194 W/IPCThreadState(  605): Sending oneway calls to frozen process.
06-17 12:30:27.194 W/IPCThreadState(  605): Sending oneway calls to frozen process.
06-17 12:30:27.194 W/IPCThreadState(  605): Sending oneway calls to frozen process.
06-17 12:30:27.194 W/IPCThreadState(  605): Sending oneway calls to frozen process.
06-17 12:30:27.194 W/IPCThreadState(  605): Sending oneway calls to frozen process.
06-17 12:30:27.194 W/IPCThreadState(  605): Sending oneway calls to frozen process.
06-17 12:30:27.194 W/IPCThreadState(  605): Sending oneway calls to frozen process.
06-17 12:30:27.194 W/IPCThreadState(  605): Sending oneway calls to frozen process.
06-17 12:30:27.194 W/IPCThreadState(  605): Sending oneway calls to frozen process.
06-17 12:30:27.195 I/MagicTether( 1144): [WifiConnectionHandler] Ignoring getWifiConfigurationByNetworkId when checking connected state [CONTEXT service_id=276 ]
06-17 12:30:27.195 I/MagicTether( 1144): [WifiConnectionHandler] No networkId set, can't be connected. [CONTEXT service_id=276 ]
06-17 12:30:27.195 D/ConnectivityService(  605): NetReassign [no changes] [c 0] [a 1] [i 0]
06-17 12:30:27.195 I/MagicTether( 1144): (REDACTED) [TetherService] TRANSPORT_CELLULAR [%s], TRANSPORT_ETHERNET [%s], TRANSPORT_WIFI [%s]
06-17 12:30:27.195 I/MagicTether( 1144): (REDACTED) [TetherService] setRoles hasActiveNetworkConnection=%s canActiveNetworkBeTethered=%s isConnectedToInstantTether=%s isWifiEnabled=%s isHosting=%s
06-17 12:30:27.196 I/NullBinder( 1144): NullBinder for android.net.action.RECOMMEND_NETWORKS triggering remote TransactionTooLargeException due to Service without Chimera impl, calling uid: 1000, calling pid: 0
06-17 12:30:27.197 I/MagicTether( 1144): (REDACTED) [LaunchUtils] Instant Wifi for status account: name: %s | type: %s | isLaunched: %s
06-17 12:30:27.197 I/MagicTether( 1144): (REDACTED) [TidepoolFeatureStatusManager] isInstantHotspotEnabled=%s
06-17 12:30:27.197 I/MagicTether( 1144): (REDACTED) [TidepoolFeatureStatusManager] isInstantWifiEnabled=%s
06-17 12:30:27.197 I/MagicTether( 1144): (REDACTED) [TetherService] startNearbyHostRole: start: %s isInstantHotspotEnabled: %s isInstantWifiEnabled: %s
06-17 12:30:27.197 I/MagicTether( 1144): [HostTetherRole] Nearby host role already stopped [CONTEXT service_id=276 ]
06-17 12:30:27.198 W/.gms.persistent( 1144): Large reply transaction of 1056768 bytes, interface descriptor , code 1
06-17 12:30:27.198 I/NearbyMediums( 1144): Wifi changed new SSID: "AndroidWifi"
06-17 12:30:27.198 I/NearbyMediums( 1144): WifiLanConnectivityInfo is not changed, skip notify.
06-17 12:30:27.198 I/MagicTether( 1144): (REDACTED) [NotificationPresenter] cancelNotification: %d
06-17 12:30:27.199 I/MagicTether( 1144): [AutoDisconnectIntentOperation] Canceling task. [CONTEXT service_id=276 ]
06-17 12:30:27.203 I/MagicTether( 1144): (REDACTED) [LaunchUtils] Instant Wifi for status account: name: %s | type: %s | isLaunched: %s
06-17 12:30:27.203 I/MagicTether( 1144): (REDACTED) [TidepoolFeatureStatusManager] isInstantHotspotEnabled=%s
06-17 12:30:27.203 I/MagicTether( 1144): (REDACTED) [TidepoolFeatureStatusManager] isInstantWifiEnabled=%s
06-17 12:30:27.203 I/MagicTether( 1144): (REDACTED) [TetherService] startNearbyClientRole: start: %s isInstantHotspotEnabled: %s isInstantWifiEnabled: %s
06-17 12:30:27.203 I/MagicTether( 1144): [TetherService] Stopping Nearby client role [CONTEXT service_id=276 ]
06-17 12:30:27.203 I/MagicTether( 1144): [ClientTetherRole] Client role already stopped [CONTEXT service_id=276 ]
06-17 12:30:27.204 I/MagicTether( 1144): [AutoDisconnectIntentOperation] Canceling task. [CONTEXT service_id=276 ]
06-17 12:30:27.205 I/MagicTether( 1144): (REDACTED) [NotificationPresenter] cancelNotification: %d
06-17 12:30:27.206 I/MagicTether( 1144): [AutoDisconnectIntentOperation] Canceling task. [CONTEXT service_id=276 ]
06-17 12:30:27.206 I/MagicTether( 1144): (REDACTED) [NotificationPresenter] cancelNotification: %d
06-17 12:30:27.256 I/CatalogCloudSync( 7635): sync_events_apply domain=prices remotePrices=0 pricesPulled=0 pricesSkippedNoProductRef=0
06-17 12:30:27.472 I/CatalogCloudSync( 7635): cycle=catalog_bootstrap outcome=skip reason=sync_busy
06-17 12:30:27.512 I/CatalogCloudSync( 7635): sync_events_apply domain=catalog remoteSuppliers=0 remoteCategories=0 remoteProducts=0 applied=0
06-17 12:30:27.596 I/CatalogCloudSync( 7635): sync_events_apply domain=catalog_prices remoteProductIds=2 remotePrices=0 pricesPulled=0 pricesSkippedNoProductRef=0
06-17 12:30:27.675 D/EGL_emulation( 7635): app_time_stats: avg=2.50ms min=1.02ms max=6.60ms count=60
06-17 12:30:27.689 I/CatalogCloudSync( 7635): sync_events_apply domain=prices remotePrices=0 pricesPulled=0 pricesSkippedNoProductRef=0
06-17 12:30:27.694 I/NearbySharing( 1144): Network state changed: NetworkState(isRestricted=false, isOnline=true, isCongested=false, isMetered=false, isWifiConnected=true)
06-17 12:30:27.694 I/NearbySharing( 1144): Network state changed: NetworkState(isRestricted=false, isOnline=true, isCongested=false, isMetered=false, isWifiConnected=true)
06-17 12:30:27.906 I/CatalogCloudSync( 7635): sync_events_apply domain=history remoteSessions=0 applied=0 skipped=0 failed=0 unsupported=0
06-17 12:30:27.994 I/CatalogCloudSync( 7635): sync_events_apply domain=history remoteSessions=0 applied=0 skipped=0 failed=0 unsupported=0
06-17 12:30:28.081 I/CatalogCloudSync( 7635): sync_events_apply domain=catalog remoteSuppliers=0 remoteCategories=0 remoteProducts=0 applied=0
06-17 12:30:28.174 I/CatalogCloudSync( 7635): sync_events_apply domain=catalog_prices remoteProductIds=3 remotePrices=0 pricesPulled=0 pricesSkippedNoProductRef=0
06-17 12:30:28.226 I/CatalogCloudSync( 7635): cycle=catalog_bootstrap outcome=skip reason=sync_busy
06-17 12:30:28.260 I/CatalogCloudSync( 7635): sync_events_apply domain=prices remotePrices=0 pricesPulled=0 pricesSkippedNoProductRef=0
06-17 12:30:28.542 I/CatalogCloudSync( 7635): sync_events_apply domain=catalog remoteSuppliers=0 remoteCategories=0 remoteProducts=0 applied=0
06-17 12:30:28.629 I/CatalogCloudSync( 7635): sync_events_apply domain=catalog_prices remoteProductIds=3 remotePrices=0 pricesPulled=0 pricesSkippedNoProductRef=0
06-17 12:30:28.689 D/EGL_emulation( 7635): app_time_stats: avg=2.73ms min=0.82ms max=6.73ms count=61
06-17 12:30:28.710 I/CatalogCloudSync( 7635): sync_events_apply domain=prices remotePrices=0 pricesPulled=0 pricesSkippedNoProductRef=0
06-17 12:30:28.827 I/CatalogCloudSync( 7635): sync_events_apply domain=catalog remoteSuppliers=0 remoteCategories=0 remoteProducts=0 applied=0
06-17 12:30:28.911 I/CatalogCloudSync( 7635): sync_events_apply domain=catalog_prices remoteProductIds=1 remotePrices=0 pricesPulled=0 pricesSkippedNoProductRef=0
06-17 12:30:28.980 I/CatalogCloudSync( 7635): cycle=catalog_bootstrap outcome=skip reason=sync_busy
06-17 12:30:28.991 I/CatalogCloudSync( 7635): sync_events_apply domain=prices remotePrices=0 pricesPulled=0 pricesSkippedNoProductRef=0
06-17 12:30:29.079 I/CatalogCloudSync( 7635): sync_events_apply domain=catalog remoteSuppliers=0 remoteCategories=0 remoteProducts=0 applied=0
06-17 12:30:29.122 I/AppSearchIcing(  605): icing-search-engine.cc:2487: Persisting data to disk with mode 3
06-17 12:30:29.123 I/AppSearchIcing(  605): icing-search-engine.cc:2502: PersistToDisk completed.
06-17 12:30:29.162 I/CatalogCloudSync( 7635): sync_events_apply domain=catalog_prices remoteProductIds=1 remotePrices=0 pricesPulled=0 pricesSkippedNoProductRef=0
06-17 12:30:29.454 I/CatalogCloudSync( 7635): sync_events_apply domain=catalog remoteSuppliers=0 remoteCategories=0 remoteProducts=0 applied=0
06-17 12:30:29.536 I/CatalogCloudSync( 7635): sync_events_apply domain=catalog_prices remoteProductIds=3 remotePrices=0 pricesPulled=0 pricesSkippedNoProductRef=0
06-17 12:30:29.622 I/CatalogCloudSync( 7635): sync_events_apply domain=prices remotePrices=0 pricesPulled=0 pricesSkippedNoProductRef=0
06-17 12:30:29.706 D/EGL_emulation( 7635): app_time_stats: avg=2.71ms min=0.81ms max=6.63ms count=61
06-17 12:30:29.708 I/CatalogCloudSync( 7635): sync_events_apply domain=catalog remoteSuppliers=0 remoteCategories=0 remoteProducts=0 applied=0
06-17 12:30:29.738 I/CatalogCloudSync( 7635): cycle=catalog_bootstrap outcome=skip reason=sync_busy
06-17 12:30:29.793 I/CatalogCloudSync( 7635): sync_events_apply domain=catalog_prices remoteProductIds=1 remotePrices=0 pricesPulled=0 pricesSkippedNoProductRef=0
06-17 12:30:29.876 I/CatalogCloudSync( 7635): sync_events_apply domain=prices remotePrices=0 pricesPulled=0 pricesSkippedNoProductRef=0
06-17 12:30:29.959 I/CatalogCloudSync( 7635): sync_events_apply domain=catalog remoteSuppliers=0 remoteCategories=0 remoteProducts=0 applied=0
06-17 12:30:30.043 I/CatalogCloudSync( 7635): sync_events_apply domain=catalog_prices remoteProductIds=1 remotePrices=0 pricesPulled=0 pricesSkippedNoProductRef=0
06-17 12:30:30.124 I/CatalogCloudSync( 7635): sync_events_apply domain=history remoteSessions=0 applied=0 skipped=0 failed=0 unsupported=0
06-17 12:30:30.198 I/HalDevMgr(  605): bestIfaceCreationProposal is null, requestIface=STA, existingIface=[name=wlan0 type=STA]
06-17 12:30:30.209 D/IpClient/wlan0(  996): interfaceLinkStateChanged: ifindex 16 up
06-17 12:30:30.210 W/IPCThreadState(  605): Sending oneway calls to frozen process.
06-17 12:30:30.210 I/MagicTether( 1144): (REDACTED) [ActiveNetworkTracker] setActiveNetwork: %s
06-17 12:30:30.210 I/MagicTether( 1144): (REDACTED) [TetherService] onActiveNetworkChanged: network=%s isLost=%s
06-17 12:30:30.211 I/MagicTether( 1144): [WifiConnectionHandler] Ignoring getWifiConfigurationByNetworkId when checking connected state [CONTEXT service_id=276 ]
06-17 12:30:30.211 I/MagicTether( 1144): [WifiConnectionHandler] No networkId set, can't be connected. [CONTEXT service_id=276 ]
06-17 12:30:30.212 I/MagicTether( 1144): (REDACTED) [TetherService] TRANSPORT_CELLULAR [%s], TRANSPORT_ETHERNET [%s], TRANSPORT_WIFI [%s]
06-17 12:30:30.212 I/MagicTether( 1144): (REDACTED) [TetherService] setRoles hasActiveNetworkConnection=%s canActiveNetworkBeTethered=%s isConnectedToInstantTether=%s isWifiEnabled=%s isHosting=%s
06-17 12:30:30.212 W/IPCThreadState(  605): Sending oneway calls to frozen process.
06-17 12:30:30.212 W/IPCThreadState(  605): Sending oneway calls to frozen process.
06-17 12:30:30.212 W/IPCThreadState(  605): Sending oneway calls to frozen process.
06-17 12:30:30.212 W/IPCThreadState(  605): Sending oneway calls to frozen process.
06-17 12:30:30.212 W/IPCThreadState(  605): Sending oneway calls to frozen process.
06-17 12:30:30.213 W/IPCThreadState(  605): Sending oneway calls to frozen process.
06-17 12:30:30.213 W/IPCThreadState(  605): Sending oneway calls to frozen process.
06-17 12:30:30.213 W/IPCThreadState(  605): Sending oneway calls to frozen process.
06-17 12:30:30.213 W/IPCThreadState(  605): Sending oneway calls to frozen process.
06-17 12:30:30.213 I/MagicTether( 1144): (REDACTED) [LaunchUtils] Instant Wifi for status account: name: %s | type: %s | isLaunched: %s
06-17 12:30:30.213 I/MagicTether( 1144): (REDACTED) [TidepoolFeatureStatusManager] isInstantHotspotEnabled=%s
06-17 12:30:30.213 I/MagicTether( 1144): (REDACTED) [TidepoolFeatureStatusManager] isInstantWifiEnabled=%s
06-17 12:30:30.213 I/MagicTether( 1144): (REDACTED) [TetherService] startNearbyHostRole: start: %s isInstantHotspotEnabled: %s isInstantWifiEnabled: %s
06-17 12:30:30.213 I/MagicTether( 1144): [HostTetherRole] Nearby host role already stopped [CONTEXT service_id=276 ]
06-17 12:30:30.214 I/CatalogCloudSync( 7635): sync_events_apply domain=history remoteSessions=0 applied=0 skipped=0 failed=0 unsupported=0
06-17 12:30:30.214 D/IpClient/wlan0(  996): interfaceLinkStateChanged: ifindex 16 up
06-17 12:30:30.214 I/MagicTether( 1144): (REDACTED) [LaunchUtils] Instant Wifi for status account: name: %s | type: %s | isLaunched: %s
06-17 12:30:30.215 D/ConnectivityService(  605): NetReassign [no changes] [c 0] [a 1] [i 0]
06-17 12:30:30.215 I/MagicTether( 1144): (REDACTED) [TidepoolFeatureStatusManager] isInstantHotspotEnabled=%s
06-17 12:30:30.215 I/MagicTether( 1144): (REDACTED) [TidepoolFeatureStatusManager] isInstantWifiEnabled=%s
06-17 12:30:30.215 I/MagicTether( 1144): (REDACTED) [TetherService] startNearbyClientRole: start: %s isInstantHotspotEnabled: %s isInstantWifiEnabled: %s
06-17 12:30:30.215 I/MagicTether( 1144): [TetherService] Stopping Nearby client role [CONTEXT service_id=276 ]
06-17 12:30:30.215 I/MagicTether( 1144): [ClientTetherRole] Client role already stopped [CONTEXT service_id=276 ]
06-17 12:30:30.218 I/MagicTether( 1144): (REDACTED) [NotificationPresenter] cancelNotification: %d
06-17 12:30:30.218 I/NullBinder( 1144): NullBinder for android.net.action.RECOMMEND_NETWORKS triggering remote TransactionTooLargeException due to Service without Chimera impl, calling uid: 1000, calling pid: 0
06-17 12:30:30.218 W/.gms.persistent( 1144): Large reply transaction of 1056768 bytes, interface descriptor , code 1
