06-17 12:30:56.457 I/artd    (  727): GetBestInfo: /data/user/0/com.google.android.gms/app_dg_cache/9D5BCED7935D64431BF672B8BBD597199833CA19/the.apk has no usable artifacts
06-17 12:30:56.457 I/artd    (  727): GetBestInfo: /data/user_de/0/com.google.android.gms/app_chimera/m/00000009/dl-TfliteDynamiteDynamite.integ_252130102100400.apk has no usable artifacts
06-17 12:30:56.458 I/artd    (  727): GetBestInfo: vdex next to the dex file (/data/user/0/com.google.android.gms/app_dg_cache/5833371D1ACC412507A92815B074897510CCCEDD/oat/arm64/the.vdex) is kOatUpToDate with filter 'verify' executable 'false'
06-17 12:30:56.458 I/artd    (  727): GetBestInfo: /data/user_de/0/com.google.android.gms/app_chimera/m/0000001b/dl-PlayCloudSearch.optional_261631100000.apk has no usable artifacts
06-17 12:30:56.458 I/artd    (  727): GetBestInfo: /data/user_de/0/com.google.android.gms/app_chimera/m/00000027/dl-IdentityCredentialsPlatform.optional_261631100400.apk has no usable artifacts
06-17 12:30:56.458 I/artd    (  727): GetBestInfo: /data/user/0/com.google.android.gms/app_dg_cache/86153AA318A3F208A8C511836585279D8C7E8D94/the.apk has no usable artifacts
06-17 12:30:56.458 I/artd    (  727): GetBestInfo: /data/user_de/0/com.google.android.gms/app_chimera/m/0000001d/dl-IdentityCredentialsPlatform.optional_261631100400.apk has no usable artifacts
06-17 12:30:56.458 I/artd    (  727): GetBestInfo: /data/user_de/0/com.google.android.gms/app_chimera/m/0000002d/dl-VisionOcr.optional_261733100000.apk has no usable artifacts
06-17 12:30:56.458 I/artd    (  727): GetBestInfo: /data/user_de/0/com.google.android.gms/app_chimera/m/0000000e/dl-PlayCloudSearch.optional_242335100000.apk has no usable artifacts
06-17 12:30:56.458 I/artd    (  727): GetBestInfo: /data/user_de/0/com.google.android.gms/app_chimera/m/0000004a/dl-Appsearch.optional_262333100400.apk has no usable artifacts
06-17 12:30:56.458 I/artd    (  727): GetBestInfo: /data/user_de/0/com.google.android.gms/app_chimera/m/0000001a/dl-MlkitBarcodeUi.optional_261631100400.apk has no usable artifacts
06-17 12:30:56.459 I/artd    (  727): GetBestInfo: vdex next to the dex file (/data/user/0/com.google.android.gms/app_dg_cache/10FF5D5C646CC9E2F04BD9D73A072BD012EF1A7A/oat/arm64/the.vdex) is kOatUpToDate with filter 'verify' executable 'false'
06-17 12:30:56.459 I/artd    (  727): GetBestInfo: /data/user_de/0/com.google.android.gms/app_chimera/m/00000036/dl-Appsearch.optional_261933100400.apk has no usable artifacts
06-17 12:30:56.459 I/artd    (  727): GetBestInfo: /data/user/0/com.google.android.gms/app_dg_cache/21A90BF1C1C388089206DCE215FB60D7882BFA18/the.apk has no usable artifacts
06-17 12:30:56.459 I/artd    (  727): GetBestInfo: /data/user_de/0/com.google.android.gms/app_chimera/m/0000001f/dl-IdentityCredentialsPlacebo.optional_261631100400.apk has no usable artifacts
06-17 12:30:56.459 I/artd    (  727): GetBestInfo: /data/user_de/0/com.google.android.gms/app_chimera/m/00000034/dl-IdentityCredentialsPlatform.optional_261933100400.apk has no usable artifacts
06-17 12:30:56.459 I/artd    (  727): GetBestInfo: /data/user_de/0/com.google.android.gms/app_chimera/m/00000019/dl-MlkitOcrCommon.optional_261631100400.apk has no usable artifacts
06-17 12:30:56.459 I/artd    (  727): GetBestInfo: /data/user/0/com.google.android.gms/app_dg_cache/A8F89F306FD1BA172E06F6F2B9F79826D0309BB6/the.apk has no usable artifacts
06-17 12:30:56.459 I/artd    (  727): GetBestInfo: /data/user/0/com.google.android.gms/app_dg_cache/707FFD883BF2A7896692338F9625CA52336E933B/the.apk has no usable artifacts
06-17 12:30:56.479 I/CatalogCloudSync( 7635): sync_events_apply domain=catalog remoteSuppliers=0 remoteCategories=0 remoteProducts=0 applied=0
06-17 12:30:56.555 I/CatalogCloudSync( 7635): sync_events_apply domain=catalog_prices remoteProductIds=3 remotePrices=0 pricesPulled=0 pricesSkippedNoProductRef=0
06-17 12:30:56.639 I/CatalogCloudSync( 7635): sync_events_apply domain=prices remotePrices=0 pricesPulled=0 pricesSkippedNoProductRef=0
06-17 12:30:56.723 I/CatalogCloudSync( 7635): sync_events_apply domain=catalog remoteSuppliers=0 remoteCategories=0 remoteProducts=0 applied=0
06-17 12:30:56.806 I/CatalogCloudSync( 7635): sync_events_apply domain=catalog_prices remoteProductIds=1 remotePrices=0 pricesPulled=0 pricesSkippedNoProductRef=0
06-17 12:30:56.891 I/CatalogCloudSync( 7635): sync_events_apply domain=prices remotePrices=0 pricesPulled=0 pricesSkippedNoProductRef=0
06-17 12:30:56.896 I/CatalogCloudSync( 7635): cycle=catalog_bootstrap outcome=skip reason=sync_busy
06-17 12:30:56.976 D/EGL_emulation( 7635): app_time_stats: avg=1.70ms min=0.73ms max=5.55ms count=60
06-17 12:30:56.978 I/CatalogCloudSync( 7635): sync_events_apply domain=catalog remoteSuppliers=0 remoteCategories=0 remoteProducts=0 applied=0
06-17 12:30:57.074 I/CatalogCloudSync( 7635): sync_events_apply domain=catalog_prices remoteProductIds=1 remotePrices=0 pricesPulled=0 pricesSkippedNoProductRef=0
06-17 12:30:57.294 I/HalDevMgr(  605): bestIfaceCreationProposal is null, requestIface=STA, existingIface=[name=wlan0 type=STA]
06-17 12:30:57.298 W/IPCThreadState(  605): Sending oneway calls to frozen process.
06-17 12:30:57.298 W/IPCThreadState(  605): Sending oneway calls to frozen process.
06-17 12:30:57.298 W/IPCThreadState(  605): Sending oneway calls to frozen process.
06-17 12:30:57.298 W/IPCThreadState(  605): Sending oneway calls to frozen process.
06-17 12:30:57.298 W/IPCThreadState(  605): Sending oneway calls to frozen process.
06-17 12:30:57.298 W/IPCThreadState(  605): Sending oneway calls to frozen process.
06-17 12:30:57.298 W/IPCThreadState(  605): Sending oneway calls to frozen process.
06-17 12:30:57.298 W/IPCThreadState(  605): Sending oneway calls to frozen process.
06-17 12:30:57.298 W/IPCThreadState(  605): Sending oneway calls to frozen process.
06-17 12:30:57.298 I/MagicTether( 1144): (REDACTED) [ActiveNetworkTracker] setActiveNetwork: %s
06-17 12:30:57.298 I/MagicTether( 1144): (REDACTED) [TetherService] onActiveNetworkChanged: network=%s isLost=%s
06-17 12:30:57.299 W/IPCThreadState(  605): Sending oneway calls to frozen process.
06-17 12:30:57.303 D/ConnectivityService(  605): NetReassign [no changes] [c 0] [a 4] [i 0]
06-17 12:30:57.304 I/MagicTether( 1144): [WifiConnectionHandler] Ignoring getWifiConfigurationByNetworkId when checking connected state [CONTEXT service_id=276 ]
06-17 12:30:57.304 I/MagicTether( 1144): [WifiConnectionHandler] No networkId set, can't be connected. [CONTEXT service_id=276 ]
06-17 12:30:57.306 I/MagicTether( 1144): (REDACTED) [TetherService] TRANSPORT_CELLULAR [%s], TRANSPORT_ETHERNET [%s], TRANSPORT_WIFI [%s]
06-17 12:30:57.306 I/NearbyMediums( 1144): Wifi changed new SSID: "AndroidWifi"
06-17 12:30:57.306 I/NearbyMediums( 1144): WifiLanConnectivityInfo is not changed, skip notify.
06-17 12:30:57.306 I/MagicTether( 1144): (REDACTED) [TetherService] setRoles hasActiveNetworkConnection=%s canActiveNetworkBeTethered=%s isConnectedToInstantTether=%s isWifiEnabled=%s isHosting=%s
06-17 12:30:57.307 I/NullBinder( 1144): NullBinder for android.net.action.RECOMMEND_NETWORKS triggering remote TransactionTooLargeException due to Service without Chimera impl, calling uid: 1000, calling pid: 0
06-17 12:30:57.307 W/.gms.persistent( 1144): Large reply transaction of 1056768 bytes, interface descriptor , code 1
06-17 12:30:57.308 I/MagicTether( 1144): (REDACTED) [LaunchUtils] Instant Wifi for status account: name: %s | type: %s | isLaunched: %s
06-17 12:30:57.308 I/MagicTether( 1144): (REDACTED) [TidepoolFeatureStatusManager] isInstantHotspotEnabled=%s
06-17 12:30:57.308 I/MagicTether( 1144): (REDACTED) [TidepoolFeatureStatusManager] isInstantWifiEnabled=%s
06-17 12:30:57.308 I/MagicTether( 1144): (REDACTED) [TetherService] startNearbyHostRole: start: %s isInstantHotspotEnabled: %s isInstantWifiEnabled: %s
06-17 12:30:57.308 I/MagicTether( 1144): [HostTetherRole] Nearby host role already stopped [CONTEXT service_id=276 ]
06-17 12:30:57.309 I/MagicTether( 1144): (REDACTED) [NotificationPresenter] cancelNotification: %d
06-17 12:30:57.310 I/MagicTether( 1144): [AutoDisconnectIntentOperation] Canceling task. [CONTEXT service_id=276 ]
06-17 12:30:57.310 I/MagicTether( 1144): (REDACTED) [LaunchUtils] Instant Wifi for status account: name: %s | type: %s | isLaunched: %s
06-17 12:30:57.310 I/MagicTether( 1144): (REDACTED) [TidepoolFeatureStatusManager] isInstantHotspotEnabled=%s
06-17 12:30:57.310 I/MagicTether( 1144): (REDACTED) [TidepoolFeatureStatusManager] isInstantWifiEnabled=%s
06-17 12:30:57.310 I/MagicTether( 1144): (REDACTED) [TetherService] startNearbyClientRole: start: %s isInstantHotspotEnabled: %s isInstantWifiEnabled: %s
06-17 12:30:57.310 I/MagicTether( 1144): [TetherService] Stopping Nearby client role [CONTEXT service_id=276 ]
06-17 12:30:57.310 I/MagicTether( 1144): [ClientTetherRole] Client role already stopped [CONTEXT service_id=276 ]
06-17 12:30:57.311 I/MagicTether( 1144): [AutoDisconnectIntentOperation] Canceling task. [CONTEXT service_id=276 ]
06-17 12:30:57.311 I/MagicTether( 1144): (REDACTED) [NotificationPresenter] cancelNotification: %d
06-17 12:30:57.312 I/MagicTether( 1144): [AutoDisconnectIntentOperation] Canceling task. [CONTEXT service_id=276 ]
06-17 12:30:57.312 I/MagicTether( 1144): (REDACTED) [NotificationPresenter] cancelNotification: %d
06-17 12:30:57.325 I/CatalogCloudSync( 7635): sync_events_apply domain=catalog remoteSuppliers=0 remoteCategories=0 remoteProducts=0 applied=0
06-17 12:30:57.406 I/CatalogCloudSync( 7635): sync_events_apply domain=catalog_prices remoteProductIds=3 remotePrices=0 pricesPulled=0 pricesSkippedNoProductRef=0
06-17 12:30:57.490 I/CatalogCloudSync( 7635): sync_events_apply domain=prices remotePrices=0 pricesPulled=0 pricesSkippedNoProductRef=0
06-17 12:30:57.574 I/CatalogCloudSync( 7635): sync_events_apply domain=catalog remoteSuppliers=0 remoteCategories=0 remoteProducts=0 applied=0
06-17 12:30:57.661 I/CatalogCloudSync( 7635): cycle=catalog_bootstrap outcome=skip reason=sync_busy
06-17 12:30:57.663 I/CatalogCloudSync( 7635): sync_events_apply domain=catalog_prices remoteProductIds=1 remotePrices=0 pricesPulled=0 pricesSkippedNoProductRef=0
06-17 12:30:57.748 I/CatalogCloudSync( 7635): sync_events_apply domain=prices remotePrices=0 pricesPulled=0 pricesSkippedNoProductRef=0
06-17 12:30:57.799 I/NearbySharing( 1144): Network state changed: NetworkState(isRestricted=false, isOnline=true, isCongested=false, isMetered=false, isWifiConnected=true)
06-17 12:30:57.799 I/NearbySharing( 1144): Network state changed: NetworkState(isRestricted=false, isOnline=true, isCongested=false, isMetered=false, isWifiConnected=true)
06-17 12:30:57.873 I/CatalogCloudSync( 7635): sync_events_apply domain=catalog remoteSuppliers=0 remoteCategories=0 remoteProducts=0 applied=0
06-17 12:30:57.957 I/CatalogCloudSync( 7635): sync_events_apply domain=catalog_prices remoteProductIds=1 remotePrices=0 pricesPulled=0 pricesSkippedNoProductRef=0
06-17 12:30:57.986 D/EGL_emulation( 7635): app_time_stats: avg=2.67ms min=0.95ms max=7.07ms count=61
06-17 12:30:58.242 I/CatalogCloudSync( 7635): sync_events_apply domain=history remoteSessions=37 applied=0 skipped=37 failed=0 unsupported=0
06-17 12:30:58.414 I/CatalogCloudSync( 7635): cycle=catalog_bootstrap outcome=skip reason=sync_busy
06-17 12:30:58.525 I/CatalogCloudSync( 7635): sync_events_apply domain=catalog remoteSuppliers=0 remoteCategories=0 remoteProducts=0 applied=0
06-17 12:30:58.610 I/CatalogCloudSync( 7635): sync_events_apply domain=catalog_prices remoteProductIds=3 remotePrices=0 pricesPulled=0 pricesSkippedNoProductRef=0
06-17 12:30:58.724 I/CatalogCloudSync( 7635): sync_events_apply domain=prices remotePrices=0 pricesPulled=0 pricesSkippedNoProductRef=0
06-17 12:30:58.811 I/CatalogCloudSync( 7635): sync_events_apply domain=catalog remoteSuppliers=0 remoteCategories=0 remoteProducts=0 applied=0
06-17 12:30:58.893 I/CatalogCloudSync( 7635): sync_events_apply domain=catalog_prices remoteProductIds=1 remotePrices=0 pricesPulled=0 pricesSkippedNoProductRef=0
06-17 12:30:58.986 D/EGL_emulation( 7635): app_time_stats: avg=2.42ms min=0.82ms max=6.52ms count=60
06-17 12:30:59.165 I/CatalogCloudSync( 7635): sync_events_apply domain=prices remotePrices=0 pricesPulled=0 pricesSkippedNoProductRef=0
06-17 12:30:59.169 I/CatalogCloudSync( 7635): cycle=catalog_bootstrap outcome=skip reason=sync_busy
06-17 12:30:59.248 I/CatalogCloudSync( 7635): sync_events_apply domain=catalog remoteSuppliers=0 remoteCategories=0 remoteProducts=0 applied=0
06-17 12:30:59.332 I/CatalogCloudSync( 7635): sync_events_apply domain=catalog_prices remoteProductIds=1 remotePrices=0 pricesPulled=0 pricesSkippedNoProductRef=0
06-17 12:30:59.640 I/CatalogCloudSync( 7635): sync_events_apply domain=catalog remoteSuppliers=0 remoteCategories=0 remoteProducts=0 applied=0
06-17 12:30:59.860 I/CatalogCloudSync( 7635): sync_events_apply domain=catalog_prices remoteProductIds=3 remotePrices=0 pricesPulled=0 pricesSkippedNoProductRef=0
06-17 12:30:59.960 I/CatalogCloudSync( 7635): sync_events_apply domain=prices remotePrices=0 pricesPulled=0 pricesSkippedNoProductRef=0
06-17 12:30:59.974 I/CatalogCloudSync( 7635): cycle=catalog_bootstrap outcome=skip reason=sync_busy
06-17 12:31:00.007 I/AiAiEcho( 1403): Predicting[0]:  [CONTEXT sampling_count=5 ]
06-17 12:31:00.007 I/AiAiEcho( 1403): EchoTargets: 
06-17 12:31:00.007 I/AiAiEcho( 1403): Filtered by AiAi flag check: 
06-17 12:31:00.007 I/AiAiEcho( 1403): [CONTEXT ratelimit_period="10 SECONDS" ]
06-17 12:31:00.007 I/AiAiEcho( 1403): Ranked targets strategy: SORT, count: 0, ranking metadata:  [CONTEXT ratelimit_period="10 SECONDS" ]
06-17 12:31:00.007 I/AiAiEcho( 1403): #remoteViewsTwiddler: feature disabled.
06-17 12:31:00.007 I/AiAiEcho( 1403): Predicting[0]:  [CONTEXT sampling_count=5 ]
06-17 12:31:00.007 I/AiAiEcho( 1403): EchoTargets: 
06-17 12:31:00.007 I/AiAiEcho( 1403): Filtered by AiAi flag check: 
06-17 12:31:00.007 I/AiAiEcho( 1403): [CONTEXT ratelimit_period="10 SECONDS" ]
06-17 12:31:00.007 I/AiAiEcho( 1403): Ranked targets strategy: SORT, count: 0, ranking metadata:  [CONTEXT ratelimit_period="10 SECONDS" ]
06-17 12:31:00.007 I/AiAiEcho( 1403): #remoteViewsTwiddler: feature disabled.
06-17 12:31:00.007 I/AiAiEcho( 1403): #postPredictionTargets: Sending updates to UISurface lockscreen with targets# 0 (types=[])
06-17 12:31:00.007 I/AiAiEcho( 1403): #postPredictionTargets: Sending updates to UISurface home with targets# 0 (types=[])
06-17 12:31:00.008 D/EGL_emulation( 7635): app_time_stats: avg=3.07ms min=0.84ms max=9.16ms count=60
06-17 12:31:00.008 W/PageIndicator(  889): Total number of pages invalid: 0. Assuming 1 page.
06-17 12:31:00.008 D/SsBaseTemplateCard( 1200): No text view can be set up
06-17 12:31:00.008 D/SsBaseTemplateCard( 1200): Passed-in item info is null
06-17 12:31:00.008 D/SsBaseTemplateCard( 1200): Passed-in item info is null
06-17 12:31:00.008 D/SsBaseTemplateCard( 1200): Passed-in item info is null
06-17 12:31:00.008 I/SsBaseTemplateCard( 1200): Secondary card pane is null
06-17 12:31:00.042 D/EGL_emulation(  889): app_time_stats: avg=59995.78ms min=59995.78ms max=59995.78ms count=1
06-17 12:31:00.043 I/CatalogCloudSync( 7635): sync_events_apply domain=catalog remoteSuppliers=0 remoteCategories=0 remoteProducts=0 applied=0
06-17 12:31:00.130 I/CatalogCloudSync( 7635): sync_events_apply domain=catalog_prices remoteProductIds=1 remotePrices=0 pricesPulled=0 pricesSkippedNoProductRef=0
06-17 12:31:00.210 I/CatalogCloudSync( 7635): sync_events_apply domain=prices remotePrices=0 pricesPulled=0 pricesSkippedNoProductRef=0
06-17 12:31:00.292 I/CatalogCloudSync( 7635): sync_events_apply domain=catalog remoteSuppliers=0 remoteCategories=0 remoteProducts=0 applied=0
06-17 12:31:00.305 I/HalDevMgr(  605): bestIfaceCreationProposal is null, requestIface=STA, existingIface=[name=wlan0 type=STA]
06-17 12:31:00.308 I/MagicTether( 1144): (REDACTED) [ActiveNetworkTracker] setActiveNetwork: %s
06-17 12:31:00.308 I/MagicTether( 1144): (REDACTED) [TetherService] onActiveNetworkChanged: network=%s isLost=%s
06-17 12:31:00.308 W/IPCThreadState(  605): Sending oneway calls to frozen process.
06-17 12:31:00.308 W/IPCThreadState(  605): Sending oneway calls to frozen process.
06-17 12:31:00.308 W/IPCThreadState(  605): Sending oneway calls to frozen process.
06-17 12:31:00.308 W/IPCThreadState(  605): Sending oneway calls to frozen process.
06-17 12:31:00.308 W/IPCThreadState(  605): Sending oneway calls to frozen process.
06-17 12:31:00.308 W/IPCThreadState(  605): Sending oneway calls to frozen process.
06-17 12:31:00.308 W/IPCThreadState(  605): Sending oneway calls to frozen process.
06-17 12:31:00.308 W/IPCThreadState(  605): Sending oneway calls to frozen process.
06-17 12:31:00.308 W/IPCThreadState(  605): Sending oneway calls to frozen process.
06-17 12:31:00.308 W/IPCThreadState(  605): Sending oneway calls to frozen process.
06-17 12:31:00.309 D/ConnectivityService(  605): NetReassign [no changes] [c 0] [a 1] [i 0]
06-17 12:31:00.309 I/NullBinder( 1144): NullBinder for android.net.action.RECOMMEND_NETWORKS triggering remote TransactionTooLargeException due to Service without Chimera impl, calling uid: 1000, calling pid: 0
06-17 12:31:00.309 I/MagicTether( 1144): [WifiConnectionHandler] Ignoring getWifiConfigurationByNetworkId when checking connected state [CONTEXT service_id=276 ]
06-17 12:31:00.309 I/MagicTether( 1144): [WifiConnectionHandler] No networkId set, can't be connected. [CONTEXT service_id=276 ]
06-17 12:31:00.309 I/MagicTether( 1144): (REDACTED) [TetherService] TRANSPORT_CELLULAR [%s], TRANSPORT_ETHERNET [%s], TRANSPORT_WIFI [%s]
06-17 12:31:00.309 I/MagicTether( 1144): (REDACTED) [TetherService] setRoles hasActiveNetworkConnection=%s canActiveNetworkBeTethered=%s isConnectedToInstantTether=%s isWifiEnabled=%s isHosting=%s
06-17 12:31:00.309 W/.gms.persistent( 1144): Large reply transaction of 1056768 bytes, interface descriptor , code 1
06-17 12:31:00.310 I/NearbyMediums( 1144): Wifi changed new SSID: "AndroidWifi"
06-17 12:31:00.310 I/NearbyMediums( 1144): WifiLanConnectivityInfo is not changed, skip notify.
06-17 12:31:00.310 I/MagicTether( 1144): (REDACTED) [LaunchUtils] Instant Wifi for status account: name: %s | type: %s | isLaunched: %s
06-17 12:31:00.310 I/MagicTether( 1144): (REDACTED) [TidepoolFeatureStatusManager] isInstantHotspotEnabled=%s
06-17 12:31:00.310 I/MagicTether( 1144): (REDACTED) [TidepoolFeatureStatusManager] isInstantWifiEnabled=%s
06-17 12:31:00.310 I/MagicTether( 1144): (REDACTED) [TetherService] startNearbyHostRole: start: %s isInstantHotspotEnabled: %s isInstantWifiEnabled: %s
06-17 12:31:00.310 I/MagicTether( 1144): [HostTetherRole] Nearby host role already stopped [CONTEXT service_id=276 ]
06-17 12:31:00.310 I/MagicTether( 1144): (REDACTED) [LaunchUtils] Instant Wifi for status account: name: %s | type: %s | isLaunched: %s
06-17 12:31:00.310 I/MagicTether( 1144): (REDACTED) [TidepoolFeatureStatusManager] isInstantHotspotEnabled=%s
06-17 12:31:00.310 I/MagicTether( 1144): (REDACTED) [TidepoolFeatureStatusManager] isInstantWifiEnabled=%s
06-17 12:31:00.310 I/MagicTether( 1144): (REDACTED) [TetherService] startNearbyClientRole: start: %s isInstantHotspotEnabled: %s isInstantWifiEnabled: %s
06-17 12:31:00.310 I/MagicTether( 1144): [TetherService] Stopping Nearby client role [CONTEXT service_id=276 ]
06-17 12:31:00.310 I/MagicTether( 1144): [ClientTetherRole] Client role already stopped [CONTEXT service_id=276 ]
06-17 12:31:00.311 I/MagicTether( 1144): (REDACTED) [NotificationPresenter] cancelNotification: %d
06-17 12:31:00.311 I/MagicTether( 1144): [AutoDisconnectIntentOperation] Canceling task. [CONTEXT service_id=276 ]
06-17 12:31:00.312 I/MagicTether( 1144): [AutoDisconnectIntentOperation] Canceling task. [CONTEXT service_id=276 ]
06-17 12:31:00.312 I/MagicTether( 1144): (REDACTED) [NotificationPresenter] cancelNotification: %d
06-17 12:31:00.312 I/MagicTether( 1144): [AutoDisconnectIntentOperation] Canceling task. [CONTEXT service_id=276 ]
06-17 12:31:00.312 I/MagicTether( 1144): (REDACTED) [NotificationPresenter] cancelNotification: %d
06-17 12:31:00.375 I/CatalogCloudSync( 7635): sync_events_apply domain=catalog_prices remoteProductIds=1 remotePrices=0 pricesPulled=0 pricesSkippedNoProductRef=0
06-17 12:31:00.619 I/CatalogCloudSync( 7635): sync_events_apply domain=catalog remoteSuppliers=0 remoteCategories=0 remoteProducts=0 applied=0
06-17 12:31:00.698 I/CatalogCloudSync( 7635): sync_events_apply domain=catalog_prices remoteProductIds=3 remotePrices=0 pricesPulled=0 pricesSkippedNoProductRef=0
06-17 12:31:00.728 I/CatalogCloudSync( 7635): cycle=catalog_bootstrap outcome=skip reason=sync_busy
06-17 12:31:00.779 I/CatalogCloudSync( 7635): sync_events_apply domain=prices remotePrices=0 pricesPulled=0 pricesSkippedNoProductRef=0
06-17 12:31:00.810 I/NearbySharing( 1144): Network state changed: NetworkState(isRestricted=false, isOnline=true, isCongested=false, isMetered=false, isWifiConnected=true)
06-17 12:31:00.810 I/NearbySharing( 1144): Network state changed: NetworkState(isRestricted=false, isOnline=true, isCongested=false, isMetered=false, isWifiConnected=true)
06-17 12:31:00.871 I/CatalogCloudSync( 7635): sync_events_apply domain=catalog remoteSuppliers=0 remoteCategories=0 remoteProducts=0 applied=0
06-17 12:31:01.022 D/EGL_emulation( 7635): app_time_stats: avg=2.71ms min=0.66ms max=6.69ms count=61
06-17 12:31:01.077 I/CatalogCloudSync( 7635): sync_events_apply domain=catalog_prices remoteProductIds=1 remotePrices=0 pricesPulled=0 pricesSkippedNoProductRef=0
06-17 12:31:01.160 I/CatalogCloudSync( 7635): sync_events_apply domain=prices remotePrices=0 pricesPulled=0 pricesSkippedNoProductRef=0
06-17 12:31:01.240 I/CatalogCloudSync( 7635): sync_events_apply domain=catalog remoteSuppliers=0 remoteCategories=0 remoteProducts=0 applied=0
06-17 12:31:01.345 I/CatalogCloudSync( 7635): sync_events_apply domain=catalog_prices remoteProductIds=1 remotePrices=0 pricesPulled=0 pricesSkippedNoProductRef=0
06-17 12:31:01.368 D/ZenModeController(  889): Added callback class com.android.systemui.qs.tiles.DndTile$3
06-17 12:31:01.371 I/NearbyMediums( 1144): No BLE Fast/GATT advertisements found in the latest cycle.
06-17 12:31:01.371 D/ZenModeController(  889): Removed callback class com.android.systemui.qs.tiles.DndTile$3
06-17 12:31:01.371 I/NearbyMediums( 1144): Current Tracked Scanning Clients are : {NearbyConnections.EnvironmentMonitor, NearbySharing, NearbyConnections.TxAdvertisement}
06-17 12:31:01.405 W/IPCThreadState(  605): Sending oneway calls to frozen process.
06-17 12:31:01.428 I/CatalogCloudSync( 7635): sync_events_apply domain=history remoteSessions=2 applied=0 skipped=2 failed=0 unsupported=0
06-17 12:31:01.481 I/CatalogCloudSync( 7635): cycle=catalog_bootstrap outcome=skip reason=sync_busy
06-17 12:31:01.523 I/CatalogCloudSync( 7635): sync_events_apply domain=history remoteSessions=1 applied=0 skipped=1 failed=0 unsupported=0
06-17 12:31:01.609 I/CatalogCloudSync( 7635): sync_events_apply domain=history remoteSessions=0 applied=0 skipped=0 failed=0 unsupported=0
06-17 12:31:01.863 I/CatalogCloudSync( 7635): sync_events_apply domain=catalog remoteSuppliers=0 remoteCategories=0 remoteProducts=0 applied=0
06-17 12:31:01.943 I/CatalogCloudSync( 7635): sync_events_apply domain=catalog_prices remoteProductIds=1 remotePrices=0 pricesPulled=0 pricesSkippedNoProductRef=0
06-17 12:31:02.024 D/EGL_emulation( 7635): app_time_stats: avg=2.94ms min=0.81ms max=8.74ms count=60
06-17 12:31:02.195 I/CatalogCloudSync( 7635): sync_events_apply domain=catalog remoteSuppliers=0 remoteCategories=0 remoteProducts=0 applied=0
06-17 12:31:02.239 I/CatalogCloudSync( 7635): cycle=catalog_bootstrap outcome=skip reason=sync_busy
06-17 12:31:02.278 I/CatalogCloudSync( 7635): sync_events_apply domain=catalog_prices remoteProductIds=1 remotePrices=0 pricesPulled=0 pricesSkippedNoProductRef=0
06-17 12:31:02.505 I/wpa_supplicant(  851): wlan0: CTRL-EVENT-BEACON-LOSS 
06-17 12:31:02.547 I/CatalogCloudSync( 7635): sync_events_apply domain=catalog remoteSuppliers=0 remoteCategories=0 remoteProducts=0 applied=0
06-17 12:31:02.642 I/CatalogCloudSync( 7635): sync_events_apply domain=catalog_prices remoteProductIds=3 remotePrices=0 pricesPulled=0 pricesSkippedNoProductRef=0
06-17 12:31:02.726 I/CatalogCloudSync( 7635): sync_events_apply domain=prices remotePrices=0 pricesPulled=0 pricesSkippedNoProductRef=0
06-17 12:31:02.992 I/CatalogCloudSync( 7635): cycle=catalog_bootstrap outcome=skip reason=sync_busy
06-17 12:31:03.027 D/EGL_emulation( 7635): app_time_stats: avg=2.79ms min=1.04ms max=7.36ms count=60
06-17 12:31:03.030 I/CatalogCloudSync( 7635): sync_events_apply domain=catalog remoteSuppliers=0 remoteCategories=0 remoteProducts=0 applied=0
06-17 12:31:03.124 I/CatalogCloudSync( 7635): sync_events_apply domain=catalog_prices remoteProductIds=2 remotePrices=0 pricesPulled=0 pricesSkippedNoProductRef=0
06-17 12:31:03.206 I/CatalogCloudSync( 7635): sync_events_apply domain=prices remotePrices=0 pricesPulled=0 pricesSkippedNoProductRef=0
06-17 12:31:03.311 I/HalDevMgr(  605): bestIfaceCreationProposal is null, requestIface=STA, existingIface=[name=wlan0 type=STA]
06-17 12:31:03.313 I/CatalogCloudSync( 7635): sync_events_apply domain=history remoteSessions=1 applied=0 skipped=1 failed=0 unsupported=0
06-17 12:31:03.320 D/IpClient/wlan0(  996): interfaceLinkStateChanged: ifindex 16 up
06-17 12:31:03.322 D/IpClient/wlan0(  996): interfaceLinkStateChanged: ifindex 16 up
06-17 12:31:03.425 I/CatalogCloudSync( 7635): sync_events_apply domain=history remoteSessions=2 applied=0 skipped=2 failed=0 unsupported=0
06-17 12:31:03.530 I/CatalogCloudSync( 7635): sync_events_apply domain=catalog remoteSuppliers=0 remoteCategories=0 remoteProducts=0 applied=0
06-17 12:31:03.614 I/CatalogCloudSync( 7635): sync_events_apply domain=catalog_prices remoteProductIds=3 remotePrices=0 pricesPulled=0 pricesSkippedNoProductRef=0
06-17 12:31:03.705 I/CatalogCloudSync( 7635): sync_events_apply domain=prices remotePrices=0 pricesPulled=0 pricesSkippedNoProductRef=0
06-17 12:31:03.744 I/CatalogCloudSync( 7635): cycle=catalog_bootstrap outcome=skip reason=sync_busy
06-17 12:31:04.035 D/EGL_emulation( 7635): app_time_stats: avg=2.32ms min=0.75ms max=6.78ms count=61
06-17 12:31:04.037 I/CatalogCloudSync( 7635): sync_events_apply domain=history remoteSessions=47 applied=0 skipped=47 failed=0 unsupported=0
06-17 12:31:04.499 I/CatalogCloudSync( 7635): cycle=catalog_bootstrap outcome=skip reason=sync_busy
06-17 12:31:04.603 I/CatalogCloudSync( 7635): sync_events_apply domain=history remoteSessions=48 applied=0 skipped=48 failed=0 unsupported=0
06-17 12:31:04.866 I/CatalogCloudSync( 7635): sync_events_apply domain=history remoteSessions=49 applied=0 skipped=49 failed=0 unsupported=0
06-17 12:31:04.956 W/system_server(  605): Missing inline cache for android.net.NetworkStatsHistory android.net.NetworkStatsCollection.getHistory(android.net.NetworkTemplate, android.telephony.SubscriptionPlan, int, int, int, int, long, long, int, int)
06-17 12:31:04.956 W/system_server(  605): Missing inline cache for android.net.NetworkStatsHistory android.net.NetworkStatsCollection.getHistory(android.net.NetworkTemplate, android.telephony.SubscriptionPlan, int, int, int, int, long, long, int, int)
06-17 12:31:05.035 D/EGL_emulation( 7635): app_time_stats: avg=1.78ms min=0.80ms max=5.53ms count=60
06-17 12:31:05.145 I/CatalogCloudSync( 7635): sync_events_apply domain=history remoteSessions=49 applied=0 skipped=49 failed=0 unsupported=0
06-17 12:31:05.256 I/CatalogCloudSync( 7635): cycle=catalog_bootstrap outcome=skip reason=sync_busy
06-17 12:31:05.390 I/CatalogCloudSync( 7635): sync_events_apply domain=catalog remoteSuppliers=0 remoteCategories=0 remoteProducts=0 applied=0
06-17 12:31:05.479 I/CatalogCloudSync( 7635): sync_events_apply domain=catalog_prices remoteProductIds=3 remotePrices=0 pricesPulled=0 pricesSkippedNoProductRef=0
06-17 12:31:05.567 I/CatalogCloudSync( 7635): sync_events_apply domain=prices remotePrices=0 pricesPulled=0 pricesSkippedNoProductRef=0
06-17 12:31:05.661 I/CatalogCloudSync( 7635): sync_events_apply domain=catalog remoteSuppliers=0 remoteCategories=0 remoteProducts=0 applied=0
06-17 12:31:05.741 I/CatalogCloudSync( 7635): sync_events_apply domain=catalog_prices remoteProductIds=1 remotePrices=0 pricesPulled=0 pricesSkippedNoProductRef=0
06-17 12:31:05.824 I/CatalogCloudSync( 7635): sync_events_apply domain=prices remotePrices=0 pricesPulled=0 pricesSkippedNoProductRef=0
06-17 12:31:05.911 I/CatalogCloudSync( 7635): sync_events_apply domain=catalog remoteSuppliers=0 remoteCategories=0 remoteProducts=0 applied=0
06-17 12:31:05.995 I/CatalogCloudSync( 7635): sync_events_apply domain=catalog_prices remoteProductIds=1 remotePrices=0 pricesPulled=0 pricesSkippedNoProductRef=0
06-17 12:31:06.009 I/CatalogCloudSync( 7635): cycle=catalog_bootstrap outcome=skip reason=sync_busy
06-17 12:31:06.036 D/EGL_emulation( 7635): app_time_stats: avg=2.09ms min=0.84ms max=5.73ms count=60
06-17 12:31:06.317 I/HalDevMgr(  605): bestIfaceCreationProposal is null, requestIface=STA, existingIface=[name=wlan0 type=STA]
06-17 12:31:06.320 I/CatalogCloudSync( 7635): sync_events_apply domain=history remoteSessions=49 applied=0 skipped=49 failed=0 unsupported=0
06-17 12:31:06.400 I/adbd    (  465): adbd service requested 'shell,v2,raw:dumpsys package com.google.android.gms'
06-17 12:31:06.445 I/artd    (  727): GetBestInfo: odex next to the dex file (/data/app/~~RBqLWa4IHxAvM1EDn2acWA==/com.google.android.gms--6rwsmYaGwERs-rlQ1V3rA==/oat/arm64/base.odex) is kOatBootImageOutOfDate with filter 'speed-profile' executable 'false': Image checksum mismatch, expected i;28/6d8ebc32 to start with i;28/fd0aebae
06-17 12:31:06.446 I/artd    (  727): GetBestInfo: vdex next to the dex file (/data/app/~~RBqLWa4IHxAvM1EDn2acWA==/com.google.android.gms--6rwsmYaGwERs-rlQ1V3rA==/oat/arm64/base.vdex) is kOatUpToDate with filter 'verify' executable 'false'
06-17 12:31:06.446 I/artd    (  727): GetBestInfo: dm (/data/app/~~RBqLWa4IHxAvM1EDn2acWA==/com.google.android.gms--6rwsmYaGwERs-rlQ1V3rA==/split_AdsDynamite_installtime.dm) is kOatUpToDate with filter 'verify' executable 'false'
06-17 12:31:06.447 I/artd    (  727): GetBestInfo: odex next to the dex file (/data/app/~~RBqLWa4IHxAvM1EDn2acWA==/com.google.android.gms--6rwsmYaGwERs-rlQ1V3rA==/oat/arm64/split_CronetDynamite_installtime.odex) is kOatBootImageOutOfDate with filter 'speed-profile' executable 'false': Image checksum mismatch, expected i;28/6d8ebc32 to start with i;28/fd0aebae
06-17 12:31:06.447 I/artd    (  727): GetBestInfo: vdex next to the dex file (/data/app/~~RBqLWa4IHxAvM1EDn2acWA==/com.google.android.gms--6rwsmYaGwERs-rlQ1V3rA==/oat/arm64/split_CronetDynamite_installtime.vdex) is kOatUpToDate with filter 'verify' executable 'false'
06-17 12:31:06.447 I/artd    (  727): GetBestInfo: dm (/data/app/~~RBqLWa4IHxAvM1EDn2acWA==/com.google.android.gms--6rwsmYaGwERs-rlQ1V3rA==/split_DynamiteLoader_installtime.dm) is kOatUpToDate with filter 'verify' executable 'false'
06-17 12:31:06.447 I/artd    (  727): GetBestInfo: dm (/data/app/~~RBqLWa4IHxAvM1EDn2acWA==/com.google.android.gms--6rwsmYaGwERs-rlQ1V3rA==/split_DynamiteModulesA_installtime.dm) is kOatUpToDate with filter 'verify' executable 'false'
06-17 12:31:06.448 I/artd    (  727): GetBestInfo: dm (/data/app/~~RBqLWa4IHxAvM1EDn2acWA==/com.google.android.gms--6rwsmYaGwERs-rlQ1V3rA==/split_DynamiteModulesC_installtime.dm) is kOatUpToDate with filter 'verify' executable 'false'
06-17 12:31:06.448 I/artd    (  727): GetBestInfo: dm (/data/app/~~RBqLWa4IHxAvM1EDn2acWA==/com.google.android.gms--6rwsmYaGwERs-rlQ1V3rA==/split_GoogleCertificates_installtime.dm) is kOatUpToDate with filter 'verify' executable 'false'
06-17 12:31:06.449 I/artd    (  727): GetBestInfo: dm (/data/app/~~RBqLWa4IHxAvM1EDn2acWA==/com.google.android.gms--6rwsmYaGwERs-rlQ1V3rA==/split_MapsDynamite_installtime.dm) is kOatUpToDate with filter 'verify' executable 'false'
06-17 12:31:06.449 I/artd    (  727): GetBestInfo: dm (/data/app/~~RBqLWa4IHxAvM1EDn2acWA==/com.google.android.gms--6rwsmYaGwERs-rlQ1V3rA==/split_MeasurementDynamite_installtime.dm) is kOatUpToDate with filter 'verify' executable 'false'
06-17 12:31:06.449 I/artd    (  727): GetBestInfo: /data/user_de/0/com.google.android.gms/app_chimera/m/0000002a/dl-MlkitBarcodeUi.optional_261733100400.apk has no usable artifacts
06-17 12:31:06.449 I/artd    (  727): GetBestInfo: /data/user_de/0/com.google.android.gms/app_chimera/m/00000035/dl-VisionOcr.optional_261933100000.apk has no usable artifacts
06-17 12:31:06.449 I/artd    (  727): GetBestInfo: /data/user_de/0/com.google.android.gms/app_chimera/m/00000001/CronetDynamite.uncompressed.apk has no usable artifacts
06-17 12:31:06.450 I/artd    (  727): GetBestInfo: /data/user_de/0/com.google.android.gms/app_chimera/m/00000047/dl-PlayCloudSearch.optional_262333100000.apk has no usable artifacts
06-17 12:31:06.451 I/artd    (  727): GetBestInfo: /data/user_de/0/com.google.android.gms/app_chimera/m/00000016/dl-IdentityCredentialsPlatform.optional_261464100400.apk has no usable artifacts
06-17 12:31:06.451 I/artd    (  727): GetBestInfo: /data/user_de/0/com.google.android.gms/app_chimera/m/00000046/dl-MlkitOcrCommon.optional_262333100400.apk has no usable artifacts
06-17 12:31:06.452 I/artd    (  727): GetBestInfo: /data/user_de/0/com.google.android.gms/app_chimera/m/00000014/dl-VisionOcr.optional_261464100000.apk has no usable artifacts
06-17 12:31:06.452 I/artd    (  727): GetBestInfo: /data/user_de/0/com.google.android.gms/app_chimera/m/00000017/dl-Appsearch.optional_261464100400.apk has no usable artifacts
06-17 12:31:06.453 I/artd    (  727): GetBestInfo: /data/user_de/0/com.google.android.gms/app_chimera/m/0000004b/dl-MlkitBarcodeUi.optional_262333100400.apk has no usable artifacts
06-17 12:31:06.453 I/artd    (  727): GetBestInfo: /data/user/0/com.google.android.gms/app_dg_cache/87E7746227FF4E457A2EB56043B95E41006DE49F/the.apk has no usable artifacts
06-17 12:31:06.453 I/artd    (  727): GetBestInfo: /data/user_de/0/com.google.android.gms/app_chimera/m/00000048/dl-IdentityCredentialsPlatform.optional_262333100400.apk has no usable artifacts
06-17 12:31:06.454 I/artd    (  727): GetBestInfo: /data/user_de/0/com.google.android.gms/app_chimera/m/0000000a/dl-MlkitBarcodeUi.optional_242335100400.apk has no usable artifacts
06-17 12:31:06.454 I/artd    (  727): GetBestInfo: /data/user_de/0/com.google.android.gms/app_chimera/m/00000029/dl-MlkitOcrCommon.optional_261733100400.apk has no usable artifacts
06-17 12:31:06.454 I/artd    (  727): GetBestInfo: /data/user_de/0/com.google.android.gms/app_chimera/m/00000002/DynamiteLoader.uncompressed.apk has no usable artifacts
06-17 12:31:06.454 I/artd    (  727): GetBestInfo: /data/user_de/0/com.google.android.gms/app_chimera/m/0000002e/dl-Appsearch.optional_261733100400.apk has no usable artifacts
06-17 12:31:06.454 I/artd    (  727): GetBestInfo: /data/user_de/0/com.google.android.gms/app_chimera/m/00000030/dl-MlkitOcrCommon.optional_261933100400.apk has no usable artifacts
06-17 12:31:06.454 I/artd    (  727): GetBestInfo: /data/user_de/0/com.google.android.gms/app_chimera/m/00000015/dl-PlayCloudSearch.optional_261464100000.apk has no usable artifacts
06-17 12:31:06.454 I/artd    (  727): GetBestInfo: /data/user_de/0/com.google.android.gms/app_chimera/m/0000001e/dl-Appsearch.optional_261631100400.apk has no usable artifacts
06-17 12:31:06.454 I/artd    (  727): GetBestInfo: /data/user_de/0/com.google.android.gms/app_chimera/m/00000013/dl-MlkitOcrCommon.optional_261464100400.apk has no usable artifacts
06-17 12:31:06.454 I/artd    (  727): GetBestInfo: /data/user_de/0/com.google.android.gms/app_chimera/m/00000032/dl-MlkitBarcodeUi.optional_261933100400.apk has no usable artifacts
06-17 12:31:06.454 I/artd    (  727): GetBestInfo: /data/user/0/com.google.android.gms/app_dg_cache/754BEC187BC4F26BBC31300F93DBF9B7506C1861/the.apk has no usable artifacts
06-17 12:31:06.454 I/artd    (  727): GetBestInfo: /data/user_de/0/com.google.android.gms/app_chimera/m/00000007/MeasurementDynamite.apk has no usable artifacts
06-17 12:31:06.454 I/artd    (  727): GetBestInfo: /data/user_de/0/com.google.android.gms/app_chimera/m/0000002c/dl-IdentityCredentialsPlatform.optional_261733100400.apk has no usable artifacts
06-17 12:31:06.454 I/artd    (  727): GetBestInfo: /data/user_de/0/com.google.android.gms/app_chimera/m/0000002b/dl-PlayCloudSearch.optional_261733100000.apk has no usable artifacts
06-17 12:31:06.454 I/artd    (  727): GetBestInfo: /data/user_de/0/com.google.android.gms/app_chimera/m/00000033/dl-PlayCloudSearch.optional_261933100000.apk has no usable artifacts
06-17 12:31:06.454 I/artd    (  727): GetBestInfo: /data/user_de/0/com.google.android.gms/app_chimera/m/0000001c/dl-VisionOcr.optional_261631100000.apk has no usable artifacts
06-17 12:31:06.454 I/artd    (  727): GetBestInfo: /data/user_de/0/com.google.android.gms/app_chimera/m/00000011/dl-MlkitBarcodeUi.optional_261464100400.apk has no usable artifacts
06-17 12:31:06.454 I/artd    (  727): GetBestInfo: /data/user_de/0/com.google.android.gms/app_chimera/m/00000049/dl-VisionOcr.optional_262333100000.apk has no usable artifacts
06-17 12:31:06.454 I/artd    (  727): GetBestInfo: /data/user_de/0/com.google.android.gms/app_chimera/m/00000005/GoogleCertificates.apk has no usable artifacts
06-17 12:31:06.455 I/artd    (  727): GetBestInfo: /data/user_de/0/com.google.android.gms/app_chimera/m/00000010/dl-TfliteDynamiteDynamite.integ_260580502100400.apk has no usable artifacts
06-17 12:31:06.455 I/artd    (  727): GetBestInfo: /data/user/0/com.google.android.gms/app_dg_cache/9D5BCED7935D64431BF672B8BBD597199833CA19/the.apk has no usable artifacts
06-17 12:31:06.455 I/artd    (  727): GetBestInfo: /data/user_de/0/com.google.android.gms/app_chimera/m/00000009/dl-TfliteDynamiteDynamite.integ_252130102100400.apk has no usable artifacts
06-17 12:31:06.455 I/artd    (  727): GetBestInfo: vdex next to the dex file (/data/user/0/com.google.android.gms/app_dg_cache/5833371D1ACC412507A92815B074897510CCCEDD/oat/arm64/the.vdex) is kOatUpToDate with filter 'verify' executable 'false'
06-17 12:31:06.455 I/artd    (  727): GetBestInfo: /data/user_de/0/com.google.android.gms/app_chimera/m/0000001b/dl-PlayCloudSearch.optional_261631100000.apk has no usable artifacts
06-17 12:31:06.455 I/artd    (  727): GetBestInfo: /data/user_de/0/com.google.android.gms/app_chimera/m/00000027/dl-IdentityCredentialsPlatform.optional_261631100400.apk has no usable artifacts
06-17 12:31:06.455 I/artd    (  727): GetBestInfo: /data/user/0/com.google.android.gms/app_dg_cache/86153AA318A3F208A8C511836585279D8C7E8D94/the.apk has no usable artifacts
06-17 12:31:06.455 I/artd    (  727): GetBestInfo: /data/user_de/0/com.google.android.gms/app_chimera/m/0000001d/dl-IdentityCredentialsPlatform.optional_261631100400.apk has no usable artifacts
06-17 12:31:06.455 I/artd    (  727): GetBestInfo: /data/user_de/0/com.google.android.gms/app_chimera/m/0000002d/dl-VisionOcr.optional_261733100000.apk has no usable artifacts
06-17 12:31:06.456 I/artd    (  727): GetBestInfo: /data/user_de/0/com.google.android.gms/app_chimera/m/0000000e/dl-PlayCloudSearch.optional_242335100000.apk has no usable artifacts
06-17 12:31:06.456 I/artd    (  727): GetBestInfo: /data/user_de/0/com.google.android.gms/app_chimera/m/0000004a/dl-Appsearch.optional_262333100400.apk has no usable artifacts
06-17 12:31:06.456 I/artd    (  727): GetBestInfo: /data/user_de/0/com.google.android.gms/app_chimera/m/0000001a/dl-MlkitBarcodeUi.optional_261631100400.apk has no usable artifacts
06-17 12:31:06.457 I/artd    (  727): GetBestInfo: vdex next to the dex file (/data/user/0/com.google.android.gms/app_dg_cache/10FF5D5C646CC9E2F04BD9D73A072BD012EF1A7A/oat/arm64/the.vdex) is kOatUpToDate with filter 'verify' executable 'false'
06-17 12:31:06.457 I/artd    (  727): GetBestInfo: /data/user_de/0/com.google.android.gms/app_chimera/m/00000036/dl-Appsearch.optional_261933100400.apk has no usable artifacts
06-17 12:31:06.457 I/artd    (  727): GetBestInfo: /data/user/0/com.google.android.gms/app_dg_cache/21A90BF1C1C388089206DCE215FB60D7882BFA18/the.apk has no usable artifacts
06-17 12:31:06.457 I/artd    (  727): GetBestInfo: /data/user_de/0/com.google.android.gms/app_chimera/m/0000001f/dl-IdentityCredentialsPlacebo.optional_261631100400.apk has no usable artifacts
06-17 12:31:06.457 I/artd    (  727): GetBestInfo: /data/user_de/0/com.google.android.gms/app_chimera/m/00000034/dl-IdentityCredentialsPlatform.optional_261933100400.apk has no usable artifacts
06-17 12:31:06.457 I/artd    (  727): GetBestInfo: /data/user_de/0/com.google.android.gms/app_chimera/m/00000019/dl-MlkitOcrCommon.optional_261631100400.apk has no usable artifacts
06-17 12:31:06.457 I/artd    (  727): GetBestInfo: /data/user/0/com.google.android.gms/app_dg_cache/A8F89F306FD1BA172E06F6F2B9F79826D0309BB6/the.apk has no usable artifacts
06-17 12:31:06.457 I/artd    (  727): GetBestInfo: /data/user/0/com.google.android.gms/app_dg_cache/707FFD883BF2A7896692338F9625CA52336E933B/the.apk has no usable artifacts
06-17 12:31:06.563 I/CatalogCloudSync( 7635): sync_events_apply domain=catalog remoteSuppliers=0 remoteCategories=0 remoteProducts=0 applied=0
06-17 12:31:06.643 I/CatalogCloudSync( 7635): sync_events_apply domain=catalog_prices remoteProductIds=3 remotePrices=0 pricesPulled=0 pricesSkippedNoProductRef=0
06-17 12:31:06.727 I/CatalogCloudSync( 7635): sync_events_apply domain=prices remotePrices=0 pricesPulled=0 pricesSkippedNoProductRef=0
06-17 12:31:06.771 I/CatalogCloudSync( 7635): cycle=catalog_bootstrap outcome=skip reason=sync_busy
06-17 12:31:06.806 I/CatalogCloudSync( 7635): sync_events_apply domain=catalog remoteSuppliers=0 remoteCategories=0 remoteProducts=0 applied=0
06-17 12:31:06.893 I/CatalogCloudSync( 7635): sync_events_apply domain=catalog_prices remoteProductIds=1 remotePrices=0 pricesPulled=0 pricesSkippedNoProductRef=0
06-17 12:31:06.976 I/CatalogCloudSync( 7635): sync_events_apply domain=prices remotePrices=0 pricesPulled=0 pricesSkippedNoProductRef=0
06-17 12:31:07.052 D/EGL_emulation( 7635): app_time_stats: avg=1.99ms min=0.69ms max=6.13ms count=61
06-17 12:31:07.065 I/CatalogCloudSync( 7635): sync_events_apply domain=catalog remoteSuppliers=0 remoteCategories=0 remoteProducts=0 applied=0
06-17 12:31:07.157 I/CatalogCloudSync( 7635): sync_events_apply domain=catalog_prices remoteProductIds=1 remotePrices=0 pricesPulled=0 pricesSkippedNoProductRef=0
06-17 12:31:07.244 I/CatalogCloudSync( 7635): sync_events_apply domain=history remoteSessions=0 applied=0 skipped=0 failed=0 unsupported=0
06-17 12:31:07.328 I/CatalogCloudSync( 7635): sync_events_apply domain=history remoteSessions=0 applied=0 skipped=0 failed=0 unsupported=0
06-17 12:31:07.420 I/CatalogCloudSync( 7635): sync_events_apply domain=history remoteSessions=0 applied=0 skipped=0 failed=0 unsupported=0
06-17 12:31:07.523 I/CatalogCloudSync( 7635): cycle=catalog_bootstrap outcome=skip reason=sync_busy
06-17 12:31:07.729 I/CatalogCloudSync( 7635): sync_events_apply domain=history remoteSessions=49 applied=0 skipped=49 failed=0 unsupported=0
06-17 12:31:08.053 D/EGL_emulation( 7635): app_time_stats: avg=1.94ms min=0.78ms max=6.55ms count=60
06-17 12:31:08.127 I/CatalogCloudSync( 7635): sync_events_apply domain=catalog remoteSuppliers=0 remoteCategories=0 remoteProducts=0 applied=0
06-17 12:31:08.211 I/CatalogCloudSync( 7635): sync_events_apply domain=catalog_prices remoteProductIds=3 remotePrices=0 pricesPulled=0 pricesSkippedNoProductRef=0
06-17 12:31:08.275 I/CatalogCloudSync( 7635): cycle=catalog_bootstrap outcome=skip reason=sync_busy
06-17 12:31:08.330 I/CatalogCloudSync( 7635): sync_events_apply domain=prices remotePrices=0 pricesPulled=0 pricesSkippedNoProductRef=0
06-17 12:31:08.415 I/CatalogCloudSync( 7635): sync_events_apply domain=catalog remoteSuppliers=0 remoteCategories=0 remoteProducts=0 applied=0
06-17 12:31:08.514 I/CatalogCloudSync( 7635): sync_events_apply domain=catalog_prices remoteProductIds=1 remotePrices=0 pricesPulled=0 pricesSkippedNoProductRef=0
06-17 12:31:08.618 I/CatalogCloudSync( 7635): sync_events_apply domain=prices remotePrices=0 pricesPulled=0 pricesSkippedNoProductRef=0
06-17 12:31:08.708 I/CatalogCloudSync( 7635): sync_events_apply domain=catalog remoteSuppliers=0 remoteCategories=0 remoteProducts=0 applied=0
06-17 12:31:08.796 I/CatalogCloudSync( 7635): sync_events_apply domain=catalog_prices remoteProductIds=1 remotePrices=0 pricesPulled=0 pricesSkippedNoProductRef=0
06-17 12:31:09.029 I/CatalogCloudSync( 7635): cycle=catalog_bootstrap outcome=skip reason=sync_busy
06-17 12:31:09.068 D/EGL_emulation( 7635): app_time_stats: avg=2.39ms min=0.85ms max=6.20ms count=61
06-17 12:31:09.087 I/CatalogCloudSync( 7635): sync_events_apply domain=history remoteSessions=49 applied=0 skipped=49 failed=0 unsupported=0
06-17 12:31:09.322 I/HalDevMgr(  605): bestIfaceCreationProposal is null, requestIface=STA, existingIface=[name=wlan0 type=STA]
06-17 12:31:09.323 D/IpClient/wlan0(  996): interfaceLinkStateChanged: ifindex 16 up
06-17 12:31:09.327 D/IpClient/wlan0(  996): interfaceLinkStateChanged: ifindex 16 up
06-17 12:31:09.368 I/CatalogCloudSync( 7635): sync_events_apply domain=catalog remoteSuppliers=0 remoteCategories=0 remoteProducts=0 applied=0
06-17 12:31:09.449 I/CatalogCloudSync( 7635): sync_events_apply domain=catalog_prices remoteProductIds=3 remotePrices=0 pricesPulled=0 pricesSkippedNoProductRef=0
06-17 12:31:09.544 I/CatalogCloudSync( 7635): sync_events_apply domain=prices remotePrices=0 pricesPulled=0 pricesSkippedNoProductRef=0
06-17 12:31:09.630 I/CatalogCloudSync( 7635): sync_events_apply domain=catalog remoteSuppliers=0 remoteCategories=0 remoteProducts=0 applied=0
06-17 12:31:09.722 I/CatalogCloudSync( 7635): sync_events_apply domain=catalog_prices remoteProductIds=1 remotePrices=0 pricesPulled=0 pricesSkippedNoProductRef=0
06-17 12:31:09.789 I/CatalogCloudSync( 7635): cycle=catalog_bootstrap outcome=skip reason=sync_busy
06-17 12:31:09.812 I/CatalogCloudSync( 7635): sync_events_apply domain=prices remotePrices=0 pricesPulled=0 pricesSkippedNoProductRef=0
06-17 12:31:09.897 I/CatalogCloudSync( 7635): sync_events_apply domain=catalog remoteSuppliers=0 remoteCategories=0 remoteProducts=0 applied=0
06-17 12:31:09.992 I/CatalogCloudSync( 7635): sync_events_apply domain=catalog_prices remoteProductIds=1 remotePrices=0 pricesPulled=0 pricesSkippedNoProductRef=0
06-17 12:31:10.074 D/EGL_emulation( 7635): app_time_stats: avg=2.14ms min=0.91ms max=6.27ms count=60
06-17 12:31:10.077 I/CatalogCloudSync( 7635): sync_events_apply domain=history remoteSessions=0 applied=0 skipped=0 failed=0 unsupported=0
06-17 12:31:10.160 I/CatalogCloudSync( 7635): sync_events_apply domain=history remoteSessions=0 applied=0 skipped=0 failed=0 unsupported=0
06-17 12:31:10.255 I/CatalogCloudSync( 7635): sync_events_apply domain=history remoteSessions=0 applied=0 skipped=0 failed=0 unsupported=0
06-17 12:31:10.442 I/wpa_supplicant(  851): wlan0: CTRL-EVENT-BEACON-LOSS 
06-17 12:31:10.538 I/CatalogCloudSync( 7635): sync_events_apply domain=history remoteSessions=49 applied=0 skipped=49 failed=0 unsupported=0
06-17 12:31:10.544 I/CatalogCloudSync( 7635): cycle=catalog_bootstrap outcome=skip reason=sync_busy
06-17 12:31:10.913 I/CatalogCloudSync( 7635): sync_events_apply domain=catalog remoteSuppliers=0 remoteCategories=0 remoteProducts=0 applied=0
06-17 12:31:10.998 I/CatalogCloudSync( 7635): sync_events_apply domain=catalog_prices remoteProductIds=3 remotePrices=0 pricesPulled=0 pricesSkippedNoProductRef=0
06-17 12:31:11.090 D/EGL_emulation( 7635): app_time_stats: avg=2.28ms min=0.73ms max=5.70ms count=61
06-17 12:31:11.092 I/CatalogCloudSync( 7635): sync_events_apply domain=prices remotePrices=0 pricesPulled=0 pricesSkippedNoProductRef=0
06-17 12:31:11.179 I/CatalogCloudSync( 7635): sync_events_apply domain=catalog remoteSuppliers=0 remoteCategories=0 remoteProducts=0 applied=0
06-17 12:31:11.265 I/CatalogCloudSync( 7635): sync_events_apply domain=catalog_prices remoteProductIds=1 remotePrices=0 pricesPulled=0 pricesSkippedNoProductRef=0
06-17 12:31:11.298 I/CatalogCloudSync( 7635): cycle=catalog_bootstrap outcome=skip reason=sync_busy
06-17 12:31:11.361 I/CatalogCloudSync( 7635): sync_events_apply domain=prices remotePrices=0 pricesPulled=0 pricesSkippedNoProductRef=0
06-17 12:31:11.372 I/NearbyMediums( 1144): No BLE Fast/GATT advertisements found in the latest cycle.
06-17 12:31:11.372 I/NearbyMediums( 1144): Current Tracked Scanning Clients are : {NearbyConnections.EnvironmentMonitor, NearbySharing, NearbyConnections.TxAdvertisement}
06-17 12:31:11.409 W/IPCThreadState(  605): Sending oneway calls to frozen process.
06-17 12:31:11.448 I/CatalogCloudSync( 7635): sync_events_apply domain=catalog remoteSuppliers=0 remoteCategories=0 remoteProducts=0 applied=0
06-17 12:31:11.545 I/CatalogCloudSync( 7635): sync_events_apply domain=catalog_prices remoteProductIds=1 remotePrices=0 pricesPulled=0 pricesSkippedNoProductRef=0
06-17 12:31:11.851 I/CatalogCloudSync( 7635): sync_events_apply domain=history remoteSessions=49 applied=0 skipped=49 failed=0 unsupported=0
06-17 12:31:12.053 I/CatalogCloudSync( 7635): cycle=catalog_bootstrap outcome=skip reason=sync_busy
06-17 12:31:12.104 D/EGL_emulation( 7635): app_time_stats: avg=2.09ms min=1.02ms max=5.89ms count=61
06-17 12:31:12.106 I/CatalogCloudSync( 7635): sync_events_apply domain=catalog remoteSuppliers=0 remoteCategories=0 remoteProducts=0 applied=0
06-17 12:31:12.191 I/CatalogCloudSync( 7635): sync_events_apply domain=catalog_prices remoteProductIds=3 remotePrices=0 pricesPulled=0 pricesSkippedNoProductRef=0
