06-17 12:23:54.215 V/WindowManager(  605): Sent Transition (#18) createdAt=06-17 12:23:53.598 via request=TransitionRequestInfo { type = OPEN, triggerTask = TaskInfo{userId=0 taskId=290 displayId=0 isRunning=true baseIntent=Intent { act=android.intent.action.MAIN cat=[android.intent.category.LAUNCHER] flg=0x10200000 cmp=com.example.merchandisecontrolsplitview/.MainActivity } baseActivity=ComponentInfo{com.example.merchandisecontrolsplitview/com.example.merchandisecontrolsplitview.MainActivity} topActivity=ComponentInfo{com.example.merchandisecontrolsplitview/com.example.merchandisecontrolsplitview.MainActivity} origActivity=null realActivity=ComponentInfo{com.example.merchandisecontrolsplitview/com.example.merchandisecontrolsplitview.MainActivity} numActivities=1 lastActiveTime=58412156 supportsMultiWindow=true resizeMode=1 isResizeable=true minWidth=-1 minHeight=-1 defaultMinSize=220 token=WCT{RemoteToken{d84f7e6 Task{3c92347 #290 type=standard A=10209:com.example.merchandisecontrolsplitview}}} topActivityType=1 pictureInPictureParams=null shouldDockBigOverlays=false launchIntoPipHostTaskId=-1 lastParentTaskIdBeforePip=-1 displayCutoutSafeInsets=null topActivityInfo=ActivityInfo{709d127 com.example.merchandisecontrolsplitview.MainActivity} launchCookies=[] positionInParent=Point(0, 0) parentTaskId=-1 isFocused=false isVisible=false isVisibleRequested=false isSleeping=false locusId=null displayAreaFeatureId=1 isTopActivityTransparent=false appCompatTaskInfo=AppCompatTaskInfo { topActivityInSizeCompat=false topActivityEligibleForLetterboxEducation= falseisLetterboxEducationEnabled= true isLetterboxDoubleTapEnabled= false topActivityEligibleForUserAspectRatioButton= false topActivityBoundsLetterboxed= false isFromLetterboxDoubleTap= false topActivityLetterboxVerticalPosition= -1 topActivityLetterboxHorizontalPosition= -1 topActivityLetterboxWidth=1080 topActivityLetterboxHeight=2400 isUserFullscreenOverrideEnabled=false isSystemFullscreenOverrideEnabled=false cameraCompatTaskInfo=CameraCompatTaskInfo { cameraCompatControlState=hidden freeformCameraCompatMode=inactive}}}, pipTask = null, remoteTransition = null, displayChange = null, flags = 0, debugId = 18 }
06-17 12:23:54.215 V/WindowManager(  605):     startWCT=WindowContainerTransaction { changes = {} hops = [] errorCallbackToken=null taskFragmentOrganizer=null }
06-17 12:23:54.215 V/WindowManager(  605):     info={id=18 t=OPEN f=0x0 trk=1 r=[0@Point(0, 0)] c=[
06-17 12:23:54.215 V/WindowManager(  605):         {WCT{RemoteToken{d84f7e6 Task{3c92347 #290 type=standard A=10209:com.example.merchandisecontrolsplitview}}} m=OPEN f=NONE leash=Surface(name=Task=290)/@0x3389928 sb=Rect(0, 0 - 1080, 2400) eb=Rect(0, 0 - 1080, 2400) d=0 taskParent=-1},
06-17 12:23:54.215 V/WindowManager(  605):         {WCT{RemoteToken{9df7f1d Task{429cdd5 #285 type=home}}} m=TO_BACK f=SHOW_WALLPAPER leash=Surface(name=Task=285)/@0x9930bfb sb=Rect(0, 0 - 1080, 2400) eb=Rect(0, 0 - 1080, 2400) d=0 taskParent=-1}
06-17 12:23:54.215 V/WindowManager(  605):     ]}
06-17 12:23:54.229 W/UserManagerService(  605): Requested status bar icon for non-badged user 0
06-17 12:23:54.239 D/EGL_emulation( 1200): app_time_stats: avg=49.58ms min=0.85ms max=599.06ms count=18
06-17 12:23:54.243 D/EGL_emulation(  889): app_time_stats: avg=1361.80ms min=10.70ms max=13474.40ms count=10
06-17 12:23:54.244 D/EGL_emulation( 1200): app_time_stats: avg=23.01ms min=0.94ms max=440.49ms count=36
06-17 12:23:54.279 W/HWUI    ( 7132): Unknown dataspace 0
06-17 12:23:54.285 D/CoreBackPreview(  605): Window{2589c58 u0 com.example.merchandisecontrolsplitview/com.example.merchandisecontrolsplitview.MainActivity}: Setting back callback OnBackInvokedCallbackInfo{mCallback=android.window.IOnBackInvokedCallback$Stub$Proxy@7f12696, mPriority=-1, mIsAnimationCallback=false}
06-17 12:23:54.357 I/ontrolsplitview( 7132): hiddenapi: Accessing hidden method Landroid/os/SystemProperties;->addChangeCallback(Ljava/lang/Runnable;)V (runtime_flags=0, domain=platform, api=unsupported) from Landroidx/compose/ui/platform/AndroidComposeView$Companion; (domain=app, TargetSdkVersion=36) using reflection: allowed
06-17 12:23:54.370 D/SupabaseAuth( 7132): restoreSession: got status=Authenticated
06-17 12:23:54.371 I/SupabaseAuth( 7132): Sessione ripristinata
06-17 12:23:54.413 D/WM-SystemJobScheduler( 7132): Scheduling work ID b45bdaa7-7f9b-473d-8edb-39c5a78dbd6eJob ID 152
06-17 12:23:54.416 D/WM-GreedyScheduler( 7132): Starting work for b45bdaa7-7f9b-473d-8edb-39c5a78dbd6e
06-17 12:23:54.439 D/WM-Processor( 7132): Processor: processing WorkGenerationalId(workSpecId=b45bdaa7-7f9b-473d-8edb-39c5a78dbd6e, generation=0)
06-17 12:23:54.485 I/EGL_emulation( 7132): Opening libGLESv1_CM_emulation.so
06-17 12:23:54.486 I/EGL_emulation( 7132): Opening libGLESv2_emulation.so
06-17 12:23:54.487 W/HWUI    ( 7132): Failed to choose config with EGL_SWAP_BEHAVIOR_PRESERVED, retrying without...
06-17 12:23:54.493 W/HWUI    ( 7132): Failed to initialize 101010-2 format, error = EGL_SUCCESS
06-17 12:23:54.497 I/hwservicemanager(  127): getTransport: Cannot find entry android.hardware.graphics.mapper@4.0::IMapper/default in either framework or device VINTF manifest.
06-17 12:23:54.497 I/Gralloc4( 7132): mapper 4.x is not supported
06-17 12:23:54.500 V/WindowManagerShell(  889): Transition animation finished (aborted=false), notifying core (#18) android.os.BinderProxy@c0bba8@1
06-17 12:23:54.501 V/WindowManager(  605): Finish Transition (#18): created at 06-17 12:23:53.598 collect-started=0.008ms request-sent=7.571ms started=8.867ms ready=610.441ms sent=615.924ms finished=902.918ms
06-17 12:23:54.502 V/WindowManagerShell(  889): Track 1 became idle
06-17 12:23:54.502 V/WindowManagerShell(  889): All active transition animations finished
06-17 12:23:54.503 D/VRI[NexusLauncherActivity]( 1200): visibilityChanged oldVisibility=true newVisibility=false
06-17 12:23:54.503 W/UserManagerService(  605): Requested status bar icon for non-badged user 0
06-17 12:23:54.503 W/UserManagerService(  605): Requested status bar icon for non-badged user 0
06-17 12:23:54.503 W/UserManagerService(  605): Requested status bar icon for non-badged user 0
06-17 12:23:54.516 E/BpTransactionCompletedListener(  463): Failed to transact (-32)
06-17 12:23:54.519 D/NexusLauncherModelDelegate( 1200): notifySmartspaceEvent: SmartspaceTargetEvent{mSmartspaceTarget=null, mSmartspaceActionId='null', mEventType=7}
06-17 12:23:54.541 D/WM-PackageManagerHelper( 7132): androidx.work.impl.background.systemalarm.RescheduleReceiver enabled
06-17 12:23:54.561 I/ActivityTaskManager(  605): Displayed com.example.merchandisecontrolsplitview/.MainActivity for user 0: +963ms
06-17 12:23:54.608 I/MerchandiseApp( 7132): Auth: sessione attiva
06-17 12:23:54.666 D/WM-WorkerWrapper( 7132): Starting work for com.example.merchandisecontrolsplitview.data.PriceBackfillWorker
06-17 12:23:54.684 D/WM-SystemJobService( 7132): onStartJob for WorkGenerationalId(workSpecId=b45bdaa7-7f9b-473d-8edb-39c5a78dbd6e, generation=0)
06-17 12:23:54.684 I/ImeTracker(  605): com.example.merchandisecontrolsplitview:36ed387a: onRequestHide at ORIGIN_SERVER reason HIDE_UNSPECIFIED_WINDOW fromUser false
06-17 12:23:54.684 I/ImeTracker(  605): com.example.merchandisecontrolsplitview:36ed387a: onCancelled at PHASE_SERVER_SHOULD_HIDE
06-17 12:23:54.685 I/GoogleInputMethodService( 1349): GoogleInputMethodService.onFinishInput():2259 
06-17 12:23:54.688 I/Module  ( 1349): DeviceLockedStatusModuleProvider$Module.updateDeviceLockedStatusInternal():127 repeatCheckTimes = 0, locked = false
06-17 12:23:54.688 I/GoogleInputMethodService( 1349): GoogleInputMethodService.onStartInput():1446 onStartInput(EditorInfo{EditorInfo{packageName=com.example.merchandisecontrolsplitview, inputType=0, inputTypeString=NULL, enableLearning=false, autoCorrection=false, autoComplete=false, imeOptions=0, privateImeOptions=null, actionName=UNSPECIFIED, actionLabel=null, initialSelStart=-1, initialSelEnd=-1, initialCapsMode=0, label=null, fieldId=0, fieldName=null, extras=null, hintText=null, hintLocales=[]}}, false)
06-17 12:23:54.688 W/AndroidIME( 1349): LatinIMEBase.updateInputViewCoverNavigation():326 Null input view, cannot update padding!
06-17 12:23:54.688 I/Module  ( 1349): DeviceLockedStatusModuleProvider$Module.updateDeviceLockedStatusInternal():127 repeatCheckTimes = 1, locked = false
06-17 12:23:54.690 W/PackageConfigPersister(  605): App-specific configuration not found for packageName: com.example.merchandisecontrolsplitview and userId: 0
06-17 12:23:54.690 D/BaseDepthController( 1200): setSurface:
06-17 12:23:54.690 D/BaseDepthController( 1200): 	mWaitingOnSurfaceValidity: false
06-17 12:23:54.690 D/BaseDepthController( 1200): 	mSurface: null
06-17 12:23:54.690 D/BaseDepthController( 1200): mSurface is null and mCurrentBlur is: 0
06-17 12:23:54.690 D/StateManager( 1200): goToState - fromState: Normal, toState: Normal, partial trace:
06-17 12:23:54.690 D/StateManager( 1200): 	at com.android.launcher3.statemanager.StateManager.moveToRestState(go/retraceme 2855a437b73635ce9cad76b9289087e631bbb67fc90008a0da13d343a00e5041:4)
06-17 12:23:54.690 D/StateManager( 1200): 	at com.android.launcher3.statemanager.StateManager.moveToRestState(go/retraceme 2855a437b73635ce9cad76b9289087e631bbb67fc90008a0da13d343a00e5041:1)
06-17 12:23:54.690 D/StateManager( 1200): 	at com.android.launcher3.statemanager.StatefulActivity.onStop(go/retraceme 2855a437b73635ce9cad76b9289087e631bbb67fc90008a0da13d343a00e5041:34)
06-17 12:23:54.691 D/StatsLog( 1200): LAUNCHER_ONSTOP
06-17 12:23:54.692 W/IPCThreadState(  488): Sending oneway calls to frozen process.
06-17 12:23:54.692 W/IPCThreadState(  488): Sending oneway calls to frozen process.
06-17 12:23:54.693 D/OneSearchSuggestProvider( 1200): Shut down the binder channel
06-17 12:23:54.693 D/StatsLog( 1200): LAUNCHER_GOOGLE_SEARCH_RESTORE_LIST_SIZE_AFTER_ACTIVITY_RESTART
06-17 12:23:54.693 I/IPCThreadState( 1200): oneway function results for code 2 on binder at 0xb40000750ad7d300 will be dropped but finished with status UNKNOWN_TRANSACTION
06-17 12:23:54.719 D/WM-Processor( 7132): Work WorkGenerationalId(workSpecId=b45bdaa7-7f9b-473d-8edb-39c5a78dbd6e, generation=0) is already enqueued for processing
06-17 12:23:54.753 I/WM-WorkerWrapper( 7132): Worker result SUCCESS for Work [ id=b45bdaa7-7f9b-473d-8edb-39c5a78dbd6e, tags={ com.example.merchandisecontrolsplitview.data.PriceBackfillWorker } ]
06-17 12:23:54.755 D/WM-Processor( 7132): Processor b45bdaa7-7f9b-473d-8edb-39c5a78dbd6e executed; reschedule = false
06-17 12:23:54.755 D/WM-SystemJobService( 7132): b45bdaa7-7f9b-473d-8edb-39c5a78dbd6e executed on JobScheduler
06-17 12:23:54.758 D/WM-PackageManagerHelper( 7132): androidx.work.impl.background.systemalarm.RescheduleReceiver disabled
06-17 12:23:54.758 D/WM-GreedyScheduler( 7132): Cancelling work ID b45bdaa7-7f9b-473d-8edb-39c5a78dbd6e
06-17 12:23:54.775 I/CatalogCloudSync( 7132): cycle=catalog_push outcome=skip reason=automatic_push_safety_guard originalReason=foreground policy=non_local_trigger debounceMs=500
06-17 12:23:54.775 I/CatalogCloudSync( 7132): tracker busy=true stage=SYNC_EVENTS_DRAIN status=RUNNING
06-17 12:23:54.782 I/FontLog ( 1144): (REDACTED) Received query %s, URI %s
06-17 12:23:54.785 I/FontLog ( 1144): (REDACTED) Query [%s] resolved to %s
06-17 12:23:54.787 I/FontLog ( 1144): (REDACTED) Fetch %s end status %s
06-17 12:23:54.788 I/FontLog ( 1144): (REDACTED) Pulling font file for id = %d, cache size = %d
06-17 12:23:54.790 I/FontLog ( 1144): (REDACTED) Pulling font file for id = %d, cache size = %d
06-17 12:23:54.874 I/HistorySessionSyncV2( 7132): cycle=session_flight outcome=acquired owner=auto_push waiters=0
06-17 12:23:54.897 I/CatalogCloudSync( 7132): cycle=catalog_bootstrap outcome=skip reason=sync_busy
06-17 12:23:54.920 W/InputManager-JNI(  605): Input channel object '4eaace3 Splash Screen com.example.merchandisecontrolsplitview (client)' was disposed without first being removed with the input manager!
06-17 12:23:54.926 W/IPCThreadState(  488): Sending oneway calls to frozen process.
06-17 12:23:54.926 W/IPCThreadState(  488): Sending oneway calls to frozen process.
06-17 12:23:55.242 E/FeatureFlagsImplExport( 7132): android.os.flagging.AconfigStorageReadException: ERROR_PACKAGE_NOT_FOUND: package com.android.libcore cannot be found on the device
06-17 12:23:55.242 E/FeatureFlagsImplExport( 7132): android.os.flagging.AconfigStorageReadException: ERROR_PACKAGE_NOT_FOUND: package com.android.libcore cannot be found on the device
06-17 12:23:55.243 E/FeatureFlagsImplExport( 7132): android.os.flagging.AconfigStorageReadException: ERROR_PACKAGE_NOT_FOUND: package com.android.libcore cannot be found on the device
06-17 12:23:55.251 D/EGL_emulation(  889): app_time_stats: avg=52.94ms min=12.10ms max=715.36ms count=19
06-17 12:23:55.264 I/ontrolsplitview( 7132): Compiler allocated 5176KB to compile void android.view.ViewRootImpl.performTraversals()
06-17 12:23:55.498 I/wpa_supplicant(  851): wlan0: CTRL-EVENT-BEACON-LOSS 
06-17 12:23:55.548 D/ShortcutService(  605): received package broadcast intent: Intent { act=android.intent.action.PACKAGE_CHANGED dat=package: flg=0x45000010 (has extras) }
06-17 12:23:55.548 D/ShortcutService(  605): changing package: com.example.merchandisecontrolsplitview userId0
06-17 12:23:55.548 D/ShortcutService(  605): handlePackageChanged: com.example.merchandisecontrolsplitview user=0
06-17 12:23:55.548 D/ShortcutService(  605): rescanPackageIfNeeded 0@com.example.merchandisecontrolsplitview, forceRescan=true , isNewApp=true
06-17 12:23:55.548 D/ShortcutService(  605): Package com.example.merchandisecontrolsplitview has 0 manifest shortcut(s), and 0 share target(s)
06-17 12:23:55.548 D/CarrierSvcBindHelper( 1049): onPackageModified: com.example.merchandisecontrolsplitview
06-17 12:23:55.548 D/CarrierSvcBindHelper( 1049): No carrier app for: 0
06-17 12:23:55.554 I/PermissionControllerServiceImpl( 1095): Updating user sensitive for uid 10209
06-17 12:23:55.565 E/CellBroadcastUtils( 1049): getDefaultCellBroadcastReceiverPackageName: no package found
06-17 12:23:55.565 W/AppOpService(  605): Ignored setUidMode call for runtime permission app op: uid = 1001, code = READ_SMS, mode = allow, callingUid = 1001, oldMode = allow
06-17 12:23:55.565 W/AppOpService(  605): Ignored setUidMode call for runtime permission app op: uid = 1001, code = RECEIVE_SMS, mode = allow, callingUid = 1001, oldMode = allow
06-17 12:23:55.565 W/AppOpService(  605): Ignored setUidMode call for runtime permission app op: uid = 1001, code = RECEIVE_WAP_PUSH, mode = allow, callingUid = 1001, oldMode = allow
06-17 12:23:55.565 W/AppOpService(  605): Ignored setUidMode call for runtime permission app op: uid = 1001, code = SEND_SMS, mode = allow, callingUid = 1001, oldMode = allow
06-17 12:23:55.565 W/AppOpService(  605): Ignored setUidMode call for runtime permission app op: uid = 1001, code = READ_CELL_BROADCASTS, mode = allow, callingUid = 1001, oldMode = allow
06-17 12:23:55.566 D/ImsResolver( 1049): maybeAddedImsService, packageName: com.example.merchandisecontrolsplitview
06-17 12:23:55.573 I/AiAiEcho( 1403): AppFetcherImpl onPackageChanged com.example.merchandisecontrolsplitview.
06-17 12:23:55.573 I/AiAiEcho( 1403): AppIndexer Package:[com.example.merchandisecontrolsplitview] UserProfile:[0] Enabled:[true].
06-17 12:23:55.573 I/AiAiEcho( 1403): AppFetcherImplV2 updateApps package:[com.example.merchandisecontrolsplitview], userId:[0], reason:[package is updated.].
06-17 12:23:55.574 D/PackageUpdatedTask( 1200): Package updated: mOp=UPDATE packages=[com.example.merchandisecontrolsplitview]
06-17 12:23:55.582 W/MagnificationConnectionManager(  605): requestConnection duplicated request: connect=false, mConnectionState=DISCONNECTED
06-17 12:23:55.582 W/IPCThreadState(  605): Sending oneway calls to frozen process.
06-17 12:23:55.582 W/IPCThreadState(  605): Sending oneway calls to frozen process.
06-17 12:23:55.582 W/IPCThreadState(  605): Sending oneway calls to frozen process.
06-17 12:23:55.585 D/StatsLog( 1200): LAUNCHER_ALLAPPS_COUNT
06-17 12:23:55.587 W/IPCThreadState(  605): Sending oneway calls to frozen process.
06-17 12:23:55.587 W/IPCThreadState(  605): Sending oneway calls to frozen process.
06-17 12:23:55.619 D/EGL_emulation( 7132): app_time_stats: avg=7.92ms min=0.69ms max=129.73ms count=52
06-17 12:23:55.652 I/CatalogCloudSync( 7132): cycle=catalog_bootstrap outcome=skip reason=sync_busy
06-17 12:23:55.905 I/CatalogCloudSync( 7132): sync_event_outbox_retry_summary pendingBefore=0 pendingAfter=0 retryLoaded=0 retryEligible=0 retrySkippedMaxAttempts=0 retrySucceeded=0 retryFailed=0 retryDeletedOnSuccess=0
06-17 12:23:56.046 D/ControlsListingControllerImpl(  889): ServiceConfig reloaded, count: 0
06-17 12:23:56.061 I/FraudProtectUtils( 5574): Not in testing population, skipping local test bank apps. [CONTEXT service_id=469 ]
06-17 12:23:56.061 I/FraudProtectUtils( 5574): (REDACTED) Latest bank app list size: %d, %s isBankApp: false
06-17 12:23:56.061 W/ComponentChangedIO( 5574): No package name in intent data or package is not a bank app [CONTEXT service_id=469 ]
06-17 12:23:56.292 I/Supabase-Realtime( 7132): Connected to realtime websocket!
06-17 12:23:56.304 I/HalDevMgr(  605): bestIfaceCreationProposal is null, requestIface=STA, existingIface=[name=wlan0 type=STA]
06-17 12:23:56.408 I/adbd    (  465): adbd service requested 'shell,v2,raw:dumpsys package com.google.android.gms'
06-17 12:23:56.467 I/artd    (  727): GetBestInfo: odex next to the dex file (/data/app/~~RBqLWa4IHxAvM1EDn2acWA==/com.google.android.gms--6rwsmYaGwERs-rlQ1V3rA==/oat/arm64/base.odex) is kOatBootImageOutOfDate with filter 'speed-profile' executable 'false': Image checksum mismatch, expected i;28/6d8ebc32 to start with i;28/fd0aebae
06-17 12:23:56.467 I/artd    (  727): GetBestInfo: vdex next to the dex file (/data/app/~~RBqLWa4IHxAvM1EDn2acWA==/com.google.android.gms--6rwsmYaGwERs-rlQ1V3rA==/oat/arm64/base.vdex) is kOatUpToDate with filter 'verify' executable 'false'
06-17 12:23:56.469 I/artd    (  727): GetBestInfo: dm (/data/app/~~RBqLWa4IHxAvM1EDn2acWA==/com.google.android.gms--6rwsmYaGwERs-rlQ1V3rA==/split_AdsDynamite_installtime.dm) is kOatUpToDate with filter 'verify' executable 'false'
06-17 12:23:56.471 I/artd    (  727): GetBestInfo: odex next to the dex file (/data/app/~~RBqLWa4IHxAvM1EDn2acWA==/com.google.android.gms--6rwsmYaGwERs-rlQ1V3rA==/oat/arm64/split_CronetDynamite_installtime.odex) is kOatBootImageOutOfDate with filter 'speed-profile' executable 'false': Image checksum mismatch, expected i;28/6d8ebc32 to start with i;28/fd0aebae
06-17 12:23:56.471 I/artd    (  727): GetBestInfo: vdex next to the dex file (/data/app/~~RBqLWa4IHxAvM1EDn2acWA==/com.google.android.gms--6rwsmYaGwERs-rlQ1V3rA==/oat/arm64/split_CronetDynamite_installtime.vdex) is kOatUpToDate with filter 'verify' executable 'false'
06-17 12:23:56.471 I/artd    (  727): GetBestInfo: dm (/data/app/~~RBqLWa4IHxAvM1EDn2acWA==/com.google.android.gms--6rwsmYaGwERs-rlQ1V3rA==/split_DynamiteLoader_installtime.dm) is kOatUpToDate with filter 'verify' executable 'false'
06-17 12:23:56.472 I/artd    (  727): GetBestInfo: dm (/data/app/~~RBqLWa4IHxAvM1EDn2acWA==/com.google.android.gms--6rwsmYaGwERs-rlQ1V3rA==/split_DynamiteModulesA_installtime.dm) is kOatUpToDate with filter 'verify' executable 'false'
06-17 12:23:56.474 I/artd    (  727): GetBestInfo: dm (/data/app/~~RBqLWa4IHxAvM1EDn2acWA==/com.google.android.gms--6rwsmYaGwERs-rlQ1V3rA==/split_DynamiteModulesC_installtime.dm) is kOatUpToDate with filter 'verify' executable 'false'
06-17 12:23:56.475 I/artd    (  727): GetBestInfo: dm (/data/app/~~RBqLWa4IHxAvM1EDn2acWA==/com.google.android.gms--6rwsmYaGwERs-rlQ1V3rA==/split_GoogleCertificates_installtime.dm) is kOatUpToDate with filter 'verify' executable 'false'
06-17 12:23:56.476 I/artd    (  727): GetBestInfo: dm (/data/app/~~RBqLWa4IHxAvM1EDn2acWA==/com.google.android.gms--6rwsmYaGwERs-rlQ1V3rA==/split_MapsDynamite_installtime.dm) is kOatUpToDate with filter 'verify' executable 'false'
06-17 12:23:56.476 I/CatalogCloudSync( 7132): cycle=catalog_bootstrap outcome=skip reason=sync_busy
06-17 12:23:56.477 I/artd    (  727): GetBestInfo: dm (/data/app/~~RBqLWa4IHxAvM1EDn2acWA==/com.google.android.gms--6rwsmYaGwERs-rlQ1V3rA==/split_MeasurementDynamite_installtime.dm) is kOatUpToDate with filter 'verify' executable 'false'
06-17 12:23:56.478 I/artd    (  727): GetBestInfo: /data/user_de/0/com.google.android.gms/app_chimera/m/0000002a/dl-MlkitBarcodeUi.optional_261733100400.apk has no usable artifacts
06-17 12:23:56.478 I/artd    (  727): GetBestInfo: /data/user_de/0/com.google.android.gms/app_chimera/m/00000035/dl-VisionOcr.optional_261933100000.apk has no usable artifacts
06-17 12:23:56.478 I/artd    (  727): GetBestInfo: /data/user_de/0/com.google.android.gms/app_chimera/m/00000001/CronetDynamite.uncompressed.apk has no usable artifacts
06-17 12:23:56.478 I/artd    (  727): GetBestInfo: /data/user_de/0/com.google.android.gms/app_chimera/m/00000047/dl-PlayCloudSearch.optional_262333100000.apk has no usable artifacts
06-17 12:23:56.478 I/artd    (  727): GetBestInfo: /data/user_de/0/com.google.android.gms/app_chimera/m/00000016/dl-IdentityCredentialsPlatform.optional_261464100400.apk has no usable artifacts
06-17 12:23:56.478 I/artd    (  727): GetBestInfo: /data/user_de/0/com.google.android.gms/app_chimera/m/00000046/dl-MlkitOcrCommon.optional_262333100400.apk has no usable artifacts
06-17 12:23:56.478 I/artd    (  727): GetBestInfo: /data/user_de/0/com.google.android.gms/app_chimera/m/00000014/dl-VisionOcr.optional_261464100000.apk has no usable artifacts
06-17 12:23:56.479 I/artd    (  727): GetBestInfo: /data/user_de/0/com.google.android.gms/app_chimera/m/00000017/dl-Appsearch.optional_261464100400.apk has no usable artifacts
06-17 12:23:56.480 I/artd    (  727): GetBestInfo: /data/user_de/0/com.google.android.gms/app_chimera/m/0000004b/dl-MlkitBarcodeUi.optional_262333100400.apk has no usable artifacts
06-17 12:23:56.480 I/artd    (  727): GetBestInfo: /data/user/0/com.google.android.gms/app_dg_cache/87E7746227FF4E457A2EB56043B95E41006DE49F/the.apk has no usable artifacts
06-17 12:23:56.480 I/artd    (  727): GetBestInfo: /data/user_de/0/com.google.android.gms/app_chimera/m/00000048/dl-IdentityCredentialsPlatform.optional_262333100400.apk has no usable artifacts
06-17 12:23:56.481 I/artd    (  727): GetBestInfo: /data/user_de/0/com.google.android.gms/app_chimera/m/0000000a/dl-MlkitBarcodeUi.optional_242335100400.apk has no usable artifacts
06-17 12:23:56.482 I/artd    (  727): GetBestInfo: /data/user_de/0/com.google.android.gms/app_chimera/m/00000029/dl-MlkitOcrCommon.optional_261733100400.apk has no usable artifacts
06-17 12:23:56.482 I/artd    (  727): GetBestInfo: /data/user_de/0/com.google.android.gms/app_chimera/m/00000002/DynamiteLoader.uncompressed.apk has no usable artifacts
06-17 12:23:56.482 I/artd    (  727): GetBestInfo: /data/user_de/0/com.google.android.gms/app_chimera/m/0000002e/dl-Appsearch.optional_261733100400.apk has no usable artifacts
06-17 12:23:56.482 I/artd    (  727): GetBestInfo: /data/user_de/0/com.google.android.gms/app_chimera/m/00000030/dl-MlkitOcrCommon.optional_261933100400.apk has no usable artifacts
06-17 12:23:56.482 I/artd    (  727): GetBestInfo: /data/user_de/0/com.google.android.gms/app_chimera/m/00000015/dl-PlayCloudSearch.optional_261464100000.apk has no usable artifacts
06-17 12:23:56.482 I/artd    (  727): GetBestInfo: /data/user_de/0/com.google.android.gms/app_chimera/m/0000001e/dl-Appsearch.optional_261631100400.apk has no usable artifacts
06-17 12:23:56.482 I/artd    (  727): GetBestInfo: /data/user_de/0/com.google.android.gms/app_chimera/m/00000013/dl-MlkitOcrCommon.optional_261464100400.apk has no usable artifacts
06-17 12:23:56.482 I/artd    (  727): GetBestInfo: /data/user_de/0/com.google.android.gms/app_chimera/m/00000032/dl-MlkitBarcodeUi.optional_261933100400.apk has no usable artifacts
06-17 12:23:56.482 I/artd    (  727): GetBestInfo: /data/user/0/com.google.android.gms/app_dg_cache/754BEC187BC4F26BBC31300F93DBF9B7506C1861/the.apk has no usable artifacts
06-17 12:23:56.482 I/artd    (  727): GetBestInfo: /data/user_de/0/com.google.android.gms/app_chimera/m/00000007/MeasurementDynamite.apk has no usable artifacts
06-17 12:23:56.482 I/artd    (  727): GetBestInfo: /data/user_de/0/com.google.android.gms/app_chimera/m/0000002c/dl-IdentityCredentialsPlatform.optional_261733100400.apk has no usable artifacts
06-17 12:23:56.482 I/artd    (  727): GetBestInfo: /data/user_de/0/com.google.android.gms/app_chimera/m/0000002b/dl-PlayCloudSearch.optional_261733100000.apk has no usable artifacts
06-17 12:23:56.482 I/artd    (  727): GetBestInfo: /data/user_de/0/com.google.android.gms/app_chimera/m/00000033/dl-PlayCloudSearch.optional_261933100000.apk has no usable artifacts
06-17 12:23:56.482 I/artd    (  727): GetBestInfo: /data/user_de/0/com.google.android.gms/app_chimera/m/0000001c/dl-VisionOcr.optional_261631100000.apk has no usable artifacts
06-17 12:23:56.482 I/artd    (  727): GetBestInfo: /data/user_de/0/com.google.android.gms/app_chimera/m/00000011/dl-MlkitBarcodeUi.optional_261464100400.apk has no usable artifacts
06-17 12:23:56.482 I/artd    (  727): GetBestInfo: /data/user_de/0/com.google.android.gms/app_chimera/m/00000049/dl-VisionOcr.optional_262333100000.apk has no usable artifacts
06-17 12:23:56.484 I/artd    (  727): GetBestInfo: /data/user_de/0/com.google.android.gms/app_chimera/m/00000005/GoogleCertificates.apk has no usable artifacts
06-17 12:23:56.485 I/artd    (  727): GetBestInfo: /data/user_de/0/com.google.android.gms/app_chimera/m/00000010/dl-TfliteDynamiteDynamite.integ_260580502100400.apk has no usable artifacts
06-17 12:23:56.485 I/artd    (  727): GetBestInfo: /data/user/0/com.google.android.gms/app_dg_cache/9D5BCED7935D64431BF672B8BBD597199833CA19/the.apk has no usable artifacts
06-17 12:23:56.485 I/artd    (  727): GetBestInfo: /data/user_de/0/com.google.android.gms/app_chimera/m/00000009/dl-TfliteDynamiteDynamite.integ_252130102100400.apk has no usable artifacts
06-17 12:23:56.485 I/artd    (  727): GetBestInfo: vdex next to the dex file (/data/user/0/com.google.android.gms/app_dg_cache/5833371D1ACC412507A92815B074897510CCCEDD/oat/arm64/the.vdex) is kOatUpToDate with filter 'verify' executable 'false'
06-17 12:23:56.487 I/artd    (  727): GetBestInfo: /data/user_de/0/com.google.android.gms/app_chimera/m/0000001b/dl-PlayCloudSearch.optional_261631100000.apk has no usable artifacts
06-17 12:23:56.487 I/artd    (  727): GetBestInfo: /data/user_de/0/com.google.android.gms/app_chimera/m/00000027/dl-IdentityCredentialsPlatform.optional_261631100400.apk has no usable artifacts
06-17 12:23:56.487 I/artd    (  727): GetBestInfo: /data/user/0/com.google.android.gms/app_dg_cache/86153AA318A3F208A8C511836585279D8C7E8D94/the.apk has no usable artifacts
06-17 12:23:56.487 I/artd    (  727): GetBestInfo: /data/user_de/0/com.google.android.gms/app_chimera/m/0000001d/dl-IdentityCredentialsPlatform.optional_261631100400.apk has no usable artifacts
06-17 12:23:56.487 I/artd    (  727): GetBestInfo: /data/user_de/0/com.google.android.gms/app_chimera/m/0000002d/dl-VisionOcr.optional_261733100000.apk has no usable artifacts
06-17 12:23:56.487 I/artd    (  727): GetBestInfo: /data/user_de/0/com.google.android.gms/app_chimera/m/0000000e/dl-PlayCloudSearch.optional_242335100000.apk has no usable artifacts
06-17 12:23:56.488 I/artd    (  727): GetBestInfo: /data/user_de/0/com.google.android.gms/app_chimera/m/0000004a/dl-Appsearch.optional_262333100400.apk has no usable artifacts
06-17 12:23:56.488 I/artd    (  727): GetBestInfo: /data/user_de/0/com.google.android.gms/app_chimera/m/0000001a/dl-MlkitBarcodeUi.optional_261631100400.apk has no usable artifacts
06-17 12:23:56.488 I/artd    (  727): GetBestInfo: vdex next to the dex file (/data/user/0/com.google.android.gms/app_dg_cache/10FF5D5C646CC9E2F04BD9D73A072BD012EF1A7A/oat/arm64/the.vdex) is kOatUpToDate with filter 'verify' executable 'false'
06-17 12:23:56.488 I/artd    (  727): GetBestInfo: /data/user_de/0/com.google.android.gms/app_chimera/m/00000036/dl-Appsearch.optional_261933100400.apk has no usable artifacts
06-17 12:23:56.489 I/artd    (  727): GetBestInfo: /data/user/0/com.google.android.gms/app_dg_cache/21A90BF1C1C388089206DCE215FB60D7882BFA18/the.apk has no usable artifacts
06-17 12:23:56.489 I/artd    (  727): GetBestInfo: /data/user_de/0/com.google.android.gms/app_chimera/m/0000001f/dl-IdentityCredentialsPlacebo.optional_261631100400.apk has no usable artifacts
06-17 12:23:56.489 I/artd    (  727): GetBestInfo: /data/user_de/0/com.google.android.gms/app_chimera/m/00000034/dl-IdentityCredentialsPlatform.optional_261933100400.apk has no usable artifacts
06-17 12:23:56.489 I/artd    (  727): GetBestInfo: /data/user_de/0/com.google.android.gms/app_chimera/m/00000019/dl-MlkitOcrCommon.optional_261631100400.apk has no usable artifacts
06-17 12:23:56.489 I/artd    (  727): GetBestInfo: /data/user/0/com.google.android.gms/app_dg_cache/A8F89F306FD1BA172E06F6F2B9F79826D0309BB6/the.apk has no usable artifacts
06-17 12:23:56.489 I/artd    (  727): GetBestInfo: /data/user/0/com.google.android.gms/app_dg_cache/707FFD883BF2A7896692338F9625CA52336E933B/the.apk has no usable artifacts
06-17 12:23:56.509 I/CatalogCloudSync( 7132): sync_events_apply domain=catalog remoteSuppliers=1 remoteCategories=1 remoteProducts=0 applied=2
06-17 12:23:56.531 I/ontrolsplitview( 7132): Background concurrent mark compact GC freed 20MB AllocSpace bytes, 69(5616KB) LOS objects, 49% free, 14MB/29MB, paused 459us,999us total 271.630ms
06-17 12:23:56.541 I/SupabaseRealtime( 7132): Supabase Realtime subscribed su public.shared_sheet_sessions
06-17 12:23:56.544 I/SyncEventsRealtime( 7132): sync_events realtime subscribed
06-17 12:23:56.620 D/EGL_emulation( 7132): app_time_stats: avg=3.19ms min=0.61ms max=23.78ms count=60
06-17 12:23:56.626 I/CatalogCloudSync( 7132): sync_events_apply domain=catalog remoteSuppliers=1 remoteCategories=0 remoteProducts=0 applied=1
06-17 12:23:56.649 I/HistorySessionSyncV2( 7132): cycle=pull_apply outcome=ok inserted=35 updated=0 skipped=52 dirtyLocalSkips=52 failed=0 source=bootstrap
06-17 12:23:56.652 I/HistorySessionSyncV2( 7132): cycle=session_flight outcome=released owner=auto_push pendingRetry=false
06-17 12:23:56.653 I/HistorySessionSyncV2( 7132): cycle=push outcome=ok reason=login_fresh_tick sessionsAttempted=0 sessionsUploaded=0 skippedDirtyLocal=0 coalesced=false dirtySetMode=full_reconcile owner=auto_push bootstrapInserted=35 bootstrapUpdated=0 bootstrapSkipped=52 bootstrapFailed=0 bootstrapUnsupported=0
06-17 12:23:57.155 I/CatalogCloudSync( 7132): sync_events_apply domain=catalog remoteSuppliers=0 remoteCategories=0 remoteProducts=0 applied=0
06-17 12:23:57.229 I/CatalogCloudSync( 7132): cycle=catalog_bootstrap outcome=skip reason=not_needed
06-17 12:23:57.335 I/CatalogCloudSync( 7132): sync_events_apply domain=catalog_prices remoteProductIds=3 remotePrices=0 pricesPulled=0 pricesSkippedNoProductRef=0
06-17 12:23:57.426 I/CatalogCloudSync( 7132): sync_events_apply domain=catalog remoteSuppliers=0 remoteCategories=0 remoteProducts=0 applied=0
06-17 12:23:57.513 I/CatalogCloudSync( 7132): sync_events_apply domain=catalog_prices remoteProductIds=1 remotePrices=0 pricesPulled=0 pricesSkippedNoProductRef=0
06-17 12:23:57.618 E/TaskPersister(  605): File error accessing recents directory (directory doesn't exist?).
06-17 12:23:57.622 D/EGL_emulation( 7132): app_time_stats: avg=2.69ms min=0.80ms max=6.74ms count=59
06-17 12:23:57.864 I/CatalogCloudSync( 7132): sync_events_apply domain=catalog remoteSuppliers=0 remoteCategories=0 remoteProducts=0 applied=0
06-17 12:23:57.978 I/CatalogCloudSync( 7132): sync_events_apply domain=catalog_prices remoteProductIds=3 remotePrices=0 pricesPulled=0 pricesSkippedNoProductRef=0
06-17 12:23:58.075 I/CatalogCloudSync( 7132): sync_events_apply domain=catalog remoteSuppliers=0 remoteCategories=0 remoteProducts=0 applied=0
06-17 12:23:58.165 I/CatalogCloudSync( 7132): sync_events_apply domain=catalog_prices remoteProductIds=1 remotePrices=0 pricesPulled=0 pricesSkippedNoProductRef=0
06-17 12:23:58.259 I/CatalogCloudSync( 7132): sync_events_apply domain=catalog remoteSuppliers=0 remoteCategories=0 remoteProducts=0 applied=0
06-17 12:23:58.380 I/CatalogCloudSync( 7132): sync_events_apply domain=catalog_prices remoteProductIds=1 remotePrices=0 pricesPulled=0 pricesSkippedNoProductRef=0
06-17 12:23:58.634 D/EGL_emulation( 7132): app_time_stats: avg=16.86ms min=9.33ms max=31.57ms count=60
06-17 12:23:58.659 I/CatalogCloudSync( 7132): sync_events_apply domain=catalog remoteSuppliers=0 remoteCategories=0 remoteProducts=0 applied=0
06-17 12:23:58.757 I/CatalogCloudSync( 7132): sync_events_apply domain=catalog_prices remoteProductIds=3 remotePrices=0 pricesPulled=0 pricesSkippedNoProductRef=0
06-17 12:23:58.915 I/CatalogCloudSync( 7132): sync_events_apply domain=catalog remoteSuppliers=0 remoteCategories=0 remoteProducts=0 applied=0
06-17 12:23:59.009 I/CatalogCloudSync( 7132): sync_events_apply domain=catalog_prices remoteProductIds=1 remotePrices=0 pricesPulled=0 pricesSkippedNoProductRef=0
06-17 12:23:59.096 I/CatalogCloudSync( 7132): sync_events_apply domain=catalog remoteSuppliers=0 remoteCategories=0 remoteProducts=0 applied=0
06-17 12:23:59.208 I/CatalogCloudSync( 7132): sync_events_apply domain=catalog_prices remoteProductIds=1 remotePrices=0 pricesPulled=0 pricesSkippedNoProductRef=0
06-17 12:23:59.307 I/HalDevMgr(  605): bestIfaceCreationProposal is null, requestIface=STA, existingIface=[name=wlan0 type=STA]
06-17 12:23:59.309 D/IpClient/wlan0(  996): interfaceLinkStateChanged: ifindex 16 up
06-17 12:23:59.311 I/CatalogCloudSync( 7132): sync_events_apply domain=prices remotePrices=0 pricesPulled=0 pricesSkippedNoProductRef=0
06-17 12:23:59.314 D/IpClient/wlan0(  996): interfaceLinkStateChanged: ifindex 16 up
06-17 12:23:59.611 I/CatalogCloudSync( 7132): sync_events_apply domain=catalog remoteSuppliers=0 remoteCategories=0 remoteProducts=0 applied=0
06-17 12:23:59.638 D/EGL_emulation( 7132): app_time_stats: avg=3.20ms min=0.97ms max=6.37ms count=61
06-17 12:23:59.709 I/CatalogCloudSync( 7132): sync_events_apply domain=catalog_prices remoteProductIds=3 remotePrices=0 pricesPulled=0 pricesSkippedNoProductRef=0
06-17 12:23:59.796 I/CatalogCloudSync( 7132): sync_events_apply domain=catalog remoteSuppliers=0 remoteCategories=0 remoteProducts=0 applied=0
06-17 12:23:59.962 I/CatalogCloudSync( 7132): sync_events_apply domain=catalog_prices remoteProductIds=1 remotePrices=0 pricesPulled=0 pricesSkippedNoProductRef=0
06-17 12:24:00.005 I/AiAiEcho( 1403): Predicting[0]:  [CONTEXT sampling_count=5 ]
06-17 12:24:00.006 I/AiAiEcho( 1403): EchoTargets: 
06-17 12:24:00.006 I/AiAiEcho( 1403): Filtered by AiAi flag check: 
06-17 12:24:00.006 I/AiAiEcho( 1403): [CONTEXT ratelimit_period="10 SECONDS" ]
06-17 12:24:00.006 I/AiAiEcho( 1403): Ranked targets strategy: SORT, count: 0, ranking metadata:  [CONTEXT ratelimit_period="10 SECONDS" ]
06-17 12:24:00.006 I/AiAiEcho( 1403): #remoteViewsTwiddler: feature disabled.
06-17 12:24:00.006 I/AiAiEcho( 1403): Predicting[0]:  [CONTEXT sampling_count=5 ]
06-17 12:24:00.006 I/AiAiEcho( 1403): EchoTargets: 
06-17 12:24:00.006 I/AiAiEcho( 1403): Filtered by AiAi flag check: 
06-17 12:24:00.006 I/AiAiEcho( 1403): [CONTEXT ratelimit_period="10 SECONDS" ]
06-17 12:24:00.006 I/AiAiEcho( 1403): Ranked targets strategy: SORT, count: 0, ranking metadata:  [CONTEXT ratelimit_period="10 SECONDS" ]
06-17 12:24:00.006 I/AiAiEcho( 1403): #remoteViewsTwiddler: feature disabled.
06-17 12:24:00.006 I/AiAiEcho( 1403): #postPredictionTargets: Sending updates to UISurface lockscreen with targets# 0 (types=[])
06-17 12:24:00.007 W/PageIndicator(  889): Total number of pages invalid: 0. Assuming 1 page.
06-17 12:24:00.007 I/AiAiEcho( 1403): #postPredictionTargets: Sending updates to UISurface home with targets# 0 (types=[])
06-17 12:24:00.007 D/SsBaseTemplateCard( 1200): No text view can be set up
06-17 12:24:00.007 D/SsBaseTemplateCard( 1200): Passed-in item info is null
06-17 12:24:00.008 D/SsBaseTemplateCard( 1200): Passed-in item info is null
06-17 12:24:00.008 D/SsBaseTemplateCard( 1200): Passed-in item info is null
06-17 12:24:00.008 I/SsBaseTemplateCard( 1200): Secondary card pane is null
06-17 12:24:00.038 D/EGL_emulation(  889): app_time_stats: avg=4786.70ms min=4786.70ms max=4786.70ms count=1
06-17 12:24:00.055 D/ProfileInstaller( 7132): Installing profile for com.example.merchandisecontrolsplitview
06-17 12:24:00.061 I/CatalogCloudSync( 7132): sync_events_apply domain=catalog remoteSuppliers=0 remoteCategories=0 remoteProducts=0 applied=0
06-17 12:24:00.157 I/CatalogCloudSync( 7132): sync_events_apply domain=catalog_prices remoteProductIds=1 remotePrices=0 pricesPulled=0 pricesSkippedNoProductRef=0
06-17 12:24:00.479 I/CatalogCloudSync( 7132): sync_events_apply domain=catalog remoteSuppliers=0 remoteCategories=0 remoteProducts=0 applied=0
06-17 12:24:00.574 I/CatalogCloudSync( 7132): sync_events_apply domain=catalog_prices remoteProductIds=3 remotePrices=0 pricesPulled=0 pricesSkippedNoProductRef=0
06-17 12:24:00.654 D/EGL_emulation( 7132): app_time_stats: avg=2.65ms min=0.88ms max=6.35ms count=61
06-17 12:24:00.656 I/CatalogCloudSync( 7132): sync_events_apply domain=catalog remoteSuppliers=0 remoteCategories=0 remoteProducts=0 applied=0
06-17 12:24:00.741 I/CatalogCloudSync( 7132): sync_events_apply domain=catalog_prices remoteProductIds=1 remotePrices=0 pricesPulled=0 pricesSkippedNoProductRef=0
06-17 12:24:00.826 I/CatalogCloudSync( 7132): sync_events_apply domain=catalog remoteSuppliers=0 remoteCategories=0 remoteProducts=0 applied=0
06-17 12:24:01.013 I/CatalogCloudSync( 7132): sync_events_apply domain=catalog_prices remoteProductIds=1 remotePrices=0 pricesPulled=0 pricesSkippedNoProductRef=0
06-17 12:24:01.307 I/NearbyMediums( 1144): No BLE Fast/GATT advertisements found in the latest cycle.
06-17 12:24:01.307 I/NearbyMediums( 1144): Current Tracked Scanning Clients are : {NearbyConnections.EnvironmentMonitor, NearbySharing, NearbyConnections.TxAdvertisement}
06-17 12:24:01.324 I/CatalogCloudSync( 7132): sync_events_apply domain=catalog remoteSuppliers=0 remoteCategories=0 remoteProducts=0 applied=0
06-17 12:24:01.622 I/CatalogCloudSync( 7132): sync_events_apply domain=catalog_prices remoteProductIds=3 remotePrices=0 pricesPulled=0 pricesSkippedNoProductRef=0
06-17 12:24:01.672 D/EGL_emulation( 7132): app_time_stats: avg=3.42ms min=1.16ms max=9.21ms count=61
06-17 12:24:01.721 I/CatalogCloudSync( 7132): sync_events_apply domain=prices remotePrices=0 pricesPulled=0 pricesSkippedNoProductRef=0
06-17 12:24:01.824 I/CatalogCloudSync( 7132): sync_events_apply domain=prices remotePrices=0 pricesPulled=0 pricesSkippedNoProductRef=0
06-17 12:24:02.174 I/CatalogCloudSync( 7132): sync_events_apply domain=catalog remoteSuppliers=0 remoteCategories=0 remoteProducts=0 applied=0
06-17 12:24:02.278 I/CatalogCloudSync( 7132): sync_events_apply domain=catalog_prices remoteProductIds=3 remotePrices=0 pricesPulled=0 pricesSkippedNoProductRef=0
06-17 12:24:02.312 I/HalDevMgr(  605): bestIfaceCreationProposal is null, requestIface=STA, existingIface=[name=wlan0 type=STA]
06-17 12:24:02.372 D/BoundBrokerSvc( 1144): onUnbind: Intent { act=com.google.android.gms.scheduler.ACTION_PROXY_SCHEDULE_SINGLE_USER dat=chimera-action:/... cmp=com.google.android.gms/.chimera.PersistentSingleUserInternalApiService }
06-17 12:24:02.380 I/CatalogCloudSync( 7132): sync_events_apply domain=catalog remoteSuppliers=0 remoteCategories=0 remoteProducts=0 applied=0
06-17 12:24:02.577 I/CatalogCloudSync( 7132): sync_events_apply domain=catalog_prices remoteProductIds=1 remotePrices=0 pricesPulled=0 pricesSkippedNoProductRef=0
06-17 12:24:02.678 I/CatalogCloudSync( 7132): sync_events_apply domain=catalog remoteSuppliers=0 remoteCategories=0 remoteProducts=0 applied=0
06-17 12:24:02.687 D/EGL_emulation( 7132): app_time_stats: avg=3.15ms min=0.90ms max=6.40ms count=61
06-17 12:24:02.792 I/CatalogCloudSync( 7132): sync_events_apply domain=catalog_prices remoteProductIds=1 remotePrices=0 pricesPulled=0 pricesSkippedNoProductRef=0
06-17 12:24:03.108 I/CatalogCloudSync( 7132): sync_events_apply domain=catalog remoteSuppliers=0 remoteCategories=0 remoteProducts=0 applied=0
06-17 12:24:03.195 I/CatalogCloudSync( 7132): sync_events_apply domain=catalog_prices remoteProductIds=3 remotePrices=0 pricesPulled=0 pricesSkippedNoProductRef=0
06-17 12:24:03.292 I/CatalogCloudSync( 7132): sync_events_apply domain=prices remotePrices=0 pricesPulled=0 pricesSkippedNoProductRef=0
06-17 12:24:03.378 I/CatalogCloudSync( 7132): sync_events_apply domain=catalog remoteSuppliers=0 remoteCategories=0 remoteProducts=0 applied=0
06-17 12:24:03.407 W/Settings( 1144): Setting airplane_mode_on has moved from android.provider.Settings.System to android.provider.Settings.Global, returning read-only value.
06-17 12:24:03.408 W/SystemServiceRegistry( 1144): No service published for: wifirtt
06-17 12:24:03.473 I/CatalogCloudSync( 7132): sync_events_apply domain=catalog_prices remoteProductIds=1 remotePrices=0 pricesPulled=0 pricesSkippedNoProductRef=0
06-17 12:24:03.628 I/CatalogCloudSync( 7132): sync_events_apply domain=catalog remoteSuppliers=0 remoteCategories=0 remoteProducts=0 applied=0
06-17 12:24:03.687 D/EGL_emulation( 7132): app_time_stats: avg=2.98ms min=1.05ms max=9.20ms count=60
06-17 12:24:03.723 I/CatalogCloudSync( 7132): sync_events_apply domain=catalog_prices remoteProductIds=1 remotePrices=0 pricesPulled=0 pricesSkippedNoProductRef=0
06-17 12:24:04.189 D/WifiNl80211Manager(  605): Scan result ready event
06-17 12:24:04.189 D/WifiNative(  605): Scan result ready event
06-17 12:24:04.190 I/WifiScanner( 1144): onFullResults
06-17 12:24:04.190 I/WifiScanner( 1144): onFullResults
06-17 12:24:04.190 I/WifiScanner( 1144): onFullResults
06-17 12:24:04.195 I/HalDevMgr(  605): bestIfaceCreationProposal is null, requestIface=STA, existingIface=[name=wlan0 type=STA]
06-17 12:24:04.196 I/ActivityScheduler( 1144): nextTriggerTime: 58543743, in 120996ms, detectorType: 39, FULL_TYPE alarmWindowMillis: 80000
06-17 12:24:04.197 W/AlarmManager( 1144): alarm window unlikely to be respected [CONTEXT service_id=231 ]
06-17 12:24:04.197 W/AlarmManager( 1144): java.lang.IllegalArgumentException: alarm "NetworkLocationActivityDetection" has short window length
06-17 12:24:04.197 W/AlarmManager( 1144): 	at dayx.c(:com.google.android.gms@262333035@26.23.33 (260400-930780430):38)
06-17 12:24:04.197 W/AlarmManager( 1144): 	at dayw.c(:com.google.android.gms@262333035@26.23.33 (260400-930780430):18)
06-17 12:24:04.197 W/AlarmManager( 1144): 	at gxwr.b(:com.google.android.gms@262333035@26.23.33 (260400-930780430):132)
06-17 12:24:04.197 W/AlarmManager( 1144): 	at gvvy.v(:com.google.android.gms@262333035@26.23.33 (260400-930780430):61)
06-17 12:24:04.197 W/AlarmManager( 1144): 	at gvxq.q(:com.google.android.gms@262333035@26.23.33 (260400-930780430):136)
06-17 12:24:04.197 W/AlarmManager( 1144): 	at gvxq.W(:com.google.android.gms@262333035@26.23.33 (260400-930780430):11)
06-17 12:24:04.197 W/AlarmManager( 1144): 	at gvwg.m(:com.google.android.gms@262333035@26.23.33 (260400-930780430):15)
06-17 12:24:04.197 W/AlarmManager( 1144): 	at gyeb.m(:com.google.android.gms@262333035@26.23.33 (260400-930780430):22)
06-17 12:24:04.197 W/AlarmManager( 1144): 	at gxvc.run(:com.google.android.gms@262333035@26.23.33 (260400-930780430):9)
06-17 12:24:04.197 W/AlarmManager( 1144): 	at gxvo.handleMessage(:com.google.android.gms@262333035@26.23.33 (260400-930780430):87)
06-17 12:24:04.197 W/AlarmManager( 1144): 	at android.os.Handler.dispatchMessage(Handler.java:107)
06-17 12:24:04.197 W/AlarmManager( 1144): 	at dcus.mF(:com.google.android.gms@262333035@26.23.33 (260400-930780430):1)
06-17 12:24:04.197 W/AlarmManager( 1144): 	at dcus.dispatchMessage(:com.google.android.gms@262333035@26.23.33 (260400-930780430):148)
06-17 12:24:04.197 W/AlarmManager( 1144): 	at android.os.Looper.loopOnce(Looper.java:232)
06-17 12:24:04.197 W/AlarmManager( 1144): 	at android.os.Looper.loop(Looper.java:317)
06-17 12:24:04.197 W/AlarmManager( 1144): 	at android.os.HandlerThread.run(HandlerThread.java:85)
06-17 12:24:04.691 D/EGL_emulation( 7132): app_time_stats: avg=3.77ms min=1.33ms max=6.98ms count=60
06-17 12:24:04.726 D/ActivityManager(  605): freezing 5698 com.google.android.googlequicksearchbox:googleapp
06-17 12:24:05.315 I/HalDevMgr(  605): bestIfaceCreationProposal is null, requestIface=STA, existingIface=[name=wlan0 type=STA]
06-17 12:24:05.322 D/IpClient/wlan0(  996): interfaceLinkStateChanged: ifindex 16 up
06-17 12:24:05.325 D/IpClient/wlan0(  996): interfaceLinkStateChanged: ifindex 16 up
06-17 12:24:05.397 D/WifiNl80211Manager(  605): Scan result ready event
06-17 12:24:05.397 D/WifiNative(  605): Scan result ready event
06-17 12:24:05.398 I/WifiScanner( 1144): onFullResults
06-17 12:24:05.399 I/WifiScanner( 1144): onFullResults
06-17 12:24:05.402 I/HalDevMgr(  605): bestIfaceCreationProposal is null, requestIface=STA, existingIface=[name=wlan0 type=STA]
06-17 12:24:05.554 I/CatalogCloudSync( 7132): sync_events_apply domain=catalog remoteSuppliers=0 remoteCategories=0 remoteProducts=0 applied=0
06-17 12:24:05.705 D/EGL_emulation( 7132): app_time_stats: avg=3.03ms min=0.71ms max=8.42ms count=61
06-17 12:24:05.729 I/CatalogCloudSync( 7132): sync_events_apply domain=catalog_prices remoteProductIds=3 remotePrices=0 pricesPulled=0 pricesSkippedNoProductRef=0
06-17 12:24:05.815 I/CatalogCloudSync( 7132): sync_events_apply domain=catalog remoteSuppliers=0 remoteCategories=0 remoteProducts=0 applied=0
06-17 12:24:05.914 I/CatalogCloudSync( 7132): sync_events_apply domain=catalog_prices remoteProductIds=1 remotePrices=0 pricesPulled=0 pricesSkippedNoProductRef=0
06-17 12:24:06.012 I/CatalogCloudSync( 7132): sync_events_apply domain=catalog remoteSuppliers=0 remoteCategories=0 remoteProducts=0 applied=0
06-17 12:24:06.113 I/CatalogCloudSync( 7132): sync_events_apply domain=catalog_prices remoteProductIds=1 remotePrices=0 pricesPulled=0 pricesSkippedNoProductRef=0
06-17 12:24:06.405 I/adbd    (  465): adbd service requested 'shell,v2,raw:dumpsys package com.google.android.gms'
06-17 12:24:06.448 I/CatalogCloudSync( 7132): sync_events_apply domain=catalog remoteSuppliers=0 remoteCategories=0 remoteProducts=0 applied=0
06-17 12:24:06.452 I/artd    (  727): GetBestInfo: odex next to the dex file (/data/app/~~RBqLWa4IHxAvM1EDn2acWA==/com.google.android.gms--6rwsmYaGwERs-rlQ1V3rA==/oat/arm64/base.odex) is kOatBootImageOutOfDate with filter 'speed-profile' executable 'false': Image checksum mismatch, expected i;28/6d8ebc32 to start with i;28/fd0aebae
06-17 12:24:06.454 I/artd    (  727): GetBestInfo: vdex next to the dex file (/data/app/~~RBqLWa4IHxAvM1EDn2acWA==/com.google.android.gms--6rwsmYaGwERs-rlQ1V3rA==/oat/arm64/base.vdex) is kOatUpToDate with filter 'verify' executable 'false'
06-17 12:24:06.454 I/artd    (  727): GetBestInfo: dm (/data/app/~~RBqLWa4IHxAvM1EDn2acWA==/com.google.android.gms--6rwsmYaGwERs-rlQ1V3rA==/split_AdsDynamite_installtime.dm) is kOatUpToDate with filter 'verify' executable 'false'
06-17 12:24:06.455 I/artd    (  727): GetBestInfo: odex next to the dex file (/data/app/~~RBqLWa4IHxAvM1EDn2acWA==/com.google.android.gms--6rwsmYaGwERs-rlQ1V3rA==/oat/arm64/split_CronetDynamite_installtime.odex) is kOatBootImageOutOfDate with filter 'speed-profile' executable 'false': Image checksum mismatch, expected i;28/6d8ebc32 to start with i;28/fd0aebae
06-17 12:24:06.456 I/artd    (  727): GetBestInfo: vdex next to the dex file (/data/app/~~RBqLWa4IHxAvM1EDn2acWA==/com.google.android.gms--6rwsmYaGwERs-rlQ1V3rA==/oat/arm64/split_CronetDynamite_installtime.vdex) is kOatUpToDate with filter 'verify' executable 'false'
06-17 12:24:06.458 I/artd    (  727): GetBestInfo: dm (/data/app/~~RBqLWa4IHxAvM1EDn2acWA==/com.google.android.gms--6rwsmYaGwERs-rlQ1V3rA==/split_DynamiteLoader_installtime.dm) is kOatUpToDate with filter 'verify' executable 'false'
06-17 12:24:06.458 I/artd    (  727): GetBestInfo: dm (/data/app/~~RBqLWa4IHxAvM1EDn2acWA==/com.google.android.gms--6rwsmYaGwERs-rlQ1V3rA==/split_DynamiteModulesA_installtime.dm) is kOatUpToDate with filter 'verify' executable 'false'
06-17 12:24:06.458 I/artd    (  727): GetBestInfo: dm (/data/app/~~RBqLWa4IHxAvM1EDn2acWA==/com.google.android.gms--6rwsmYaGwERs-rlQ1V3rA==/split_DynamiteModulesC_installtime.dm) is kOatUpToDate with filter 'verify' executable 'false'
06-17 12:24:06.460 I/artd    (  727): GetBestInfo: dm (/data/app/~~RBqLWa4IHxAvM1EDn2acWA==/com.google.android.gms--6rwsmYaGwERs-rlQ1V3rA==/split_GoogleCertificates_installtime.dm) is kOatUpToDate with filter 'verify' executable 'false'
06-17 12:24:06.460 I/artd    (  727): GetBestInfo: dm (/data/app/~~RBqLWa4IHxAvM1EDn2acWA==/com.google.android.gms--6rwsmYaGwERs-rlQ1V3rA==/split_MapsDynamite_installtime.dm) is kOatUpToDate with filter 'verify' executable 'false'
06-17 12:24:06.461 I/artd    (  727): GetBestInfo: dm (/data/app/~~RBqLWa4IHxAvM1EDn2acWA==/com.google.android.gms--6rwsmYaGwERs-rlQ1V3rA==/split_MeasurementDynamite_installtime.dm) is kOatUpToDate with filter 'verify' executable 'false'
06-17 12:24:06.461 I/artd    (  727): GetBestInfo: /data/user_de/0/com.google.android.gms/app_chimera/m/0000002a/dl-MlkitBarcodeUi.optional_261733100400.apk has no usable artifacts
06-17 12:24:06.461 I/artd    (  727): GetBestInfo: /data/user_de/0/com.google.android.gms/app_chimera/m/00000035/dl-VisionOcr.optional_261933100000.apk has no usable artifacts
06-17 12:24:06.461 I/artd    (  727): GetBestInfo: /data/user_de/0/com.google.android.gms/app_chimera/m/00000001/CronetDynamite.uncompressed.apk has no usable artifacts
