06-17 12:45:56.480   727   751 I artd    : GetBestInfo: /data/user_de/0/com.google.android.gms/app_chimera/m/0000001f/dl-IdentityCredentialsPlacebo.optional_261631100400.apk has no usable artifacts
06-17 12:45:56.480   727   751 I artd    : GetBestInfo: /data/user_de/0/com.google.android.gms/app_chimera/m/00000034/dl-IdentityCredentialsPlatform.optional_261933100400.apk has no usable artifacts
06-17 12:45:56.481   727   732 I artd    : GetBestInfo: /data/user_de/0/com.google.android.gms/app_chimera/m/00000019/dl-MlkitOcrCommon.optional_261631100400.apk has no usable artifacts
06-17 12:45:56.481   727   732 I artd    : GetBestInfo: /data/user/0/com.google.android.gms/app_dg_cache/A8F89F306FD1BA172E06F6F2B9F79826D0309BB6/the.apk has no usable artifacts
06-17 12:45:56.481   727   751 I artd    : GetBestInfo: /data/user/0/com.google.android.gms/app_dg_cache/707FFD883BF2A7896692338F9625CA52336E933B/the.apk has no usable artifacts
06-17 12:45:56.637  8823  8846 I CatalogCloudSync: sync_events_apply domain=catalog_prices remoteProductIds=1 remotePrices=0 pricesPulled=0 pricesSkippedNoProductRef=0
06-17 12:45:56.720  8823  8845 I CatalogCloudSync: sync_events_apply domain=prices remotePrices=0 pricesPulled=0 pricesSkippedNoProductRef=0
06-17 12:45:56.889  1144  8748 I NearbySharing: Network state changed: NetworkState(isRestricted=false, isOnline=true, isCongested=false, isMetered=false, isWifiConnected=true)
06-17 12:45:56.890  1144  8748 I NearbySharing: Network state changed: NetworkState(isRestricted=false, isOnline=true, isCongested=false, isMetered=false, isWifiConnected=true)
06-17 12:45:56.979  8823  8838 I CatalogCloudSync: sync_events_apply domain=catalog remoteSuppliers=0 remoteCategories=0 remoteProducts=0 applied=0
06-17 12:45:57.062  8823  8847 I CatalogCloudSync: sync_events_apply domain=catalog_prices remoteProductIds=1 remotePrices=0 pricesPulled=0 pricesSkippedNoProductRef=0
06-17 12:45:57.164  8823  8840 I CatalogCloudSync: sync_events_apply domain=prices remotePrices=0 pricesPulled=0 pricesSkippedNoProductRef=0
06-17 12:45:57.173  8823  8850 D EGL_emulation: app_time_stats: avg=2.68ms min=0.78ms max=9.21ms count=60
06-17 12:45:57.430  8823  8840 I CatalogCloudSync: sync_events_apply domain=catalog remoteSuppliers=0 remoteCategories=0 remoteProducts=0 applied=0
06-17 12:45:57.482   851   851 I wpa_supplicant: wlan0: CTRL-EVENT-BEACON-LOSS 
06-17 12:45:57.557  8823  8840 I CatalogCloudSync: sync_events_apply domain=catalog_prices remoteProductIds=1 remotePrices=0 pricesPulled=0 pricesSkippedNoProductRef=0
06-17 12:45:57.658  8823  8840 I CatalogCloudSync: sync_events_apply domain=prices remotePrices=0 pricesPulled=0 pricesSkippedNoProductRef=0
06-17 12:45:57.997  8823  8840 I CatalogCloudSync: sync_events_apply domain=catalog remoteSuppliers=0 remoteCategories=0 remoteProducts=0 applied=0
06-17 12:45:58.096  8823  8847 I CatalogCloudSync: sync_events_apply domain=catalog_prices remoteProductIds=1 remotePrices=0 pricesPulled=0 pricesSkippedNoProductRef=0
06-17 12:45:58.177  8823  8850 D EGL_emulation: app_time_stats: avg=2.62ms min=1.07ms max=6.72ms count=60
06-17 12:45:58.190  8823  8847 I CatalogCloudSync: sync_events_apply domain=prices remotePrices=0 pricesPulled=0 pricesSkippedNoProductRef=0
06-17 12:45:58.478  8823  8838 I CatalogCloudSync: sync_events_apply domain=catalog remoteSuppliers=0 remoteCategories=0 remoteProducts=0 applied=0
06-17 12:45:58.562  8823  8838 I CatalogCloudSync: sync_events_apply domain=catalog_prices remoteProductIds=1 remotePrices=0 pricesPulled=0 pricesSkippedNoProductRef=0
06-17 12:45:58.642  8823  8845 I CatalogCloudSync: sync_events_apply domain=prices remotePrices=0 pricesPulled=0 pricesSkippedNoProductRef=0
06-17 12:45:58.895  8823  8845 I CatalogCloudSync: sync_events_apply domain=catalog remoteSuppliers=0 remoteCategories=0 remoteProducts=0 applied=0
06-17 12:45:58.991  8823  8845 I CatalogCloudSync: sync_events_apply domain=catalog_prices remoteProductIds=1 remotePrices=0 pricesPulled=0 pricesSkippedNoProductRef=0
06-17 12:45:59.080  8823  8847 I CatalogCloudSync: sync_events_apply domain=prices remotePrices=0 pricesPulled=0 pricesSkippedNoProductRef=0
06-17 12:45:59.186  8823  8850 D EGL_emulation: app_time_stats: avg=2.72ms min=0.89ms max=7.58ms count=61
06-17 12:45:59.362  8823  8844 I CatalogCloudSync: sync_events_apply domain=catalog remoteSuppliers=0 remoteCategories=0 remoteProducts=0 applied=0
06-17 12:45:59.392   605   772 I HalDevMgr: bestIfaceCreationProposal is null, requestIface=STA, existingIface=[name=wlan0 type=STA]
06-17 12:45:59.397  1144  1335 I NullBinder: NullBinder for android.net.action.RECOMMEND_NETWORKS triggering remote TransactionTooLargeException due to Service without Chimera impl, calling uid: 1000, calling pid: 0
06-17 12:45:59.398  1144  1335 W .gms.persistent: Large reply transaction of 1056768 bytes, interface descriptor , code 1
06-17 12:45:59.400   605   778 W IPCThreadState: Sending oneway calls to frozen process.
06-17 12:45:59.401   605   778 W IPCThreadState: Sending oneway calls to frozen process.
06-17 12:45:59.401   605   778 W IPCThreadState: Sending oneway calls to frozen process.
06-17 12:45:59.401   605   778 W IPCThreadState: Sending oneway calls to frozen process.
06-17 12:45:59.401   605   778 W IPCThreadState: Sending oneway calls to frozen process.
06-17 12:45:59.401   605   778 W IPCThreadState: Sending oneway calls to frozen process.
06-17 12:45:59.401   605   778 W IPCThreadState: Sending oneway calls to frozen process.
06-17 12:45:59.401   605   778 W IPCThreadState: Sending oneway calls to frozen process.
06-17 12:45:59.401   605   778 W IPCThreadState: Sending oneway calls to frozen process.
06-17 12:45:59.405   605   778 D ConnectivityService: NetReassign [no changes] [c 0] [a 2] [i 1]
06-17 12:45:59.405  1144  1144 I MagicTether: (REDACTED) [ActiveNetworkTracker] setActiveNetwork: %s
06-17 12:45:59.405  1144  1144 I MagicTether: (REDACTED) [TetherService] onActiveNetworkChanged: network=%s isLost=%s
06-17 12:45:59.406  1144  8908 I NearbyMediums: Wifi changed new SSID: "AndroidWifi"
06-17 12:45:59.406  1144  8908 I NearbyMediums: WifiLanConnectivityInfo is not changed, skip notify.
06-17 12:45:59.406  1144  8911 I MagicTether: [WifiConnectionHandler] Ignoring getWifiConfigurationByNetworkId when checking connected state [CONTEXT service_id=276 ]
06-17 12:45:59.406  1144  8911 I MagicTether: [WifiConnectionHandler] No networkId set, can't be connected. [CONTEXT service_id=276 ]
06-17 12:45:59.407  1144  8911 I MagicTether: (REDACTED) [TetherService] TRANSPORT_CELLULAR [%s], TRANSPORT_ETHERNET [%s], TRANSPORT_WIFI [%s]
06-17 12:45:59.408  1144  8911 I MagicTether: (REDACTED) [TetherService] setRoles hasActiveNetworkConnection=%s canActiveNetworkBeTethered=%s isConnectedToInstantTether=%s isWifiEnabled=%s isHosting=%s
06-17 12:45:59.409  1144  1144 I MagicTether: (REDACTED) [LaunchUtils] Instant Wifi for status account: name: %s | type: %s | isLaunched: %s
06-17 12:45:59.412  1144  1144 I MagicTether: (REDACTED) [TidepoolFeatureStatusManager] isInstantHotspotEnabled=%s
06-17 12:45:59.412  1144  1144 I MagicTether: (REDACTED) [TidepoolFeatureStatusManager] isInstantWifiEnabled=%s
06-17 12:45:59.412  1144  1144 I MagicTether: (REDACTED) [TetherService] startNearbyHostRole: start: %s isInstantHotspotEnabled: %s isInstantWifiEnabled: %s
06-17 12:45:59.412  1144  1144 I MagicTether: [HostTetherRole] Nearby host role already stopped [CONTEXT service_id=276 ]
06-17 12:45:59.413  1144  1144 I MagicTether: (REDACTED) [LaunchUtils] Instant Wifi for status account: name: %s | type: %s | isLaunched: %s
06-17 12:45:59.413  1144  1144 I MagicTether: (REDACTED) [TidepoolFeatureStatusManager] isInstantHotspotEnabled=%s
06-17 12:45:59.413  1144  1144 I MagicTether: (REDACTED) [TidepoolFeatureStatusManager] isInstantWifiEnabled=%s
06-17 12:45:59.413  1144  1144 I MagicTether: (REDACTED) [TetherService] startNearbyClientRole: start: %s isInstantHotspotEnabled: %s isInstantWifiEnabled: %s
06-17 12:45:59.413  1144  1144 I MagicTether: [TetherService] Stopping Nearby client role [CONTEXT service_id=276 ]
06-17 12:45:59.413  1144  1144 I MagicTether: [ClientTetherRole] Client role already stopped [CONTEXT service_id=276 ]
06-17 12:45:59.413  1144  1144 I MagicTether: (REDACTED) [NotificationPresenter] cancelNotification: %d
06-17 12:45:59.413  1144  1144 I MagicTether: [AutoDisconnectIntentOperation] Canceling task. [CONTEXT service_id=276 ]
06-17 12:45:59.414  1144  8687 I MagicTether: [AutoDisconnectIntentOperation] Canceling task. [CONTEXT service_id=276 ]
06-17 12:45:59.414  1144  8687 I MagicTether: (REDACTED) [NotificationPresenter] cancelNotification: %d
06-17 12:45:59.415  1144  8698 I MagicTether: [AutoDisconnectIntentOperation] Canceling task. [CONTEXT service_id=276 ]
06-17 12:45:59.415  1144  8698 I MagicTether: (REDACTED) [NotificationPresenter] cancelNotification: %d
06-17 12:45:59.440   605   617 W System  : A resource failed to call release. 
06-17 12:45:59.454  8823  8844 I CatalogCloudSync: sync_events_apply domain=catalog_prices remoteProductIds=1 remotePrices=0 pricesPulled=0 pricesSkippedNoProductRef=0
06-17 12:45:59.532  8823  8841 I CatalogCloudSync: sync_events_apply domain=prices remotePrices=0 pricesPulled=0 pricesSkippedNoProductRef=0
06-17 12:45:59.815  8823  8841 I CatalogCloudSync: sync_events_apply domain=catalog remoteSuppliers=0 remoteCategories=0 remoteProducts=0 applied=0
06-17 12:45:59.901  1144  8909 I NearbySharing: Network state changed: NetworkState(isRestricted=false, isOnline=true, isCongested=false, isMetered=false, isWifiConnected=true)
06-17 12:45:59.902  1144  8908 I NearbySharing: Network state changed: NetworkState(isRestricted=false, isOnline=true, isCongested=false, isMetered=false, isWifiConnected=true)
06-17 12:45:59.907  8823  8847 I CatalogCloudSync: sync_events_apply domain=catalog_prices remoteProductIds=1 remotePrices=0 pricesPulled=0 pricesSkippedNoProductRef=0
06-17 12:46:00.007  1403  1601 I AiAiEcho: Predicting[0]:  [CONTEXT sampling_count=5 ]
06-17 12:46:00.007  1403  1601 I AiAiEcho: EchoTargets: 
06-17 12:46:00.007  1403  1601 I AiAiEcho: Filtered by AiAi flag check: 
06-17 12:46:00.007  1403  1601 I AiAiEcho: [CONTEXT ratelimit_period="10 SECONDS" ]
06-17 12:46:00.007  1403  1601 I AiAiEcho: Ranked targets strategy: SORT, count: 0, ranking metadata:  [CONTEXT ratelimit_period="10 SECONDS" ]
06-17 12:46:00.008  1403  1601 I AiAiEcho: #remoteViewsTwiddler: feature disabled.
06-17 12:46:00.008  1403  1601 I AiAiEcho: Predicting[0]:  [CONTEXT sampling_count=5 ]
06-17 12:46:00.008  1403  1601 I AiAiEcho: EchoTargets: 
06-17 12:46:00.008  1403  1601 I AiAiEcho: Filtered by AiAi flag check: 
06-17 12:46:00.008  1403  1601 I AiAiEcho: [CONTEXT ratelimit_period="10 SECONDS" ]
06-17 12:46:00.008  1403  1601 I AiAiEcho: Ranked targets strategy: SORT, count: 0, ranking metadata:  [CONTEXT ratelimit_period="10 SECONDS" ]
06-17 12:46:00.008  1403  1601 I AiAiEcho: #remoteViewsTwiddler: feature disabled.
06-17 12:46:00.008  1403  1601 I AiAiEcho: #postPredictionTargets: Sending updates to UISurface lockscreen with targets# 0 (types=[])
06-17 12:46:00.008   889   889 W PageIndicator: Total number of pages invalid: 0. Assuming 1 page.
06-17 12:46:00.008  1403  1601 I AiAiEcho: #postPredictionTargets: Sending updates to UISurface home with targets# 0 (types=[])
06-17 12:46:00.009  1200  1200 D SsBaseTemplateCard: No text view can be set up
06-17 12:46:00.009  1200  1200 D SsBaseTemplateCard: Passed-in item info is null
06-17 12:46:00.009  1200  1200 D SsBaseTemplateCard: Passed-in item info is null
06-17 12:46:00.009  1200  1200 D SsBaseTemplateCard: Passed-in item info is null
06-17 12:46:00.009  1200  1200 I SsBaseTemplateCard: Secondary card pane is null
06-17 12:46:00.026  8823  8847 I CatalogCloudSync: sync_events_apply domain=prices remotePrices=0 pricesPulled=0 pricesSkippedNoProductRef=0
06-17 12:46:00.041   889  1015 D EGL_emulation: app_time_stats: avg=4076.81ms min=13.13ms max=40621.86ms count=10
06-17 12:46:00.126  8823  8838 I CatalogCloudSync: sync_events_apply domain=prices remotePrices=0 pricesPulled=0 pricesSkippedNoProductRef=0
06-17 12:46:00.203  8823  8850 D EGL_emulation: app_time_stats: avg=2.47ms min=0.81ms max=6.46ms count=61
06-17 12:46:00.378  8823  8841 I CatalogCloudSync: sync_events_apply domain=catalog remoteSuppliers=0 remoteCategories=0 remoteProducts=0 applied=0
06-17 12:46:00.464  8823  8847 I CatalogCloudSync: sync_events_apply domain=catalog_prices remoteProductIds=1 remotePrices=0 pricesPulled=0 pricesSkippedNoProductRef=0
06-17 12:46:00.725  8823  8845 I CatalogCloudSync: sync_events_apply domain=catalog remoteSuppliers=0 remoteCategories=0 remoteProducts=0 applied=0
06-17 12:46:00.811  8823  8841 I CatalogCloudSync: sync_events_apply domain=catalog_prices remoteProductIds=1 remotePrices=0 pricesPulled=0 pricesSkippedNoProductRef=0
06-17 12:46:01.079  8823  8844 I CatalogCloudSync: sync_events_apply domain=catalog remoteSuppliers=0 remoteCategories=0 remoteProducts=0 applied=0
06-17 12:46:01.159  8823  8840 I CatalogCloudSync: sync_events_apply domain=catalog_prices remoteProductIds=3 remotePrices=0 pricesPulled=0 pricesSkippedNoProductRef=0
06-17 12:46:01.208  8823  8850 D EGL_emulation: app_time_stats: avg=2.25ms min=1.14ms max=4.28ms count=60
06-17 12:46:01.247  8823  8845 I CatalogCloudSync: sync_events_apply domain=prices remotePrices=0 pricesPulled=0 pricesSkippedNoProductRef=0
06-17 12:46:01.510  8823  8845 I CatalogCloudSync: sync_events_apply domain=catalog remoteSuppliers=0 remoteCategories=0 remoteProducts=0 applied=0
06-17 12:46:01.532  1144  8908 I NearbyMediums: No BLE Fast/GATT advertisements found in the latest cycle.
06-17 12:46:01.532  1144  8908 I NearbyMediums: Current Tracked Scanning Clients are : {NearbyConnections.EnvironmentMonitor, NearbySharing, NearbyConnections.TxAdvertisement}
06-17 12:46:01.591  8823  8841 I CatalogCloudSync: sync_events_apply domain=catalog_prices remoteProductIds=2 remotePrices=0 pricesPulled=0 pricesSkippedNoProductRef=0
06-17 12:46:01.676  8823  8841 I CatalogCloudSync: sync_events_apply domain=prices remotePrices=0 pricesPulled=0 pricesSkippedNoProductRef=0
06-17 12:46:01.759  8823  8838 I CatalogCloudSync: sync_events_apply domain=history remoteSessions=0 applied=0 skipped=0 failed=0 unsupported=0
06-17 12:46:01.814   605  1873 W IPCThreadState: Sending oneway calls to frozen process.
06-17 12:46:01.857  8823  8838 I CatalogCloudSync: sync_events_apply domain=history remoteSessions=0 applied=0 skipped=0 failed=0 unsupported=0
06-17 12:46:01.941  8823  8846 I CatalogCloudSync: sync_events_apply domain=catalog remoteSuppliers=0 remoteCategories=0 remoteProducts=0 applied=0
06-17 12:46:02.025  8823  8840 I CatalogCloudSync: sync_events_apply domain=catalog_prices remoteProductIds=3 remotePrices=0 pricesPulled=0 pricesSkippedNoProductRef=0
06-17 12:46:02.138  8823  8841 I CatalogCloudSync: sync_events_apply domain=prices remotePrices=0 pricesPulled=0 pricesSkippedNoProductRef=0
06-17 12:46:02.220  8823  8850 D EGL_emulation: app_time_stats: avg=2.61ms min=0.83ms max=6.20ms count=61
06-17 12:46:02.399   605   772 I HalDevMgr: bestIfaceCreationProposal is null, requestIface=STA, existingIface=[name=wlan0 type=STA]
06-17 12:46:02.414   996  1124 D IpClient/wlan0: interfaceLinkStateChanged: ifindex 16 up
06-17 12:46:02.415  1144  1144 I MagicTether: (REDACTED) [ActiveNetworkTracker] setActiveNetwork: %s
06-17 12:46:02.415  1144  1144 I MagicTether: (REDACTED) [TetherService] onActiveNetworkChanged: network=%s isLost=%s
06-17 12:46:02.415   605   778 W IPCThreadState: Sending oneway calls to frozen process.
06-17 12:46:02.418   605   778 W IPCThreadState: Sending oneway calls to frozen process.
06-17 12:46:02.418   605   778 W IPCThreadState: Sending oneway calls to frozen process.
06-17 12:46:02.419   605   778 W IPCThreadState: Sending oneway calls to frozen process.
06-17 12:46:02.419   605   778 W IPCThreadState: Sending oneway calls to frozen process.
06-17 12:46:02.419   605   778 W IPCThreadState: Sending oneway calls to frozen process.
06-17 12:46:02.419   605   778 W IPCThreadState: Sending oneway calls to frozen process.
06-17 12:46:02.419  1144  8910 I MagicTether: [WifiConnectionHandler] Ignoring getWifiConfigurationByNetworkId when checking connected state [CONTEXT service_id=276 ]
06-17 12:46:02.420   605   778 W IPCThreadState: Sending oneway calls to frozen process.
06-17 12:46:02.420   996  1124 D IpClient/wlan0: interfaceLinkStateChanged: ifindex 16 up
06-17 12:46:02.420   605   778 W IPCThreadState: Sending oneway calls to frozen process.
06-17 12:46:02.423   996  1124 D IpClient/wlan0: interfaceLinkStateChanged: ifindex 16 up
06-17 12:46:02.423  1144  8910 I MagicTether: [WifiConnectionHandler] No networkId set, can't be connected. [CONTEXT service_id=276 ]
06-17 12:46:02.423   605   778 D ConnectivityService: NetReassign [no changes] [c 0] [a 2] [i 0]
06-17 12:46:02.424  1144  8748 I NearbyMediums: Wifi changed new SSID: "AndroidWifi"
06-17 12:46:02.425  1144  8910 I MagicTether: (REDACTED) [TetherService] TRANSPORT_CELLULAR [%s], TRANSPORT_ETHERNET [%s], TRANSPORT_WIFI [%s]
06-17 12:46:02.427  1144  1335 I NullBinder: NullBinder for android.net.action.RECOMMEND_NETWORKS triggering remote TransactionTooLargeException due to Service without Chimera impl, calling uid: 1000, calling pid: 0
06-17 12:46:02.427  1144  1335 W .gms.persistent: Large reply transaction of 1056768 bytes, interface descriptor , code 1
06-17 12:46:02.427  1144  8910 I MagicTether: (REDACTED) [TetherService] setRoles hasActiveNetworkConnection=%s canActiveNetworkBeTethered=%s isConnectedToInstantTether=%s isWifiEnabled=%s isHosting=%s
06-17 12:46:02.427  1144  8748 I NearbyMediums: WifiLanConnectivityInfo is not changed, skip notify.
06-17 12:46:02.428  1144  1144 I MagicTether: (REDACTED) [LaunchUtils] Instant Wifi for status account: name: %s | type: %s | isLaunched: %s
06-17 12:46:02.428  1144  1144 I MagicTether: (REDACTED) [TidepoolFeatureStatusManager] isInstantHotspotEnabled=%s
06-17 12:46:02.428  1144  1144 I MagicTether: (REDACTED) [TidepoolFeatureStatusManager] isInstantWifiEnabled=%s
06-17 12:46:02.428  1144  1144 I MagicTether: (REDACTED) [TetherService] startNearbyHostRole: start: %s isInstantHotspotEnabled: %s isInstantWifiEnabled: %s
06-17 12:46:02.428  1144  1144 I MagicTether: [HostTetherRole] Nearby host role already stopped [CONTEXT service_id=276 ]
06-17 12:46:02.430  1144  1144 I MagicTether: (REDACTED) [NotificationPresenter] cancelNotification: %d
06-17 12:46:02.430  1144  1144 I MagicTether: [AutoDisconnectIntentOperation] Canceling task. [CONTEXT service_id=276 ]
06-17 12:46:02.432  1144  8917 I MagicTether: [AutoDisconnectIntentOperation] Canceling task. [CONTEXT service_id=276 ]
06-17 12:46:02.433  1144  8917 I MagicTether: (REDACTED) [NotificationPresenter] cancelNotification: %d
06-17 12:46:02.435  1144  8917 I MagicTether: [AutoDisconnectIntentOperation] Canceling task. [CONTEXT service_id=276 ]
06-17 12:46:02.435  1144  8917 I MagicTether: (REDACTED) [NotificationPresenter] cancelNotification: %d
06-17 12:46:02.437  1144  1144 I MagicTether: (REDACTED) [LaunchUtils] Instant Wifi for status account: name: %s | type: %s | isLaunched: %s
06-17 12:46:02.437  1144  1144 I MagicTether: (REDACTED) [TidepoolFeatureStatusManager] isInstantHotspotEnabled=%s
06-17 12:46:02.437  1144  1144 I MagicTether: (REDACTED) [TidepoolFeatureStatusManager] isInstantWifiEnabled=%s
06-17 12:46:02.437  1144  1144 I MagicTether: (REDACTED) [TetherService] startNearbyClientRole: start: %s isInstantHotspotEnabled: %s isInstantWifiEnabled: %s
06-17 12:46:02.438  1144  1144 I MagicTether: [TetherService] Stopping Nearby client role [CONTEXT service_id=276 ]
06-17 12:46:02.438  1144  1144 I MagicTether: [ClientTetherRole] Client role already stopped [CONTEXT service_id=276 ]
06-17 12:46:02.438  8823  8840 I CatalogCloudSync: sync_events_apply domain=catalog remoteSuppliers=0 remoteCategories=0 remoteProducts=0 applied=0
06-17 12:46:02.521  8823  8839 I CatalogCloudSync: sync_events_apply domain=catalog_prices remoteProductIds=1 remotePrices=0 pricesPulled=0 pricesSkippedNoProductRef=0
06-17 12:46:02.805  8823  8840 I CatalogCloudSync: sync_events_apply domain=catalog remoteSuppliers=0 remoteCategories=0 remoteProducts=0 applied=0
06-17 12:46:02.893  8823  8844 I CatalogCloudSync: sync_events_apply domain=catalog_prices remoteProductIds=1 remotePrices=0 pricesPulled=0 pricesSkippedNoProductRef=0
06-17 12:46:02.914  1144  8748 I NearbySharing: Network state changed: NetworkState(isRestricted=false, isOnline=true, isCongested=false, isMetered=false, isWifiConnected=true)
06-17 12:46:02.915  1144  8748 I NearbySharing: Network state changed: NetworkState(isRestricted=false, isOnline=true, isCongested=false, isMetered=false, isWifiConnected=true)
06-17 12:46:03.180  8823  8839 I CatalogCloudSync: sync_events_apply domain=catalog remoteSuppliers=0 remoteCategories=0 remoteProducts=0 applied=0
06-17 12:46:03.221  8823  8850 D EGL_emulation: app_time_stats: avg=2.60ms min=1.00ms max=8.70ms count=60
06-17 12:46:03.277  8823  8839 I CatalogCloudSync: sync_events_apply domain=catalog_prices remoteProductIds=3 remotePrices=0 pricesPulled=0 pricesSkippedNoProductRef=0
06-17 12:46:03.360  8823  8840 I CatalogCloudSync: sync_events_apply domain=prices remotePrices=0 pricesPulled=0 pricesSkippedNoProductRef=0
06-17 12:46:03.757  8823  8844 I CatalogCloudSync: sync_events_apply domain=catalog remoteSuppliers=0 remoteCategories=0 remoteProducts=0 applied=0
06-17 12:46:03.842  8823  8839 I CatalogCloudSync: sync_events_apply domain=catalog_prices remoteProductIds=2 remotePrices=0 pricesPulled=0 pricesSkippedNoProductRef=0
06-17 12:46:03.929  8823  8841 I CatalogCloudSync: sync_events_apply domain=prices remotePrices=0 pricesPulled=0 pricesSkippedNoProductRef=0
06-17 12:46:04.031  8823  8841 I CatalogCloudSync: sync_events_apply domain=history remoteSessions=0 applied=0 skipped=0 failed=0 unsupported=0
06-17 12:46:04.131  8823  8839 I CatalogCloudSync: sync_events_apply domain=history remoteSessions=0 applied=0 skipped=0 failed=0 unsupported=0
06-17 12:46:04.225  8823  8850 D EGL_emulation: app_time_stats: avg=2.60ms min=1.06ms max=7.36ms count=60
06-17 12:46:04.230  8823  8846 I CatalogCloudSync: sync_events_apply domain=catalog remoteSuppliers=0 remoteCategories=0 remoteProducts=0 applied=0
06-17 12:46:04.321  8823  8846 I CatalogCloudSync: sync_events_apply domain=catalog_prices remoteProductIds=3 remotePrices=0 pricesPulled=0 pricesSkippedNoProductRef=0
06-17 12:46:04.413  8823  8839 I CatalogCloudSync: sync_events_apply domain=prices remotePrices=0 pricesPulled=0 pricesSkippedNoProductRef=0
06-17 12:46:04.689  8823  8846 I CatalogCloudSync: sync_events_apply domain=catalog remoteSuppliers=0 remoteCategories=0 remoteProducts=0 applied=0
06-17 12:46:04.780  8823  8841 I CatalogCloudSync: sync_events_apply domain=catalog_prices remoteProductIds=1 remotePrices=0 pricesPulled=0 pricesSkippedNoProductRef=0
06-17 12:46:05.057  8823  8847 I CatalogCloudSync: sync_events_apply domain=catalog remoteSuppliers=0 remoteCategories=0 remoteProducts=0 applied=0
06-17 12:46:05.144  8823  8845 I CatalogCloudSync: sync_events_apply domain=catalog_prices remoteProductIds=1 remotePrices=0 pricesPulled=0 pricesSkippedNoProductRef=0
06-17 12:46:05.225  8823  8850 D EGL_emulation: app_time_stats: avg=2.39ms min=0.98ms max=6.31ms count=60
06-17 12:46:05.417   851   851 I wpa_supplicant: wlan0: CTRL-EVENT-BEACON-LOSS 
06-17 12:46:05.418   605   772 I HalDevMgr: bestIfaceCreationProposal is null, requestIface=STA, existingIface=[name=wlan0 type=STA]
06-17 12:46:05.425   605   778 W IPCThreadState: Sending oneway calls to frozen process.
06-17 12:46:05.426   605   778 W IPCThreadState: Sending oneway calls to frozen process.
06-17 12:46:05.426   605   778 W IPCThreadState: Sending oneway calls to frozen process.
06-17 12:46:05.426   605   778 W IPCThreadState: Sending oneway calls to frozen process.
06-17 12:46:05.426   605   778 W IPCThreadState: Sending oneway calls to frozen process.
06-17 12:46:05.426   605   778 W IPCThreadState: Sending oneway calls to frozen process.
06-17 12:46:05.426   605   778 W IPCThreadState: Sending oneway calls to frozen process.
06-17 12:46:05.426   605   778 W IPCThreadState: Sending oneway calls to frozen process.
06-17 12:46:05.426   605   778 W IPCThreadState: Sending oneway calls to frozen process.
06-17 12:46:05.427   605   778 D ConnectivityService: NetReassign [no changes] [c 0] [a 1] [i 0]
06-17 12:46:05.427  1144  1144 I MagicTether: (REDACTED) [ActiveNetworkTracker] setActiveNetwork: %s
06-17 12:46:05.427  1144  1144 I MagicTether: (REDACTED) [TetherService] onActiveNetworkChanged: network=%s isLost=%s
06-17 12:46:05.428  1144  8912 I MagicTether: [WifiConnectionHandler] Ignoring getWifiConfigurationByNetworkId when checking connected state [CONTEXT service_id=276 ]
06-17 12:46:05.428  1144  8912 I MagicTether: [WifiConnectionHandler] No networkId set, can't be connected. [CONTEXT service_id=276 ]
06-17 12:46:05.428  1144  8912 I MagicTether: (REDACTED) [TetherService] TRANSPORT_CELLULAR [%s], TRANSPORT_ETHERNET [%s], TRANSPORT_WIFI [%s]
06-17 12:46:05.428  1144  8912 I MagicTether: (REDACTED) [TetherService] setRoles hasActiveNetworkConnection=%s canActiveNetworkBeTethered=%s isConnectedToInstantTether=%s isWifiEnabled=%s isHosting=%s
06-17 12:46:05.428  1144  8909 I NearbyMediums: Wifi changed new SSID: "AndroidWifi"
06-17 12:46:05.428  1144  8909 I NearbyMediums: WifiLanConnectivityInfo is not changed, skip notify.
06-17 12:46:05.429  1144  1335 I NullBinder: NullBinder for android.net.action.RECOMMEND_NETWORKS triggering remote TransactionTooLargeException due to Service without Chimera impl, calling uid: 1000, calling pid: 0
06-17 12:46:05.429  1144  1335 W .gms.persistent: Large reply transaction of 1056768 bytes, interface descriptor , code 1
06-17 12:46:05.429  1144  1144 I MagicTether: (REDACTED) [LaunchUtils] Instant Wifi for status account: name: %s | type: %s | isLaunched: %s
06-17 12:46:05.429  1144  1144 I MagicTether: (REDACTED) [TidepoolFeatureStatusManager] isInstantHotspotEnabled=%s
06-17 12:46:05.429  1144  1144 I MagicTether: (REDACTED) [TidepoolFeatureStatusManager] isInstantWifiEnabled=%s
06-17 12:46:05.429  1144  1144 I MagicTether: (REDACTED) [TetherService] startNearbyHostRole: start: %s isInstantHotspotEnabled: %s isInstantWifiEnabled: %s
06-17 12:46:05.429  1144  1144 I MagicTether: [HostTetherRole] Nearby host role already stopped [CONTEXT service_id=276 ]
06-17 12:46:05.431  1144  1144 I MagicTether: (REDACTED) [NotificationPresenter] cancelNotification: %d
06-17 12:46:05.431  1144  1144 I MagicTether: [AutoDisconnectIntentOperation] Canceling task. [CONTEXT service_id=276 ]
06-17 12:46:05.434  1144  1144 I MagicTether: (REDACTED) [LaunchUtils] Instant Wifi for status account: name: %s | type: %s | isLaunched: %s
06-17 12:46:05.434  1144  1144 I MagicTether: (REDACTED) [TidepoolFeatureStatusManager] isInstantHotspotEnabled=%s
06-17 12:46:05.434  1144  8698 I MagicTether: [AutoDisconnectIntentOperation] Canceling task. [CONTEXT service_id=276 ]
06-17 12:46:05.435  1144  8698 I MagicTether: (REDACTED) [NotificationPresenter] cancelNotification: %d
06-17 12:46:05.436  1144  1144 I MagicTether: (REDACTED) [TidepoolFeatureStatusManager] isInstantWifiEnabled=%s
06-17 12:46:05.436  1144  1144 I MagicTether: (REDACTED) [TetherService] startNearbyClientRole: start: %s isInstantHotspotEnabled: %s isInstantWifiEnabled: %s
06-17 12:46:05.436  1144  1144 I MagicTether: [TetherService] Stopping Nearby client role [CONTEXT service_id=276 ]
06-17 12:46:05.436  1144  1144 I MagicTether: [ClientTetherRole] Client role already stopped [CONTEXT service_id=276 ]
06-17 12:46:05.437  1144  8698 I MagicTether: [AutoDisconnectIntentOperation] Canceling task. [CONTEXT service_id=276 ]
06-17 12:46:05.437  1144  8698 I MagicTether: (REDACTED) [NotificationPresenter] cancelNotification: %d
06-17 12:46:05.443  8823  8840 I CatalogCloudSync: sync_events_apply domain=catalog remoteSuppliers=0 remoteCategories=0 remoteProducts=0 applied=0
06-17 12:46:05.523  8823  8846 I CatalogCloudSync: sync_events_apply domain=catalog_prices remoteProductIds=3 remotePrices=0 pricesPulled=0 pricesSkippedNoProductRef=0
06-17 12:46:05.609  8823  8846 I CatalogCloudSync: sync_events_apply domain=prices remotePrices=0 pricesPulled=0 pricesSkippedNoProductRef=0
06-17 12:46:05.925  1144  8909 I NearbySharing: Network state changed: NetworkState(isRestricted=false, isOnline=true, isCongested=false, isMetered=false, isWifiConnected=true)
06-17 12:46:05.925  1144  8748 I NearbySharing: Network state changed: NetworkState(isRestricted=false, isOnline=true, isCongested=false, isMetered=false, isWifiConnected=true)
06-17 12:46:05.981  8823  8841 I CatalogCloudSync: sync_events_apply domain=catalog remoteSuppliers=0 remoteCategories=0 remoteProducts=0 applied=0
06-17 12:46:06.073  8823  8846 I CatalogCloudSync: sync_events_apply domain=catalog_prices remoteProductIds=2 remotePrices=0 pricesPulled=0 pricesSkippedNoProductRef=0
06-17 12:46:06.159  8823  8839 I CatalogCloudSync: sync_events_apply domain=prices remotePrices=0 pricesPulled=0 pricesSkippedNoProductRef=0
06-17 12:46:06.235  8823  8850 D EGL_emulation: app_time_stats: avg=2.48ms min=0.88ms max=9.83ms count=61
06-17 12:46:06.413   465   465 I adbd    : adbd service requested 'shell,v2,raw:dumpsys package com.google.android.gms'
06-17 12:46:06.470   727   751 I artd    : GetBestInfo: odex next to the dex file (/data/app/~~RBqLWa4IHxAvM1EDn2acWA==/com.google.android.gms--6rwsmYaGwERs-rlQ1V3rA==/oat/arm64/base.odex) is kOatBootImageOutOfDate with filter 'speed-profile' executable 'false': Image checksum mismatch, expected i;28/6d8ebc32 to start with i;28/fd0aebae
06-17 12:46:06.473   727   751 I artd    : GetBestInfo: vdex next to the dex file (/data/app/~~RBqLWa4IHxAvM1EDn2acWA==/com.google.android.gms--6rwsmYaGwERs-rlQ1V3rA==/oat/arm64/base.vdex) is kOatUpToDate with filter 'verify' executable 'false'
06-17 12:46:06.473   727   751 I artd    : GetBestInfo: dm (/data/app/~~RBqLWa4IHxAvM1EDn2acWA==/com.google.android.gms--6rwsmYaGwERs-rlQ1V3rA==/split_AdsDynamite_installtime.dm) is kOatUpToDate with filter 'verify' executable 'false'
06-17 12:46:06.474   727   751 I artd    : GetBestInfo: odex next to the dex file (/data/app/~~RBqLWa4IHxAvM1EDn2acWA==/com.google.android.gms--6rwsmYaGwERs-rlQ1V3rA==/oat/arm64/split_CronetDynamite_installtime.odex) is kOatBootImageOutOfDate with filter 'speed-profile' executable 'false': Image checksum mismatch, expected i;28/6d8ebc32 to start with i;28/fd0aebae
06-17 12:46:06.474   727   751 I artd    : GetBestInfo: vdex next to the dex file (/data/app/~~RBqLWa4IHxAvM1EDn2acWA==/com.google.android.gms--6rwsmYaGwERs-rlQ1V3rA==/oat/arm64/split_CronetDynamite_installtime.vdex) is kOatUpToDate with filter 'verify' executable 'false'
06-17 12:46:06.474   727   732 I artd    : GetBestInfo: dm (/data/app/~~RBqLWa4IHxAvM1EDn2acWA==/com.google.android.gms--6rwsmYaGwERs-rlQ1V3rA==/split_DynamiteLoader_installtime.dm) is kOatUpToDate with filter 'verify' executable 'false'
06-17 12:46:06.475   727   751 I artd    : GetBestInfo: dm (/data/app/~~RBqLWa4IHxAvM1EDn2acWA==/com.google.android.gms--6rwsmYaGwERs-rlQ1V3rA==/split_DynamiteModulesA_installtime.dm) is kOatUpToDate with filter 'verify' executable 'false'
06-17 12:46:06.475   727   733 I artd    : GetBestInfo: dm (/data/app/~~RBqLWa4IHxAvM1EDn2acWA==/com.google.android.gms--6rwsmYaGwERs-rlQ1V3rA==/split_DynamiteModulesC_installtime.dm) is kOatUpToDate with filter 'verify' executable 'false'
06-17 12:46:06.475   727   732 I artd    : GetBestInfo: dm (/data/app/~~RBqLWa4IHxAvM1EDn2acWA==/com.google.android.gms--6rwsmYaGwERs-rlQ1V3rA==/split_GoogleCertificates_installtime.dm) is kOatUpToDate with filter 'verify' executable 'false'
06-17 12:46:06.476   727   733 I artd    : GetBestInfo: dm (/data/app/~~RBqLWa4IHxAvM1EDn2acWA==/com.google.android.gms--6rwsmYaGwERs-rlQ1V3rA==/split_MapsDynamite_installtime.dm) is kOatUpToDate with filter 'verify' executable 'false'
06-17 12:46:06.477   727   733 I artd    : GetBestInfo: dm (/data/app/~~RBqLWa4IHxAvM1EDn2acWA==/com.google.android.gms--6rwsmYaGwERs-rlQ1V3rA==/split_MeasurementDynamite_installtime.dm) is kOatUpToDate with filter 'verify' executable 'false'
06-17 12:46:06.477   727   732 I artd    : GetBestInfo: /data/user_de/0/com.google.android.gms/app_chimera/m/0000002a/dl-MlkitBarcodeUi.optional_261733100400.apk has no usable artifacts
06-17 12:46:06.477   727   751 I artd    : GetBestInfo: /data/user_de/0/com.google.android.gms/app_chimera/m/00000035/dl-VisionOcr.optional_261933100000.apk has no usable artifacts
06-17 12:46:06.477   727   751 I artd    : GetBestInfo: /data/user_de/0/com.google.android.gms/app_chimera/m/00000001/CronetDynamite.uncompressed.apk has no usable artifacts
06-17 12:46:06.477   727   751 I artd    : GetBestInfo: /data/user_de/0/com.google.android.gms/app_chimera/m/00000047/dl-PlayCloudSearch.optional_262333100000.apk has no usable artifacts
06-17 12:46:06.477   727 11563 I artd    : GetBestInfo: /data/user_de/0/com.google.android.gms/app_chimera/m/00000016/dl-IdentityCredentialsPlatform.optional_261464100400.apk has no usable artifacts
06-17 12:46:06.478   727   732 I artd    : GetBestInfo: /data/user_de/0/com.google.android.gms/app_chimera/m/00000046/dl-MlkitOcrCommon.optional_262333100400.apk has no usable artifacts
06-17 12:46:06.478   727 11563 I artd    : GetBestInfo: /data/user_de/0/com.google.android.gms/app_chimera/m/00000014/dl-VisionOcr.optional_261464100000.apk has no usable artifacts
06-17 12:46:06.478   727   732 I artd    : GetBestInfo: /data/user_de/0/com.google.android.gms/app_chimera/m/00000017/dl-Appsearch.optional_261464100400.apk has no usable artifacts
06-17 12:46:06.478   727   751 I artd    : GetBestInfo: /data/user_de/0/com.google.android.gms/app_chimera/m/0000004b/dl-MlkitBarcodeUi.optional_262333100400.apk has no usable artifacts
06-17 12:46:06.478   727   732 I artd    : GetBestInfo: /data/user/0/com.google.android.gms/app_dg_cache/87E7746227FF4E457A2EB56043B95E41006DE49F/the.apk has no usable artifacts
06-17 12:46:06.478   727   733 I artd    : GetBestInfo: /data/user_de/0/com.google.android.gms/app_chimera/m/00000048/dl-IdentityCredentialsPlatform.optional_262333100400.apk has no usable artifacts
06-17 12:46:06.479   727 11563 I artd    : GetBestInfo: /data/user_de/0/com.google.android.gms/app_chimera/m/0000000a/dl-MlkitBarcodeUi.optional_242335100400.apk has no usable artifacts
06-17 12:46:06.479   727   732 I artd    : GetBestInfo: /data/user_de/0/com.google.android.gms/app_chimera/m/00000029/dl-MlkitOcrCommon.optional_261733100400.apk has no usable artifacts
06-17 12:46:06.479   727  3904 I artd    : GetBestInfo: /data/user_de/0/com.google.android.gms/app_chimera/m/00000002/DynamiteLoader.uncompressed.apk has no usable artifacts
06-17 12:46:06.479   727  3904 I artd    : GetBestInfo: /data/user_de/0/com.google.android.gms/app_chimera/m/0000002e/dl-Appsearch.optional_261733100400.apk has no usable artifacts
06-17 12:46:06.479   727   732 I artd    : GetBestInfo: /data/user_de/0/com.google.android.gms/app_chimera/m/00000030/dl-MlkitOcrCommon.optional_261933100400.apk has no usable artifacts
06-17 12:46:06.479   727   732 I artd    : GetBestInfo: /data/user_de/0/com.google.android.gms/app_chimera/m/00000015/dl-PlayCloudSearch.optional_261464100000.apk has no usable artifacts
06-17 12:46:06.479   727   732 I artd    : GetBestInfo: /data/user_de/0/com.google.android.gms/app_chimera/m/0000001e/dl-Appsearch.optional_261631100400.apk has no usable artifacts
06-17 12:46:06.479   727   732 I artd    : GetBestInfo: /data/user_de/0/com.google.android.gms/app_chimera/m/00000013/dl-MlkitOcrCommon.optional_261464100400.apk has no usable artifacts
06-17 12:46:06.479   727   732 I artd    : GetBestInfo: /data/user_de/0/com.google.android.gms/app_chimera/m/00000032/dl-MlkitBarcodeUi.optional_261933100400.apk has no usable artifacts
06-17 12:46:06.479   727   732 I artd    : GetBestInfo: /data/user/0/com.google.android.gms/app_dg_cache/754BEC187BC4F26BBC31300F93DBF9B7506C1861/the.apk has no usable artifacts
06-17 12:46:06.479   727   732 I artd    : GetBestInfo: /data/user_de/0/com.google.android.gms/app_chimera/m/00000007/MeasurementDynamite.apk has no usable artifacts
06-17 12:46:06.479   727   732 I artd    : GetBestInfo: /data/user_de/0/com.google.android.gms/app_chimera/m/0000002c/dl-IdentityCredentialsPlatform.optional_261733100400.apk has no usable artifacts
06-17 12:46:06.479   727   732 I artd    : GetBestInfo: /data/user_de/0/com.google.android.gms/app_chimera/m/0000002b/dl-PlayCloudSearch.optional_261733100000.apk has no usable artifacts
06-17 12:46:06.479   727   732 I artd    : GetBestInfo: /data/user_de/0/com.google.android.gms/app_chimera/m/00000033/dl-PlayCloudSearch.optional_261933100000.apk has no usable artifacts
06-17 12:46:06.479   727  3904 I artd    : GetBestInfo: /data/user_de/0/com.google.android.gms/app_chimera/m/0000001c/dl-VisionOcr.optional_261631100000.apk has no usable artifacts
06-17 12:46:06.479   727  3904 I artd    : GetBestInfo: /data/user_de/0/com.google.android.gms/app_chimera/m/00000011/dl-MlkitBarcodeUi.optional_261464100400.apk has no usable artifacts
06-17 12:46:06.480   727  3904 I artd    : GetBestInfo: /data/user_de/0/com.google.android.gms/app_chimera/m/00000049/dl-VisionOcr.optional_262333100000.apk has no usable artifacts
06-17 12:46:06.481   727 11563 I artd    : GetBestInfo: /data/user_de/0/com.google.android.gms/app_chimera/m/00000005/GoogleCertificates.apk has no usable artifacts
06-17 12:46:06.481   727  3904 I artd    : GetBestInfo: /data/user_de/0/com.google.android.gms/app_chimera/m/00000010/dl-TfliteDynamiteDynamite.integ_260580502100400.apk has no usable artifacts
06-17 12:46:06.481   727 11563 I artd    : GetBestInfo: /data/user/0/com.google.android.gms/app_dg_cache/9D5BCED7935D64431BF672B8BBD597199833CA19/the.apk has no usable artifacts
06-17 12:46:06.481   727   732 I artd    : GetBestInfo: /data/user_de/0/com.google.android.gms/app_chimera/m/00000009/dl-TfliteDynamiteDynamite.integ_252130102100400.apk has no usable artifacts
06-17 12:46:06.481   727   732 I artd    : GetBestInfo: vdex next to the dex file (/data/user/0/com.google.android.gms/app_dg_cache/5833371D1ACC412507A92815B074897510CCCEDD/oat/arm64/the.vdex) is kOatUpToDate with filter 'verify' executable 'false'
06-17 12:46:06.481   727   732 I artd    : GetBestInfo: /data/user_de/0/com.google.android.gms/app_chimera/m/0000001b/dl-PlayCloudSearch.optional_261631100000.apk has no usable artifacts
06-17 12:46:06.481   727   732 I artd    : GetBestInfo: /data/user_de/0/com.google.android.gms/app_chimera/m/00000027/dl-IdentityCredentialsPlatform.optional_261631100400.apk has no usable artifacts
06-17 12:46:06.482   727   732 I artd    : GetBestInfo: /data/user/0/com.google.android.gms/app_dg_cache/86153AA318A3F208A8C511836585279D8C7E8D94/the.apk has no usable artifacts
06-17 12:46:06.482   727   732 I artd    : GetBestInfo: /data/user_de/0/com.google.android.gms/app_chimera/m/0000001d/dl-IdentityCredentialsPlatform.optional_261631100400.apk has no usable artifacts
06-17 12:46:06.482   727   732 I artd    : GetBestInfo: /data/user_de/0/com.google.android.gms/app_chimera/m/0000002d/dl-VisionOcr.optional_261733100000.apk has no usable artifacts
06-17 12:46:06.482   727  3904 I artd    : GetBestInfo: /data/user_de/0/com.google.android.gms/app_chimera/m/0000000e/dl-PlayCloudSearch.optional_242335100000.apk has no usable artifacts
06-17 12:46:06.482   727   732 I artd    : GetBestInfo: /data/user_de/0/com.google.android.gms/app_chimera/m/0000004a/dl-Appsearch.optional_262333100400.apk has no usable artifacts
06-17 12:46:06.483   727   751 I artd    : GetBestInfo: /data/user_de/0/com.google.android.gms/app_chimera/m/0000001a/dl-MlkitBarcodeUi.optional_261631100400.apk has no usable artifacts
06-17 12:46:06.484   727   751 I artd    : GetBestInfo: vdex next to the dex file (/data/user/0/com.google.android.gms/app_dg_cache/10FF5D5C646CC9E2F04BD9D73A072BD012EF1A7A/oat/arm64/the.vdex) is kOatUpToDate with filter 'verify' executable 'false'
06-17 12:46:06.484   727  3904 I artd    : GetBestInfo: /data/user_de/0/com.google.android.gms/app_chimera/m/00000036/dl-Appsearch.optional_261933100400.apk has no usable artifacts
06-17 12:46:06.484   727  3904 I artd    : GetBestInfo: /data/user/0/com.google.android.gms/app_dg_cache/21A90BF1C1C388089206DCE215FB60D7882BFA18/the.apk has no usable artifacts
06-17 12:46:06.484   727   732 I artd    : GetBestInfo: /data/user_de/0/com.google.android.gms/app_chimera/m/0000001f/dl-IdentityCredentialsPlacebo.optional_261631100400.apk has no usable artifacts
06-17 12:46:06.484   727 11563 I artd    : GetBestInfo: /data/user_de/0/com.google.android.gms/app_chimera/m/00000034/dl-IdentityCredentialsPlatform.optional_261933100400.apk has no usable artifacts
06-17 12:46:06.484   727 11563 I artd    : GetBestInfo: /data/user_de/0/com.google.android.gms/app_chimera/m/00000019/dl-MlkitOcrCommon.optional_261631100400.apk has no usable artifacts
06-17 12:46:06.484   727 11563 I artd    : GetBestInfo: /data/user/0/com.google.android.gms/app_dg_cache/A8F89F306FD1BA172E06F6F2B9F79826D0309BB6/the.apk has no usable artifacts
06-17 12:46:06.484   727 11563 I artd    : GetBestInfo: /data/user/0/com.google.android.gms/app_dg_cache/707FFD883BF2A7896692338F9625CA52336E933B/the.apk has no usable artifacts
06-17 12:46:06.558  8823  8829 I ontrolsplitview: Background concurrent mark compact GC freed 19MB AllocSpace bytes, 14(3268KB) LOS objects, 49% free, 20MB/40MB, paused 177us,538us total 111.369ms
06-17 12:46:06.565  8823  8846 I CatalogCloudSync: sync_events_apply domain=history remoteSessions=82 applied=0 skipped=82 failed=0 unsupported=0
06-17 12:46:06.648  8823  8846 I CatalogCloudSync: sync_events_apply domain=history remoteSessions=0 applied=0 skipped=0 failed=0 unsupported=0
06-17 12:46:06.739  8823  8839 I CatalogCloudSync: sync_events_apply domain=history remoteSessions=0 applied=0 skipped=0 failed=0 unsupported=0
06-17 12:46:06.820  8823  8845 I CatalogCloudSync: sync_events_apply domain=catalog remoteSuppliers=0 remoteCategories=0 remoteProducts=0 applied=0
06-17 12:46:07.028  8823  8845 I CatalogCloudSync: sync_events_apply domain=catalog_prices remoteProductIds=3 remotePrices=0 pricesPulled=0 pricesSkippedNoProductRef=0
06-17 12:46:07.112  8823  8846 I CatalogCloudSync: sync_events_apply domain=prices remotePrices=0 pricesPulled=0 pricesSkippedNoProductRef=0
06-17 12:46:07.237  8823  8850 D EGL_emulation: app_time_stats: avg=2.55ms min=0.64ms max=20.67ms count=60
06-17 12:46:07.476  8823  8839 I CatalogCloudSync: sync_events_apply domain=history remoteSessions=82 applied=0 skipped=82 failed=0 unsupported=0
06-17 12:46:07.775  8823  8839 I CatalogCloudSync: sync_events_apply domain=history remoteSessions=82 applied=0 skipped=82 failed=0 unsupported=0
06-17 12:46:08.131  8823  8845 I CatalogCloudSync: sync_events_apply domain=history remoteSessions=82 applied=0 skipped=82 failed=0 unsupported=0
06-17 12:46:08.252  8823  8850 D EGL_emulation: app_time_stats: avg=1.89ms min=0.76ms max=8.88ms count=61
06-17 12:46:08.420  8823  8838 I CatalogCloudSync: sync_events_apply domain=history remoteSessions=82 applied=0 skipped=82 failed=0 unsupported=0
06-17 12:46:08.423   605   772 I HalDevMgr: bestIfaceCreationProposal is null, requestIface=STA, existingIface=[name=wlan0 type=STA]
06-17 12:46:08.427   996  1124 D IpClient/wlan0: interfaceLinkStateChanged: ifindex 16 up
06-17 12:46:08.430   996  1124 D IpClient/wlan0: interfaceLinkStateChanged: ifindex 16 up
06-17 12:46:08.430   605   778 W IPCThreadState: Sending oneway calls to frozen process.
06-17 12:46:08.431   996  1124 D IpClient/wlan0: interfaceLinkStateChanged: ifindex 16 up
06-17 12:46:08.431   605   778 W IPCThreadState: Sending oneway calls to frozen process.
06-17 12:46:08.431   605   778 W IPCThreadState: Sending oneway calls to frozen process.
06-17 12:46:08.431   605   778 W IPCThreadState: Sending oneway calls to frozen process.
06-17 12:46:08.431   605   778 W IPCThreadState: Sending oneway calls to frozen process.
06-17 12:46:08.431   605   778 W IPCThreadState: Sending oneway calls to frozen process.
06-17 12:46:08.431   605   778 W IPCThreadState: Sending oneway calls to frozen process.
06-17 12:46:08.431   605   778 W IPCThreadState: Sending oneway calls to frozen process.
06-17 12:46:08.431   605   778 W IPCThreadState: Sending oneway calls to frozen process.
06-17 12:46:08.432  1144  1335 I NullBinder: NullBinder for android.net.action.RECOMMEND_NETWORKS triggering remote TransactionTooLargeException due to Service without Chimera impl, calling uid: 1000, calling pid: 0
06-17 12:46:08.432  1144  1335 W .gms.persistent: Large reply transaction of 1056768 bytes, interface descriptor , code 1
06-17 12:46:08.434   605   778 D ConnectivityService: NetReassign [no changes] [c 0] [a 1] [i 2]
06-17 12:46:08.434  1144  1144 I MagicTether: (REDACTED) [ActiveNetworkTracker] setActiveNetwork: %s
06-17 12:46:08.434  1144  1144 I MagicTether: (REDACTED) [TetherService] onActiveNetworkChanged: network=%s isLost=%s
06-17 12:46:08.435  1144  8748 I NearbyMediums: Wifi changed new SSID: "AndroidWifi"
06-17 12:46:08.435  1144  8748 I NearbyMediums: WifiLanConnectivityInfo is not changed, skip notify.
06-17 12:46:08.435  1144  8912 I MagicTether: [WifiConnectionHandler] Ignoring getWifiConfigurationByNetworkId when checking connected state [CONTEXT service_id=276 ]
06-17 12:46:08.435  1144  8912 I MagicTether: [WifiConnectionHandler] No networkId set, can't be connected. [CONTEXT service_id=276 ]
06-17 12:46:08.435  1144  8912 I MagicTether: (REDACTED) [TetherService] TRANSPORT_CELLULAR [%s], TRANSPORT_ETHERNET [%s], TRANSPORT_WIFI [%s]
06-17 12:46:08.435  1144  8912 I MagicTether: (REDACTED) [TetherService] setRoles hasActiveNetworkConnection=%s canActiveNetworkBeTethered=%s isConnectedToInstantTether=%s isWifiEnabled=%s isHosting=%s
06-17 12:46:08.435  1144  1144 I MagicTether: (REDACTED) [LaunchUtils] Instant Wifi for status account: name: %s | type: %s | isLaunched: %s
06-17 12:46:08.435  1144  1144 I MagicTether: (REDACTED) [TidepoolFeatureStatusManager] isInstantHotspotEnabled=%s
06-17 12:46:08.435  1144  1144 I MagicTether: (REDACTED) [TidepoolFeatureStatusManager] isInstantWifiEnabled=%s
06-17 12:46:08.435  1144  1144 I MagicTether: (REDACTED) [TetherService] startNearbyHostRole: start: %s isInstantHotspotEnabled: %s isInstantWifiEnabled: %s
06-17 12:46:08.435  1144  1144 I MagicTether: [HostTetherRole] Nearby host role already stopped [CONTEXT service_id=276 ]
06-17 12:46:08.437  1144  1144 I MagicTether: (REDACTED) [NotificationPresenter] cancelNotification: %d
06-17 12:46:08.438  1144  1144 I MagicTether: [AutoDisconnectIntentOperation] Canceling task. [CONTEXT service_id=276 ]
06-17 12:46:08.438  1144  1144 I MagicTether: (REDACTED) [LaunchUtils] Instant Wifi for status account: name: %s | type: %s | isLaunched: %s
06-17 12:46:08.439  1144  1144 I MagicTether: (REDACTED) [TidepoolFeatureStatusManager] isInstantHotspotEnabled=%s
06-17 12:46:08.439  1144  1144 I MagicTether: (REDACTED) [TidepoolFeatureStatusManager] isInstantWifiEnabled=%s
06-17 12:46:08.439  1144  1144 I MagicTether: (REDACTED) [TetherService] startNearbyClientRole: start: %s isInstantHotspotEnabled: %s isInstantWifiEnabled: %s
06-17 12:46:08.439  1144  1144 I MagicTether: [TetherService] Stopping Nearby client role [CONTEXT service_id=276 ]
06-17 12:46:08.439  1144  1144 I MagicTether: [ClientTetherRole] Client role already stopped [CONTEXT service_id=276 ]
06-17 12:46:08.439  1144  8698 I MagicTether: [AutoDisconnectIntentOperation] Canceling task. [CONTEXT service_id=276 ]
06-17 12:46:08.441  1144  8698 I MagicTether: (REDACTED) [NotificationPresenter] cancelNotification: %d
06-17 12:46:08.441  1144  8698 I MagicTether: [AutoDisconnectIntentOperation] Canceling task. [CONTEXT service_id=276 ]
06-17 12:46:08.441  1144  8698 I MagicTether: (REDACTED) [NotificationPresenter] cancelNotification: %d
06-17 12:46:08.758  8823  8838 I CatalogCloudSync: sync_events_apply domain=history remoteSessions=82 applied=0 skipped=82 failed=0 unsupported=0
06-17 12:46:08.928  1144  8748 I NearbySharing: Network state changed: NetworkState(isRestricted=false, isOnline=true, isCongested=false, isMetered=false, isWifiConnected=true)
06-17 12:46:08.928  1144  8909 I NearbySharing: Network state changed: NetworkState(isRestricted=false, isOnline=true, isCongested=false, isMetered=false, isWifiConnected=true)
06-17 12:46:09.070  8823  8839 I CatalogCloudSync: sync_events_apply domain=history remoteSessions=82 applied=0 skipped=82 failed=0 unsupported=0
06-17 12:46:09.070  8823  8838 I CatalogCloudSync: sync_events_summary phase=drain syncEventsAvailable=true recordSyncEventAvailable=true realtimeSyncEventsAvailable=true syncEventOutboxPending=0 syncEventOutboxPendingBefore=0 syncEventOutboxPendingAfter=0 syncEventOutboxRetried=0 syncEventOutboxRetryLoaded=0 syncEventOutboxRetryEligible=0 syncEventOutboxRetrySkippedMaxAttempts=0 syncEventOutboxRetrySucceeded=0 syncEventOutboxRetryFailed=0 syncEventOutboxRetryDeletedOnSuccess=0 syncEventOutboxInserted=0 catalogEventEmitted=false priceEventEmitted=false catalogEventOutcome=no_op priceEventOutcome=no_op syncEventsFetched=199 syncEventsProcessed=199 syncEventsSkippedSelf=0 syncEventsSkippedDirtyLocal=0 syncEventsSkippedProtectedLocalCommit=0 syncEventsWatermarkBefore=2814 syncEventsWatermarkAfter=3035 syncEventsTooLarge=false syncEventsGapDetected=false manualFullSyncRequired=false targetedProductsFetched=0 targetedPricesFetched=0 fullCatalogFetch=false fullPriceFetch=false
