06-17 12:24:26.458 I/artd    (  727): GetBestInfo: dm (/data/app/~~RBqLWa4IHxAvM1EDn2acWA==/com.google.android.gms--6rwsmYaGwERs-rlQ1V3rA==/split_DynamiteModulesC_installtime.dm) is kOatUpToDate with filter 'verify' executable 'false'
06-17 12:24:26.459 I/artd    (  727): GetBestInfo: dm (/data/app/~~RBqLWa4IHxAvM1EDn2acWA==/com.google.android.gms--6rwsmYaGwERs-rlQ1V3rA==/split_GoogleCertificates_installtime.dm) is kOatUpToDate with filter 'verify' executable 'false'
06-17 12:24:26.460 I/artd    (  727): GetBestInfo: dm (/data/app/~~RBqLWa4IHxAvM1EDn2acWA==/com.google.android.gms--6rwsmYaGwERs-rlQ1V3rA==/split_MapsDynamite_installtime.dm) is kOatUpToDate with filter 'verify' executable 'false'
06-17 12:24:26.461 I/artd    (  727): GetBestInfo: dm (/data/app/~~RBqLWa4IHxAvM1EDn2acWA==/com.google.android.gms--6rwsmYaGwERs-rlQ1V3rA==/split_MeasurementDynamite_installtime.dm) is kOatUpToDate with filter 'verify' executable 'false'
06-17 12:24:26.461 I/artd    (  727): GetBestInfo: /data/user_de/0/com.google.android.gms/app_chimera/m/0000002a/dl-MlkitBarcodeUi.optional_261733100400.apk has no usable artifacts
06-17 12:24:26.461 I/artd    (  727): GetBestInfo: /data/user_de/0/com.google.android.gms/app_chimera/m/00000035/dl-VisionOcr.optional_261933100000.apk has no usable artifacts
06-17 12:24:26.461 I/artd    (  727): GetBestInfo: /data/user_de/0/com.google.android.gms/app_chimera/m/00000001/CronetDynamite.uncompressed.apk has no usable artifacts
06-17 12:24:26.461 I/artd    (  727): GetBestInfo: /data/user_de/0/com.google.android.gms/app_chimera/m/00000047/dl-PlayCloudSearch.optional_262333100000.apk has no usable artifacts
06-17 12:24:26.461 I/artd    (  727): GetBestInfo: /data/user_de/0/com.google.android.gms/app_chimera/m/00000016/dl-IdentityCredentialsPlatform.optional_261464100400.apk has no usable artifacts
06-17 12:24:26.461 I/artd    (  727): GetBestInfo: /data/user_de/0/com.google.android.gms/app_chimera/m/00000046/dl-MlkitOcrCommon.optional_262333100400.apk has no usable artifacts
06-17 12:24:26.462 I/artd    (  727): GetBestInfo: /data/user_de/0/com.google.android.gms/app_chimera/m/00000014/dl-VisionOcr.optional_261464100000.apk has no usable artifacts
06-17 12:24:26.462 I/artd    (  727): GetBestInfo: /data/user_de/0/com.google.android.gms/app_chimera/m/00000017/dl-Appsearch.optional_261464100400.apk has no usable artifacts
06-17 12:24:26.462 I/artd    (  727): GetBestInfo: /data/user_de/0/com.google.android.gms/app_chimera/m/0000004b/dl-MlkitBarcodeUi.optional_262333100400.apk has no usable artifacts
06-17 12:24:26.462 I/artd    (  727): GetBestInfo: /data/user/0/com.google.android.gms/app_dg_cache/87E7746227FF4E457A2EB56043B95E41006DE49F/the.apk has no usable artifacts
06-17 12:24:26.462 I/artd    (  727): GetBestInfo: /data/user_de/0/com.google.android.gms/app_chimera/m/00000048/dl-IdentityCredentialsPlatform.optional_262333100400.apk has no usable artifacts
06-17 12:24:26.463 I/artd    (  727): GetBestInfo: /data/user_de/0/com.google.android.gms/app_chimera/m/0000000a/dl-MlkitBarcodeUi.optional_242335100400.apk has no usable artifacts
06-17 12:24:26.463 I/artd    (  727): GetBestInfo: /data/user_de/0/com.google.android.gms/app_chimera/m/00000029/dl-MlkitOcrCommon.optional_261733100400.apk has no usable artifacts
06-17 12:24:26.463 I/artd    (  727): GetBestInfo: /data/user_de/0/com.google.android.gms/app_chimera/m/00000002/DynamiteLoader.uncompressed.apk has no usable artifacts
06-17 12:24:26.463 I/artd    (  727): GetBestInfo: /data/user_de/0/com.google.android.gms/app_chimera/m/0000002e/dl-Appsearch.optional_261733100400.apk has no usable artifacts
06-17 12:24:26.463 I/artd    (  727): GetBestInfo: /data/user_de/0/com.google.android.gms/app_chimera/m/00000030/dl-MlkitOcrCommon.optional_261933100400.apk has no usable artifacts
06-17 12:24:26.463 I/artd    (  727): GetBestInfo: /data/user_de/0/com.google.android.gms/app_chimera/m/00000015/dl-PlayCloudSearch.optional_261464100000.apk has no usable artifacts
06-17 12:24:26.463 I/artd    (  727): GetBestInfo: /data/user_de/0/com.google.android.gms/app_chimera/m/0000001e/dl-Appsearch.optional_261631100400.apk has no usable artifacts
06-17 12:24:26.463 I/artd    (  727): GetBestInfo: /data/user_de/0/com.google.android.gms/app_chimera/m/00000013/dl-MlkitOcrCommon.optional_261464100400.apk has no usable artifacts
06-17 12:24:26.463 I/artd    (  727): GetBestInfo: /data/user_de/0/com.google.android.gms/app_chimera/m/00000032/dl-MlkitBarcodeUi.optional_261933100400.apk has no usable artifacts
06-17 12:24:26.463 I/artd    (  727): GetBestInfo: /data/user/0/com.google.android.gms/app_dg_cache/754BEC187BC4F26BBC31300F93DBF9B7506C1861/the.apk has no usable artifacts
06-17 12:24:26.463 I/artd    (  727): GetBestInfo: /data/user_de/0/com.google.android.gms/app_chimera/m/00000007/MeasurementDynamite.apk has no usable artifacts
06-17 12:24:26.463 I/artd    (  727): GetBestInfo: /data/user_de/0/com.google.android.gms/app_chimera/m/0000002c/dl-IdentityCredentialsPlatform.optional_261733100400.apk has no usable artifacts
06-17 12:24:26.463 I/artd    (  727): GetBestInfo: /data/user_de/0/com.google.android.gms/app_chimera/m/0000002b/dl-PlayCloudSearch.optional_261733100000.apk has no usable artifacts
06-17 12:24:26.463 I/artd    (  727): GetBestInfo: /data/user_de/0/com.google.android.gms/app_chimera/m/00000033/dl-PlayCloudSearch.optional_261933100000.apk has no usable artifacts
06-17 12:24:26.463 I/artd    (  727): GetBestInfo: /data/user_de/0/com.google.android.gms/app_chimera/m/0000001c/dl-VisionOcr.optional_261631100000.apk has no usable artifacts
06-17 12:24:26.463 I/artd    (  727): GetBestInfo: /data/user_de/0/com.google.android.gms/app_chimera/m/00000011/dl-MlkitBarcodeUi.optional_261464100400.apk has no usable artifacts
06-17 12:24:26.463 I/artd    (  727): GetBestInfo: /data/user_de/0/com.google.android.gms/app_chimera/m/00000049/dl-VisionOcr.optional_262333100000.apk has no usable artifacts
06-17 12:24:26.464 I/artd    (  727): GetBestInfo: /data/user_de/0/com.google.android.gms/app_chimera/m/00000005/GoogleCertificates.apk has no usable artifacts
06-17 12:24:26.464 I/artd    (  727): GetBestInfo: /data/user_de/0/com.google.android.gms/app_chimera/m/00000010/dl-TfliteDynamiteDynamite.integ_260580502100400.apk has no usable artifacts
06-17 12:24:26.464 I/artd    (  727): GetBestInfo: /data/user/0/com.google.android.gms/app_dg_cache/9D5BCED7935D64431BF672B8BBD597199833CA19/the.apk has no usable artifacts
06-17 12:24:26.464 I/artd    (  727): GetBestInfo: /data/user_de/0/com.google.android.gms/app_chimera/m/00000009/dl-TfliteDynamiteDynamite.integ_252130102100400.apk has no usable artifacts
06-17 12:24:26.464 I/artd    (  727): GetBestInfo: vdex next to the dex file (/data/user/0/com.google.android.gms/app_dg_cache/5833371D1ACC412507A92815B074897510CCCEDD/oat/arm64/the.vdex) is kOatUpToDate with filter 'verify' executable 'false'
06-17 12:24:26.464 I/artd    (  727): GetBestInfo: /data/user_de/0/com.google.android.gms/app_chimera/m/0000001b/dl-PlayCloudSearch.optional_261631100000.apk has no usable artifacts
06-17 12:24:26.464 I/artd    (  727): GetBestInfo: /data/user_de/0/com.google.android.gms/app_chimera/m/00000027/dl-IdentityCredentialsPlatform.optional_261631100400.apk has no usable artifacts
06-17 12:24:26.464 I/artd    (  727): GetBestInfo: /data/user/0/com.google.android.gms/app_dg_cache/86153AA318A3F208A8C511836585279D8C7E8D94/the.apk has no usable artifacts
06-17 12:24:26.464 I/artd    (  727): GetBestInfo: /data/user_de/0/com.google.android.gms/app_chimera/m/0000001d/dl-IdentityCredentialsPlatform.optional_261631100400.apk has no usable artifacts
06-17 12:24:26.464 I/artd    (  727): GetBestInfo: /data/user_de/0/com.google.android.gms/app_chimera/m/0000002d/dl-VisionOcr.optional_261733100000.apk has no usable artifacts
06-17 12:24:26.465 I/artd    (  727): GetBestInfo: /data/user_de/0/com.google.android.gms/app_chimera/m/0000000e/dl-PlayCloudSearch.optional_242335100000.apk has no usable artifacts
06-17 12:24:26.465 I/artd    (  727): GetBestInfo: /data/user_de/0/com.google.android.gms/app_chimera/m/0000004a/dl-Appsearch.optional_262333100400.apk has no usable artifacts
06-17 12:24:26.465 I/artd    (  727): GetBestInfo: /data/user_de/0/com.google.android.gms/app_chimera/m/0000001a/dl-MlkitBarcodeUi.optional_261631100400.apk has no usable artifacts
06-17 12:24:26.467 I/artd    (  727): GetBestInfo: vdex next to the dex file (/data/user/0/com.google.android.gms/app_dg_cache/10FF5D5C646CC9E2F04BD9D73A072BD012EF1A7A/oat/arm64/the.vdex) is kOatUpToDate with filter 'verify' executable 'false'
06-17 12:24:26.467 I/artd    (  727): GetBestInfo: /data/user_de/0/com.google.android.gms/app_chimera/m/00000036/dl-Appsearch.optional_261933100400.apk has no usable artifacts
06-17 12:24:26.467 I/artd    (  727): GetBestInfo: /data/user/0/com.google.android.gms/app_dg_cache/21A90BF1C1C388089206DCE215FB60D7882BFA18/the.apk has no usable artifacts
06-17 12:24:26.468 I/artd    (  727): GetBestInfo: /data/user_de/0/com.google.android.gms/app_chimera/m/0000001f/dl-IdentityCredentialsPlacebo.optional_261631100400.apk has no usable artifacts
06-17 12:24:26.468 I/artd    (  727): GetBestInfo: /data/user_de/0/com.google.android.gms/app_chimera/m/00000034/dl-IdentityCredentialsPlatform.optional_261933100400.apk has no usable artifacts
06-17 12:24:26.468 I/artd    (  727): GetBestInfo: /data/user_de/0/com.google.android.gms/app_chimera/m/00000019/dl-MlkitOcrCommon.optional_261631100400.apk has no usable artifacts
06-17 12:24:26.468 I/artd    (  727): GetBestInfo: /data/user/0/com.google.android.gms/app_dg_cache/A8F89F306FD1BA172E06F6F2B9F79826D0309BB6/the.apk has no usable artifacts
06-17 12:24:26.468 I/artd    (  727): GetBestInfo: /data/user/0/com.google.android.gms/app_dg_cache/707FFD883BF2A7896692338F9625CA52336E933B/the.apk has no usable artifacts
06-17 12:24:26.543 I/CatalogCloudSync( 7132): sync_events_apply domain=catalog remoteSuppliers=0 remoteCategories=0 remoteProducts=0 applied=0
06-17 12:24:26.713 I/CatalogCloudSync( 7132): sync_events_apply domain=catalog_prices remoteProductIds=1 remotePrices=0 pricesPulled=0 pricesSkippedNoProductRef=0
06-17 12:24:26.904 D/EGL_emulation( 7132): app_time_stats: avg=2.64ms min=0.68ms max=12.16ms count=60
06-17 12:24:26.978 I/CatalogCloudSync( 7132): sync_events_apply domain=catalog remoteSuppliers=0 remoteCategories=0 remoteProducts=0 applied=0
06-17 12:24:27.074 I/CatalogCloudSync( 7132): sync_events_apply domain=catalog_prices remoteProductIds=3 remotePrices=0 pricesPulled=0 pricesSkippedNoProductRef=0
06-17 12:24:27.225 I/CatalogCloudSync( 7132): sync_events_apply domain=prices remotePrices=0 pricesPulled=0 pricesSkippedNoProductRef=0
06-17 12:24:27.311 I/CatalogCloudSync( 7132): sync_events_apply domain=catalog remoteSuppliers=0 remoteCategories=0 remoteProducts=0 applied=0
06-17 12:24:27.393 I/CatalogCloudSync( 7132): sync_events_apply domain=catalog_prices remoteProductIds=1 remotePrices=0 pricesPulled=0 pricesSkippedNoProductRef=0
06-17 12:24:27.477 I/CatalogCloudSync( 7132): sync_events_apply domain=catalog remoteSuppliers=0 remoteCategories=0 remoteProducts=0 applied=0
06-17 12:24:27.560 I/CatalogCloudSync( 7132): sync_events_apply domain=catalog_prices remoteProductIds=1 remotePrices=0 pricesPulled=0 pricesSkippedNoProductRef=0
06-17 12:24:27.741 I/CatalogCloudSync( 7132): sync_events_apply domain=history remoteSessions=0 applied=0 skipped=0 failed=0 unsupported=0
06-17 12:24:27.830 I/CatalogCloudSync( 7132): sync_events_apply domain=history remoteSessions=0 applied=0 skipped=0 failed=0 unsupported=0
06-17 12:24:27.905 D/EGL_emulation( 7132): app_time_stats: avg=2.92ms min=1.34ms max=5.40ms count=60
06-17 12:24:27.924 I/CatalogCloudSync( 7132): sync_events_apply domain=history remoteSessions=0 applied=0 skipped=0 failed=0 unsupported=0
06-17 12:24:28.017 I/CatalogCloudSync( 7132): sync_events_apply domain=prices remotePrices=0 pricesPulled=0 pricesSkippedNoProductRef=0
06-17 12:24:28.362 I/CatalogCloudSync( 7132): sync_events_apply domain=catalog remoteSuppliers=0 remoteCategories=0 remoteProducts=0 applied=0
06-17 12:24:28.460 I/CatalogCloudSync( 7132): sync_events_apply domain=catalog_prices remoteProductIds=3 remotePrices=0 pricesPulled=0 pricesSkippedNoProductRef=0
06-17 12:24:28.557 I/CatalogCloudSync( 7132): sync_events_apply domain=catalog remoteSuppliers=0 remoteCategories=0 remoteProducts=0 applied=0
06-17 12:24:28.642 I/CatalogCloudSync( 7132): sync_events_apply domain=catalog_prices remoteProductIds=1 remotePrices=0 pricesPulled=0 pricesSkippedNoProductRef=0
06-17 12:24:28.792 I/CatalogCloudSync( 7132): sync_events_apply domain=catalog remoteSuppliers=0 remoteCategories=0 remoteProducts=0 applied=0
06-17 12:24:28.875 I/CatalogCloudSync( 7132): sync_events_apply domain=catalog_prices remoteProductIds=1 remotePrices=0 pricesPulled=0 pricesSkippedNoProductRef=0
06-17 12:24:28.921 D/EGL_emulation( 7132): app_time_stats: avg=3.00ms min=1.34ms max=7.30ms count=61
06-17 12:24:28.993 I/CatalogCloudSync( 7132): sync_events_apply domain=history remoteSessions=11 applied=0 skipped=11 failed=0 unsupported=0
06-17 12:24:29.290 I/wpa_supplicant(  851): wlan0: CTRL-EVENT-BEACON-LOSS 
06-17 12:24:29.322 I/CatalogCloudSync( 7132): sync_events_apply domain=catalog remoteSuppliers=0 remoteCategories=0 remoteProducts=0 applied=0
06-17 12:24:29.354 I/HalDevMgr(  605): bestIfaceCreationProposal is null, requestIface=STA, existingIface=[name=wlan0 type=STA]
06-17 12:24:29.364 D/IpClient/wlan0(  996): interfaceLinkStateChanged: ifindex 16 up
06-17 12:24:29.364 W/IPCThreadState(  605): Sending oneway calls to frozen process.
06-17 12:24:29.365 W/IPCThreadState(  605): Sending oneway calls to frozen process.
06-17 12:24:29.367 W/IPCThreadState(  605): Sending oneway calls to frozen process.
06-17 12:24:29.368 W/IPCThreadState(  605): Sending oneway calls to frozen process.
06-17 12:24:29.368 W/IPCThreadState(  605): Sending oneway calls to frozen process.
06-17 12:24:29.368 W/IPCThreadState(  605): Sending oneway calls to frozen process.
06-17 12:24:29.368 W/IPCThreadState(  605): Sending oneway calls to frozen process.
06-17 12:24:29.368 W/IPCThreadState(  605): Sending oneway calls to frozen process.
06-17 12:24:29.368 W/IPCThreadState(  605): Sending oneway calls to frozen process.
06-17 12:24:29.368 W/IPCThreadState(  605): Sending oneway calls to frozen process.
06-17 12:24:29.372 D/ConnectivityService(  605): NetReassign [no changes] [c 0] [a 1] [i 0]
06-17 12:24:29.372 D/IpClient/wlan0(  996): interfaceLinkStateChanged: ifindex 16 up
06-17 12:24:29.373 I/MagicTether( 1144): (REDACTED) [ActiveNetworkTracker] setActiveNetwork: %s
06-17 12:24:29.373 I/MagicTether( 1144): (REDACTED) [TetherService] onActiveNetworkChanged: network=%s isLost=%s
06-17 12:24:29.376 I/NearbyMediums( 1144): Wifi changed new SSID: "AndroidWifi"
06-17 12:24:29.376 I/NearbyMediums( 1144): WifiLanConnectivityInfo is not changed, skip notify.
06-17 12:24:29.376 I/MagicTether( 1144): [WifiConnectionHandler] Ignoring getWifiConfigurationByNetworkId when checking connected state [CONTEXT service_id=276 ]
06-17 12:24:29.376 I/MagicTether( 1144): [WifiConnectionHandler] No networkId set, can't be connected. [CONTEXT service_id=276 ]
06-17 12:24:29.376 I/MagicTether( 1144): (REDACTED) [TetherService] TRANSPORT_CELLULAR [%s], TRANSPORT_ETHERNET [%s], TRANSPORT_WIFI [%s]
06-17 12:24:29.376 I/MagicTether( 1144): (REDACTED) [TetherService] setRoles hasActiveNetworkConnection=%s canActiveNetworkBeTethered=%s isConnectedToInstantTether=%s isWifiEnabled=%s isHosting=%s
06-17 12:24:29.377 I/MagicTether( 1144): (REDACTED) [LaunchUtils] Instant Wifi for status account: name: %s | type: %s | isLaunched: %s
06-17 12:24:29.377 I/MagicTether( 1144): (REDACTED) [TidepoolFeatureStatusManager] isInstantHotspotEnabled=%s
06-17 12:24:29.377 I/MagicTether( 1144): (REDACTED) [TidepoolFeatureStatusManager] isInstantWifiEnabled=%s
06-17 12:24:29.377 I/MagicTether( 1144): (REDACTED) [TetherService] startNearbyHostRole: start: %s isInstantHotspotEnabled: %s isInstantWifiEnabled: %s
06-17 12:24:29.377 I/MagicTether( 1144): [HostTetherRole] Nearby host role already stopped [CONTEXT service_id=276 ]
06-17 12:24:29.378 I/NullBinder( 1144): NullBinder for android.net.action.RECOMMEND_NETWORKS triggering remote TransactionTooLargeException due to Service without Chimera impl, calling uid: 1000, calling pid: 0
06-17 12:24:29.378 W/.gms.persistent( 1144): Large reply transaction of 1056768 bytes, interface descriptor , code 1
06-17 12:24:29.380 I/MagicTether( 1144): (REDACTED) [NotificationPresenter] cancelNotification: %d
06-17 12:24:29.380 I/MagicTether( 1144): [AutoDisconnectIntentOperation] Canceling task. [CONTEXT service_id=276 ]
06-17 12:24:29.382 I/MagicTether( 1144): (REDACTED) [LaunchUtils] Instant Wifi for status account: name: %s | type: %s | isLaunched: %s
06-17 12:24:29.384 I/MagicTether( 1144): (REDACTED) [TidepoolFeatureStatusManager] isInstantHotspotEnabled=%s
06-17 12:24:29.384 I/MagicTether( 1144): (REDACTED) [TidepoolFeatureStatusManager] isInstantWifiEnabled=%s
06-17 12:24:29.384 I/MagicTether( 1144): (REDACTED) [TetherService] startNearbyClientRole: start: %s isInstantHotspotEnabled: %s isInstantWifiEnabled: %s
06-17 12:24:29.384 I/MagicTether( 1144): [TetherService] Stopping Nearby client role [CONTEXT service_id=276 ]
06-17 12:24:29.384 I/MagicTether( 1144): [ClientTetherRole] Client role already stopped [CONTEXT service_id=276 ]
06-17 12:24:29.385 I/MagicTether( 1144): [AutoDisconnectIntentOperation] Canceling task. [CONTEXT service_id=276 ]
06-17 12:24:29.386 I/MagicTether( 1144): (REDACTED) [NotificationPresenter] cancelNotification: %d
06-17 12:24:29.387 I/MagicTether( 1144): [AutoDisconnectIntentOperation] Canceling task. [CONTEXT service_id=276 ]
06-17 12:24:29.387 I/MagicTether( 1144): (REDACTED) [NotificationPresenter] cancelNotification: %d
06-17 12:24:29.410 I/CatalogCloudSync( 7132): sync_events_apply domain=catalog_prices remoteProductIds=3 remotePrices=0 pricesPulled=0 pricesSkippedNoProductRef=0
06-17 12:24:29.495 I/CatalogCloudSync( 7132): sync_events_apply domain=prices remotePrices=0 pricesPulled=0 pricesSkippedNoProductRef=0
06-17 12:24:29.582 I/CatalogCloudSync( 7132): sync_events_apply domain=catalog remoteSuppliers=0 remoteCategories=0 remoteProducts=0 applied=0
06-17 12:24:29.672 I/CatalogCloudSync( 7132): sync_events_apply domain=catalog_prices remoteProductIds=1 remotePrices=0 pricesPulled=0 pricesSkippedNoProductRef=0
06-17 12:24:29.843 I/CatalogCloudSync( 7132): sync_events_apply domain=catalog remoteSuppliers=0 remoteCategories=0 remoteProducts=0 applied=0
06-17 12:24:29.863 I/NearbySharing( 1144): Network state changed: NetworkState(isRestricted=false, isOnline=true, isCongested=false, isMetered=false, isWifiConnected=true)
06-17 12:24:29.865 I/NearbySharing( 1144): Network state changed: NetworkState(isRestricted=false, isOnline=true, isCongested=false, isMetered=false, isWifiConnected=true)
06-17 12:24:29.921 D/EGL_emulation( 7132): app_time_stats: avg=2.50ms min=0.85ms max=9.36ms count=60
06-17 12:24:29.943 I/CatalogCloudSync( 7132): sync_events_apply domain=catalog_prices remoteProductIds=1 remotePrices=0 pricesPulled=0 pricesSkippedNoProductRef=0
06-17 12:24:30.026 I/CatalogCloudSync( 7132): sync_events_apply domain=history remoteSessions=0 applied=0 skipped=0 failed=0 unsupported=0
06-17 12:24:30.111 I/CatalogCloudSync( 7132): sync_events_apply domain=history remoteSessions=0 applied=0 skipped=0 failed=0 unsupported=0
06-17 12:24:30.207 I/CatalogCloudSync( 7132): sync_events_apply domain=history remoteSessions=0 applied=0 skipped=0 failed=0 unsupported=0
06-17 12:24:30.441 I/CatalogCloudSync( 7132): sync_events_apply domain=prices remotePrices=0 pricesPulled=0 pricesSkippedNoProductRef=0
06-17 12:24:30.708 I/CatalogCloudSync( 7132): sync_events_apply domain=catalog remoteSuppliers=0 remoteCategories=0 remoteProducts=0 applied=0
06-17 12:24:30.889 I/CatalogCloudSync( 7132): sync_events_apply domain=catalog_prices remoteProductIds=3 remotePrices=0 pricesPulled=0 pricesSkippedNoProductRef=0
06-17 12:24:30.937 D/EGL_emulation( 7132): app_time_stats: avg=3.03ms min=1.34ms max=5.98ms count=61
06-17 12:24:30.978 I/CatalogCloudSync( 7132): sync_events_apply domain=catalog remoteSuppliers=0 remoteCategories=0 remoteProducts=0 applied=0
06-17 12:24:31.072 I/CatalogCloudSync( 7132): sync_events_apply domain=catalog_prices remoteProductIds=1 remotePrices=0 pricesPulled=0 pricesSkippedNoProductRef=0
06-17 12:24:31.159 I/CatalogCloudSync( 7132): sync_events_apply domain=catalog remoteSuppliers=0 remoteCategories=0 remoteProducts=0 applied=0
06-17 12:24:31.243 I/CatalogCloudSync( 7132): sync_events_apply domain=catalog_prices remoteProductIds=1 remotePrices=0 pricesPulled=0 pricesSkippedNoProductRef=0
06-17 12:24:31.311 I/NearbyMediums( 1144): No BLE Fast/GATT advertisements found in the latest cycle.
06-17 12:24:31.311 I/NearbyMediums( 1144): Current Tracked Scanning Clients are : {NearbyConnections.EnvironmentMonitor, NearbySharing, NearbyConnections.TxAdvertisement}
06-17 12:24:31.576 I/CatalogCloudSync( 7132): sync_events_apply domain=catalog remoteSuppliers=0 remoteCategories=0 remoteProducts=0 applied=0
06-17 12:24:31.660 I/CatalogCloudSync( 7132): sync_events_apply domain=catalog_prices remoteProductIds=3 remotePrices=0 pricesPulled=0 pricesSkippedNoProductRef=0
06-17 12:24:31.758 I/CatalogCloudSync( 7132): sync_events_apply domain=prices remotePrices=0 pricesPulled=0 pricesSkippedNoProductRef=0
06-17 12:24:31.841 I/CatalogCloudSync( 7132): sync_events_apply domain=catalog remoteSuppliers=0 remoteCategories=0 remoteProducts=0 applied=0
06-17 12:24:31.938 D/EGL_emulation( 7132): app_time_stats: avg=2.75ms min=0.89ms max=6.66ms count=60
06-17 12:24:32.026 I/CatalogCloudSync( 7132): sync_events_apply domain=catalog_prices remoteProductIds=1 remotePrices=0 pricesPulled=0 pricesSkippedNoProductRef=0
06-17 12:24:32.113 I/CatalogCloudSync( 7132): sync_events_apply domain=catalog remoteSuppliers=0 remoteCategories=0 remoteProducts=0 applied=0
06-17 12:24:32.206 I/CatalogCloudSync( 7132): sync_events_apply domain=catalog_prices remoteProductIds=1 remotePrices=0 pricesPulled=0 pricesSkippedNoProductRef=0
06-17 12:24:32.291 I/CatalogCloudSync( 7132): sync_events_apply domain=history remoteSessions=0 applied=0 skipped=0 failed=0 unsupported=0
06-17 12:24:32.360 I/HalDevMgr(  605): bestIfaceCreationProposal is null, requestIface=STA, existingIface=[name=wlan0 type=STA]
06-17 12:24:32.368 W/IPCThreadState(  605): Sending oneway calls to frozen process.
06-17 12:24:32.368 W/IPCThreadState(  605): Sending oneway calls to frozen process.
06-17 12:24:32.368 W/IPCThreadState(  605): Sending oneway calls to frozen process.
06-17 12:24:32.368 W/IPCThreadState(  605): Sending oneway calls to frozen process.
06-17 12:24:32.368 W/IPCThreadState(  605): Sending oneway calls to frozen process.
06-17 12:24:32.368 W/IPCThreadState(  605): Sending oneway calls to frozen process.
06-17 12:24:32.368 W/IPCThreadState(  605): Sending oneway calls to frozen process.
06-17 12:24:32.368 W/IPCThreadState(  605): Sending oneway calls to frozen process.
06-17 12:24:32.368 W/IPCThreadState(  605): Sending oneway calls to frozen process.
06-17 12:24:32.368 W/IPCThreadState(  605): Sending oneway calls to frozen process.
06-17 12:24:32.369 I/NullBinder( 1144): NullBinder for android.net.action.RECOMMEND_NETWORKS triggering remote TransactionTooLargeException due to Service without Chimera impl, calling uid: 1000, calling pid: 0
06-17 12:24:32.371 W/.gms.persistent( 1144): Large reply transaction of 1056768 bytes, interface descriptor , code 1
06-17 12:24:32.373 D/ConnectivityService(  605): NetReassign [no changes] [c 0] [a 2] [i 0]
06-17 12:24:32.373 I/MagicTether( 1144): (REDACTED) [ActiveNetworkTracker] setActiveNetwork: %s
06-17 12:24:32.375 I/MagicTether( 1144): (REDACTED) [TetherService] onActiveNetworkChanged: network=%s isLost=%s
06-17 12:24:32.375 I/MagicTether( 1144): [WifiConnectionHandler] Ignoring getWifiConfigurationByNetworkId when checking connected state [CONTEXT service_id=276 ]
06-17 12:24:32.375 I/MagicTether( 1144): [WifiConnectionHandler] No networkId set, can't be connected. [CONTEXT service_id=276 ]
06-17 12:24:32.375 I/MagicTether( 1144): (REDACTED) [TetherService] TRANSPORT_CELLULAR [%s], TRANSPORT_ETHERNET [%s], TRANSPORT_WIFI [%s]
06-17 12:24:32.375 I/MagicTether( 1144): (REDACTED) [TetherService] setRoles hasActiveNetworkConnection=%s canActiveNetworkBeTethered=%s isConnectedToInstantTether=%s isWifiEnabled=%s isHosting=%s
06-17 12:24:32.376 I/MagicTether( 1144): (REDACTED) [LaunchUtils] Instant Wifi for status account: name: %s | type: %s | isLaunched: %s
06-17 12:24:32.376 I/MagicTether( 1144): (REDACTED) [TidepoolFeatureStatusManager] isInstantHotspotEnabled=%s
06-17 12:24:32.376 I/MagicTether( 1144): (REDACTED) [TidepoolFeatureStatusManager] isInstantWifiEnabled=%s
06-17 12:24:32.376 I/MagicTether( 1144): (REDACTED) [TetherService] startNearbyHostRole: start: %s isInstantHotspotEnabled: %s isInstantWifiEnabled: %s
06-17 12:24:32.376 I/MagicTether( 1144): [HostTetherRole] Nearby host role already stopped [CONTEXT service_id=276 ]
06-17 12:24:32.376 I/NearbyMediums( 1144): Wifi changed new SSID: "AndroidWifi"
06-17 12:24:32.376 I/MagicTether( 1144): (REDACTED) [LaunchUtils] Instant Wifi for status account: name: %s | type: %s | isLaunched: %s
06-17 12:24:32.376 I/MagicTether( 1144): (REDACTED) [TidepoolFeatureStatusManager] isInstantHotspotEnabled=%s
06-17 12:24:32.376 I/MagicTether( 1144): (REDACTED) [TidepoolFeatureStatusManager] isInstantWifiEnabled=%s
06-17 12:24:32.376 I/MagicTether( 1144): (REDACTED) [TetherService] startNearbyClientRole: start: %s isInstantHotspotEnabled: %s isInstantWifiEnabled: %s
06-17 12:24:32.376 I/MagicTether( 1144): [TetherService] Stopping Nearby client role [CONTEXT service_id=276 ]
06-17 12:24:32.376 I/MagicTether( 1144): [ClientTetherRole] Client role already stopped [CONTEXT service_id=276 ]
06-17 12:24:32.377 I/NearbyMediums( 1144): WifiLanConnectivityInfo is not changed, skip notify.
06-17 12:24:32.378 I/MagicTether( 1144): (REDACTED) [NotificationPresenter] cancelNotification: %d
06-17 12:24:32.378 I/MagicTether( 1144): [AutoDisconnectIntentOperation] Canceling task. [CONTEXT service_id=276 ]
06-17 12:24:32.380 I/MagicTether( 1144): [AutoDisconnectIntentOperation] Canceling task. [CONTEXT service_id=276 ]
06-17 12:24:32.381 I/MagicTether( 1144): (REDACTED) [NotificationPresenter] cancelNotification: %d
06-17 12:24:32.381 I/MagicTether( 1144): [AutoDisconnectIntentOperation] Canceling task. [CONTEXT service_id=276 ]
06-17 12:24:32.382 I/MagicTether( 1144): (REDACTED) [NotificationPresenter] cancelNotification: %d
06-17 12:24:32.459 I/CatalogCloudSync( 7132): sync_events_apply domain=history remoteSessions=0 applied=0 skipped=0 failed=0 unsupported=0
06-17 12:24:32.688 I/CatalogCloudSync( 7132): sync_events_apply domain=history remoteSessions=0 applied=0 skipped=0 failed=0 unsupported=0
06-17 12:24:32.778 I/CatalogCloudSync( 7132): sync_events_apply domain=prices remotePrices=0 pricesPulled=0 pricesSkippedNoProductRef=0
06-17 12:24:32.867 I/NearbySharing( 1144): Network state changed: NetworkState(isRestricted=false, isOnline=true, isCongested=false, isMetered=false, isWifiConnected=true)
06-17 12:24:32.868 I/NearbySharing( 1144): Network state changed: NetworkState(isRestricted=false, isOnline=true, isCongested=false, isMetered=false, isWifiConnected=true)
06-17 12:24:32.906 I/CatalogCloudSync( 7132): sync_events_apply domain=history remoteSessions=11 applied=0 skipped=11 failed=0 unsupported=0
06-17 12:24:32.953 D/EGL_emulation( 7132): app_time_stats: avg=2.65ms min=0.90ms max=4.84ms count=61
06-17 12:24:33.297 I/CatalogCloudSync( 7132): sync_events_apply domain=catalog remoteSuppliers=0 remoteCategories=0 remoteProducts=0 applied=0
06-17 12:24:33.392 I/CatalogCloudSync( 7132): sync_events_apply domain=catalog_prices remoteProductIds=3 remotePrices=0 pricesPulled=0 pricesSkippedNoProductRef=0
06-17 12:24:33.508 I/CatalogCloudSync( 7132): sync_events_apply domain=catalog remoteSuppliers=0 remoteCategories=0 remoteProducts=0 applied=0
06-17 12:24:33.594 I/CatalogCloudSync( 7132): sync_events_apply domain=catalog_prices remoteProductIds=1 remotePrices=0 pricesPulled=0 pricesSkippedNoProductRef=0
06-17 12:24:33.691 I/CatalogCloudSync( 7132): sync_events_apply domain=catalog remoteSuppliers=0 remoteCategories=0 remoteProducts=0 applied=0
06-17 12:24:33.778 I/CatalogCloudSync( 7132): sync_events_apply domain=catalog_prices remoteProductIds=1 remotePrices=0 pricesPulled=0 pricesSkippedNoProductRef=0
06-17 12:24:33.954 D/EGL_emulation( 7132): app_time_stats: avg=2.76ms min=1.13ms max=5.06ms count=60
06-17 12:24:34.124 I/CatalogCloudSync( 7132): sync_events_apply domain=catalog remoteSuppliers=0 remoteCategories=0 remoteProducts=0 applied=0
06-17 12:24:34.209 I/CatalogCloudSync( 7132): sync_events_apply domain=catalog_prices remoteProductIds=3 remotePrices=0 pricesPulled=0 pricesSkippedNoProductRef=0
06-17 12:24:34.315 I/CatalogCloudSync( 7132): sync_events_apply domain=prices remotePrices=0 pricesPulled=0 pricesSkippedNoProductRef=0
06-17 12:24:34.410 I/CatalogCloudSync( 7132): sync_events_apply domain=catalog remoteSuppliers=0 remoteCategories=0 remoteProducts=0 applied=0
06-17 12:24:34.560 I/CatalogCloudSync( 7132): sync_events_apply domain=catalog_prices remoteProductIds=1 remotePrices=0 pricesPulled=0 pricesSkippedNoProductRef=0
06-17 12:24:34.645 I/CatalogCloudSync( 7132): sync_events_apply domain=catalog remoteSuppliers=0 remoteCategories=0 remoteProducts=0 applied=0
06-17 12:24:34.729 I/CatalogCloudSync( 7132): sync_events_apply domain=catalog_prices remoteProductIds=1 remotePrices=0 pricesPulled=0 pricesSkippedNoProductRef=0
06-17 12:24:34.824 I/CatalogCloudSync( 7132): sync_events_apply domain=history remoteSessions=0 applied=0 skipped=0 failed=0 unsupported=0
06-17 12:24:34.909 I/CatalogCloudSync( 7132): sync_events_apply domain=history remoteSessions=0 applied=0 skipped=0 failed=0 unsupported=0
06-17 12:24:34.972 D/EGL_emulation( 7132): app_time_stats: avg=2.87ms min=1.29ms max=5.45ms count=61
06-17 12:24:35.089 I/CatalogCloudSync( 7132): sync_events_apply domain=history remoteSessions=0 applied=0 skipped=0 failed=0 unsupported=0
06-17 12:24:35.224 I/CatalogCloudSync( 7132): sync_events_apply domain=history remoteSessions=11 applied=0 skipped=11 failed=0 unsupported=0
06-17 12:24:35.374 I/HalDevMgr(  605): bestIfaceCreationProposal is null, requestIface=STA, existingIface=[name=wlan0 type=STA]
06-17 12:24:35.377 D/IpClient/wlan0(  996): interfaceLinkStateChanged: ifindex 16 up
06-17 12:24:35.378 W/IPCThreadState(  605): Sending oneway calls to frozen process.
06-17 12:24:35.378 I/MagicTether( 1144): (REDACTED) [ActiveNetworkTracker] setActiveNetwork: %s
06-17 12:24:35.378 I/MagicTether( 1144): (REDACTED) [TetherService] onActiveNetworkChanged: network=%s isLost=%s
06-17 12:24:35.381 W/IPCThreadState(  605): Sending oneway calls to frozen process.
06-17 12:24:35.381 W/IPCThreadState(  605): Sending oneway calls to frozen process.
06-17 12:24:35.381 W/IPCThreadState(  605): Sending oneway calls to frozen process.
06-17 12:24:35.381 W/IPCThreadState(  605): Sending oneway calls to frozen process.
06-17 12:24:35.381 W/IPCThreadState(  605): Sending oneway calls to frozen process.
06-17 12:24:35.381 W/IPCThreadState(  605): Sending oneway calls to frozen process.
06-17 12:24:35.381 W/IPCThreadState(  605): Sending oneway calls to frozen process.
06-17 12:24:35.381 W/IPCThreadState(  605): Sending oneway calls to frozen process.
06-17 12:24:35.381 W/IPCThreadState(  605): Sending oneway calls to frozen process.
06-17 12:24:35.382 D/IpClient/wlan0(  996): interfaceLinkStateChanged: ifindex 16 up
06-17 12:24:35.387 D/ConnectivityService(  605): NetReassign [no changes] [c 0] [a 1] [i 0]
06-17 12:24:35.389 I/NullBinder( 1144): NullBinder for android.net.action.RECOMMEND_NETWORKS triggering remote TransactionTooLargeException due to Service without Chimera impl, calling uid: 1000, calling pid: 0
06-17 12:24:35.389 W/.gms.persistent( 1144): Large reply transaction of 1056768 bytes, interface descriptor , code 1
06-17 12:24:35.390 I/MagicTether( 1144): [WifiConnectionHandler] Ignoring getWifiConfigurationByNetworkId when checking connected state [CONTEXT service_id=276 ]
06-17 12:24:35.390 I/MagicTether( 1144): [WifiConnectionHandler] No networkId set, can't be connected. [CONTEXT service_id=276 ]
06-17 12:24:35.390 I/MagicTether( 1144): (REDACTED) [TetherService] TRANSPORT_CELLULAR [%s], TRANSPORT_ETHERNET [%s], TRANSPORT_WIFI [%s]
06-17 12:24:35.390 I/MagicTether( 1144): (REDACTED) [TetherService] setRoles hasActiveNetworkConnection=%s canActiveNetworkBeTethered=%s isConnectedToInstantTether=%s isWifiEnabled=%s isHosting=%s
06-17 12:24:35.392 I/NearbyMediums( 1144): Wifi changed new SSID: "AndroidWifi"
06-17 12:24:35.392 I/NearbyMediums( 1144): WifiLanConnectivityInfo is not changed, skip notify.
06-17 12:24:35.392 I/MagicTether( 1144): (REDACTED) [LaunchUtils] Instant Wifi for status account: name: %s | type: %s | isLaunched: %s
06-17 12:24:35.392 I/MagicTether( 1144): (REDACTED) [TidepoolFeatureStatusManager] isInstantHotspotEnabled=%s
06-17 12:24:35.392 I/MagicTether( 1144): (REDACTED) [TidepoolFeatureStatusManager] isInstantWifiEnabled=%s
06-17 12:24:35.392 I/MagicTether( 1144): (REDACTED) [TetherService] startNearbyHostRole: start: %s isInstantHotspotEnabled: %s isInstantWifiEnabled: %s
06-17 12:24:35.392 I/MagicTether( 1144): [HostTetherRole] Nearby host role already stopped [CONTEXT service_id=276 ]
06-17 12:24:35.395 I/MagicTether( 1144): (REDACTED) [NotificationPresenter] cancelNotification: %d
06-17 12:24:35.396 I/MagicTether( 1144): [AutoDisconnectIntentOperation] Canceling task. [CONTEXT service_id=276 ]
06-17 12:24:35.398 I/MagicTether( 1144): (REDACTED) [LaunchUtils] Instant Wifi for status account: name: %s | type: %s | isLaunched: %s
06-17 12:24:35.398 I/MagicTether( 1144): (REDACTED) [TidepoolFeatureStatusManager] isInstantHotspotEnabled=%s
06-17 12:24:35.398 I/MagicTether( 1144): (REDACTED) [TidepoolFeatureStatusManager] isInstantWifiEnabled=%s
06-17 12:24:35.398 I/MagicTether( 1144): (REDACTED) [TetherService] startNearbyClientRole: start: %s isInstantHotspotEnabled: %s isInstantWifiEnabled: %s
06-17 12:24:35.398 I/MagicTether( 1144): [TetherService] Stopping Nearby client role [CONTEXT service_id=276 ]
06-17 12:24:35.398 I/MagicTether( 1144): [ClientTetherRole] Client role already stopped [CONTEXT service_id=276 ]
06-17 12:24:35.401 I/MagicTether( 1144): [AutoDisconnectIntentOperation] Canceling task. [CONTEXT service_id=276 ]
06-17 12:24:35.401 I/MagicTether( 1144): (REDACTED) [NotificationPresenter] cancelNotification: %d
06-17 12:24:35.404 I/MagicTether( 1144): [AutoDisconnectIntentOperation] Canceling task. [CONTEXT service_id=276 ]
06-17 12:24:35.404 I/MagicTether( 1144): (REDACTED) [NotificationPresenter] cancelNotification: %d
06-17 12:24:35.492 I/CatalogCloudSync( 7132): sync_events_apply domain=catalog remoteSuppliers=0 remoteCategories=0 remoteProducts=0 applied=0
06-17 12:24:35.607 I/CatalogCloudSync( 7132): sync_events_apply domain=catalog_prices remoteProductIds=3 remotePrices=0 pricesPulled=0 pricesSkippedNoProductRef=0
06-17 12:24:35.703 I/CatalogCloudSync( 7132): sync_events_apply domain=prices remotePrices=0 pricesPulled=0 pricesSkippedNoProductRef=0
06-17 12:24:35.792 I/CatalogCloudSync( 7132): sync_events_apply domain=catalog remoteSuppliers=0 remoteCategories=0 remoteProducts=0 applied=0
06-17 12:24:35.875 I/CatalogCloudSync( 7132): sync_events_apply domain=catalog_prices remoteProductIds=1 remotePrices=0 pricesPulled=0 pricesSkippedNoProductRef=0
06-17 12:24:35.886 I/NearbySharing( 1144): Network state changed: NetworkState(isRestricted=false, isOnline=true, isCongested=false, isMetered=false, isWifiConnected=true)
06-17 12:24:35.888 I/NearbySharing( 1144): Network state changed: NetworkState(isRestricted=false, isOnline=true, isCongested=false, isMetered=false, isWifiConnected=true)
06-17 12:24:35.959 I/CatalogCloudSync( 7132): sync_events_apply domain=prices remotePrices=0 pricesPulled=0 pricesSkippedNoProductRef=0
06-17 12:24:35.988 D/EGL_emulation( 7132): app_time_stats: avg=2.67ms min=0.91ms max=7.06ms count=61
06-17 12:24:36.130 I/CatalogCloudSync( 7132): sync_events_apply domain=catalog remoteSuppliers=0 remoteCategories=0 remoteProducts=0 applied=0
06-17 12:24:36.230 I/CatalogCloudSync( 7132): sync_events_apply domain=catalog_prices remoteProductIds=1 remotePrices=0 pricesPulled=0 pricesSkippedNoProductRef=0
06-17 12:24:36.402 I/adbd    (  465): adbd service requested 'shell,v2,raw:dumpsys package com.google.android.gms'
06-17 12:24:36.452 I/artd    (  727): GetBestInfo: odex next to the dex file (/data/app/~~RBqLWa4IHxAvM1EDn2acWA==/com.google.android.gms--6rwsmYaGwERs-rlQ1V3rA==/oat/arm64/base.odex) is kOatBootImageOutOfDate with filter 'speed-profile' executable 'false': Image checksum mismatch, expected i;28/6d8ebc32 to start with i;28/fd0aebae
06-17 12:24:36.453 I/artd    (  727): GetBestInfo: vdex next to the dex file (/data/app/~~RBqLWa4IHxAvM1EDn2acWA==/com.google.android.gms--6rwsmYaGwERs-rlQ1V3rA==/oat/arm64/base.vdex) is kOatUpToDate with filter 'verify' executable 'false'
06-17 12:24:36.453 I/artd    (  727): GetBestInfo: dm (/data/app/~~RBqLWa4IHxAvM1EDn2acWA==/com.google.android.gms--6rwsmYaGwERs-rlQ1V3rA==/split_AdsDynamite_installtime.dm) is kOatUpToDate with filter 'verify' executable 'false'
06-17 12:24:36.456 I/artd    (  727): GetBestInfo: odex next to the dex file (/data/app/~~RBqLWa4IHxAvM1EDn2acWA==/com.google.android.gms--6rwsmYaGwERs-rlQ1V3rA==/oat/arm64/split_CronetDynamite_installtime.odex) is kOatBootImageOutOfDate with filter 'speed-profile' executable 'false': Image checksum mismatch, expected i;28/6d8ebc32 to start with i;28/fd0aebae
06-17 12:24:36.456 I/artd    (  727): GetBestInfo: vdex next to the dex file (/data/app/~~RBqLWa4IHxAvM1EDn2acWA==/com.google.android.gms--6rwsmYaGwERs-rlQ1V3rA==/oat/arm64/split_CronetDynamite_installtime.vdex) is kOatUpToDate with filter 'verify' executable 'false'
06-17 12:24:36.457 I/artd    (  727): GetBestInfo: dm (/data/app/~~RBqLWa4IHxAvM1EDn2acWA==/com.google.android.gms--6rwsmYaGwERs-rlQ1V3rA==/split_DynamiteLoader_installtime.dm) is kOatUpToDate with filter 'verify' executable 'false'
06-17 12:24:36.461 I/artd    (  727): GetBestInfo: dm (/data/app/~~RBqLWa4IHxAvM1EDn2acWA==/com.google.android.gms--6rwsmYaGwERs-rlQ1V3rA==/split_DynamiteModulesA_installtime.dm) is kOatUpToDate with filter 'verify' executable 'false'
06-17 12:24:36.462 I/artd    (  727): GetBestInfo: dm (/data/app/~~RBqLWa4IHxAvM1EDn2acWA==/com.google.android.gms--6rwsmYaGwERs-rlQ1V3rA==/split_DynamiteModulesC_installtime.dm) is kOatUpToDate with filter 'verify' executable 'false'
06-17 12:24:36.462 I/artd    (  727): GetBestInfo: dm (/data/app/~~RBqLWa4IHxAvM1EDn2acWA==/com.google.android.gms--6rwsmYaGwERs-rlQ1V3rA==/split_GoogleCertificates_installtime.dm) is kOatUpToDate with filter 'verify' executable 'false'
06-17 12:24:36.462 I/artd    (  727): GetBestInfo: dm (/data/app/~~RBqLWa4IHxAvM1EDn2acWA==/com.google.android.gms--6rwsmYaGwERs-rlQ1V3rA==/split_MapsDynamite_installtime.dm) is kOatUpToDate with filter 'verify' executable 'false'
06-17 12:24:36.465 I/artd    (  727): GetBestInfo: dm (/data/app/~~RBqLWa4IHxAvM1EDn2acWA==/com.google.android.gms--6rwsmYaGwERs-rlQ1V3rA==/split_MeasurementDynamite_installtime.dm) is kOatUpToDate with filter 'verify' executable 'false'
06-17 12:24:36.465 I/artd    (  727): GetBestInfo: /data/user_de/0/com.google.android.gms/app_chimera/m/0000002a/dl-MlkitBarcodeUi.optional_261733100400.apk has no usable artifacts
06-17 12:24:36.465 I/artd    (  727): GetBestInfo: /data/user_de/0/com.google.android.gms/app_chimera/m/00000035/dl-VisionOcr.optional_261933100000.apk has no usable artifacts
06-17 12:24:36.465 I/artd    (  727): GetBestInfo: /data/user_de/0/com.google.android.gms/app_chimera/m/00000001/CronetDynamite.uncompressed.apk has no usable artifacts
06-17 12:24:36.465 I/artd    (  727): GetBestInfo: /data/user_de/0/com.google.android.gms/app_chimera/m/00000047/dl-PlayCloudSearch.optional_262333100000.apk has no usable artifacts
06-17 12:24:36.466 I/artd    (  727): GetBestInfo: /data/user_de/0/com.google.android.gms/app_chimera/m/00000016/dl-IdentityCredentialsPlatform.optional_261464100400.apk has no usable artifacts
06-17 12:24:36.467 I/artd    (  727): GetBestInfo: /data/user_de/0/com.google.android.gms/app_chimera/m/00000046/dl-MlkitOcrCommon.optional_262333100400.apk has no usable artifacts
06-17 12:24:36.468 I/artd    (  727): GetBestInfo: /data/user_de/0/com.google.android.gms/app_chimera/m/00000014/dl-VisionOcr.optional_261464100000.apk has no usable artifacts
06-17 12:24:36.469 I/artd    (  727): GetBestInfo: /data/user_de/0/com.google.android.gms/app_chimera/m/00000017/dl-Appsearch.optional_261464100400.apk has no usable artifacts
06-17 12:24:36.469 I/artd    (  727): GetBestInfo: /data/user_de/0/com.google.android.gms/app_chimera/m/0000004b/dl-MlkitBarcodeUi.optional_262333100400.apk has no usable artifacts
06-17 12:24:36.469 I/artd    (  727): GetBestInfo: /data/user/0/com.google.android.gms/app_dg_cache/87E7746227FF4E457A2EB56043B95E41006DE49F/the.apk has no usable artifacts
06-17 12:24:36.469 I/artd    (  727): GetBestInfo: /data/user_de/0/com.google.android.gms/app_chimera/m/00000048/dl-IdentityCredentialsPlatform.optional_262333100400.apk has no usable artifacts
06-17 12:24:36.475 I/artd    (  727): GetBestInfo: /data/user_de/0/com.google.android.gms/app_chimera/m/0000000a/dl-MlkitBarcodeUi.optional_242335100400.apk has no usable artifacts
06-17 12:24:36.475 I/artd    (  727): GetBestInfo: /data/user_de/0/com.google.android.gms/app_chimera/m/00000029/dl-MlkitOcrCommon.optional_261733100400.apk has no usable artifacts
06-17 12:24:36.475 I/artd    (  727): GetBestInfo: /data/user_de/0/com.google.android.gms/app_chimera/m/00000002/DynamiteLoader.uncompressed.apk has no usable artifacts
06-17 12:24:36.475 I/artd    (  727): GetBestInfo: /data/user_de/0/com.google.android.gms/app_chimera/m/0000002e/dl-Appsearch.optional_261733100400.apk has no usable artifacts
06-17 12:24:36.475 I/artd    (  727): GetBestInfo: /data/user_de/0/com.google.android.gms/app_chimera/m/00000030/dl-MlkitOcrCommon.optional_261933100400.apk has no usable artifacts
06-17 12:24:36.475 I/artd    (  727): GetBestInfo: /data/user_de/0/com.google.android.gms/app_chimera/m/00000015/dl-PlayCloudSearch.optional_261464100000.apk has no usable artifacts
06-17 12:24:36.475 I/artd    (  727): GetBestInfo: /data/user_de/0/com.google.android.gms/app_chimera/m/0000001e/dl-Appsearch.optional_261631100400.apk has no usable artifacts
06-17 12:24:36.475 I/artd    (  727): GetBestInfo: /data/user_de/0/com.google.android.gms/app_chimera/m/00000013/dl-MlkitOcrCommon.optional_261464100400.apk has no usable artifacts
06-17 12:24:36.475 I/artd    (  727): GetBestInfo: /data/user_de/0/com.google.android.gms/app_chimera/m/00000032/dl-MlkitBarcodeUi.optional_261933100400.apk has no usable artifacts
06-17 12:24:36.475 I/artd    (  727): GetBestInfo: /data/user/0/com.google.android.gms/app_dg_cache/754BEC187BC4F26BBC31300F93DBF9B7506C1861/the.apk has no usable artifacts
06-17 12:24:36.475 I/artd    (  727): GetBestInfo: /data/user_de/0/com.google.android.gms/app_chimera/m/00000007/MeasurementDynamite.apk has no usable artifacts
06-17 12:24:36.475 I/artd    (  727): GetBestInfo: /data/user_de/0/com.google.android.gms/app_chimera/m/0000002c/dl-IdentityCredentialsPlatform.optional_261733100400.apk has no usable artifacts
06-17 12:24:36.475 I/artd    (  727): GetBestInfo: /data/user_de/0/com.google.android.gms/app_chimera/m/0000002b/dl-PlayCloudSearch.optional_261733100000.apk has no usable artifacts
06-17 12:24:36.475 I/artd    (  727): GetBestInfo: /data/user_de/0/com.google.android.gms/app_chimera/m/00000033/dl-PlayCloudSearch.optional_261933100000.apk has no usable artifacts
06-17 12:24:36.475 I/artd    (  727): GetBestInfo: /data/user_de/0/com.google.android.gms/app_chimera/m/0000001c/dl-VisionOcr.optional_261631100000.apk has no usable artifacts
06-17 12:24:36.475 I/artd    (  727): GetBestInfo: /data/user_de/0/com.google.android.gms/app_chimera/m/00000011/dl-MlkitBarcodeUi.optional_261464100400.apk has no usable artifacts
06-17 12:24:36.479 I/artd    (  727): GetBestInfo: /data/user_de/0/com.google.android.gms/app_chimera/m/00000049/dl-VisionOcr.optional_262333100000.apk has no usable artifacts
06-17 12:24:36.479 I/CatalogCloudSync( 7132): sync_events_apply domain=catalog remoteSuppliers=0 remoteCategories=0 remoteProducts=0 applied=0
06-17 12:24:36.480 I/artd    (  727): GetBestInfo: /data/user_de/0/com.google.android.gms/app_chimera/m/00000005/GoogleCertificates.apk has no usable artifacts
06-17 12:24:36.481 I/artd    (  727): GetBestInfo: /data/user_de/0/com.google.android.gms/app_chimera/m/00000010/dl-TfliteDynamiteDynamite.integ_260580502100400.apk has no usable artifacts
06-17 12:24:36.481 I/artd    (  727): GetBestInfo: /data/user/0/com.google.android.gms/app_dg_cache/9D5BCED7935D64431BF672B8BBD597199833CA19/the.apk has no usable artifacts
06-17 12:24:36.481 I/artd    (  727): GetBestInfo: /data/user_de/0/com.google.android.gms/app_chimera/m/00000009/dl-TfliteDynamiteDynamite.integ_252130102100400.apk has no usable artifacts
06-17 12:24:36.482 I/artd    (  727): GetBestInfo: vdex next to the dex file (/data/user/0/com.google.android.gms/app_dg_cache/5833371D1ACC412507A92815B074897510CCCEDD/oat/arm64/the.vdex) is kOatUpToDate with filter 'verify' executable 'false'
06-17 12:24:36.484 W/System  (  605): A resource failed to call release. 
06-17 12:24:36.485 I/artd    (  727): GetBestInfo: /data/user_de/0/com.google.android.gms/app_chimera/m/0000001b/dl-PlayCloudSearch.optional_261631100000.apk has no usable artifacts
06-17 12:24:36.485 I/artd    (  727): GetBestInfo: /data/user_de/0/com.google.android.gms/app_chimera/m/00000027/dl-IdentityCredentialsPlatform.optional_261631100400.apk has no usable artifacts
06-17 12:24:36.485 I/artd    (  727): GetBestInfo: /data/user/0/com.google.android.gms/app_dg_cache/86153AA318A3F208A8C511836585279D8C7E8D94/the.apk has no usable artifacts
06-17 12:24:36.485 I/artd    (  727): GetBestInfo: /data/user_de/0/com.google.android.gms/app_chimera/m/0000001d/dl-IdentityCredentialsPlatform.optional_261631100400.apk has no usable artifacts
06-17 12:24:36.485 I/artd    (  727): GetBestInfo: /data/user_de/0/com.google.android.gms/app_chimera/m/0000002d/dl-VisionOcr.optional_261733100000.apk has no usable artifacts
06-17 12:24:36.486 I/artd    (  727): GetBestInfo: /data/user_de/0/com.google.android.gms/app_chimera/m/0000000e/dl-PlayCloudSearch.optional_242335100000.apk has no usable artifacts
06-17 12:24:36.486 W/System  (  605): A resource failed to call HardwareBuffer.close. 
06-17 12:24:36.487 I/artd    (  727): GetBestInfo: /data/user_de/0/com.google.android.gms/app_chimera/m/0000004a/dl-Appsearch.optional_262333100400.apk has no usable artifacts
06-17 12:24:36.487 I/artd    (  727): GetBestInfo: /data/user_de/0/com.google.android.gms/app_chimera/m/0000001a/dl-MlkitBarcodeUi.optional_261631100400.apk has no usable artifacts
06-17 12:24:36.488 I/artd    (  727): GetBestInfo: vdex next to the dex file (/data/user/0/com.google.android.gms/app_dg_cache/10FF5D5C646CC9E2F04BD9D73A072BD012EF1A7A/oat/arm64/the.vdex) is kOatUpToDate with filter 'verify' executable 'false'
06-17 12:24:36.488 I/artd    (  727): GetBestInfo: /data/user_de/0/com.google.android.gms/app_chimera/m/00000036/dl-Appsearch.optional_261933100400.apk has no usable artifacts
06-17 12:24:36.488 I/artd    (  727): GetBestInfo: /data/user/0/com.google.android.gms/app_dg_cache/21A90BF1C1C388089206DCE215FB60D7882BFA18/the.apk has no usable artifacts
06-17 12:24:36.488 I/artd    (  727): GetBestInfo: /data/user_de/0/com.google.android.gms/app_chimera/m/0000001f/dl-IdentityCredentialsPlacebo.optional_261631100400.apk has no usable artifacts
06-17 12:24:36.488 I/artd    (  727): GetBestInfo: /data/user_de/0/com.google.android.gms/app_chimera/m/00000034/dl-IdentityCredentialsPlatform.optional_261933100400.apk has no usable artifacts
06-17 12:24:36.488 I/artd    (  727): GetBestInfo: /data/user_de/0/com.google.android.gms/app_chimera/m/00000019/dl-MlkitOcrCommon.optional_261631100400.apk has no usable artifacts
06-17 12:24:36.488 I/artd    (  727): GetBestInfo: /data/user/0/com.google.android.gms/app_dg_cache/A8F89F306FD1BA172E06F6F2B9F79826D0309BB6/the.apk has no usable artifacts
06-17 12:24:36.488 I/artd    (  727): GetBestInfo: /data/user/0/com.google.android.gms/app_dg_cache/707FFD883BF2A7896692338F9625CA52336E933B/the.apk has no usable artifacts
06-17 12:24:36.658 I/CatalogCloudSync( 7132): sync_events_apply domain=catalog_prices remoteProductIds=3 remotePrices=0 pricesPulled=0 pricesSkippedNoProductRef=0
06-17 12:24:36.756 I/CatalogCloudSync( 7132): sync_events_apply domain=prices remotePrices=0 pricesPulled=0 pricesSkippedNoProductRef=0
06-17 12:24:36.848 I/CatalogCloudSync( 7132): sync_events_apply domain=catalog remoteSuppliers=0 remoteCategories=0 remoteProducts=0 applied=0
06-17 12:24:36.938 I/CatalogCloudSync( 7132): sync_events_apply domain=catalog_prices remoteProductIds=1 remotePrices=0 pricesPulled=0 pricesSkippedNoProductRef=0
06-17 12:24:37.004 D/EGL_emulation( 7132): app_time_stats: avg=2.66ms min=0.81ms max=6.89ms count=61
06-17 12:24:37.045 I/CatalogCloudSync( 7132): sync_events_apply domain=prices remotePrices=0 pricesPulled=0 pricesSkippedNoProductRef=0
06-17 12:24:37.208 I/CatalogCloudSync( 7132): sync_events_apply domain=catalog remoteSuppliers=0 remoteCategories=0 remoteProducts=0 applied=0
